2016-08-10 20:42:00.708 15827 INFO tempest.lib.common.rest_client [req-9a86c37f-d36b-408e-9eb5-0a2a4500cd1b ] Request (AggregatesAdminNegativeTestJSON:setUpClass): 200 POST https://dal-iaas-001-api-endpoint.prod.walmart.com:35357/v2.0/users 0.392s
2016-08-10 20:42:00.724 15823 INFO tempest.lib.common.rest_client [req-25a80042-ea02-40a3-90fc-dc608283d798 ] Request (AZAdminV2TestJSON:setUpClass): 200 POST https://dal-iaas-001-api-endpoint.prod.walmart.com:35357/v2.0/users 0.448s
2016-08-10 20:42:00.725 15826 INFO tempest.lib.common.rest_client [req-cfd19d10-c84b-4c84-9a81-46fe163803d2 ] Request (MigrationsAdminTest:setUpClass): 200 POST https://dal-iaas-001-api-endpoint.prod.walmart.com:35357/v2.0/users 0.410s
2016-08-10 20:42:00.733 15828 INFO tempest.lib.common.rest_client [req-e9205030-422d-4db8-bc4a-735fef160d0f ] Request (QuotasAdminNegativeTestJSON:setUpClass): 200 POST https://dal-iaas-001-api-endpoint.prod.walmart.com:35357/v2.0/users 0.437s
2016-08-10 20:42:00.747 15825 INFO tempest.lib.common.rest_client [req-c195d0f4-c39d-46e5-a9fa-3a44270dfb84 ] Request (FlavorsAccessNegativeTestJSON:setUpClass): 200 POST https://dal-iaas-001-api-endpoint.prod.walmart.com:35357/v2.0/users 0.452s
2016-08-10 20:42:00.749 15822 INFO tempest.lib.common.rest_client [req-f6254d2c-6c83-46c9-99ed-76404a91b769 ] Request (FlavorsAccessTestJSON:setUpClass): 200 POST https://dal-iaas-001-api-endpoint.prod.walmart.com:35357/v2.0/users 0.408s
2016-08-10 20:42:00.901 15824 INFO tempest.lib.common.rest_client [req-61fb0b1f-7ccd-46d6-95a1-cb260d447abf ] Request (AggregatesAdminTestJSON:setUpClass): 200 POST https://dal-iaas-001-api-endpoint.prod.walmart.com:35357/v2.0/users 0.462s
2016-08-10 20:42:01.077 15827 INFO tempest.lib.common.rest_client [req-f1ee0931-935c-4a15-89fe-35ee3cdc560c ] Request (AggregatesAdminNegativeTestJSON:setUpClass): 200 GET https://dal-iaas-001-api-endpoint.prod.walmart.com:35357/v2.0/OS-KSADM/roles 0.368s
2016-08-10 20:42:01.079 15821 INFO tempest.lib.common.rest_client [req-c7f8cef3-2544-497f-8480-58da59b0ba89 ] Request (AgentsAdminTestJSON:setUpClass): 200 GET https://dal-iaas-001-api-endpoint.prod.walmart.com:35357/v2.0/OS-KSADM/roles 0.391s
2016-08-10 20:42:01.108 15822 INFO tempest.lib.common.rest_client [req-26863d84-99cf-4c8f-9928-702baa7c0ed9 ] Request (FlavorsAccessTestJSON:setUpClass): 200 GET https://dal-iaas-001-api-endpoint.prod.walmart.com:35357/v2.0/OS-KSADM/roles 0.359s
2016-08-10 20:42:01.118 15825 INFO tempest.lib.common.rest_client [req-2caeb005-7223-43ea-86f1-378aa1180df4 ] Request (FlavorsAccessNegativeTestJSON:setUpClass): 200 GET https://dal-iaas-001-api-endpoint.prod.walmart.com:35357/v2.0/OS-KSADM/roles 0.369s
2016-08-10 20:42:01.123 15828 INFO tempest.lib.common.rest_client [req-4d2b34c1-f06d-482d-8251-1bd25216878f ] Request (QuotasAdminNegativeTestJSON:setUpClass): 200 GET https://dal-iaas-001-api-endpoint.prod.walmart.com:35357/v2.0/OS-KSADM/roles 0.389s
2016-08-10 20:42:01.123 15826 INFO tempest.lib.common.rest_client [req-bdf95839-5c06-455d-b1e5-125f1fb94eb9 ] Request (MigrationsAdminTest:setUpClass): 200 GET https://dal-iaas-001-api-endpoint.prod.walmart.com:35357/v2.0/OS-KSADM/roles 0.396s
2016-08-10 20:42:01.127 15823 INFO tempest.lib.common.rest_client [req-a42638a5-5bb3-4ef9-a8b4-53b6b9cca7d3 ] Request (AZAdminV2TestJSON:setUpClass): 200 GET https://dal-iaas-001-api-endpoint.prod.walmart.com:35357/v2.0/OS-KSADM/roles 0.402s
2016-08-10 20:42:01.401 15824 INFO tempest.lib.common.rest_client [req-b8972a06-473c-4508-83b2-72e0f415f503 ] Request (AggregatesAdminTestJSON:setUpClass): 200 GET https://dal-iaas-001-api-endpoint.prod.walmart.com:35357/v2.0/OS-KSADM/roles 0.498s
2016-08-10 20:42:01.458 15821 INFO tempest.lib.common.rest_client [req-c1316462-8dee-4863-bf23-9aca86b8ebc1 ] Request (AgentsAdminTestJSON:setUpClass): 409 PUT https://dal-iaas-001-api-endpoint.prod.walmart.com:35357/v2.0/tenants/eb19ab6d304d4113afcd12d7150b4150/users/2025774268db428880b8d9884f75fba8/roles/OS-KSADM/9fe2ff9ee4384b1894a90878d3e92bab 0.378s
2016-08-10 20:42:01.459 15821 INFO tempest.common.dynamic_creds [-] Acquired dynamic creds:
 credentials: Credentials: {'username': u'tempest-AgentsAdminTestJSON-381162729', 'project_name': u'tempest-AgentsAdminTestJSON-381162729', 'user_id': u'2025774268db428880b8d9884f75fba8', 'tenant_name': u'tempest-AgentsAdminTestJSON-381162729', 'tenant_id': u'eb19ab6d304d4113afcd12d7150b4150', 'project_id': u'eb19ab6d304d4113afcd12d7150b4150'}, Network: None, Subnet: None, Router: None
2016-08-10 20:42:01.496 15825 INFO tempest.lib.common.rest_client [req-4703541e-f05d-43bb-a8f1-8e7d9b491a30 ] Request (FlavorsAccessNegativeTestJSON:setUpClass): 409 PUT https://dal-iaas-001-api-endpoint.prod.walmart.com:35357/v2.0/tenants/7936a0cff9cf4ba7bff97418eb943544/users/8fe1261929a44171a23fb421e5259450/roles/OS-KSADM/9fe2ff9ee4384b1894a90878d3e92bab 0.377s
2016-08-10 20:42:01.496 15825 INFO tempest.common.dynamic_creds [-] Acquired dynamic creds:
 credentials: Credentials: {'username': u'tempest-FlavorsAccessNegativeTestJSON-1432757836', 'project_name': u'tempest-FlavorsAccessNegativeTestJSON-1432757836', 'user_id': u'8fe1261929a44171a23fb421e5259450', 'tenant_name': u'tempest-FlavorsAccessNegativeTestJSON-1432757836', 'tenant_id': u'7936a0cff9cf4ba7bff97418eb943544', 'project_id': u'7936a0cff9cf4ba7bff97418eb943544'}, Network: None, Subnet: None, Router: None
2016-08-10 20:42:01.507 15822 INFO tempest.lib.common.rest_client [req-88b32408-dee6-4060-b1df-b2174bab3c67 ] Request (FlavorsAccessTestJSON:setUpClass): 409 PUT https://dal-iaas-001-api-endpoint.prod.walmart.com:35357/v2.0/tenants/92560fd0d8794a67afebe78631a1834c/users/05b5c53e5dda4664a3e34aa165d36ba4/roles/OS-KSADM/9fe2ff9ee4384b1894a90878d3e92bab 0.398s
2016-08-10 20:42:01.507 15827 INFO tempest.lib.common.rest_client [req-d506ae75-00ce-4f90-9503-90212de3a311 ] Request (AggregatesAdminNegativeTestJSON:setUpClass): 409 PUT https://dal-iaas-001-api-endpoint.prod.walmart.com:35357/v2.0/tenants/58d87ff288614f09b677e50d3ad844d9/users/c2f0294a712b4d4aa1cd1a305c07ce0a/roles/OS-KSADM/9fe2ff9ee4384b1894a90878d3e92bab 0.430s
2016-08-10 20:42:01.508 15822 INFO tempest.common.dynamic_creds [-] Acquired dynamic creds:
 credentials: Credentials: {'username': u'tempest-FlavorsAccessTestJSON-1477891355', 'project_name': u'tempest-FlavorsAccessTestJSON-1477891355', 'user_id': u'05b5c53e5dda4664a3e34aa165d36ba4', 'tenant_name': u'tempest-FlavorsAccessTestJSON-1477891355', 'tenant_id': u'92560fd0d8794a67afebe78631a1834c', 'project_id': u'92560fd0d8794a67afebe78631a1834c'}, Network: None, Subnet: None, Router: None
2016-08-10 20:42:01.508 15827 INFO tempest.common.dynamic_creds [-] Acquired dynamic creds:
 credentials: Credentials: {'username': u'tempest-AggregatesAdminNegativeTestJSON-1176949581', 'project_name': u'tempest-AggregatesAdminNegativeTestJSON-1176949581', 'user_id': u'c2f0294a712b4d4aa1cd1a305c07ce0a', 'tenant_name': u'tempest-AggregatesAdminNegativeTestJSON-1176949581', 'tenant_id': u'58d87ff288614f09b677e50d3ad844d9', 'project_id': u'58d87ff288614f09b677e50d3ad844d9'}, Network: None, Subnet: None, Router: None
2016-08-10 20:42:01.511 15823 INFO tempest.lib.common.rest_client [req-ec8af2be-0e4a-4878-985b-dcc35f6a090b ] Request (AZAdminV2TestJSON:setUpClass): 409 PUT https://dal-iaas-001-api-endpoint.prod.walmart.com:35357/v2.0/tenants/5d8f9c04ae4b49d2859eb6f555333fea/users/0fa3c96362cc46a1b689a7b777a5cb20/roles/OS-KSADM/9fe2ff9ee4384b1894a90878d3e92bab 0.383s
2016-08-10 20:42:01.512 15823 INFO tempest.common.dynamic_creds [-] Acquired dynamic creds:
 credentials: Credentials: {'username': u'tempest-AZAdminV2TestJSON-328572138', 'project_name': u'tempest-AZAdminV2TestJSON-328572138', 'user_id': u'0fa3c96362cc46a1b689a7b777a5cb20', 'tenant_name': u'tempest-AZAdminV2TestJSON-328572138', 'tenant_id': u'5d8f9c04ae4b49d2859eb6f555333fea', 'project_id': u'5d8f9c04ae4b49d2859eb6f555333fea'}, Network: None, Subnet: None, Router: None
2016-08-10 20:42:01.520 15826 INFO tempest.lib.common.rest_client [req-258ef910-afbe-41e0-978f-699f2143b562 ] Request (MigrationsAdminTest:setUpClass): 409 PUT https://dal-iaas-001-api-endpoint.prod.walmart.com:35357/v2.0/tenants/40c97d4064d64edbb1a4cebebcfc835e/users/e5e57fe23e68488295ff47a3db242cf3/roles/OS-KSADM/9fe2ff9ee4384b1894a90878d3e92bab 0.397s
2016-08-10 20:42:01.542 15826 INFO tempest.common.dynamic_creds [-] Acquired dynamic creds:
 credentials: Credentials: {'username': u'tempest-MigrationsAdminTest-684940460', 'project_name': u'tempest-MigrationsAdminTest-684940460', 'user_id': u'e5e57fe23e68488295ff47a3db242cf3', 'tenant_name': u'tempest-MigrationsAdminTest-684940460', 'tenant_id': u'40c97d4064d64edbb1a4cebebcfc835e', 'project_id': u'40c97d4064d64edbb1a4cebebcfc835e'}, Network: None, Subnet: None, Router: None
2016-08-10 20:42:01.554 15828 INFO tempest.lib.common.rest_client [req-643d37ab-068f-4fc7-84ab-0ba5fe29cca2 ] Request (QuotasAdminNegativeTestJSON:setUpClass): 409 PUT https://dal-iaas-001-api-endpoint.prod.walmart.com:35357/v2.0/tenants/620530f692aa497dbdb3ced4929a5e47/users/077f962e1aa745baa86e871250d8a348/roles/OS-KSADM/9fe2ff9ee4384b1894a90878d3e92bab 0.430s
2016-08-10 20:42:01.554 15828 INFO tempest.common.dynamic_creds [-] Acquired dynamic creds:
 credentials: Credentials: {'username': u'tempest-QuotasAdminNegativeTestJSON-1639752719', 'project_name': u'tempest-QuotasAdminNegativeTestJSON-1639752719', 'user_id': u'077f962e1aa745baa86e871250d8a348', 'tenant_name': u'tempest-QuotasAdminNegativeTestJSON-1639752719', 'tenant_id': u'620530f692aa497dbdb3ced4929a5e47', 'project_id': u'620530f692aa497dbdb3ced4929a5e47'}, Network: None, Subnet: None, Router: None
2016-08-10 20:42:01.899 15824 INFO tempest.lib.common.rest_client [req-fb8975b4-f3a0-49d5-a8aa-b498322a0072 ] Request (AggregatesAdminTestJSON:setUpClass): 409 PUT https://dal-iaas-001-api-endpoint.prod.walmart.com:35357/v2.0/tenants/81c5c44b6b654a978e3245d769ed3800/users/71cc876832dc49f9a66ef7e56a0bdb02/roles/OS-KSADM/9fe2ff9ee4384b1894a90878d3e92bab 0.497s
2016-08-10 20:42:01.900 15824 INFO tempest.common.dynamic_creds [-] Acquired dynamic creds:
 credentials: Credentials: {'username': u'tempest-AggregatesAdminTestJSON-1309945888', 'project_name': u'tempest-AggregatesAdminTestJSON-1309945888', 'user_id': u'71cc876832dc49f9a66ef7e56a0bdb02', 'tenant_name': u'tempest-AggregatesAdminTestJSON-1309945888', 'tenant_id': u'81c5c44b6b654a978e3245d769ed3800', 'project_id': u'81c5c44b6b654a978e3245d769ed3800'}, Network: None, Subnet: None, Router: None
2016-08-10 20:42:01.904 15821 INFO tempest.lib.common.rest_client [req-be276faf-41b3-4079-8d16-16bf4fafaf57 ] Request (AgentsAdminTestJSON:setUpClass): 200 POST https://dal-iaas-001-api-endpoint.prod.walmart.com:35357/v2.0/tenants 0.441s
2016-08-10 20:42:01.911 15822 INFO tempest.lib.common.rest_client [req-7f111665-5c06-48be-b4df-d1a8831179c4 ] Request (FlavorsAccessTestJSON:setUpClass): 200 POST https://dal-iaas-001-api-endpoint.prod.walmart.com:35357/v2.0/tenants 0.397s
2016-08-10 20:42:01.943 15825 INFO tempest.lib.common.rest_client [req-a0ea62a0-a455-46cd-80ab-73614197711f ] Request (FlavorsAccessNegativeTestJSON:setUpClass): 200 POST https://dal-iaas-001-api-endpoint.prod.walmart.com:35357/v2.0/tenants 0.441s
2016-08-10 20:42:01.959 15827 INFO tempest.lib.common.rest_client [req-5825ec8f-eee2-47c4-9ad3-03cb4c8cf3a6 ] Request (AggregatesAdminNegativeTestJSON:setUpClass): 200 POST https://dal-iaas-001-api-endpoint.prod.walmart.com:35357/v2.0/tenants 0.445s
2016-08-10 20:42:01.970 15823 INFO tempest.lib.common.rest_client [req-d914690c-7e43-4a05-bc86-098f1c149da5 ] Request (AZAdminV2TestJSON:setUpClass): 200 POST https://dal-iaas-001-api-endpoint.prod.walmart.com:35357/v2.0/tenants 0.423s
2016-08-10 20:42:01.984 15826 INFO tempest.lib.common.rest_client [req-e973ebc7-ab4e-43c9-bcc9-b16f0f1396f2 ] Request (MigrationsAdminTest:setUpClass): 200 POST https://dal-iaas-001-api-endpoint.prod.walmart.com:35357/v2.0/tenants 0.437s
2016-08-10 20:42:02.036 15828 INFO tempest.lib.common.rest_client [req-98eb3fbc-551a-4624-a121-ab09d00ee1d3 ] Request (QuotasAdminNegativeTestJSON:setUpClass): 200 POST https://dal-iaas-001-api-endpoint.prod.walmart.com:35357/v2.0/tenants 0.477s
2016-08-10 20:42:02.283 15824 INFO tempest.lib.common.rest_client [req-80b1f1da-9391-4834-a77e-2d68610c9f2e ] Request (AggregatesAdminTestJSON:setUpClass): 200 POST https://dal-iaas-001-api-endpoint.prod.walmart.com:35357/v2.0/tenants 0.379s
2016-08-10 20:42:02.320 15825 INFO tempest.lib.common.rest_client [req-da86b2a3-f795-4ce6-8870-e4dfcdfa04fc ] Request (FlavorsAccessNegativeTestJSON:setUpClass): 200 POST https://dal-iaas-001-api-endpoint.prod.walmart.com:35357/v2.0/users 0.377s
2016-08-10 20:42:02.358 15822 INFO tempest.lib.common.rest_client [req-3773dcc5-ce3e-4b92-a294-9864c786a169 ] Request (FlavorsAccessTestJSON:setUpClass): 200 POST https://dal-iaas-001-api-endpoint.prod.walmart.com:35357/v2.0/users 0.446s
2016-08-10 20:42:02.375 15823 INFO tempest.lib.common.rest_client [req-5482ba27-4a0c-4745-892b-da2bbbe974ae ] Request (AZAdminV2TestJSON:setUpClass): 200 POST https://dal-iaas-001-api-endpoint.prod.walmart.com:35357/v2.0/users 0.405s
2016-08-10 20:42:02.376 15826 INFO tempest.lib.common.rest_client [req-49b58888-20bf-45e2-bd4d-0c0d7fc24704 ] Request (MigrationsAdminTest:setUpClass): 200 POST https://dal-iaas-001-api-endpoint.prod.walmart.com:35357/v2.0/users 0.392s
2016-08-10 20:42:02.404 15821 INFO tempest.lib.common.rest_client [req-d70d04fe-2a11-42f6-9b2c-8836d1c3b6fc ] Request (AgentsAdminTestJSON:setUpClass): 200 POST https://dal-iaas-001-api-endpoint.prod.walmart.com:35357/v2.0/users 0.499s
2016-08-10 20:42:02.525 15827 INFO tempest.lib.common.rest_client [req-aaf2e958-05a7-49a7-9799-e95d813b8646 ] Request (AggregatesAdminNegativeTestJSON:setUpClass): 200 POST https://dal-iaas-001-api-endpoint.prod.walmart.com:35357/v2.0/users 0.565s
2016-08-10 20:42:02.610 15828 INFO tempest.lib.common.rest_client [req-d12fb46b-5406-4e4d-85bd-5219fcb1e19c ] Request (QuotasAdminNegativeTestJSON:setUpClass): 200 POST https://dal-iaas-001-api-endpoint.prod.walmart.com:35357/v2.0/users 0.573s
2016-08-10 20:42:02.744 15825 INFO tempest.lib.common.rest_client [req-36186cf7-8c20-48a1-8b65-3a866c021350 ] Request (FlavorsAccessNegativeTestJSON:setUpClass): 200 GET https://dal-iaas-001-api-endpoint.prod.walmart.com:35357/v2.0/OS-KSADM/roles 0.423s
2016-08-10 20:42:02.759 15826 INFO tempest.lib.common.rest_client [req-dde2ae4d-ad60-4d62-93cb-15326e35d787 ] Request (MigrationsAdminTest:setUpClass): 200 GET https://dal-iaas-001-api-endpoint.prod.walmart.com:35357/v2.0/OS-KSADM/roles 0.382s
2016-08-10 20:42:02.770 15822 INFO tempest.lib.common.rest_client [req-8fdb39d2-143f-4156-a2e9-6f63358bf190 ] Request (FlavorsAccessTestJSON:setUpClass): 200 GET https://dal-iaas-001-api-endpoint.prod.walmart.com:35357/v2.0/OS-KSADM/roles 0.412s
2016-08-10 20:42:02.771 15824 INFO tempest.lib.common.rest_client [req-976c8fcc-d2ff-4241-90d5-8d433bcc9307 ] Request (AggregatesAdminTestJSON:setUpClass): 200 POST https://dal-iaas-001-api-endpoint.prod.walmart.com:35357/v2.0/users 0.487s
2016-08-10 20:42:02.787 15821 INFO tempest.lib.common.rest_client [req-cd5ad961-571d-41be-9977-24779a82af68 ] Request (AgentsAdminTestJSON:setUpClass): 200 GET https://dal-iaas-001-api-endpoint.prod.walmart.com:35357/v2.0/OS-KSADM/roles 0.382s
2016-08-10 20:42:02.806 15823 INFO tempest.lib.common.rest_client [req-12f29e1d-f19d-4041-8d7f-5d3ef7867e17 ] Request (AZAdminV2TestJSON:setUpClass): 200 GET https://dal-iaas-001-api-endpoint.prod.walmart.com:35357/v2.0/OS-KSADM/roles 0.430s
2016-08-10 20:42:02.998 15827 INFO tempest.lib.common.rest_client [req-f41b5c9b-6bb8-4ea4-9907-5a9aef33913d ] Request (AggregatesAdminNegativeTestJSON:setUpClass): 200 GET https://dal-iaas-001-api-endpoint.prod.walmart.com:35357/v2.0/OS-KSADM/roles 0.472s
2016-08-10 20:42:03.088 15828 INFO tempest.lib.common.rest_client [req-c418c72f-d8e0-4acf-97dc-4fbe0a30410b ] Request (QuotasAdminNegativeTestJSON:setUpClass): 200 GET https://dal-iaas-001-api-endpoint.prod.walmart.com:35357/v2.0/OS-KSADM/roles 0.477s
2016-08-10 20:42:03.152 15826 INFO tempest.lib.common.rest_client [req-da307a9f-b013-4e1e-aab5-ca1583fb5b86 ] Request (MigrationsAdminTest:setUpClass): 200 PUT https://dal-iaas-001-api-endpoint.prod.walmart.com:35357/v2.0/tenants/5c8148d47ec34eb698d0891ad9ac5776/users/fecae35dfdaf436582dcf2c8d46467f3/roles/OS-KSADM/b5b0387bbe864c43a2999e531988bb8f 0.392s
2016-08-10 20:42:03.198 15825 INFO tempest.lib.common.rest_client [req-ccfa0556-bad0-430e-ad83-08d39cf05708 ] Request (FlavorsAccessNegativeTestJSON:setUpClass): 200 PUT https://dal-iaas-001-api-endpoint.prod.walmart.com:35357/v2.0/tenants/c702984772f84284b1cbfab0f0f80a0d/users/25ebd2d53c2b4cac8185614955f38644/roles/OS-KSADM/b5b0387bbe864c43a2999e531988bb8f 0.452s
2016-08-10 20:42:03.200 15824 INFO tempest.lib.common.rest_client [req-aca74fc7-886c-46ff-840c-ee0f8ec2ef7f ] Request (AggregatesAdminTestJSON:setUpClass): 200 GET https://dal-iaas-001-api-endpoint.prod.walmart.com:35357/v2.0/OS-KSADM/roles 0.428s
2016-08-10 20:42:03.207 15822 INFO tempest.lib.common.rest_client [req-5af01814-2813-4ee3-a8a0-cfe8a6f799ab ] Request (FlavorsAccessTestJSON:setUpClass): 200 PUT https://dal-iaas-001-api-endpoint.prod.walmart.com:35357/v2.0/tenants/e3041f5ade464810a1dc8a629225553b/users/79903d68da2d4d949c06d8a95ed076f1/roles/OS-KSADM/b5b0387bbe864c43a2999e531988bb8f 0.435s
2016-08-10 20:42:03.221 15821 INFO tempest.lib.common.rest_client [req-bfc9f57e-7a10-46bf-8e8a-17d8bc3fdfe5 ] Request (AgentsAdminTestJSON:setUpClass): 200 PUT https://dal-iaas-001-api-endpoint.prod.walmart.com:35357/v2.0/tenants/6da0367b64c548018f98980543bffb6b/users/6b04e4885ad6424c874cd3232fc9d925/roles/OS-KSADM/b5b0387bbe864c43a2999e531988bb8f 0.432s
2016-08-10 20:42:03.285 15823 INFO tempest.lib.common.rest_client [req-b0d2de5c-4e75-4aec-a146-307ed0d1af86 ] Request (AZAdminV2TestJSON:setUpClass): 200 PUT https://dal-iaas-001-api-endpoint.prod.walmart.com:35357/v2.0/tenants/b30a5282c3254e63934a743193cc7e94/users/9553d7549572424d895ccc7b401ef363/roles/OS-KSADM/b5b0387bbe864c43a2999e531988bb8f 0.478s
2016-08-10 20:42:03.487 15827 INFO tempest.lib.common.rest_client [req-17b2bb78-753a-459f-93ca-109fb371f26d ] Request (AggregatesAdminNegativeTestJSON:setUpClass): 200 PUT https://dal-iaas-001-api-endpoint.prod.walmart.com:35357/v2.0/tenants/d269a23b720b458582e46961ba32bf0a/users/4c519c8548394ed4b96095a2988bd75a/roles/OS-KSADM/b5b0387bbe864c43a2999e531988bb8f 0.488s
2016-08-10 20:42:03.554 15826 INFO tempest.lib.common.rest_client [req-486e4da8-0818-4c84-9300-111f0b87766b ] Request (MigrationsAdminTest:setUpClass): 200 GET https://dal-iaas-001-api-endpoint.prod.walmart.com:35357/v2.0/OS-KSADM/roles 0.402s
2016-08-10 20:42:03.567 15828 INFO tempest.lib.common.rest_client [req-b03e52a7-c0dd-48e9-be9b-21430af78c2b ] Request (QuotasAdminNegativeTestJSON:setUpClass): 200 PUT https://dal-iaas-001-api-endpoint.prod.walmart.com:35357/v2.0/tenants/1200fb214db044d9bbf050721b9b18ae/users/3a757b7141f34692b866e0322c1b0461/roles/OS-KSADM/b5b0387bbe864c43a2999e531988bb8f 0.478s
2016-08-10 20:42:03.575 15825 INFO tempest.lib.common.rest_client [req-2bd69f15-7dd8-46de-bc26-7e33b3181037 ] Request (FlavorsAccessNegativeTestJSON:setUpClass): 200 GET https://dal-iaas-001-api-endpoint.prod.walmart.com:35357/v2.0/OS-KSADM/roles 0.376s
2016-08-10 20:42:03.603 15821 INFO tempest.lib.common.rest_client [req-0967bba8-55a8-435d-b986-fdb62723ae25 ] Request (AgentsAdminTestJSON:setUpClass): 200 GET https://dal-iaas-001-api-endpoint.prod.walmart.com:35357/v2.0/OS-KSADM/roles 0.382s
2016-08-10 20:42:03.623 15822 INFO tempest.lib.common.rest_client [req-a9f6b540-a25f-4514-8108-b3bf7e6a2690 ] Request (FlavorsAccessTestJSON:setUpClass): 200 GET https://dal-iaas-001-api-endpoint.prod.walmart.com:35357/v2.0/OS-KSADM/roles 0.416s
2016-08-10 20:42:03.696 15824 INFO tempest.lib.common.rest_client [req-38a0423d-f8c7-4f33-a7ed-5a6c717dc526 ] Request (AggregatesAdminTestJSON:setUpClass): 200 PUT https://dal-iaas-001-api-endpoint.prod.walmart.com:35357/v2.0/tenants/4181e4fce5064bc49700a06149af70fa/users/88abcd3643524a98bacb2c09429882f2/roles/OS-KSADM/b5b0387bbe864c43a2999e531988bb8f 0.495s
2016-08-10 20:42:03.714 15823 INFO tempest.lib.common.rest_client [req-d3a17186-6681-4ab1-93b1-7062b0bcb983 ] Request (AZAdminV2TestJSON:setUpClass): 200 GET https://dal-iaas-001-api-endpoint.prod.walmart.com:35357/v2.0/OS-KSADM/roles 0.428s
2016-08-10 20:42:03.947 15827 INFO tempest.lib.common.rest_client [req-bc37690d-d8cd-43f0-97b7-a99f3b1bdc3b ] Request (AggregatesAdminNegativeTestJSON:setUpClass): 200 GET https://dal-iaas-001-api-endpoint.prod.walmart.com:35357/v2.0/OS-KSADM/roles 0.459s
2016-08-10 20:42:03.983 15825 INFO tempest.lib.common.rest_client [req-5fc17091-8d8a-4436-854f-bf6cee177a85 ] Request (FlavorsAccessNegativeTestJSON:setUpClass): 409 PUT https://dal-iaas-001-api-endpoint.prod.walmart.com:35357/v2.0/tenants/c702984772f84284b1cbfab0f0f80a0d/users/25ebd2d53c2b4cac8185614955f38644/roles/OS-KSADM/9fe2ff9ee4384b1894a90878d3e92bab 0.407s
2016-08-10 20:42:03.983 15825 INFO tempest.common.dynamic_creds [-] Acquired dynamic creds:
 credentials: Credentials: {'username': u'tempest-FlavorsAccessNegativeTestJSON-523434050', 'project_name': u'tempest-FlavorsAccessNegativeTestJSON-523434050', 'user_id': u'25ebd2d53c2b4cac8185614955f38644', 'tenant_name': u'tempest-FlavorsAccessNegativeTestJSON-523434050', 'tenant_id': u'c702984772f84284b1cbfab0f0f80a0d', 'project_id': u'c702984772f84284b1cbfab0f0f80a0d'}, Network: None, Subnet: None, Router: None
2016-08-10 20:42:04.002 15826 INFO tempest.lib.common.rest_client [req-84245c82-b2f5-4bbf-91c6-4cd079ce2846 ] Request (MigrationsAdminTest:setUpClass): 409 PUT https://dal-iaas-001-api-endpoint.prod.walmart.com:35357/v2.0/tenants/5c8148d47ec34eb698d0891ad9ac5776/users/fecae35dfdaf436582dcf2c8d46467f3/roles/OS-KSADM/9fe2ff9ee4384b1894a90878d3e92bab 0.447s
2016-08-10 20:42:04.003 15826 INFO tempest.common.dynamic_creds [-] Acquired dynamic creds:
 credentials: Credentials: {'username': u'tempest-MigrationsAdminTest-1436692101', 'project_name': u'tempest-MigrationsAdminTest-1436692101', 'user_id': u'fecae35dfdaf436582dcf2c8d46467f3', 'tenant_name': u'tempest-MigrationsAdminTest-1436692101', 'tenant_id': u'5c8148d47ec34eb698d0891ad9ac5776', 'project_id': u'5c8148d47ec34eb698d0891ad9ac5776'}, Network: None, Subnet: None, Router: None
2016-08-10 20:42:04.007 15828 INFO tempest.lib.common.rest_client [req-fa0de597-aa0c-4535-9f41-7479590fa269 ] Request (QuotasAdminNegativeTestJSON:setUpClass): 200 GET https://dal-iaas-001-api-endpoint.prod.walmart.com:35357/v2.0/OS-KSADM/roles 0.439s
2016-08-10 20:42:04.032 15822 INFO tempest.lib.common.rest_client [req-9588dbdc-2e8a-4bb4-9797-65790c178684 ] Request (FlavorsAccessTestJSON:setUpClass): 409 PUT https://dal-iaas-001-api-endpoint.prod.walmart.com:35357/v2.0/tenants/e3041f5ade464810a1dc8a629225553b/users/79903d68da2d4d949c06d8a95ed076f1/roles/OS-KSADM/9fe2ff9ee4384b1894a90878d3e92bab 0.408s
2016-08-10 20:42:04.032 15822 INFO tempest.common.dynamic_creds [-] Acquired dynamic creds:
 credentials: Credentials: {'username': u'tempest-FlavorsAccessTestJSON-1840156167', 'project_name': u'tempest-FlavorsAccessTestJSON-1840156167', 'user_id': u'79903d68da2d4d949c06d8a95ed076f1', 'tenant_name': u'tempest-FlavorsAccessTestJSON-1840156167', 'tenant_id': u'e3041f5ade464810a1dc8a629225553b', 'project_id': u'e3041f5ade464810a1dc8a629225553b'}, Network: None, Subnet: None, Router: None
2016-08-10 20:42:04.072 15824 INFO tempest.lib.common.rest_client [req-fe9714be-4fc3-4f38-aa1e-113b12d723e5 ] Request (AggregatesAdminTestJSON:setUpClass): 200 GET https://dal-iaas-001-api-endpoint.prod.walmart.com:35357/v2.0/OS-KSADM/roles 0.375s
2016-08-10 20:42:04.161 15823 INFO tempest.lib.common.rest_client [req-86e898fb-6545-4904-aa4a-1c98d8e8e78e ] Request (AZAdminV2TestJSON:setUpClass): 409 PUT https://dal-iaas-001-api-endpoint.prod.walmart.com:35357/v2.0/tenants/b30a5282c3254e63934a743193cc7e94/users/9553d7549572424d895ccc7b401ef363/roles/OS-KSADM/9fe2ff9ee4384b1894a90878d3e92bab 0.446s
2016-08-10 20:42:04.162 15823 INFO tempest.common.dynamic_creds [-] Acquired dynamic creds:
 credentials: Credentials: {'username': u'tempest-AZAdminV2TestJSON-421055390', 'project_name': u'tempest-AZAdminV2TestJSON-421055390', 'user_id': u'9553d7549572424d895ccc7b401ef363', 'tenant_name': u'tempest-AZAdminV2TestJSON-421055390', 'tenant_id': u'b30a5282c3254e63934a743193cc7e94', 'project_id': u'b30a5282c3254e63934a743193cc7e94'}, Network: None, Subnet: None, Router: None
2016-08-10 20:42:04.197 15821 INFO tempest.lib.common.rest_client [req-fd269db9-e7fe-4b08-ab15-1bb4f08d2182 ] Request (AgentsAdminTestJSON:setUpClass): 409 PUT https://dal-iaas-001-api-endpoint.prod.walmart.com:35357/v2.0/tenants/6da0367b64c548018f98980543bffb6b/users/6b04e4885ad6424c874cd3232fc9d925/roles/OS-KSADM/9fe2ff9ee4384b1894a90878d3e92bab 0.593s
2016-08-10 20:42:04.198 15821 INFO tempest.common.dynamic_creds [-] Acquired dynamic creds:
 credentials: Credentials: {'username': u'tempest-AgentsAdminTestJSON-1791714997', 'project_name': u'tempest-AgentsAdminTestJSON-1791714997', 'user_id': u'6b04e4885ad6424c874cd3232fc9d925', 'tenant_name': u'tempest-AgentsAdminTestJSON-1791714997', 'tenant_id': u'6da0367b64c548018f98980543bffb6b', 'project_id': u'6da0367b64c548018f98980543bffb6b'}, Network: None, Subnet: None, Router: None
2016-08-10 20:42:04.409 15827 INFO tempest.lib.common.rest_client [req-ed79afdc-6c2a-4cfb-b01f-9b6faae2bc2d ] Request (AggregatesAdminNegativeTestJSON:setUpClass): 409 PUT https://dal-iaas-001-api-endpoint.prod.walmart.com:35357/v2.0/tenants/d269a23b720b458582e46961ba32bf0a/users/4c519c8548394ed4b96095a2988bd75a/roles/OS-KSADM/9fe2ff9ee4384b1894a90878d3e92bab 0.461s
2016-08-10 20:42:04.410 15827 INFO tempest.common.dynamic_creds [-] Acquired dynamic creds:
 credentials: Credentials: {'username': u'tempest-AggregatesAdminNegativeTestJSON-1911775280', 'project_name': u'tempest-AggregatesAdminNegativeTestJSON-1911775280', 'user_id': u'4c519c8548394ed4b96095a2988bd75a', 'tenant_name': u'tempest-AggregatesAdminNegativeTestJSON-1911775280', 'tenant_id': u'd269a23b720b458582e46961ba32bf0a', 'project_id': u'd269a23b720b458582e46961ba32bf0a'}, Network: None, Subnet: None, Router: None
2016-08-10 20:42:04.443 15828 INFO tempest.lib.common.rest_client [req-ae6eeca8-6eda-4ee2-8523-5d91cf6a1462 ] Request (QuotasAdminNegativeTestJSON:setUpClass): 409 PUT https://dal-iaas-001-api-endpoint.prod.walmart.com:35357/v2.0/tenants/1200fb214db044d9bbf050721b9b18ae/users/3a757b7141f34692b866e0322c1b0461/roles/OS-KSADM/9fe2ff9ee4384b1894a90878d3e92bab 0.435s
2016-08-10 20:42:04.444 15828 INFO tempest.common.dynamic_creds [-] Acquired dynamic creds:
 credentials: Credentials: {'username': u'tempest-QuotasAdminNegativeTestJSON-1242801759', 'project_name': u'tempest-QuotasAdminNegativeTestJSON-1242801759', 'user_id': u'3a757b7141f34692b866e0322c1b0461', 'tenant_name': u'tempest-QuotasAdminNegativeTestJSON-1242801759', 'tenant_id': u'1200fb214db044d9bbf050721b9b18ae', 'project_id': u'1200fb214db044d9bbf050721b9b18ae'}, Network: None, Subnet: None, Router: None
2016-08-10 20:42:04.457 15826 INFO tempest.lib.common.rest_client [req-f8135b5b-76a6-40de-9db0-8d576102344c ] Request (MigrationsAdminTest:test_list_migrations): 200 POST https://dal-iaas-001-api-endpoint.prod.walmart.com:5443/v2.0/tokens
2016-08-10 20:42:04.485 15824 INFO tempest.lib.common.rest_client [req-5a701ae2-4e90-4bfb-b718-77b5ae3dd3c0 ] Request (AggregatesAdminTestJSON:setUpClass): 409 PUT https://dal-iaas-001-api-endpoint.prod.walmart.com:35357/v2.0/tenants/4181e4fce5064bc49700a06149af70fa/users/88abcd3643524a98bacb2c09429882f2/roles/OS-KSADM/9fe2ff9ee4384b1894a90878d3e92bab 0.412s
2016-08-10 20:42:04.485 15824 INFO tempest.common.dynamic_creds [-] Acquired dynamic creds:
 credentials: Credentials: {'username': u'tempest-AggregatesAdminTestJSON-946618384', 'project_name': u'tempest-AggregatesAdminTestJSON-946618384', 'user_id': u'88abcd3643524a98bacb2c09429882f2', 'tenant_name': u'tempest-AggregatesAdminTestJSON-946618384', 'tenant_id': u'4181e4fce5064bc49700a06149af70fa', 'project_id': u'4181e4fce5064bc49700a06149af70fa'}, Network: None, Subnet: None, Router: None
2016-08-10 20:42:04.490 15822 INFO tempest.lib.common.rest_client [req-87eb5397-8f83-447c-9cd3-cee99ead5446 ] Request (FlavorsAccessTestJSON:test_flavor_access_add_remove): 200 POST https://dal-iaas-001-api-endpoint.prod.walmart.com:5443/v2.0/tokens
2016-08-10 20:42:04.646 15825 INFO tempest.lib.common.rest_client [req-61f2d8c0-92cb-42af-b4dd-5f917477b6ed ] Request (FlavorsAccessNegativeTestJSON:test_add_flavor_access_duplicate): 200 POST https://dal-iaas-001-api-endpoint.prod.walmart.com:5443/v2.0/tokens
2016-08-10 20:42:04.720 15823 INFO tempest.lib.common.rest_client [req-6ffd1e5a-a357-455a-8167-764e2f89e9ab ] Request (AZAdminV2TestJSON:test_get_availability_zone_list): 200 POST https://dal-iaas-001-api-endpoint.prod.walmart.com:5443/v2.0/tokens
2016-08-10 20:42:04.721 15821 INFO tempest.lib.common.rest_client [req-e0170ac0-fcca-499b-85f9-ff51aa496a71 ] Request (AgentsAdminTestJSON:setUp): 200 POST https://dal-iaas-001-api-endpoint.prod.walmart.com:5443/v2.0/tokens
2016-08-10 20:42:04.897 15827 INFO tempest.lib.common.rest_client [req-e9d7ac63-a6cc-436a-bc63-3f43e59e5792 ] Request (AggregatesAdminNegativeTestJSON:setUpClass): 200 POST https://dal-iaas-001-api-endpoint.prod.walmart.com:5443/v2.0/tokens
2016-08-10 20:42:04.978 15828 INFO tempest.lib.common.rest_client [req-2d0e25dd-d20d-4627-8884-02ba15535c0e ] Request (QuotasAdminNegativeTestJSON:test_create_server_when_cpu_quota_is_full): 200 POST https://dal-iaas-001-api-endpoint.prod.walmart.com:5443/v2.0/tokens
2016-08-10 20:42:05.006 15824 INFO tempest.lib.common.rest_client [req-6697f0a0-0d2b-4769-bf61-b5bc42d1b042 ] Request (AggregatesAdminTestJSON:setUpClass): 200 POST https://dal-iaas-001-api-endpoint.prod.walmart.com:5443/v2.0/tokens
2016-08-10 20:42:05.257 15826 INFO tempest.lib.common.rest_client [req-75970157-f1fd-4318-b5f7-2eceadb1cec4 ] Request (MigrationsAdminTest:test_list_migrations): 200 GET https://dal-iaas-001-api-endpoint.prod.walmart.com:8774/v2/5c8148d47ec34eb698d0891ad9ac5776/os-migrations 0.799s
2016-08-10 20:42:05.425 15821 INFO tempest.lib.common.rest_client [req-6519b6c1-5611-42df-9435-8b2b56b097b9 ] Request (AgentsAdminTestJSON:setUp): 200 POST https://dal-iaas-001-api-endpoint.prod.walmart.com:8774/v2/6da0367b64c548018f98980543bffb6b/os-agents 0.704s
2016-08-10 20:42:05.584 15827 INFO tempest.lib.common.rest_client [req-5371b7a2-96a0-4b4d-96e2-aa8c50c8a635 ] Request (AggregatesAdminNegativeTestJSON:setUpClass): 200 GET https://dal-iaas-001-api-endpoint.prod.walmart.com:8774/v2/d269a23b720b458582e46961ba32bf0a/os-hosts 0.686s
2016-08-10 20:42:05.664 15826 INFO tempest.lib.common.rest_client [req-5fbde3b7-5a0b-4032-b6e3-0c6e7f07e971 ] Request (MigrationsAdminTest:tearDownClass): 204 DELETE https://dal-iaas-001-api-endpoint.prod.walmart.com:35357/v2.0/users/fecae35dfdaf436582dcf2c8d46467f3 0.400s
2016-08-10 20:42:05.694 15828 INFO tempest.lib.common.rest_client [req-9935d315-97e8-4cab-8663-68ec39407f24 ] Request (QuotasAdminNegativeTestJSON:test_create_server_when_cpu_quota_is_full): 200 GET https://dal-iaas-001-api-endpoint.prod.walmart.com:8774/v2/1200fb214db044d9bbf050721b9b18ae/os-quota-sets/620530f692aa497dbdb3ced4929a5e47 0.715s
2016-08-10 20:42:05.715 15821 INFO tempest.lib.common.rest_client [req-92cbf0ab-8242-4777-9840-2d9dcd35f49b ] Request (AgentsAdminTestJSON:test_create_agent): 200 POST https://dal-iaas-001-api-endpoint.prod.walmart.com:8774/v2/6da0367b64c548018f98980543bffb6b/os-agents 0.287s
2016-08-10 20:42:05.745 15823 INFO tempest.lib.common.rest_client [req-bb6a8feb-7e5c-4b70-9b2b-248a22afb12a ] Request (AZAdminV2TestJSON:test_get_availability_zone_list): 200 GET https://dal-iaas-001-api-endpoint.prod.walmart.com:8774/v2/b30a5282c3254e63934a743193cc7e94/os-availability-zone 1.024s
2016-08-10 20:42:05.968 15821 INFO tempest.lib.common.rest_client [req-d3b99829-d7dc-4dc2-9e3d-8653556514f4 ] Request (AgentsAdminTestJSON:tearDown): 200 DELETE https://dal-iaas-001-api-endpoint.prod.walmart.com:8774/v2/6da0367b64c548018f98980543bffb6b/os-agents/142 0.250s
2016-08-10 20:42:06.009 15828 INFO tempest.lib.common.rest_client [req-6e1a74de-512e-4897-b093-c9bc894e755c ] Request (QuotasAdminNegativeTestJSON:test_create_server_when_cpu_quota_is_full): 200 PUT https://dal-iaas-001-api-endpoint.prod.walmart.com:8774/v2/1200fb214db044d9bbf050721b9b18ae/os-quota-sets/620530f692aa497dbdb3ced4929a5e47 0.312s
2016-08-10 20:42:06.124 15823 INFO tempest.lib.common.rest_client [req-35ae5367-caae-4932-8d7b-83fff4045071 ] Request (AZAdminV2TestJSON:test_get_availability_zone_list_detail): 200 GET https://dal-iaas-001-api-endpoint.prod.walmart.com:8774/v2/b30a5282c3254e63934a743193cc7e94/os-availability-zone/detail 0.376s
2016-08-10 20:42:06.218 15821 INFO tempest.lib.common.rest_client [req-9db163c2-4ee1-4334-b93d-99636789d62e ] Request (AgentsAdminTestJSON:_run_cleanups): 200 DELETE https://dal-iaas-001-api-endpoint.prod.walmart.com:8774/v2/6da0367b64c548018f98980543bffb6b/os-agents/145 0.250s
2016-08-10 20:42:06.234 15824 INFO tempest.lib.common.rest_client [req-76dc85d8-5d2a-4b15-bf49-cb927b8c42e2 ] Request (AggregatesAdminTestJSON:setUpClass): 200 GET https://dal-iaas-001-api-endpoint.prod.walmart.com:8774/v2/4181e4fce5064bc49700a06149af70fa/os-hypervisors/detail 1.227s
2016-08-10 20:42:06.374 15826 INFO tempest.lib.common.rest_client [req-59ad2872-8524-4d84-bc19-12a5a9306cdf ] Request (MigrationsAdminTest:tearDownClass): 200 GET https://dal-iaas-001-api-endpoint.prod.walmart.com:9696/v2.0/security-groups?tenant_id=5c8148d47ec34eb698d0891ad9ac5776&name=default 0.708s
2016-08-10 20:42:06.446 15822 INFO tempest.lib.common.rest_client [req-6b9bd389-a8d5-4bdd-bad5-b6c668a9738e ] Request (FlavorsAccessTestJSON:test_flavor_access_add_remove): 200 POST https://dal-iaas-001-api-endpoint.prod.walmart.com:8774/v2/e3041f5ade464810a1dc8a629225553b/flavors 1.955s
2016-08-10 20:42:06.455 15825 INFO tempest.lib.common.rest_client [req-f458be13-adad-4328-a703-52295ac2528a ] Request (FlavorsAccessNegativeTestJSON:test_add_flavor_access_duplicate): 200 POST https://dal-iaas-001-api-endpoint.prod.walmart.com:8774/v2/c702984772f84284b1cbfab0f0f80a0d/flavors 1.808s
2016-08-10 20:42:06.494 15821 INFO tempest.lib.common.rest_client [req-bb3b8a73-48fb-44bf-bf95-3bb28df882aa ] Request (AgentsAdminTestJSON:setUp): 200 POST https://dal-iaas-001-api-endpoint.prod.walmart.com:8774/v2/6da0367b64c548018f98980543bffb6b/os-agents 0.273s
2016-08-10 20:42:06.494 15828 INFO tempest.lib.common.rest_client [req-0a02791f-b15e-4f3a-b49a-a7b7ae7c2691 ] Request (QuotasAdminNegativeTestJSON:test_create_server_when_cpu_quota_is_full): 200 POST https://dal-iaas-001-api-endpoint.prod.walmart.com:5443/v2.0/tokens
2016-08-10 20:42:06.580 15823 INFO tempest.lib.common.rest_client [req-65f6e7c5-aa43-48d6-a02f-332010066b62 ] Request (AZAdminV2TestJSON:tearDownClass): 204 DELETE https://dal-iaas-001-api-endpoint.prod.walmart.com:35357/v2.0/users/9553d7549572424d895ccc7b401ef363 0.447s
2016-08-10 20:42:06.725 15826 INFO tempest.lib.common.rest_client [req-1764ce01-fbaa-4a3c-ad76-1d4f647b5064 ] Request (MigrationsAdminTest:tearDownClass): 204 DELETE https://dal-iaas-001-api-endpoint.prod.walmart.com:9696/v2.0/security-groups/4f3f25c0-255b-4085-9868-c5014a7e992d 0.351s
2016-08-10 20:42:06.777 15825 INFO tempest.lib.common.rest_client [req-a7b37d4a-7237-4f52-a618-b8643cfc1e1f ] Request (FlavorsAccessNegativeTestJSON:test_add_flavor_access_duplicate): 200 POST https://dal-iaas-001-api-endpoint.prod.walmart.com:8774/v2/c702984772f84284b1cbfab0f0f80a0d/flavors/428548774/action 0.319s
2016-08-10 20:42:06.784 15821 INFO tempest.lib.common.rest_client [req-fad6e406-faa2-4f25-9d1d-f9696d9f80f3 ] Request (AgentsAdminTestJSON:test_delete_agent): 200 DELETE https://dal-iaas-001-api-endpoint.prod.walmart.com:8774/v2/6da0367b64c548018f98980543bffb6b/os-agents/148 0.287s
2016-08-10 20:42:06.796 15822 INFO tempest.lib.common.rest_client [req-86262443-388a-4932-b8e8-4ed0c8805958 ] Request (FlavorsAccessTestJSON:test_flavor_access_add_remove): 200 POST https://dal-iaas-001-api-endpoint.prod.walmart.com:8774/v2/e3041f5ade464810a1dc8a629225553b/flavors/77686603/action 0.347s
2016-08-10 20:42:06.966 15827 INFO tempest.lib.common.rest_client [req-05766be4-cdc2-4efc-ba9d-022364efa8f6 ] Request (AggregatesAdminNegativeTestJSON:test_aggregate_add_existent_host): 200 POST https://dal-iaas-001-api-endpoint.prod.walmart.com:8774/v2/d269a23b720b458582e46961ba32bf0a/os-aggregates 1.375s
2016-08-10 20:42:07.081 15821 INFO tempest.lib.common.rest_client [req-afe4dc6e-5c25-4b7f-a48a-37cf1f454260 ] Request (AgentsAdminTestJSON:test_delete_agent): 200 GET https://dal-iaas-001-api-endpoint.prod.walmart.com:8774/v2/6da0367b64c548018f98980543bffb6b/os-agents 0.297s
2016-08-10 20:42:07.102 15825 INFO tempest.lib.common.rest_client [req-7a5c26da-b741-4c87-b59f-13159492ab53 ] Request (FlavorsAccessNegativeTestJSON:test_add_flavor_access_duplicate): 409 POST https://dal-iaas-001-api-endpoint.prod.walmart.com:8774/v2/c702984772f84284b1cbfab0f0f80a0d/flavors/428548774/action 0.323s
2016-08-10 20:42:07.213 15826 INFO tempest.lib.common.rest_client [req-c7aa5559-8637-49d5-aec7-4c2d6bfbaae8 ] Request (MigrationsAdminTest:tearDownClass): 204 DELETE https://dal-iaas-001-api-endpoint.prod.walmart.com:35357/v2.0/tenants/5c8148d47ec34eb698d0891ad9ac5776 0.487s
2016-08-10 20:42:07.276 15822 INFO tempest.lib.common.rest_client [req-38489d23-ddf0-4e04-afb0-86a8e0c380c7 ] Request (FlavorsAccessTestJSON:test_flavor_access_add_remove): 200 POST https://dal-iaas-001-api-endpoint.prod.walmart.com:5443/v2.0/tokens
2016-08-10 20:42:07.330 15827 INFO tempest.lib.common.rest_client [req-f7d69f6d-7255-4eeb-9fe7-bdc1aa5d3f87 ] Request (AggregatesAdminNegativeTestJSON:test_aggregate_add_existent_host): 200 POST https://dal-iaas-001-api-endpoint.prod.walmart.com:8774/v2/d269a23b720b458582e46961ba32bf0a/os-aggregates/325/action 0.362s
2016-08-10 20:42:07.360 15828 INFO tempest.lib.common.rest_client [req-ec8acd0f-e0e6-4290-9ac5-0ff35ed4122e ] Request (QuotasAdminNegativeTestJSON:test_create_server_when_cpu_quota_is_full): 200 GET https://dal-iaas-001-api-endpoint.prod.walmart.com:8774/v2/620530f692aa497dbdb3ced4929a5e47/os-networks 0.865s
2016-08-10 20:42:07.360 15828 WARNING tempest.common.fixed_network [-] (QuotasAdminNegativeTestJSON:test_create_server_when_cpu_quota_is_full) Network with name: testing not found
2016-08-10 20:42:07.361 15828 INFO tempest.common.fixed_network [-] (QuotasAdminNegativeTestJSON:test_create_server_when_cpu_quota_is_full) Found network {} available for tenant
2016-08-10 20:42:07.368 15823 INFO tempest.lib.common.rest_client [req-710704ff-815e-4e62-8d93-b9d5f27a7b93 ] Request (AZAdminV2TestJSON:tearDownClass): 200 GET https://dal-iaas-001-api-endpoint.prod.walmart.com:9696/v2.0/security-groups?tenant_id=b30a5282c3254e63934a743193cc7e94&name=default 0.787s
2016-08-10 20:42:07.368 15821 INFO tempest.lib.common.rest_client [req-d7fff658-0d42-4a0c-a132-935c83987806 ] Request (AgentsAdminTestJSON:tearDown): 404 DELETE https://dal-iaas-001-api-endpoint.prod.walmart.com:8774/v2/6da0367b64c548018f98980543bffb6b/os-agents/148 0.284s
2016-08-10 20:42:07.450 15825 INFO tempest.lib.common.rest_client [req-898c4b61-4837-48de-b9e9-5b9aa74b6b1b ] Request (FlavorsAccessNegativeTestJSON:_run_cleanups): 200 POST https://dal-iaas-001-api-endpoint.prod.walmart.com:8774/v2/c702984772f84284b1cbfab0f0f80a0d/flavors/428548774/action 0.347s
2016-08-10 20:42:07.653 15821 INFO tempest.lib.common.rest_client [req-195b2958-206e-4d17-81c0-229b197e9509 ] Request (AgentsAdminTestJSON:setUp): 200 POST https://dal-iaas-001-api-endpoint.prod.walmart.com:8774/v2/6da0367b64c548018f98980543bffb6b/os-agents 0.282s
2016-08-10 20:42:07.681 15827 INFO tempest.lib.common.rest_client [req-e037f99e-acf0-4ac9-bcc7-58d181ecdf50 ] Request (AggregatesAdminNegativeTestJSON:test_aggregate_add_existent_host): 409 POST https://dal-iaas-001-api-endpoint.prod.walmart.com:8774/v2/d269a23b720b458582e46961ba32bf0a/os-aggregates/325/action 0.347s
2016-08-10 20:42:07.707 15823 INFO tempest.lib.common.rest_client [req-57833bc1-71ef-4489-a96c-aa9c61541b9d ] Request (AZAdminV2TestJSON:tearDownClass): 204 DELETE https://dal-iaas-001-api-endpoint.prod.walmart.com:9696/v2.0/security-groups/62b8ebef-8814-4978-bd86-0f6da9ee6c26 0.339s
2016-08-10 20:42:07.716 15826 INFO tempest.lib.common.rest_client [req-b99ef3f2-efb2-420d-926e-a05233a0735f ] Request (MigrationsAdminTest:tearDownClass): 204 DELETE https://dal-iaas-001-api-endpoint.prod.walmart.com:35357/v2.0/users/e5e57fe23e68488295ff47a3db242cf3 0.502s
2016-08-10 20:42:07.737 15825 INFO tempest.lib.common.rest_client [req-4a9a2ccb-2edb-4016-b6b7-578c469cb6cc ] Request (FlavorsAccessNegativeTestJSON:_run_cleanups): 202 DELETE https://dal-iaas-001-api-endpoint.prod.walmart.com:8774/v2/c702984772f84284b1cbfab0f0f80a0d/flavors/428548774 0.285s
2016-08-10 20:42:07.826 15828 INFO tempest.lib.common.rest_client [req-b58c3375-fabf-43bd-afac-31cf7bcd11dd ] Request (QuotasAdminNegativeTestJSON:test_create_server_when_cpu_quota_is_full): 200 POST https://dal-iaas-001-api-endpoint.prod.walmart.com:5443/v2.0/tokens
2016-08-10 20:42:07.916 15821 INFO tempest.lib.common.rest_client [req-a76687de-15d8-4c11-98de-19f1ca9331d8 ] Request (AgentsAdminTestJSON:test_list_agents): 200 GET https://dal-iaas-001-api-endpoint.prod.walmart.com:8774/v2/6da0367b64c548018f98980543bffb6b/os-agents 0.260s
2016-08-10 20:42:08.005 15825 INFO tempest.lib.common.rest_client [req-26efb62a-bde5-49ca-968c-14970bf74934 ] Request (FlavorsAccessNegativeTestJSON:test_flavor_access_list_with_public_flavor): 200 POST https://dal-iaas-001-api-endpoint.prod.walmart.com:8774/v2/c702984772f84284b1cbfab0f0f80a0d/flavors 0.266s
2016-08-10 20:42:08.007 15826 INFO tempest.lib.common.rest_client [req-8515e934-5b6c-43ca-9ad5-9b2921efc9f8 ] Request (MigrationsAdminTest:tearDownClass): 200 GET https://dal-iaas-001-api-endpoint.prod.walmart.com:9696/v2.0/security-groups?tenant_id=40c97d4064d64edbb1a4cebebcfc835e&name=default 0.291s
2016-08-10 20:42:08.064 15827 INFO tempest.lib.common.rest_client [req-b8139688-2251-4fe4-95d6-bb360374c2c0 ] Request (AggregatesAdminNegativeTestJSON:_run_cleanups): 200 POST https://dal-iaas-001-api-endpoint.prod.walmart.com:8774/v2/d269a23b720b458582e46961ba32bf0a/os-aggregates/325/action 0.383s
2016-08-10 20:42:08.068 15822 INFO tempest.lib.common.rest_client [req-26bff896-c9a9-403e-a4c9-514625578ea3 ] Request (FlavorsAccessTestJSON:test_flavor_access_add_remove): 200 GET https://dal-iaas-001-api-endpoint.prod.walmart.com:8774/v2/92560fd0d8794a67afebe78631a1834c/flavors/detail 0.791s
2016-08-10 20:42:08.153 15823 INFO tempest.lib.common.rest_client [req-278fa3f6-329e-448c-a080-57bae8003ffd ] Request (AZAdminV2TestJSON:tearDownClass): 204 DELETE https://dal-iaas-001-api-endpoint.prod.walmart.com:35357/v2.0/tenants/b30a5282c3254e63934a743193cc7e94 0.445s
2016-08-10 20:42:08.213 15821 INFO tempest.lib.common.rest_client [req-a151e127-a2c2-4b9f-9985-f9ddab81af23 ] Request (AgentsAdminTestJSON:tearDown): 200 DELETE https://dal-iaas-001-api-endpoint.prod.walmart.com:8774/v2/6da0367b64c548018f98980543bffb6b/os-agents/151 0.293s
2016-08-10 20:42:08.325 15825 INFO tempest.lib.common.rest_client [req-ff244c0f-52d1-4122-959d-e193f928d203 ] Request (FlavorsAccessNegativeTestJSON:test_flavor_access_list_with_public_flavor): 404 GET https://dal-iaas-001-api-endpoint.prod.walmart.com:8774/v2/c702984772f84284b1cbfab0f0f80a0d/flavors/479776887/os-flavor-access 0.317s
2016-08-10 20:42:08.370 15827 INFO tempest.lib.common.rest_client [req-c8057622-b821-4b1d-9c41-b3a3e88aa21b ] Request (AggregatesAdminNegativeTestJSON:_run_cleanups): 200 DELETE https://dal-iaas-001-api-endpoint.prod.walmart.com:8774/v2/d269a23b720b458582e46961ba32bf0a/os-aggregates/325 0.302s
2016-08-10 20:42:08.370 15826 INFO tempest.lib.common.rest_client [req-275285ce-5be6-4dfd-873b-9c5438fd7f75 ] Request (MigrationsAdminTest:tearDownClass): 204 DELETE https://dal-iaas-001-api-endpoint.prod.walmart.com:9696/v2.0/security-groups/ac05150f-77be-4757-91f5-ad37353b61db 0.362s
2016-08-10 20:42:08.370 15822 INFO tempest.lib.common.rest_client [req-5dd33450-41b9-470e-bb69-6f5c487f9990 ] Request (FlavorsAccessTestJSON:test_flavor_access_add_remove): 200 POST https://dal-iaas-001-api-endpoint.prod.walmart.com:8774/v2/e3041f5ade464810a1dc8a629225553b/flavors/77686603/action 0.295s
2016-08-10 20:42:08.525 15821 INFO tempest.lib.common.rest_client [req-305f6227-7745-4560-98b4-01c85cd1078f ] Request (AgentsAdminTestJSON:setUp): 200 POST https://dal-iaas-001-api-endpoint.prod.walmart.com:8774/v2/6da0367b64c548018f98980543bffb6b/os-agents 0.311s
2016-08-10 20:42:08.666 15825 INFO tempest.lib.common.rest_client [req-9c97a0d6-30a8-40b3-bef0-d38e0d14003b ] Request (FlavorsAccessNegativeTestJSON:_run_cleanups): 202 DELETE https://dal-iaas-001-api-endpoint.prod.walmart.com:8774/v2/c702984772f84284b1cbfab0f0f80a0d/flavors/479776887 0.339s
2016-08-10 20:42:08.690 15822 INFO tempest.lib.common.rest_client [req-5bf867ac-d572-4b8d-8670-40e6188dfaec ] Request (FlavorsAccessTestJSON:test_flavor_access_add_remove): 200 GET https://dal-iaas-001-api-endpoint.prod.walmart.com:8774/v2/92560fd0d8794a67afebe78631a1834c/flavors/detail 0.318s
2016-08-10 20:42:08.727 15823 INFO tempest.lib.common.rest_client [req-deb38f0d-ebbe-4b6e-888b-20fef118cee3 ] Request (AZAdminV2TestJSON:tearDownClass): 204 DELETE https://dal-iaas-001-api-endpoint.prod.walmart.com:35357/v2.0/users/0fa3c96362cc46a1b689a7b777a5cb20 0.573s
2016-08-10 20:42:08.808 15821 INFO tempest.lib.common.rest_client [req-e084b2c8-dc6c-4da2-8411-67768a1333bc ] Request (AgentsAdminTestJSON:test_list_agents_with_filter): 200 POST https://dal-iaas-001-api-endpoint.prod.walmart.com:8774/v2/6da0367b64c548018f98980543bffb6b/os-agents 0.281s
2016-08-10 20:42:08.857 15826 INFO tempest.lib.common.rest_client [req-a5afac13-c07b-4269-86fa-d11223f5c86a ] Request (MigrationsAdminTest:tearDownClass): 204 DELETE https://dal-iaas-001-api-endpoint.prod.walmart.com:35357/v2.0/tenants/40c97d4064d64edbb1a4cebebcfc835e 0.487s
2016-08-10 20:42:08.980 15822 INFO tempest.lib.common.rest_client [req-5efe714c-fe3d-4740-b74c-849957adf3e8 ] Request (FlavorsAccessTestJSON:_run_cleanups): 202 DELETE https://dal-iaas-001-api-endpoint.prod.walmart.com:8774/v2/e3041f5ade464810a1dc8a629225553b/flavors/77686603 0.283s
2016-08-10 20:42:09.095 15821 INFO tempest.lib.common.rest_client [req-028141b4-bad8-43de-a7c8-46072425cf28 ] Request (AgentsAdminTestJSON:test_list_agents_with_filter): 200 GET https://dal-iaas-001-api-endpoint.prod.walmart.com:8774/v2/6da0367b64c548018f98980543bffb6b/os-agents?hypervisor=xen 0.284s
2016-08-10 20:42:09.127 15823 INFO tempest.lib.common.rest_client [req-218d6335-4c21-4112-9837-5b7127c82152 ] Request (AZAdminV2TestJSON:tearDownClass): 200 GET https://dal-iaas-001-api-endpoint.prod.walmart.com:9696/v2.0/security-groups?tenant_id=5d8f9c04ae4b49d2859eb6f555333fea&name=default 0.399s
2016-08-10 20:42:09.363 15821 INFO tempest.lib.common.rest_client [req-bc0aabb4-7cf0-4a03-9116-b996b91480fc ] Request (AgentsAdminTestJSON:tearDown): 200 DELETE https://dal-iaas-001-api-endpoint.prod.walmart.com:8774/v2/6da0367b64c548018f98980543bffb6b/os-agents/154 0.266s
2016-08-10 20:42:09.393 15826 INFO tempest.lib.common.rest_client [req-ced014d2-17bc-4d3d-aff1-c9993329805b ] Request (QuotaClassesAdminTestJSON:setUpClass): 200 POST https://dal-iaas-001-api-endpoint.prod.walmart.com:5443/v2.0/tokens
2016-08-10 20:42:09.437 15823 INFO tempest.lib.common.rest_client [req-b529bc3d-6523-4e16-ae77-827633b55c4f ] Request (AZAdminV2TestJSON:tearDownClass): 204 DELETE https://dal-iaas-001-api-endpoint.prod.walmart.com:9696/v2.0/security-groups/0d4d6a93-91ab-4a30-bbb2-2cbf845b2b1b 0.310s
2016-08-10 20:42:09.629 15821 INFO tempest.lib.common.rest_client [req-a90b5d72-2121-439b-aeef-3f5a5f04aad3 ] Request (AgentsAdminTestJSON:_run_cleanups): 200 DELETE https://dal-iaas-001-api-endpoint.prod.walmart.com:8774/v2/6da0367b64c548018f98980543bffb6b/os-agents/157 0.264s
2016-08-10 20:42:09.771 15827 INFO tempest.lib.common.rest_client [req-8230fce7-54fd-4551-8458-a28ade448a45 ] Request (AggregatesAdminNegativeTestJSON:test_aggregate_add_host_as_user): 200 POST https://dal-iaas-001-api-endpoint.prod.walmart.com:8774/v2/d269a23b720b458582e46961ba32bf0a/os-aggregates 1.400s
2016-08-10 20:42:09.914 15821 INFO tempest.lib.common.rest_client [req-91ff9149-9895-4fd9-ba90-4071a57dabb7 ] Request (AgentsAdminTestJSON:setUp): 200 POST https://dal-iaas-001-api-endpoint.prod.walmart.com:8774/v2/6da0367b64c548018f98980543bffb6b/os-agents 0.284s
2016-08-10 20:42:09.925 15823 INFO tempest.lib.common.rest_client [req-b354d264-70de-4248-9c2b-5a511f827a62 ] Request (AZAdminV2TestJSON:tearDownClass): 204 DELETE https://dal-iaas-001-api-endpoint.prod.walmart.com:35357/v2.0/tenants/5d8f9c04ae4b49d2859eb6f555333fea 0.487s
2016-08-10 20:42:09.936 15824 INFO tempest.lib.common.rest_client [req-c1d3ee75-082f-4ca4-8557-b3d0bac25614 ] Request (AggregatesAdminTestJSON:test_aggregate_add_host_create_server_with_az): 200 POST https://dal-iaas-001-api-endpoint.prod.walmart.com:8774/v2/4181e4fce5064bc49700a06149af70fa/os-aggregates 1.550s
2016-08-10 20:42:09.947 15826 INFO tempest.lib.common.rest_client [req-aebadafc-2f10-41fa-9f72-a463fd1127de ] Request (QuotaClassesAdminTestJSON:setUpClass): 200 POST https://dal-iaas-001-api-endpoint.prod.walmart.com:5443/v2.0/tokens
