2016-08-12 21:06:56.084 98015 INFO tempest.lib.common.rest_client [req-798bdbf7-e996-4bd1-9532-50247a9a9235 ] Request (ImagesTestJSON:test_create_image_from_stopped_server): 200 GET https://dal-iaas-001-api-endpoint.prod.walmart.com:8774/v2/b52f2f4d7ae04a388546edfa666a073d/os-networks 0.806s
2016-08-12 21:06:56.084 98015 INFO tempest.common.fixed_network [-] (ImagesTestJSON:test_create_image_from_stopped_server) Found network {'name': u'net1', u'dns2': None, u'dns1': None, u'cidr': None, u'label': u'net1', u'broadcast': None, u'netmask': None, u'gateway_v6': None, u'id': u'1db35de8-93c8-455c-a1c1-720801bd971a', u'cidr_v6': None, u'gateway': None, u'netmask_v6': None} available for tenant
2016-08-12 21:06:56.153 98013 INFO tempest.lib.common.rest_client [req-0f17c442-bf4a-49aa-ac73-8d99cce89a2c ] Request (QuotasAdminTestJSON:setUpClass): 200 GET https://dal-iaas-001-api-endpoint.prod.walmart.com:35357/v2.0/OS-KSADM/roles 0.443s
2016-08-12 21:06:56.174 98017 INFO tempest.lib.common.rest_client [req-f688aa31-2070-4ae4-b557-a25e3e554430 ] Request (FlavorsExtraSpecsNegativeTestJSON:setUpClass): 409 PUT https://dal-iaas-001-api-endpoint.prod.walmart.com:35357/v2.0/tenants/0ba4eb3990c7441fa34dcaaa6d8ced54/users/b99ef69c91cd455f9381e1721f5fbd5b/roles/OS-KSADM/9fe2ff9ee4384b1894a90878d3e92bab 0.444s
2016-08-12 21:06:56.175 98017 INFO tempest.common.dynamic_creds [-] Acquired dynamic creds:
 credentials: Credentials: {'username': u'tempest-FlavorsExtraSpecsNegativeTestJSON-1818520746', 'project_name': u'tempest-FlavorsExtraSpecsNegativeTestJSON-1818520746', 'user_id': u'b99ef69c91cd455f9381e1721f5fbd5b', 'tenant_name': u'tempest-FlavorsExtraSpecsNegativeTestJSON-1818520746', 'tenant_id': u'0ba4eb3990c7441fa34dcaaa6d8ced54', 'project_id': u'0ba4eb3990c7441fa34dcaaa6d8ced54'}, Network: None, Subnet: None, Router: None
2016-08-12 21:06:56.320 98016 INFO tempest.lib.common.rest_client [req-0c8c4a62-54dd-4fc8-bae3-aca1cc94d2e8 ] Request (TenantUsagesNegativeTestJSON:test_get_usage_tenant_with_invalid_date): 400 GET https://dal-iaas-001-api-endpoint.prod.walmart.com:8774/v2/517a6126e763433fb47bbb3b97968a3b/os-simple-tenant-usage/b56b2a73ad6d4eb08015e0dc5b11cd81?start=2016-08-13T21%3A06%3A54.780953&end=2016-08-11T21%3A06%3A54.780953 0.317s
2016-08-12 21:06:56.480 98019 INFO tempest.lib.common.rest_client [req-b78c1955-224a-4c6c-8ba3-2e9b77f009a5 ] Request (HypervisorAdminNegativeTestJSON:test_search_hypervisor_with_non_admin_user): 200 GET https://dal-iaas-001-api-endpoint.prod.walmart.com:8774/v2/9800c0c2d5804595a418a92b5a593288/os-hypervisors 0.986s
2016-08-12 21:06:56.485 98018 INFO tempest.lib.common.rest_client [req-8221d3be-f38d-4cc4-8546-650a2f7cde0e ] Request (ListImageFiltersTestJSON:setUpClass): 200 POST https://dal-iaas-001-api-endpoint.prod.walmart.com:5443/v2.0/tokens
2016-08-12 21:06:56.539 98015 INFO tempest.lib.common.rest_client [req-d5fb57f6-b90f-4785-9ef7-9ff7a3aa7701 ] Request (ImagesTestJSON:test_create_image_from_stopped_server): 200 POST https://dal-iaas-001-api-endpoint.prod.walmart.com:5443/v2.0/tokens
2016-08-12 21:06:56.604 98013 INFO tempest.lib.common.rest_client [req-af5cb541-995e-449e-ae91-4a1db21aaa6c ] Request (QuotasAdminTestJSON:setUpClass): 200 PUT https://dal-iaas-001-api-endpoint.prod.walmart.com:35357/v2.0/tenants/64ec0e301c4541ab95303ed572b8da2b/users/69ed63448b6f4100b0f463004b67dd38/roles/OS-KSADM/b5b0387bbe864c43a2999e531988bb8f 0.451s
2016-08-12 21:06:56.728 98019 INFO tempest.lib.common.rest_client [req-fb9cfa3a-4a2e-47fa-b2b5-9953a83b7051 ] Request (HypervisorAdminNegativeTestJSON:test_search_hypervisor_with_non_admin_user): 403 GET https://dal-iaas-001-api-endpoint.prod.walmart.com:8774/v2/c3ed0061d631481f9d1afb787dc46cee/os-hypervisors/dal-appblx061-21.prod.walmart.com/search 0.245s
2016-08-12 21:06:56.748 98017 INFO tempest.lib.common.rest_client [req-66159bb9-a9bb-44b8-ba74-5a7af60e3db9 ] Request (FlavorsExtraSpecsNegativeTestJSON:setUpClass): 200 POST https://dal-iaas-001-api-endpoint.prod.walmart.com:5443/v2.0/tokens
2016-08-12 21:06:56.909 98016 INFO tempest.lib.common.rest_client [req-0dc76087-9ae9-4b9a-89a3-b20398795e90 ] Request (TenantUsagesNegativeTestJSON:test_list_usage_all_tenants_with_non_admin_user): 200 POST https://dal-iaas-001-api-endpoint.prod.walmart.com:5443/v2.0/tokens
2016-08-12 21:06:56.977 98012 INFO tempest.lib.common.rest_client [req-71ebc47d-d12e-4e73-a922-c5211bde6eda ] Request (ServersNegativeTestJSON:setUpClass): 200 GET https://dal-iaas-001-api-endpoint.prod.walmart.com:8774/v2/c89e3d483e544c2b8ac876a5da769094/servers/b1f35593-e45a-4221-a717-247724a6f56d 0.460s
2016-08-12 21:06:56.984 98012 INFO tempest.common.waiters [-] State transition "BUILD/scheduling" ==> "BUILD/None" after 7 second wait
2016-08-12 21:06:57.028 98019 INFO tempest.lib.common.rest_client [req-703334fd-f42a-49c8-aebd-f8ff19051ebc ] Request (HypervisorAdminNegativeTestJSON:test_search_nonexistent_hypervisor): 404 GET https://dal-iaas-001-api-endpoint.prod.walmart.com:8774/v2/9800c0c2d5804595a418a92b5a593288/os-hypervisors/tempest-test_hypervisor-56095376/search 0.298s
2016-08-12 21:06:57.092 98013 INFO tempest.lib.common.rest_client [req-92007dcd-2f50-42af-8556-2f8bd679b693 ] Request (QuotasAdminTestJSON:setUpClass): 200 GET https://dal-iaas-001-api-endpoint.prod.walmart.com:35357/v2.0/OS-KSADM/roles 0.487s
2016-08-12 21:06:57.244 98014 INFO tempest.lib.common.rest_client [req-400820b9-2899-441c-9a21-e2f460102b15 ] Request (HypervisorAdminTestJSON:test_get_hypervisor_list_details): 200 GET https://dal-iaas-001-api-endpoint.prod.walmart.com:8774/v2/b01a4e1d55d24c1dadec2e634a1c7b4f/os-hypervisors/detail 1.489s
2016-08-12 21:06:57.343 98018 INFO tempest.lib.common.rest_client [req-36dbd1ee-3cb7-4bfc-b115-4d92c429712e ] Request (ListImageFiltersTestJSON:setUpClass): 200 GET https://dal-iaas-001-api-endpoint.prod.walmart.com:8774/v2/14127a7a338b4b06a408761194685695/os-networks 0.858s
2016-08-12 21:06:57.343 98018 INFO tempest.common.fixed_network [-] (ListImageFiltersTestJSON:setUpClass) Found network {'name': u'net1', u'dns2': None, u'dns1': None, u'cidr': None, u'label': u'net1', u'broadcast': None, u'netmask': None, u'gateway_v6': None, u'id': u'1db35de8-93c8-455c-a1c1-720801bd971a', u'cidr_v6': None, u'gateway': None, u'netmask_v6': None} available for tenant
2016-08-12 21:06:57.429 98017 INFO tempest.lib.common.rest_client [req-7dd4a200-9459-4956-bb7c-de0fe0f5c684 ] Request (FlavorsExtraSpecsNegativeTestJSON:setUpClass): 200 POST https://dal-iaas-001-api-endpoint.prod.walmart.com:8774/v2/0ba4eb3990c7441fa34dcaaa6d8ced54/flavors 0.680s
2016-08-12 21:06:57.564 98013 INFO tempest.lib.common.rest_client [req-49ec8cf3-8668-4726-bd5e-e848ec80ddcd ] Request (QuotasAdminTestJSON:setUpClass): 409 PUT https://dal-iaas-001-api-endpoint.prod.walmart.com:35357/v2.0/tenants/64ec0e301c4541ab95303ed572b8da2b/users/69ed63448b6f4100b0f463004b67dd38/roles/OS-KSADM/9fe2ff9ee4384b1894a90878d3e92bab 0.470s
2016-08-12 21:06:57.564 98013 INFO tempest.common.dynamic_creds [-] Acquired dynamic creds:
 credentials: Credentials: {'username': u'tempest-QuotasAdminTestJSON-1155636658', 'project_name': u'tempest-QuotasAdminTestJSON-1155636658', 'user_id': u'69ed63448b6f4100b0f463004b67dd38', 'tenant_name': u'tempest-QuotasAdminTestJSON-1155636658', 'tenant_id': u'64ec0e301c4541ab95303ed572b8da2b', 'project_id': u'64ec0e301c4541ab95303ed572b8da2b'}, Network: None, Subnet: None, Router: None
2016-08-12 21:06:57.620 98016 INFO tempest.lib.common.rest_client [req-b7cbd9a3-ac5f-42a6-ab42-9626b22a08a7 ] Request (TenantUsagesNegativeTestJSON:test_list_usage_all_tenants_with_non_admin_user): 403 GET https://dal-iaas-001-api-endpoint.prod.walmart.com:8774/v2/b56b2a73ad6d4eb08015e0dc5b11cd81/os-simple-tenant-usage?detailed=1&start=2016-08-11T21%3A06%3A54.780953&end=2016-08-13T21%3A06%3A54.780953 0.710s
2016-08-12 21:06:57.858 98017 INFO tempest.lib.common.rest_client [req-3da8033d-b304-45e3-a7e5-e4620c2840cc ] Request (FlavorsExtraSpecsNegativeTestJSON:test_flavor_get_nonexistent_key): 200 POST https://dal-iaas-001-api-endpoint.prod.walmart.com:5443/v2.0/tokens
2016-08-12 21:06:57.985 98019 INFO tempest.lib.common.rest_client [req-4eaee882-6c8f-415e-a32f-4815b78c3560 ] Request (HypervisorAdminNegativeTestJSON:test_show_hypervisor_with_non_admin_user): 200 GET https://dal-iaas-001-api-endpoint.prod.walmart.com:8774/v2/9800c0c2d5804595a418a92b5a593288/os-hypervisors 0.954s
2016-08-12 21:06:58.046 98013 INFO tempest.lib.common.rest_client [req-7033cb8b-ec64-431f-8554-b2e496921fe0 ] Request (QuotasAdminTestJSON:test_delete_quota): 200 POST https://dal-iaas-001-api-endpoint.prod.walmart.com:5443/v2.0/tokens
2016-08-12 21:06:58.052 98016 INFO tempest.lib.common.rest_client [req-03a3ff29-f430-4d06-9536-de41d5e2e333 ] Request (TenantUsagesNegativeTestJSON:tearDownClass): 204 DELETE https://dal-iaas-001-api-endpoint.prod.walmart.com:35357/v2.0/users/557d6ef0699a4325a866acfad15ee719 0.430s
2016-08-12 21:06:58.246 98019 INFO tempest.lib.common.rest_client [req-38f12564-fee8-4f94-b8d9-bbffeca84294 ] Request (HypervisorAdminNegativeTestJSON:test_show_hypervisor_with_non_admin_user): 403 GET https://dal-iaas-001-api-endpoint.prod.walmart.com:8774/v2/c3ed0061d631481f9d1afb787dc46cee/os-hypervisors/5 0.257s
2016-08-12 21:06:58.266 98014 INFO tempest.lib.common.rest_client [req-41535710-3e38-4836-b14b-c4995f8f5161 ] Request (HypervisorAdminTestJSON:test_get_hypervisor_show_details): 200 GET https://dal-iaas-001-api-endpoint.prod.walmart.com:8774/v2/b01a4e1d55d24c1dadec2e634a1c7b4f/os-hypervisors 1.005s
2016-08-12 21:06:58.275 98015 INFO tempest.lib.common.rest_client [req-f496425a-f762-4a9f-963f-45cfe42233cd ] Request (ImagesTestJSON:test_create_image_from_stopped_server): 202 POST https://dal-iaas-001-api-endpoint.prod.walmart.com:8774/v2/b52f2f4d7ae04a388546edfa666a073d/servers 1.735s
2016-08-12 21:06:58.475 98012 INFO tempest.lib.common.rest_client [req-c536ae13-c5fc-4ff4-b58d-50d35aee0412 ] Request (ServersNegativeTestJSON:setUpClass): 200 GET https://dal-iaas-001-api-endpoint.prod.walmart.com:8774/v2/c89e3d483e544c2b8ac876a5da769094/servers/b1f35593-e45a-4221-a717-247724a6f56d 0.488s
2016-08-12 21:06:58.483 98012 INFO tempest.common.waiters [-] State transition "BUILD/None" ==> "BUILD/spawning" after 9 second wait
2016-08-12 21:06:58.500 98013 INFO tempest.lib.common.rest_client [req-c0779790-e5a0-4340-a4ae-1d9d04af20da ] Request (QuotasAdminTestJSON:test_delete_quota): 200 POST https://dal-iaas-001-api-endpoint.prod.walmart.com:35357/v2.0/tenants 0.453s
2016-08-12 21:06:58.502 98019 INFO tempest.lib.common.rest_client [req-71b5e0fd-4df2-4873-9a67-9c4820eeeba8 ] Request (HypervisorAdminNegativeTestJSON:test_show_nonexistent_hypervisor): 404 GET https://dal-iaas-001-api-endpoint.prod.walmart.com:8774/v2/9800c0c2d5804595a418a92b5a593288/os-hypervisors/50f1df48-2da8-42d0-85a0-dacf9b2145cf 0.254s
2016-08-12 21:06:58.530 98018 INFO tempest.lib.common.rest_client [req-a38227c2-da21-4050-b3b2-d958a0aa434c ] Request (ListImageFiltersTestJSON:setUpClass): 202 POST https://dal-iaas-001-api-endpoint.prod.walmart.com:8774/v2/14127a7a338b4b06a408761194685695/servers 1.186s
2016-08-12 21:06:58.549 98014 INFO tempest.lib.common.rest_client [req-2ef618cb-5a5f-4bfe-84bb-89c4ea5db349 ] Request (HypervisorAdminTestJSON:test_get_hypervisor_show_details): 200 GET https://dal-iaas-001-api-endpoint.prod.walmart.com:8774/v2/b01a4e1d55d24c1dadec2e634a1c7b4f/os-hypervisors/5 0.278s
2016-08-12 21:06:58.749 98017 INFO tempest.lib.common.rest_client [req-c5fe6f3a-0793-40d4-ac94-b9dd13e70443 ] Request (FlavorsExtraSpecsNegativeTestJSON:test_flavor_get_nonexistent_key): 404 GET https://dal-iaas-001-api-endpoint.prod.walmart.com:8774/v2/0659881493224bcfbdb1ce8bc2d3fb54/flavors/980699576/os-extra_specs/nonexistent_key 0.890s
2016-08-12 21:06:58.763 98015 INFO tempest.lib.common.rest_client [req-5489196f-c895-4519-b064-9f19814e0ed3 ] Request (ImagesTestJSON:test_create_image_from_stopped_server): 200 GET https://dal-iaas-001-api-endpoint.prod.walmart.com:8774/v2/b52f2f4d7ae04a388546edfa666a073d/servers/9540d6ad-f970-4885-96d2-a56b95ba5210 0.485s
2016-08-12 21:06:58.926 98016 INFO tempest.lib.common.rest_client [req-564d5777-a3d7-4467-9e5a-89e690197876 ] Request (TenantUsagesNegativeTestJSON:tearDownClass): 200 GET https://dal-iaas-001-api-endpoint.prod.walmart.com:9696/v2.0/security-groups?tenant_id=517a6126e763433fb47bbb3b97968a3b&name=default 0.874s
2016-08-12 21:06:58.984 98018 INFO tempest.lib.common.rest_client [req-91a3805f-cb56-4965-be78-488e8ebd84d2 ] Request (ListImageFiltersTestJSON:setUpClass): 200 GET https://dal-iaas-001-api-endpoint.prod.walmart.com:8774/v2/14127a7a338b4b06a408761194685695/servers/05f7fcb3-523d-4b6b-a906-d0b2f493f639 0.452s
2016-08-12 21:06:59.015 98017 INFO tempest.lib.common.rest_client [req-9e21d856-4bb4-45e1-9dcb-3cfac32c330f ] Request (FlavorsExtraSpecsNegativeTestJSON:test_flavor_non_admin_set_keys): 403 POST https://dal-iaas-001-api-endpoint.prod.walmart.com:8774/v2/0659881493224bcfbdb1ce8bc2d3fb54/flavors/980699576/os-extra_specs 0.264s
2016-08-12 21:06:59.218 98013 INFO tempest.lib.common.rest_client [req-1d50f0a5-1f03-4536-be64-2addf47ad4b6 ] Request (QuotasAdminTestJSON:test_delete_quota): 200 GET https://dal-iaas-001-api-endpoint.prod.walmart.com:8774/v2/64ec0e301c4541ab95303ed572b8da2b/os-quota-sets/dd0d1a88e2e74ec593d8a8f786984f76 0.717s
2016-08-12 21:06:59.233 98016 INFO tempest.lib.common.rest_client [req-c327e8e5-949a-4888-b365-6542877e2059 ] Request (TenantUsagesNegativeTestJSON:tearDownClass): 204 DELETE https://dal-iaas-001-api-endpoint.prod.walmart.com:9696/v2.0/security-groups/80d274e9-53c7-4b05-9ab0-eb39227fc284 0.307s
2016-08-12 21:06:59.309 98017 INFO tempest.lib.common.rest_client [req-0ede7718-2d6e-4ad1-9f44-1376c073ce07 ] Request (FlavorsExtraSpecsNegativeTestJSON:test_flavor_non_admin_unset_keys): 200 POST https://dal-iaas-001-api-endpoint.prod.walmart.com:8774/v2/0ba4eb3990c7441fa34dcaaa6d8ced54/flavors/980699576/os-extra_specs 0.292s
2016-08-12 21:06:59.344 98019 INFO tempest.lib.common.rest_client [req-4dbd01f5-7492-4174-9a6b-9ef047076362 ] Request (HypervisorAdminNegativeTestJSON:test_show_servers_with_non_admin_user): 200 GET https://dal-iaas-001-api-endpoint.prod.walmart.com:8774/v2/9800c0c2d5804595a418a92b5a593288/os-hypervisors 0.840s
2016-08-12 21:06:59.398 98014 INFO tempest.lib.common.rest_client [req-d443a73b-cab7-4882-8bd0-29ff9b646277 ] Request (HypervisorAdminTestJSON:test_get_hypervisor_show_servers): 200 GET https://dal-iaas-001-api-endpoint.prod.walmart.com:8774/v2/b01a4e1d55d24c1dadec2e634a1c7b4f/os-hypervisors 0.845s
2016-08-12 21:06:59.551 98013 INFO tempest.lib.common.rest_client [req-562ad507-8ce1-4d4e-a779-48235cc51ab7 ] Request (QuotasAdminTestJSON:test_delete_quota): 200 PUT https://dal-iaas-001-api-endpoint.prod.walmart.com:8774/v2/64ec0e301c4541ab95303ed572b8da2b/os-quota-sets/dd0d1a88e2e74ec593d8a8f786984f76 0.329s
2016-08-12 21:06:59.567 98017 INFO tempest.lib.common.rest_client [req-08b0a133-95ab-453f-8f7c-bd2c5167498b ] Request (FlavorsExtraSpecsNegativeTestJSON:test_flavor_non_admin_unset_keys): 403 DELETE https://dal-iaas-001-api-endpoint.prod.walmart.com:8774/v2/0659881493224bcfbdb1ce8bc2d3fb54/flavors/980699576/os-extra_specs/key1 0.257s
2016-08-12 21:06:59.614 98019 INFO tempest.lib.common.rest_client [req-d80c6486-a9ae-45d7-8204-851352af3669 ] Request (HypervisorAdminNegativeTestJSON:test_show_servers_with_non_admin_user): 403 GET https://dal-iaas-001-api-endpoint.prod.walmart.com:8774/v2/c3ed0061d631481f9d1afb787dc46cee/os-hypervisors/5/servers 0.264s
2016-08-12 21:06:59.757 98014 INFO tempest.lib.common.rest_client [req-6de900ec-bf5e-4f36-bff2-578319c808cd ] Request (HypervisorAdminTestJSON:test_get_hypervisor_show_servers): 200 GET https://dal-iaas-001-api-endpoint.prod.walmart.com:8774/v2/b01a4e1d55d24c1dadec2e634a1c7b4f/os-hypervisors/dal-appblx061-21.prod.walmart.com/servers 0.355s
2016-08-12 21:06:59.796 98016 INFO tempest.lib.common.rest_client [req-33e03040-8d64-435d-a2ee-fc0fc1e1ad0f ] Request (TenantUsagesNegativeTestJSON:tearDownClass): 204 DELETE https://dal-iaas-001-api-endpoint.prod.walmart.com:35357/v2.0/tenants/517a6126e763433fb47bbb3b97968a3b 0.563s
2016-08-12 21:06:59.852 98013 INFO tempest.lib.common.rest_client [req-86727d8c-70ce-4892-aa5e-1aa7a3fed79f ] Request (QuotasAdminTestJSON:test_delete_quota): 202 DELETE https://dal-iaas-001-api-endpoint.prod.walmart.com:8774/v2/64ec0e301c4541ab95303ed572b8da2b/os-quota-sets/dd0d1a88e2e74ec593d8a8f786984f76 0.299s
2016-08-12 21:06:59.902 98017 INFO tempest.lib.common.rest_client [req-dbaddacf-bfee-4d53-abf4-ee75b371a26e ] Request (FlavorsExtraSpecsNegativeTestJSON:test_flavor_non_admin_update_specific_key): 200 POST https://dal-iaas-001-api-endpoint.prod.walmart.com:8774/v2/0ba4eb3990c7441fa34dcaaa6d8ced54/flavors/980699576/os-extra_specs 0.333s
2016-08-12 21:06:59.927 98012 INFO tempest.lib.common.rest_client [req-410cd16e-b238-453d-af9b-36bd821681a0 ] Request (ServersNegativeTestJSON:setUpClass): 200 GET https://dal-iaas-001-api-endpoint.prod.walmart.com:8774/v2/c89e3d483e544c2b8ac876a5da769094/servers/b1f35593-e45a-4221-a717-247724a6f56d 0.443s
2016-08-12 21:06:59.933 98012 INFO tempest.common.waiters [-] State transition "BUILD/spawning" ==> "BUILD/None" after 10 second wait
2016-08-12 21:06:59.934 98019 INFO tempest.lib.common.rest_client [req-8a977401-ecd5-4c1d-ae6c-e877753fdd99 ] Request (HypervisorAdminNegativeTestJSON:test_show_servers_with_nonexistent_hypervisor): 404 GET https://dal-iaas-001-api-endpoint.prod.walmart.com:8774/v2/9800c0c2d5804595a418a92b5a593288/os-hypervisors/30df9cab-6ec4-45d2-92fe-3bc85ee02e85/servers 0.318s
2016-08-12 21:07:00.083 98014 INFO tempest.lib.common.rest_client [req-17ef2f14-e5d6-417f-a59c-8905874d6820 ] Request (HypervisorAdminTestJSON:test_get_hypervisor_stats): 200 GET https://dal-iaas-001-api-endpoint.prod.walmart.com:8774/v2/b01a4e1d55d24c1dadec2e634a1c7b4f/os-hypervisors/statistics 0.323s
2016-08-12 21:07:00.161 98013 INFO tempest.lib.common.rest_client [req-6078233e-08d6-4c7b-8683-ef12ab9dce02 ] Request (QuotasAdminTestJSON:test_delete_quota): 200 GET https://dal-iaas-001-api-endpoint.prod.walmart.com:8774/v2/64ec0e301c4541ab95303ed572b8da2b/os-quota-sets/dd0d1a88e2e74ec593d8a8f786984f76 0.308s
2016-08-12 21:07:00.184 98017 INFO tempest.lib.common.rest_client [req-f5d30421-a997-4fe9-b7db-96618347df07 ] Request (FlavorsExtraSpecsNegativeTestJSON:test_flavor_non_admin_update_specific_key): 403 PUT https://dal-iaas-001-api-endpoint.prod.walmart.com:8774/v2/0659881493224bcfbdb1ce8bc2d3fb54/flavors/980699576/os-extra_specs/key1 0.280s
2016-08-12 21:07:00.403 98016 INFO tempest.lib.common.rest_client [req-0f802a0c-9ddd-4dc4-ad69-0c0b6f4e5837 ] Request (TenantUsagesNegativeTestJSON:tearDownClass): 204 DELETE https://dal-iaas-001-api-endpoint.prod.walmart.com:35357/v2.0/users/c367533d14e641489d855928300be4da 0.605s
2016-08-12 21:07:00.512 98017 INFO tempest.lib.common.rest_client [req-7593d169-9a59-4be2-aac8-474c3c460113 ] Request (FlavorsExtraSpecsNegativeTestJSON:test_flavor_unset_nonexistent_key): 404 DELETE https://dal-iaas-001-api-endpoint.prod.walmart.com:8774/v2/0ba4eb3990c7441fa34dcaaa6d8ced54/flavors/980699576/os-extra_specs/tempest-flavor_key-1756933239 0.325s
2016-08-12 21:07:00.536 98019 INFO tempest.lib.common.rest_client [req-b91f2f90-27b9-4023-bf09-89a5fbe73505 ] Request (HypervisorAdminNegativeTestJSON:tearDownClass): 204 DELETE https://dal-iaas-001-api-endpoint.prod.walmart.com:35357/v2.0/users/e4462dc4d0e1451099a957249f369248 0.600s
2016-08-12 21:07:00.541 98018 INFO tempest.lib.common.rest_client [req-0d047023-ee6e-475f-bc1a-3a55cb57bc5c ] Request (ListImageFiltersTestJSON:setUpClass): 200 GET https://dal-iaas-001-api-endpoint.prod.walmart.com:8774/v2/14127a7a338b4b06a408761194685695/servers/05f7fcb3-523d-4b6b-a906-d0b2f493f639 0.544s
2016-08-12 21:07:00.547 98018 INFO tempest.common.waiters [-] State transition "BUILD/scheduling" ==> "BUILD/networking" after 2 second wait
2016-08-12 21:07:00.571 98015 INFO tempest.lib.common.rest_client [req-209ecdea-de18-4fc1-9321-94c85285c390 ] Request (ImagesTestJSON:test_create_image_from_stopped_server): 200 GET https://dal-iaas-001-api-endpoint.prod.walmart.com:8774/v2/b52f2f4d7ae04a388546edfa666a073d/servers/9540d6ad-f970-4885-96d2-a56b95ba5210 0.801s
2016-08-12 21:07:00.581 98015 INFO tempest.common.waiters [-] State transition "BUILD/scheduling" ==> "BUILD/networking" after 2 second wait
2016-08-12 21:07:00.692 98013 INFO tempest.lib.common.rest_client [req-45435af6-ca31-43ae-aa6e-f5f54302d9eb ] Request (QuotasAdminTestJSON:_run_cleanups): 204 DELETE https://dal-iaas-001-api-endpoint.prod.walmart.com:35357/v2.0/tenants/dd0d1a88e2e74ec593d8a8f786984f76 0.527s
2016-08-12 21:07:00.732 98016 INFO tempest.lib.common.rest_client [req-63076e32-9f62-4493-bd0c-d2deb78a0c21 ] Request (TenantUsagesNegativeTestJSON:tearDownClass): 200 GET https://dal-iaas-001-api-endpoint.prod.walmart.com:9696/v2.0/security-groups?tenant_id=b56b2a73ad6d4eb08015e0dc5b11cd81&name=default 0.329s
2016-08-12 21:07:00.780 98017 INFO tempest.lib.common.rest_client [req-09ecf7b3-bdc8-409f-bdb1-cc4cd8fea930 ] Request (FlavorsExtraSpecsNegativeTestJSON:test_flavor_update_mismatch_key): 400 PUT https://dal-iaas-001-api-endpoint.prod.walmart.com:8774/v2/0ba4eb3990c7441fa34dcaaa6d8ced54/flavors/980699576/os-extra_specs/key2 0.267s
2016-08-12 21:07:00.979 98013 INFO tempest.lib.common.rest_client [req-af21db69-2900-41bc-8266-a6542eccfaf8 ] Request (QuotasAdminTestJSON:test_get_default_quotas): 200 GET https://dal-iaas-001-api-endpoint.prod.walmart.com:8774/v2/64ec0e301c4541ab95303ed572b8da2b/os-quota-sets/19aba11568c8494bb2be96e4fcebb260/defaults 0.285s
2016-08-12 21:07:01.048 98017 INFO tempest.lib.common.rest_client [req-9ad39bf2-6a2f-4e1b-8d8d-0b46c655266e ] Request (FlavorsExtraSpecsNegativeTestJSON:test_flavor_update_more_key): 400 PUT https://dal-iaas-001-api-endpoint.prod.walmart.com:8774/v2/0ba4eb3990c7441fa34dcaaa6d8ced54/flavors/980699576/os-extra_specs/key1 0.265s
2016-08-12 21:07:01.068 98016 INFO tempest.lib.common.rest_client [req-64de2bcf-a0b8-420a-be93-a90bd958bdb7 ] Request (TenantUsagesNegativeTestJSON:tearDownClass): 204 DELETE https://dal-iaas-001-api-endpoint.prod.walmart.com:9696/v2.0/security-groups/720c8032-8a22-4f63-aa73-f5707b133348 0.335s
2016-08-12 21:07:01.206 98014 INFO tempest.lib.common.rest_client [req-da59d0c1-d4a7-48fb-8f30-54c3fb43ab55 ] Request (HypervisorAdminTestJSON:test_get_hypervisor_uptime): 200 GET https://dal-iaas-001-api-endpoint.prod.walmart.com:8774/v2/b01a4e1d55d24c1dadec2e634a1c7b4f/os-hypervisors 1.119s
2016-08-12 21:07:01.367 98019 INFO tempest.lib.common.rest_client [req-128f73e4-15fd-4df7-88ac-abf3b0bc3c60 ] Request (HypervisorAdminNegativeTestJSON:tearDownClass): 200 GET https://dal-iaas-001-api-endpoint.prod.walmart.com:9696/v2.0/security-groups?tenant_id=9800c0c2d5804595a418a92b5a593288&name=default 0.830s
2016-08-12 21:07:01.368 98017 INFO tempest.lib.common.rest_client [req-d96b0137-9178-4d08-b6f4-067893fc012a ] Request (FlavorsExtraSpecsNegativeTestJSON:tearDownClass): 202 DELETE https://dal-iaas-001-api-endpoint.prod.walmart.com:8774/v2/0ba4eb3990c7441fa34dcaaa6d8ced54/flavors/980699576 0.319s
2016-08-12 21:07:01.410 98013 INFO tempest.lib.common.rest_client [req-da5f2f84-5353-4038-95bf-ed2f712d5c08 ] Request (QuotasAdminTestJSON:test_get_updated_quotas): 200 POST https://dal-iaas-001-api-endpoint.prod.walmart.com:35357/v2.0/tenants 0.426s
2016-08-12 21:07:01.430 98012 INFO tempest.lib.common.rest_client [req-462ba212-849b-4faa-b84a-1c0366da42d2 ] Request (ServersNegativeTestJSON:setUpClass): 200 GET https://dal-iaas-001-api-endpoint.prod.walmart.com:8774/v2/c89e3d483e544c2b8ac876a5da769094/servers/b1f35593-e45a-4221-a717-247724a6f56d 0.492s
2016-08-12 21:07:01.439 98012 INFO tempest.common.waiters [-] State transition "BUILD/None" ==> "BUILD/spawning" after 12 second wait
2016-08-12 21:07:01.537 98014 INFO tempest.lib.common.rest_client [req-6a2c0727-1b0c-4e1f-b236-4457d7aa6afe ] Request (HypervisorAdminTestJSON:test_get_hypervisor_uptime): 200 GET https://dal-iaas-001-api-endpoint.prod.walmart.com:8774/v2/b01a4e1d55d24c1dadec2e634a1c7b4f/os-hypervisors/5 0.326s
2016-08-12 21:07:01.584 98016 INFO tempest.lib.common.rest_client [req-0fec16ec-71d2-4e43-a133-095b7f4c2eda ] Request (TenantUsagesNegativeTestJSON:tearDownClass): 204 DELETE https://dal-iaas-001-api-endpoint.prod.walmart.com:35357/v2.0/tenants/b56b2a73ad6d4eb08015e0dc5b11cd81 0.515s
2016-08-12 21:07:01.709 98017 INFO tempest.lib.common.rest_client [req-9793a60c-baf8-4094-854b-aa04a5bad4ee ] Request (FlavorsExtraSpecsNegativeTestJSON:tearDownClass): 200 GET https://dal-iaas-001-api-endpoint.prod.walmart.com:8774/v2/0ba4eb3990c7441fa34dcaaa6d8ced54/flavors/detail 0.340s
2016-08-12 21:07:01.801 98013 INFO tempest.lib.common.rest_client [req-4ef10e32-db84-4224-b78a-04dca835112f ] Request (QuotasAdminTestJSON:test_get_updated_quotas): 200 PUT https://dal-iaas-001-api-endpoint.prod.walmart.com:8774/v2/64ec0e301c4541ab95303ed572b8da2b/os-quota-sets/22d424e1379b43e69c76bd725c28b4bf 0.391s
2016-08-12 21:07:01.830 98019 INFO tempest.lib.common.rest_client [req-82f1cf99-aeeb-46ce-a154-ccd874c77364 ] Request (HypervisorAdminNegativeTestJSON:tearDownClass): 204 DELETE https://dal-iaas-001-api-endpoint.prod.walmart.com:9696/v2.0/security-groups/065a23e3-ecfa-4d05-a21b-29eed621f8e1 0.463s
2016-08-12 21:07:01.842 98014 INFO tempest.lib.common.rest_client [req-977b8045-cea1-4743-b323-a0d59ed41e11 ] Request (HypervisorAdminTestJSON:test_get_hypervisor_uptime): 200 GET https://dal-iaas-001-api-endpoint.prod.walmart.com:8774/v2/b01a4e1d55d24c1dadec2e634a1c7b4f/os-hypervisors/5 0.302s
2016-08-12 21:07:02.045 98018 INFO tempest.lib.common.rest_client [req-a9eb28f1-c57e-4ad3-847e-6fb14d0204f6 ] Request (ListImageFiltersTestJSON:setUpClass): 200 GET https://dal-iaas-001-api-endpoint.prod.walmart.com:8774/v2/14127a7a338b4b06a408761194685695/servers/05f7fcb3-523d-4b6b-a906-d0b2f493f639 0.492s
2016-08-12 21:07:02.053 98018 INFO tempest.common.waiters [-] State transition "BUILD/networking" ==> "BUILD/scheduling" after 4 second wait
2016-08-12 21:07:02.088 98013 INFO tempest.lib.common.rest_client [req-37c2a7be-6050-4732-b5ab-22a719727670 ] Request (QuotasAdminTestJSON:test_get_updated_quotas): 200 GET https://dal-iaas-001-api-endpoint.prod.walmart.com:8774/v2/64ec0e301c4541ab95303ed572b8da2b/os-quota-sets/22d424e1379b43e69c76bd725c28b4bf 0.283s
2016-08-12 21:07:02.130 98015 INFO tempest.lib.common.rest_client [req-161db059-2025-4236-91fe-d8c419715666 ] Request (ImagesTestJSON:test_create_image_from_stopped_server): 200 GET https://dal-iaas-001-api-endpoint.prod.walmart.com:8774/v2/b52f2f4d7ae04a388546edfa666a073d/servers/9540d6ad-f970-4885-96d2-a56b95ba5210 0.544s
2016-08-12 21:07:02.138 98015 INFO tempest.common.waiters [-] State transition "BUILD/networking" ==> "BUILD/scheduling" after 4 second wait
2016-08-12 21:07:02.146 98014 INFO tempest.lib.common.rest_client [req-ecb3279e-af9f-4802-8842-09ad0819bab0 ] Request (HypervisorAdminTestJSON:test_get_hypervisor_uptime): 200 GET https://dal-iaas-001-api-endpoint.prod.walmart.com:8774/v2/b01a4e1d55d24c1dadec2e634a1c7b4f/os-hypervisors/5 0.300s
2016-08-12 21:07:02.155 98016 INFO tempest.lib.common.rest_client [req-6f7d0327-80c6-4647-b0c2-c843c4d8741f ] Request (ListImageFiltersNegativeTestJSON:setUpClass): 200 POST https://dal-iaas-001-api-endpoint.prod.walmart.com:5443/v2.0/tokens
2016-08-12 21:07:02.184 98017 INFO tempest.lib.common.rest_client [req-bb105cab-9cbf-4679-84d1-c83f90784b0b ] Request (FlavorsExtraSpecsNegativeTestJSON:tearDownClass): 204 DELETE https://dal-iaas-001-api-endpoint.prod.walmart.com:35357/v2.0/users/b99ef69c91cd455f9381e1721f5fbd5b 0.470s
2016-08-12 21:07:02.328 98019 INFO tempest.lib.common.rest_client [req-0b988c8e-ffec-4bb1-8d92-189ba01e14cd ] Request (HypervisorAdminNegativeTestJSON:tearDownClass): 204 DELETE https://dal-iaas-001-api-endpoint.prod.walmart.com:35357/v2.0/tenants/9800c0c2d5804595a418a92b5a593288 0.497s
2016-08-12 21:07:02.420 98014 INFO tempest.lib.common.rest_client [req-d2cbebb8-e099-4b05-b9a1-85a993cf7d82 ] Request (HypervisorAdminTestJSON:test_get_hypervisor_uptime): 200 GET https://dal-iaas-001-api-endpoint.prod.walmart.com:8774/v2/b01a4e1d55d24c1dadec2e634a1c7b4f/os-hypervisors/5 0.270s
2016-08-12 21:07:02.571 98013 INFO tempest.lib.common.rest_client [req-442fd8eb-ab0e-40fc-8227-6d9457906b73 ] Request (QuotasAdminTestJSON:test_get_updated_quotas): 200 POST https://dal-iaas-001-api-endpoint.prod.walmart.com:35357/v2.0/users 0.480s
2016-08-12 21:07:02.715 98014 INFO tempest.lib.common.rest_client [req-eeb24566-ff85-4e3d-acc2-3b4714567c4d ] Request (HypervisorAdminTestJSON:test_get_hypervisor_uptime): 200 GET https://dal-iaas-001-api-endpoint.prod.walmart.com:8774/v2/b01a4e1d55d24c1dadec2e634a1c7b4f/os-hypervisors/5 0.290s
2016-08-12 21:07:02.736 98016 INFO tempest.lib.common.rest_client [req-ec780b58-af08-4c39-bb55-c75a5f6e7339 ] Request (ListImageFiltersNegativeTestJSON:setUpClass): 200 POST https://dal-iaas-001-api-endpoint.prod.walmart.com:5443/v2.0/tokens
2016-08-12 21:07:02.833 98019 INFO tempest.lib.common.rest_client [req-2d561e8f-e5c8-4d43-b0b4-afb9820fe752 ] Request (HypervisorAdminNegativeTestJSON:tearDownClass): 204 DELETE https://dal-iaas-001-api-endpoint.prod.walmart.com:35357/v2.0/users/c5f78da2c71d406ca5a3fbc814a06352 0.505s
2016-08-12 21:07:02.947 98012 INFO tempest.lib.common.rest_client [req-829c2137-1585-4918-bad5-0f814902d862 ] Request (ServersNegativeTestJSON:setUpClass): 200 GET https://dal-iaas-001-api-endpoint.prod.walmart.com:8774/v2/c89e3d483e544c2b8ac876a5da769094/servers/b1f35593-e45a-4221-a717-247724a6f56d 0.507s
2016-08-12 21:07:02.955 98012 INFO tempest.common.waiters [-] State transition "BUILD/spawning" ==> "BUILD/scheduling" after 13 second wait
2016-08-12 21:07:02.963 98013 INFO tempest.lib.common.rest_client [req-93c85348-166c-46a4-823e-acd801db40a8 ] Request (QuotasAdminTestJSON:test_get_updated_quotas): 200 PUT https://dal-iaas-001-api-endpoint.prod.walmart.com:8774/v2/64ec0e301c4541ab95303ed572b8da2b/os-quota-sets/22d424e1379b43e69c76bd725c28b4bf?user_id=31909f991f68435e9b3f4cc8df9d09a9 0.391s
2016-08-12 21:07:03.007 98014 INFO tempest.lib.common.rest_client [req-68188a31-4074-4682-8e06-6877d041ed43 ] Request (HypervisorAdminTestJSON:test_get_hypervisor_uptime): 200 GET https://dal-iaas-001-api-endpoint.prod.walmart.com:8774/v2/b01a4e1d55d24c1dadec2e634a1c7b4f/os-hypervisors/5 0.287s
2016-08-12 21:07:03.055 98017 INFO tempest.lib.common.rest_client [req-3b3f2780-c53c-4763-9a3d-766495eb84e3 ] Request (FlavorsExtraSpecsNegativeTestJSON:tearDownClass): 200 GET https://dal-iaas-001-api-endpoint.prod.walmart.com:9696/v2.0/security-groups?tenant_id=0ba4eb3990c7441fa34dcaaa6d8ced54&name=default 0.870s
2016-08-12 21:07:03.188 98019 INFO tempest.lib.common.rest_client [req-dacddaa0-032e-4823-a0b0-2b159845c092 ] Request (HypervisorAdminNegativeTestJSON:tearDownClass): 200 GET https://dal-iaas-001-api-endpoint.prod.walmart.com:9696/v2.0/security-groups?tenant_id=c3ed0061d631481f9d1afb787dc46cee&name=default 0.354s
2016-08-12 21:07:03.204 98016 INFO tempest.lib.common.rest_client [req-e1d6da15-2ed3-40db-bca1-cf740b129b33 ] Request (ListImageFiltersNegativeTestJSON:setUpClass): 200 POST https://dal-iaas-001-api-endpoint.prod.walmart.com:35357/v2.0/tenants 0.467s
2016-08-12 21:07:03.271 98013 INFO tempest.lib.common.rest_client [req-b4754095-81f5-40d5-9a4f-3d870703063d ] Request (QuotasAdminTestJSON:test_get_updated_quotas): 200 GET https://dal-iaas-001-api-endpoint.prod.walmart.com:8774/v2/64ec0e301c4541ab95303ed572b8da2b/os-quota-sets/22d424e1379b43e69c76bd725c28b4bf?user_id=31909f991f68435e9b3f4cc8df9d09a9 0.306s
2016-08-12 21:07:03.336 98014 INFO tempest.lib.common.rest_client [req-9098da99-03f9-4260-b9b9-a0b537089594 ] Request (HypervisorAdminTestJSON:test_get_hypervisor_uptime): 200 GET https://dal-iaas-001-api-endpoint.prod.walmart.com:8774/v2/b01a4e1d55d24c1dadec2e634a1c7b4f/os-hypervisors/5 0.324s
2016-08-12 21:07:03.512 98017 INFO tempest.lib.common.rest_client [req-7374e343-d03b-4ecd-b141-a8cb1b28ba2d ] Request (FlavorsExtraSpecsNegativeTestJSON:tearDownClass): 204 DELETE https://dal-iaas-001-api-endpoint.prod.walmart.com:9696/v2.0/security-groups/a3d31fc6-6001-41b4-88b9-d71ffdb203c5 0.457s
2016-08-12 21:07:03.578 98019 INFO tempest.lib.common.rest_client [req-6786062c-2876-4c17-9315-e27e2bfcd7e3 ] Request (HypervisorAdminNegativeTestJSON:tearDownClass): 204 DELETE https://dal-iaas-001-api-endpoint.prod.walmart.com:9696/v2.0/security-groups/f289395a-b38e-4fa9-9d7a-4928db16777e 0.389s
2016-08-12 21:07:03.656 98015 INFO tempest.lib.common.rest_client [req-6dd1e490-8f16-45c0-941b-496d602e4ab0 ] Request (ImagesTestJSON:test_create_image_from_stopped_server): 200 GET https://dal-iaas-001-api-endpoint.prod.walmart.com:8774/v2/b52f2f4d7ae04a388546edfa666a073d/servers/9540d6ad-f970-4885-96d2-a56b95ba5210 0.513s
2016-08-12 21:07:03.662 98015 INFO tempest.common.waiters [-] State transition "BUILD/scheduling" ==> "BUILD/block_device_mapping" after 5 second wait
2016-08-12 21:07:03.665 98014 INFO tempest.lib.common.rest_client [req-ebf11246-8fdb-494e-869a-3c65dc3b5401 ] Request (HypervisorAdminTestJSON:test_get_hypervisor_uptime): 200 GET https://dal-iaas-001-api-endpoint.prod.walmart.com:8774/v2/b01a4e1d55d24c1dadec2e634a1c7b4f/os-hypervisors/5 0.326s
2016-08-12 21:07:03.712 98018 INFO tempest.lib.common.rest_client [req-b1976c20-4b42-4ea9-b275-3193b092fed0 ] Request (ListImageFiltersTestJSON:setUpClass): 200 GET https://dal-iaas-001-api-endpoint.prod.walmart.com:8774/v2/14127a7a338b4b06a408761194685695/servers/05f7fcb3-523d-4b6b-a906-d0b2f493f639 0.656s
2016-08-12 21:07:03.719 98018 INFO tempest.common.waiters [-] State transition "BUILD/scheduling" ==> "BUILD/networking" after 5 second wait
2016-08-12 21:07:03.778 98016 INFO tempest.lib.common.rest_client [req-49921f9b-d04b-4f8f-9df0-17d0fe867ef4 ] Request (ListImageFiltersNegativeTestJSON:setUpClass): 200 POST https://dal-iaas-001-api-endpoint.prod.walmart.com:35357/v2.0/users 0.573s
2016-08-12 21:07:03.788 98013 INFO tempest.lib.common.rest_client [req-610a9005-e681-4cf0-aa1b-7f8cc237b490 ] Request (QuotasAdminTestJSON:_run_cleanups): 204 DELETE https://dal-iaas-001-api-endpoint.prod.walmart.com:35357/v2.0/users/31909f991f68435e9b3f4cc8df9d09a9 0.514s
2016-08-12 21:07:03.947 98017 INFO tempest.lib.common.rest_client [req-8408fb65-9a7a-453d-8022-cc4a8ff765ac ] Request (FlavorsExtraSpecsNegativeTestJSON:tearDownClass): 204 DELETE https://dal-iaas-001-api-endpoint.prod.walmart.com:35357/v2.0/tenants/0ba4eb3990c7441fa34dcaaa6d8ced54 0.434s
2016-08-12 21:07:03.953 98014 INFO tempest.lib.common.rest_client [req-e40a660e-677e-45bd-81b5-1be88e52ea48 ] Request (HypervisorAdminTestJSON:test_get_hypervisor_uptime): 200 GET https://dal-iaas-001-api-endpoint.prod.walmart.com:8774/v2/b01a4e1d55d24c1dadec2e634a1c7b4f/os-hypervisors/5 0.284s
2016-08-12 21:07:04.097 98019 INFO tempest.lib.common.rest_client [req-60a3c94e-2f4e-4b5a-9b5d-9592b2365371 ] Request (HypervisorAdminNegativeTestJSON:tearDownClass): 204 DELETE https://dal-iaas-001-api-endpoint.prod.walmart.com:35357/v2.0/tenants/c3ed0061d631481f9d1afb787dc46cee 0.518s
2016-08-12 21:07:04.192 98016 INFO tempest.lib.common.rest_client [req-7fd85823-c4ba-4c38-9128-23dd3e5602b2 ] Request (ListImageFiltersNegativeTestJSON:setUpClass): 200 GET https://dal-iaas-001-api-endpoint.prod.walmart.com:35357/v2.0/OS-KSADM/roles 0.413s
2016-08-12 21:07:04.251 98014 INFO tempest.lib.common.rest_client [req-73e4fdc3-4057-4441-b711-7c94bfde45d8 ] Request (HypervisorAdminTestJSON:test_get_hypervisor_uptime): 200 GET https://dal-iaas-001-api-endpoint.prod.walmart.com:8774/v2/b01a4e1d55d24c1dadec2e634a1c7b4f/os-hypervisors/5 0.293s
2016-08-12 21:07:04.256 98013 INFO tempest.lib.common.rest_client [req-50bb585b-376f-49c3-bfcd-7c34904fa983 ] Request (QuotasAdminTestJSON:_run_cleanups): 204 DELETE https://dal-iaas-001-api-endpoint.prod.walmart.com:35357/v2.0/tenants/22d424e1379b43e69c76bd725c28b4bf 0.467s
2016-08-12 21:07:04.432 98017 INFO tempest.lib.common.rest_client [req-a81fbd89-21e4-4f1d-87c9-ea98f5fe0f0e ] Request (FlavorsExtraSpecsNegativeTestJSON:tearDownClass): 204 DELETE https://dal-iaas-001-api-endpoint.prod.walmart.com:35357/v2.0/users/b280e9342da24289834832781fac325e 0.484s
2016-08-12 21:07:04.475 98012 INFO tempest.lib.common.rest_client [req-22927bd4-e040-47e0-b596-bcd4a6d880c6 ] Request (ServersNegativeTestJSON:setUpClass): 200 GET https://dal-iaas-001-api-endpoint.prod.walmart.com:8774/v2/c89e3d483e544c2b8ac876a5da769094/servers/b1f35593-e45a-4221-a717-247724a6f56d 0.519s
2016-08-12 21:07:04.484 98012 INFO tempest.common.waiters [-] State transition "BUILD/scheduling" ==> "BUILD/spawning" after 15 second wait
2016-08-12 21:07:04.554 98013 INFO tempest.lib.common.rest_client [req-ae934d5c-5ce5-4469-952b-321ff99f8aab ] Request (QuotasAdminTestJSON:test_update_all_quota_resources_for_tenant): 200 GET https://dal-iaas-001-api-endpoint.prod.walmart.com:8774/v2/64ec0e301c4541ab95303ed572b8da2b/os-quota-sets/19aba11568c8494bb2be96e4fcebb260/defaults 0.296s
2016-08-12 21:07:04.583 98014 INFO tempest.lib.common.rest_client [req-f9e90b38-051e-4ae9-8321-ff82a0c6aed5 ] Request (HypervisorAdminTestJSON:test_get_hypervisor_uptime): 200 GET https://dal-iaas-001-api-endpoint.prod.walmart.com:8774/v2/b01a4e1d55d24c1dadec2e634a1c7b4f/os-hypervisors/5 0.327s
2016-08-12 21:07:04.673 98016 INFO tempest.lib.common.rest_client [req-0de0ff5e-8105-400f-959e-9f0601a0ddb2 ] Request (ListImageFiltersNegativeTestJSON:setUpClass): 409 PUT https://dal-iaas-001-api-endpoint.prod.walmart.com:35357/v2.0/tenants/2464803d9c8f4557b647ddc3a191b336/users/7248cc9cfbcc4a10add9fe865961037d/roles/OS-KSADM/9fe2ff9ee4384b1894a90878d3e92bab 0.480s
2016-08-12 21:07:04.673 98016 INFO tempest.common.dynamic_creds [-] Acquired dynamic creds:
 credentials: Credentials: {'username': u'tempest-ListImageFiltersNegativeTestJSON-948876651', 'project_name': u'tempest-ListImageFiltersNegativeTestJSON-948876651', 'user_id': u'7248cc9cfbcc4a10add9fe865961037d', 'tenant_name': u'tempest-ListImageFiltersNegativeTestJSON-948876651', 'tenant_id': u'2464803d9c8f4557b647ddc3a191b336', 'project_id': u'2464803d9c8f4557b647ddc3a191b336'}, Network: None, Subnet: None, Router: None
2016-08-12 21:07:04.691 98019 INFO tempest.lib.common.rest_client [req-cdaec97b-8990-4c11-856b-5f90f9bf41a6 ] Request (ServicesAdminTestJSON:setUpClass): 200 POST https://dal-iaas-001-api-endpoint.prod.walmart.com:5443/v2.0/tokens
2016-08-12 21:07:04.763 98017 INFO tempest.lib.common.rest_client [req-7723296d-c83a-4de6-91df-40dcb9099193 ] Request (FlavorsExtraSpecsNegativeTestJSON:tearDownClass): 200 GET https://dal-iaas-001-api-endpoint.prod.walmart.com:9696/v2.0/security-groups?tenant_id=0659881493224bcfbdb1ce8bc2d3fb54&name=default 0.330s
2016-08-12 21:07:04.893 98014 INFO tempest.lib.common.rest_client [req-ffd5c610-2e80-4f02-9500-8795c6584ec0 ] Request (HypervisorAdminTestJSON:test_get_hypervisor_uptime): 200 GET https://dal-iaas-001-api-endpoint.prod.walmart.com:8774/v2/b01a4e1d55d24c1dadec2e634a1c7b4f/os-hypervisors/5 0.305s
2016-08-12 21:07:04.969 98013 INFO tempest.lib.common.rest_client [req-9098aa37-0912-49cb-bff8-727476d28081 ] Request (QuotasAdminTestJSON:test_update_all_quota_resources_for_tenant): 200 PUT https://dal-iaas-001-api-endpoint.prod.walmart.com:8774/v2/64ec0e301c4541ab95303ed572b8da2b/os-quota-sets/19aba11568c8494bb2be96e4fcebb260 0.411s
2016-08-12 21:07:05.564 98015 INFO tempest.lib.common.rest_client [req-e972310d-6fe7-4a16-a0af-acaf1b322ebd ] Request (ImagesTestJSON:test_create_image_from_stopped_server): 200 GET https://dal-iaas-001-api-endpoint.prod.walmart.com:8774/v2/b52f2f4d7ae04a388546edfa666a073d/servers/9540d6ad-f970-4885-96d2-a56b95ba5210 0.897s
2016-08-12 21:07:05.565 98014 INFO tempest.lib.common.rest_client [req-ad553867-a01b-4f43-aef2-0d74c2b84c28 ] Request (HypervisorAdminTestJSON:test_get_hypervisor_uptime): 200 GET https://dal-iaas-001-api-endpoint.prod.walmart.com:8774/v2/b01a4e1d55d24c1dadec2e634a1c7b4f/os-hypervisors/5 0.668s
2016-08-12 21:07:05.573 98015 INFO tempest.common.waiters [-] State transition "BUILD/block_device_mapping" ==> "BUILD/scheduling" after 7 second wait
2016-08-12 21:07:05.631 98017 INFO tempest.lib.common.rest_client [req-8543df1c-6be1-461c-85d9-7136e74dc90f ] Request (FlavorsExtraSpecsNegativeTestJSON:tearDownClass): 204 DELETE https://dal-iaas-001-api-endpoint.prod.walmart.com:9696/v2.0/security-groups/a23e0948-6165-4c26-9f25-b1b9f16a3a60 0.867s
2016-08-12 21:07:05.631 98018 INFO tempest.lib.common.rest_client [req-1d84fe91-951f-49b1-b88d-6127e88258a6 ] Request (ListImageFiltersTestJSON:setUpClass): 200 GET https://dal-iaas-001-api-endpoint.prod.walmart.com:8774/v2/14127a7a338b4b06a408761194685695/servers/05f7fcb3-523d-4b6b-a906-d0b2f493f639 0.909s
2016-08-12 21:07:05.631 98016 INFO tempest.lib.common.rest_client [req-97cd502e-5a0c-4226-b0ee-247eb0fd5d3b ] Request (ListImageFiltersNegativeTestJSON:test_get_nonexistent_image): 200 POST https://dal-iaas-001-api-endpoint.prod.walmart.com:5443/v2.0/tokens
2016-08-12 21:07:05.642 98018 INFO tempest.common.waiters [-] State transition "BUILD/networking" ==> "BUILD/scheduling" after 7 second wait
2016-08-12 21:07:05.724 98019 INFO tempest.lib.common.rest_client [req-2f3afa34-6eb0-43d8-9509-e95bcaffea83 ] Request (ServicesAdminTestJSON:setUpClass): 200 POST https://dal-iaas-001-api-endpoint.prod.walmart.com:5443/v2.0/tokens
2016-08-12 21:07:05.891 98014 INFO tempest.lib.common.rest_client [req-15680b03-2100-4513-9fb3-8d9d05a88d61 ] Request (HypervisorAdminTestJSON:test_get_hypervisor_uptime): 200 GET https://dal-iaas-001-api-endpoint.prod.walmart.com:8774/v2/b01a4e1d55d24c1dadec2e634a1c7b4f/os-hypervisors/5 0.322s
2016-08-12 21:07:05.892 98013 INFO tempest.lib.common.rest_client [req-6f3d31f9-6327-4b90-9477-2774745152df ] Request (QuotasAdminTestJSON:_run_cleanups): 200 PUT https://dal-iaas-001-api-endpoint.prod.walmart.com:8774/v2/64ec0e301c4541ab95303ed572b8da2b/os-quota-sets/19aba11568c8494bb2be96e4fcebb260 0.921s
2016-08-12 21:07:06.040 98012 INFO tempest.lib.common.rest_client [req-f97a6b87-294b-4b4e-b795-3f3487826d2b ] Request (ServersNegativeTestJSON:setUpClass): 200 GET https://dal-iaas-001-api-endpoint.prod.walmart.com:8774/v2/c89e3d483e544c2b8ac876a5da769094/servers/b1f35593-e45a-4221-a717-247724a6f56d 0.553s
2016-08-12 21:07:06.046 98012 INFO tempest.common.waiters [-] State transition "BUILD/spawning" ==> "ERROR/None" after 17 second wait
2016-08-12 21:07:06.174 98017 INFO tempest.lib.common.rest_client [req-1326bf97-c888-4468-9b39-999a527ffd35 ] Request (FlavorsExtraSpecsNegativeTestJSON:tearDownClass): 204 DELETE https://dal-iaas-001-api-endpoint.prod.walmart.com:35357/v2.0/tenants/0659881493224bcfbdb1ce8bc2d3fb54 0.542s
2016-08-12 21:07:06.198 98019 INFO tempest.lib.common.rest_client [req-6617bfed-c3d9-45ff-91f7-e3893616045e ] Request (ServicesAdminTestJSON:setUpClass): 200 POST https://dal-iaas-001-api-endpoint.prod.walmart.com:35357/v2.0/tenants 0.472s
2016-08-12 21:07:06.203 98014 INFO tempest.lib.common.rest_client [req-068ca208-bf9b-476c-a2af-b10f89ba35b1 ] Request (HypervisorAdminTestJSON:test_get_hypervisor_uptime): 200 GET https://dal-iaas-001-api-endpoint.prod.walmart.com:8774/v2/b01a4e1d55d24c1dadec2e634a1c7b4f/os-hypervisors/5 0.306s
2016-08-12 21:07:06.450 98013 INFO tempest.lib.common.rest_client [req-284a4a71-9fd4-4dd0-9f6c-ed5b08dfa205 ] Request (QuotasAdminTestJSON:tearDownClass): 204 DELETE https://dal-iaas-001-api-endpoint.prod.walmart.com:35357/v2.0/users/69ed63448b6f4100b0f463004b67dd38 0.553s
2016-08-12 21:07:06.516 98014 INFO tempest.lib.common.rest_client [req-89b55a0c-3a36-4e7e-9aa9-2abc1f257ed9 ] Request (HypervisorAdminTestJSON:test_get_hypervisor_uptime): 200 GET https://dal-iaas-001-api-endpoint.prod.walmart.com:8774/v2/b01a4e1d55d24c1dadec2e634a1c7b4f/os-hypervisors/5 0.308s
2016-08-12 21:07:06.602 98016 INFO tempest.lib.common.rest_client [req-4b1f850d-7369-420f-9ed4-1e62930ceefc ] Request (ListImageFiltersNegativeTestJSON:test_get_nonexistent_image): 404 GET https://dal-iaas-001-api-endpoint.prod.walmart.com:8774/v2/2464803d9c8f4557b647ddc3a191b336/images/6ba9b5a7-04f3-43c6-9386-6ebd2fd07bcc 0.969s
2016-08-12 21:07:06.727 98019 INFO tempest.lib.common.rest_client [req-405d4084-69c3-4e51-98ec-d1018e2ba041 ] Request (ServicesAdminTestJSON:setUpClass): 200 POST https://dal-iaas-001-api-endpoint.prod.walmart.com:35357/v2.0/users 0.528s
2016-08-12 21:07:06.819 98014 INFO tempest.lib.common.rest_client [req-37331f24-689c-47e6-9a6b-d83ad027e4a6 ] Request (HypervisorAdminTestJSON:test_get_hypervisor_uptime): 200 GET https://dal-iaas-001-api-endpoint.prod.walmart.com:8774/v2/b01a4e1d55d24c1dadec2e634a1c7b4f/os-hypervisors/5 0.300s
2016-08-12 21:07:06.870 98017 INFO tempest.lib.common.rest_client [req-731dd6c9-9ceb-4ff8-9007-7e33c2e0bc4d ] Request (ServicesAdminNegativeTestJSON:setUpClass): 200 POST https://dal-iaas-001-api-endpoint.prod.walmart.com:5443/v2.0/tokens
2016-08-12 21:07:06.889 98012 INFO tempest.lib.common.rest_client [req-282ce231-4b25-4b32-bbe3-62aac4f7c967 ] Request (ServersNegativeTestJSON:setUpClass): 204 DELETE https://dal-iaas-001-api-endpoint.prod.walmart.com:8774/v2/c89e3d483e544c2b8ac876a5da769094/servers/b1f35593-e45a-4221-a717-247724a6f56d 0.842s
2016-08-12 21:07:06.890 98012 INFO tempest.test [-] <class 'tempest.exceptions.BuildErrorException'> raised in ServersNegativeTestJSON.setUpClass. Invoking tearDownClass.
2016-08-12 21:07:07.045 98015 INFO tempest.lib.common.rest_client [req-5926c337-ed74-483a-b5ea-b2133e193f32 ] Request (ImagesTestJSON:test_create_image_from_stopped_server): 200 GET https://dal-iaas-001-api-endpoint.prod.walmart.com:8774/v2/b52f2f4d7ae04a388546edfa666a073d/servers/9540d6ad-f970-4885-96d2-a56b95ba5210 0.467s
2016-08-12 21:07:07.054 98015 INFO tempest.common.waiters [-] State transition "BUILD/scheduling" ==> "BUILD/spawning" after 9 second wait
2016-08-12 21:07:07.080 98016 INFO tempest.lib.common.rest_client [req-94be0d05-cf52-40ce-9091-41a07eb76b72 ] Request (ListImageFiltersNegativeTestJSON:tearDownClass): 204 DELETE https://dal-iaas-001-api-endpoint.prod.walmart.com:35357/v2.0/users/7248cc9cfbcc4a10add9fe865961037d 0.476s
2016-08-12 21:07:07.094 98018 INFO tempest.lib.common.rest_client [req-70dbf83b-b042-450c-ad21-b18c7be8f00a ] Request (ListImageFiltersTestJSON:setUpClass): 200 GET https://dal-iaas-001-api-endpoint.prod.walmart.com:8774/v2/14127a7a338b4b06a408761194685695/servers/05f7fcb3-523d-4b6b-a906-d0b2f493f639 0.447s
2016-08-12 21:07:07.100 98018 INFO tempest.common.waiters [-] State transition "BUILD/scheduling" ==> "BUILD/spawning" after 9 second wait
2016-08-12 21:07:07.113 98014 INFO tempest.lib.common.rest_client [req-ed60a1c2-2e7f-44a3-aa1c-d7f12709935c ] Request (HypervisorAdminTestJSON:test_get_hypervisor_uptime): 200 GET https://dal-iaas-001-api-endpoint.prod.walmart.com:8774/v2/b01a4e1d55d24c1dadec2e634a1c7b4f/os-hypervisors/5 0.288s
2016-08-12 21:07:07.148 98019 INFO tempest.lib.common.rest_client [req-b0164116-d05e-419a-a9b8-efd3e4a6c447 ] Request (ServicesAdminTestJSON:setUpClass): 200 GET https://dal-iaas-001-api-endpoint.prod.walmart.com:35357/v2.0/OS-KSADM/roles 0.420s
2016-08-12 21:07:07.357 98012 INFO tempest.lib.common.rest_client [req-f4cd4c17-99f4-45f4-95eb-34876bc6420c ] Request (ServersNegativeTestJSON:tearDownClass): 204 DELETE https://dal-iaas-001-api-endpoint.prod.walmart.com:35357/v2.0/users/74eb70ea798642ac990af93dec2125c7 0.466s
2016-08-12 21:07:07.406 98014 INFO tempest.lib.common.rest_client [req-4c427555-443d-440a-ab72-f169df60ee3c ] Request (HypervisorAdminTestJSON:test_get_hypervisor_uptime): 200 GET https://dal-iaas-001-api-endpoint.prod.walmart.com:8774/v2/b01a4e1d55d24c1dadec2e634a1c7b4f/os-hypervisors/5 0.288s
2016-08-12 21:07:07.423 98013 INFO tempest.lib.common.rest_client [req-3bc49f8e-d8cd-46e9-9b9b-619397529108 ] Request (QuotasAdminTestJSON:tearDownClass): 200 GET https://dal-iaas-001-api-endpoint.prod.walmart.com:9696/v2.0/security-groups?tenant_id=64ec0e301c4541ab95303ed572b8da2b&name=default 0.973s
2016-08-12 21:07:07.458 98017 INFO tempest.lib.common.rest_client [req-a23d1da7-1914-4491-81ac-615bcc2be812 ] Request (ServicesAdminNegativeTestJSON:setUpClass): 200 POST https://dal-iaas-001-api-endpoint.prod.walmart.com:5443/v2.0/tokens
2016-08-12 21:07:07.588 98019 INFO tempest.lib.common.rest_client [req-2c2cd447-08ac-4da8-ac2e-306480b28503 ] Request (ServicesAdminTestJSON:setUpClass): 409 PUT https://dal-iaas-001-api-endpoint.prod.walmart.com:35357/v2.0/tenants/b51006afea9048bc895a1caa7c874fb3/users/00bdcddabf0c4da3b4d3f86d083cdd87/roles/OS-KSADM/9fe2ff9ee4384b1894a90878d3e92bab 0.439s
2016-08-12 21:07:07.588 98019 INFO tempest.common.dynamic_creds [-] Acquired dynamic creds:
 credentials: Credentials: {'username': u'tempest-ServicesAdminTestJSON-1564121392', 'project_name': u'tempest-ServicesAdminTestJSON-1564121392', 'user_id': u'00bdcddabf0c4da3b4d3f86d083cdd87', 'tenant_name': u'tempest-ServicesAdminTestJSON-1564121392', 'tenant_id': u'b51006afea9048bc895a1caa7c874fb3', 'project_id': u'b51006afea9048bc895a1caa7c874fb3'}, Network: None, Subnet: None, Router: None
2016-08-12 21:07:07.749 98014 INFO tempest.lib.common.rest_client [req-8097c567-7c1f-46c3-8bc9-fffc15dbf176 ] Request (HypervisorAdminTestJSON:test_get_hypervisor_uptime): 200 GET https://dal-iaas-001-api-endpoint.prod.walmart.com:8774/v2/b01a4e1d55d24c1dadec2e634a1c7b4f/os-hypervisors/5 0.338s
2016-08-12 21:07:07.778 98013 INFO tempest.lib.common.rest_client [req-26cbbbf8-0187-44d9-8d23-d6f30dd4445b ] Request (QuotasAdminTestJSON:tearDownClass): 204 DELETE https://dal-iaas-001-api-endpoint.prod.walmart.com:9696/v2.0/security-groups/cf44cb60-f71a-48df-9d29-dd14608e79bb 0.354s
