 credentials: Credentials: {'username': u'tempest-ServersAdminNegativeTestJSON-1281580258', 'project_name': u'tempest-ServersAdminNegativeTestJSON-1281580258', 'user_id': u'f358370628404e3e8fcb5f8870b683bd', 'tenant_name': u'tempest-ServersAdminNegativeTestJSON-1281580258', 'tenant_id': u'fe1eb40558444f39bb85fa0fdc304389', 'project_id': u'fe1eb40558444f39bb85fa0fdc304389'}, Network: None, Subnet: None, Router: None
2016-08-18 21:21:19.768 7074 INFO tempest.lib.common.rest_client [req-9e0be81b-e7b9-49a4-aeb8-05a708cc3880 ] Request (ImagesMetadataTestJSON:test_update_image_metadata): 200 GET https://dal-iaas-001-api-endpoint.prod.walmart.com:8774/v2/16ef3dd94a3549fa99736bb6d019f23b/images/4f55180b-f9a3-44c1-b3d3-34945699250e/metadata 0.401s
2016-08-18 21:21:19.859 7072 INFO tempest.lib.common.rest_client [req-704bdda9-7a85-4368-8b2d-3ac7beca1a93 ] Request (ServersAdminNegativeTestJSON:setUpClass): 200 POST https://dal-iaas-001-api-endpoint.prod.walmart.com:35357/v2.0/tenants 0.423s
2016-08-18 21:21:20.137 7075 INFO tempest.lib.common.rest_client [req-2d75852d-70b3-4185-9322-69ac21836576 ] Request (QuotasAdminNegativeTestJSON:test_create_server_when_cpu_quota_is_full): 403 POST https://dal-iaas-001-api-endpoint.prod.walmart.com:8774/v2/6e77e76755474997b7860e63dda532bc/servers 1.614s
2016-08-18 21:21:20.285 7072 INFO tempest.lib.common.rest_client [req-1fbca06a-c900-4136-b3f6-ffd5f3864576 ] Request (ServersAdminNegativeTestJSON:setUpClass): 200 POST https://dal-iaas-001-api-endpoint.prod.walmart.com:35357/v2.0/users 0.425s
2016-08-18 21:21:20.412 7074 INFO tempest.lib.common.rest_client [req-baf132aa-1858-4bdd-b74e-2345f6b2c68c ] Request (ImagesMetadataTestJSON:tearDownClass): 204 DELETE https://dal-iaas-001-api-endpoint.prod.walmart.com:8774/v2/16ef3dd94a3549fa99736bb6d019f23b/images/4f55180b-f9a3-44c1-b3d3-34945699250e 0.639s
2016-08-18 21:21:20.533 7075 INFO tempest.lib.common.rest_client [req-49d6a47c-2bfe-4521-bd52-96745ea96958 ] Request (QuotasAdminNegativeTestJSON:_run_cleanups): 200 PUT https://dal-iaas-001-api-endpoint.prod.walmart.com:8774/v2/11ede4453bbf4efe9360bc95cf1ac708/os-quota-sets/6e77e76755474997b7860e63dda532bc 0.394s
2016-08-18 21:21:20.753 7072 INFO tempest.lib.common.rest_client [req-e868a073-3454-4c16-99e4-4663331409ec ] Request (ServersAdminNegativeTestJSON:setUpClass): 200 GET https://dal-iaas-001-api-endpoint.prod.walmart.com:35357/v2.0/OS-KSADM/roles 0.466s
2016-08-18 21:21:20.773 7077 INFO tempest.lib.common.rest_client [req-0a9d74e6-9b05-4ace-9571-bac83cd54d34 ] Request (ImagesTestJSON:test_create_image_from_stopped_server): 200 GET https://dal-iaas-001-api-endpoint.prod.walmart.com:8774/v2/56eaa3633e0f407aba8c604151296283/servers/ee6218b7-f9a0-4317-9907-d7c37adeff04 0.536s
2016-08-18 21:21:20.831 7075 INFO tempest.lib.common.rest_client [req-1f2386bc-8b43-4ac6-846d-ff5a9b7a10f1 ] Request (QuotasAdminNegativeTestJSON:test_create_server_when_instances_quota_is_full): 200 GET https://dal-iaas-001-api-endpoint.prod.walmart.com:8774/v2/11ede4453bbf4efe9360bc95cf1ac708/os-quota-sets/6e77e76755474997b7860e63dda532bc 0.290s
2016-08-18 21:21:20.908 7073 INFO tempest.lib.common.rest_client [req-ea7552a6-ab0c-46c3-9a0c-3fb01df25abe ] Request (TenantUsagesTestJSON:setUpClass): 200 GET https://dal-iaas-001-api-endpoint.prod.walmart.com:8774/v2/f53630d921924a9c903d223f952cf9a9/servers/a11ff15c-1d26-449f-b574-7597c4b1ff8a 0.643s
2016-08-18 21:21:20.924 7074 INFO tempest.lib.common.rest_client [req-00ae6327-8ce5-44ab-bd30-64cd02b93ee7 ] Request (ImagesMetadataTestJSON:tearDownClass): 204 DELETE https://dal-iaas-001-api-endpoint.prod.walmart.com:35357/v2.0/users/ef49abfdb0284dc6b671e4744a4b8d44 0.510s
2016-08-18 21:21:21.205 7075 INFO tempest.lib.common.rest_client [req-97ff3d7c-b941-4db8-8d8a-bc77dd9ef439 ] Request (QuotasAdminNegativeTestJSON:test_create_server_when_instances_quota_is_full): 200 PUT https://dal-iaas-001-api-endpoint.prod.walmart.com:8774/v2/11ede4453bbf4efe9360bc95cf1ac708/os-quota-sets/6e77e76755474997b7860e63dda532bc 0.369s
2016-08-18 21:21:21.244 7072 INFO tempest.lib.common.rest_client [req-5a2c707f-b7cc-446a-a9b9-1da34488228d ] Request (ServersAdminNegativeTestJSON:setUpClass): 200 PUT https://dal-iaas-001-api-endpoint.prod.walmart.com:35357/v2.0/tenants/d1f38f42a03f4f3d9017201d0912d8a9/users/5290084249674f19b371178303bd719a/roles/OS-KSADM/b5b0387bbe864c43a2999e531988bb8f 0.488s
2016-08-18 21:21:21.618 7074 INFO tempest.lib.common.rest_client [req-2dd70ba3-670f-49ad-8960-5fb5216c11d5 ] Request (ImagesMetadataTestJSON:tearDownClass): 200 GET https://dal-iaas-001-api-endpoint.prod.walmart.com:9696/v2.0/security-groups?tenant_id=16ef3dd94a3549fa99736bb6d019f23b&name=default 0.692s
2016-08-18 21:21:21.740 7072 INFO tempest.lib.common.rest_client [req-db51a593-fc00-4f2d-bc33-84faf38c546d ] Request (ServersAdminNegativeTestJSON:setUpClass): 200 GET https://dal-iaas-001-api-endpoint.prod.walmart.com:35357/v2.0/OS-KSADM/roles 0.494s
2016-08-18 21:21:21.765 7075 INFO tempest.lib.common.rest_client [req-366af81a-ebb5-48c0-bd3f-5fc40656fa9f ] Request (QuotasAdminNegativeTestJSON:test_create_server_when_instances_quota_is_full): 200 POST https://dal-iaas-001-api-endpoint.prod.walmart.com:5443/v2.0/tokens
2016-08-18 21:21:21.975 7074 INFO tempest.lib.common.rest_client [req-e58237ad-4f66-4614-9326-e660b82d7321 ] Request (ImagesMetadataTestJSON:tearDownClass): 204 DELETE https://dal-iaas-001-api-endpoint.prod.walmart.com:9696/v2.0/security-groups/42e78b11-fcd9-4df4-9204-7eae691d8ab9 0.356s
2016-08-18 21:21:22.185 7072 INFO tempest.lib.common.rest_client [req-40fec2cb-7feb-4cdc-bbad-015f3fffe627 ] Request (ServersAdminNegativeTestJSON:setUpClass): 409 PUT https://dal-iaas-001-api-endpoint.prod.walmart.com:35357/v2.0/tenants/d1f38f42a03f4f3d9017201d0912d8a9/users/5290084249674f19b371178303bd719a/roles/OS-KSADM/b5b0387bbe864c43a2999e531988bb8f 0.443s
2016-08-18 21:21:22.186 7072 INFO tempest.common.dynamic_creds [-] Acquired dynamic creds:
 credentials: Credentials: {'username': u'tempest-ServersAdminNegativeTestJSON-1249126184', 'project_name': u'tempest-ServersAdminNegativeTestJSON-1249126184', 'user_id': u'5290084249674f19b371178303bd719a', 'tenant_name': u'tempest-ServersAdminNegativeTestJSON-1249126184', 'tenant_id': u'd1f38f42a03f4f3d9017201d0912d8a9', 'project_id': u'd1f38f42a03f4f3d9017201d0912d8a9'}, Network: None, Subnet: None, Router: None
2016-08-18 21:21:22.344 7077 INFO tempest.lib.common.rest_client [req-3445cf90-395d-422d-8f8b-6c533b84ee7c ] Request (ImagesTestJSON:test_create_image_from_stopped_server): 200 GET https://dal-iaas-001-api-endpoint.prod.walmart.com:8774/v2/56eaa3633e0f407aba8c604151296283/servers/ee6218b7-f9a0-4317-9907-d7c37adeff04 0.551s
2016-08-18 21:21:22.513 7073 INFO tempest.lib.common.rest_client [req-243c3076-ce3a-4aff-b15e-be6313d9fe7b ] Request (TenantUsagesTestJSON:setUpClass): 200 GET https://dal-iaas-001-api-endpoint.prod.walmart.com:8774/v2/f53630d921924a9c903d223f952cf9a9/servers/a11ff15c-1d26-449f-b574-7597c4b1ff8a 0.584s
2016-08-18 21:21:22.526 7074 INFO tempest.lib.common.rest_client [req-d57a7f56-8c85-423e-8871-22845dacdbb5 ] Request (ImagesMetadataTestJSON:tearDownClass): 204 DELETE https://dal-iaas-001-api-endpoint.prod.walmart.com:35357/v2.0/tenants/16ef3dd94a3549fa99736bb6d019f23b 0.549s
2016-08-18 21:21:22.621 7075 INFO tempest.lib.common.rest_client [req-581bf79c-b359-424b-b881-0e68e58a62f4 ] Request (QuotasAdminNegativeTestJSON:test_create_server_when_instances_quota_is_full): 200 GET https://dal-iaas-001-api-endpoint.prod.walmart.com:8774/v2/6e77e76755474997b7860e63dda532bc/os-networks 0.854s
2016-08-18 21:21:22.622 7075 INFO tempest.common.fixed_network [-] (QuotasAdminNegativeTestJSON:test_create_server_when_instances_quota_is_full) Found network {u'bridge': None, u'vpn_public_port': None, u'dhcp_start': None, u'bridge_interface': None, u'share_address': None, u'updated_at': None, u'id': u'1db35de8-93c8-455c-a1c1-720801bd971a', u'cidr_v6': None, u'deleted_at': None, u'gateway': None, u'rxtx_base': None, u'label': u'net1', u'priority': None, u'project_id': None, u'vpn_private_address': None, u'deleted': None, u'vlan': None, u'broadcast': None, u'netmask': None, u'injected': None, u'cidr': None, u'vpn_public_address': None, u'multi_host': None, 'name': u'net1', u'enable_dhcp': None, u'dns2': None, u'created_at': None, u'host': None, u'mtu': None, u'gateway_v6': None, u'netmask_v6': None, u'dhcp_server': None, u'dns1': None} available for tenant
2016-08-18 21:21:22.685 7072 INFO tempest.lib.common.rest_client [req-c888fa4a-fb84-4802-8b0e-4b07111e2752 ] Request (ServersAdminNegativeTestJSON:setUpClass): 200 POST https://dal-iaas-001-api-endpoint.prod.walmart.com:5443/v2.0/tokens
2016-08-18 21:21:23.156 7074 INFO tempest.lib.common.rest_client [req-ece142a0-f5bc-433e-b213-1ac9788f5f87 ] Request (ListImagesTestJSON:setUpClass): 200 POST https://dal-iaas-001-api-endpoint.prod.walmart.com:5443/v2.0/tokens
2016-08-18 21:21:23.591 7072 INFO tempest.lib.common.rest_client [req-a85f4dbd-4796-4c84-a9bb-957c46100e03 ] Request (ServersAdminNegativeTestJSON:setUpClass): 200 GET https://dal-iaas-001-api-endpoint.prod.walmart.com:8774/v2/fe1eb40558444f39bb85fa0fdc304389/os-networks 0.904s
2016-08-18 21:21:23.593 7072 INFO tempest.common.fixed_network [-] (ServersAdminNegativeTestJSON:setUpClass) Found network {u'bridge': None, u'vpn_public_port': None, u'dhcp_start': None, u'bridge_interface': None, u'share_address': None, u'updated_at': None, u'id': u'1db35de8-93c8-455c-a1c1-720801bd971a', u'cidr_v6': None, u'deleted_at': None, u'gateway': None, u'rxtx_base': None, u'label': u'net1', u'priority': None, u'project_id': None, u'vpn_private_address': None, u'deleted': None, u'vlan': None, u'broadcast': None, u'netmask': None, u'injected': None, u'cidr': None, u'vpn_public_address': None, u'multi_host': None, 'name': u'net1', u'enable_dhcp': None, u'dns2': None, u'created_at': None, u'host': None, u'mtu': None, u'gateway_v6': None, u'netmask_v6': None, u'dhcp_server': None, u'dns1': None} available for tenant
2016-08-18 21:21:23.635 7075 INFO tempest.lib.common.rest_client [req-d149dbd8-f7f8-4dc6-b4fa-88a91adb508b ] Request (QuotasAdminNegativeTestJSON:test_create_server_when_instances_quota_is_full): 403 POST https://dal-iaas-001-api-endpoint.prod.walmart.com:8774/v2/6e77e76755474997b7860e63dda532bc/servers 1.010s
2016-08-18 21:21:23.820 7074 INFO tempest.lib.common.rest_client [req-5315da46-ccac-4605-9091-bf0ce1212f48 ] Request (ListImagesTestJSON:setUpClass): 200 POST https://dal-iaas-001-api-endpoint.prod.walmart.com:5443/v2.0/tokens
2016-08-18 21:21:23.894 7077 INFO tempest.lib.common.rest_client [req-2fdde63e-f6c2-4b9c-b058-6030411eba85 ] Request (ImagesTestJSON:test_create_image_from_stopped_server): 200 GET https://dal-iaas-001-api-endpoint.prod.walmart.com:8774/v2/56eaa3633e0f407aba8c604151296283/servers/ee6218b7-f9a0-4317-9907-d7c37adeff04 0.526s
2016-08-18 21:21:23.988 7075 INFO tempest.lib.common.rest_client [req-c50e8e5a-fd8a-41d0-9c31-8a364751d3b9 ] Request (QuotasAdminNegativeTestJSON:_run_cleanups): 200 PUT https://dal-iaas-001-api-endpoint.prod.walmart.com:8774/v2/11ede4453bbf4efe9360bc95cf1ac708/os-quota-sets/6e77e76755474997b7860e63dda532bc 0.350s
2016-08-18 21:21:24.104 7073 INFO tempest.lib.common.rest_client [req-0d87174f-1a1b-48b9-b61c-aa88d433f67b ] Request (TenantUsagesTestJSON:setUpClass): 200 GET https://dal-iaas-001-api-endpoint.prod.walmart.com:8774/v2/f53630d921924a9c903d223f952cf9a9/servers/a11ff15c-1d26-449f-b574-7597c4b1ff8a 0.565s
2016-08-18 21:21:24.128 7072 INFO tempest.lib.common.rest_client [req-e9732a2b-583f-429c-9a3e-6714f614680d ] Request (ServersAdminNegativeTestJSON:setUpClass): 200 POST https://dal-iaas-001-api-endpoint.prod.walmart.com:5443/v2.0/tokens
2016-08-18 21:21:24.237 7074 INFO tempest.lib.common.rest_client [req-d7b04154-e151-47c7-9970-4ba1be8e0924 ] Request (ListImagesTestJSON:setUpClass): 200 POST https://dal-iaas-001-api-endpoint.prod.walmart.com:35357/v2.0/tenants 0.414s
2016-08-18 21:21:24.286 7075 INFO tempest.lib.common.rest_client [req-c066687f-31eb-4d85-9451-4690865adb77 ] Request (QuotasAdminNegativeTestJSON:test_create_server_when_memory_quota_is_full): 200 GET https://dal-iaas-001-api-endpoint.prod.walmart.com:8774/v2/11ede4453bbf4efe9360bc95cf1ac708/os-quota-sets/6e77e76755474997b7860e63dda532bc 0.292s
2016-08-18 21:21:24.632 7075 INFO tempest.lib.common.rest_client [req-3ad0f315-b71e-4fb2-82f7-b557ddefad21 ] Request (QuotasAdminNegativeTestJSON:test_create_server_when_memory_quota_is_full): 200 PUT https://dal-iaas-001-api-endpoint.prod.walmart.com:8774/v2/11ede4453bbf4efe9360bc95cf1ac708/os-quota-sets/6e77e76755474997b7860e63dda532bc 0.337s
2016-08-18 21:21:24.722 7074 INFO tempest.lib.common.rest_client [req-29c04b80-d9d2-4278-a16b-3e253cecac5e ] Request (ListImagesTestJSON:setUpClass): 200 POST https://dal-iaas-001-api-endpoint.prod.walmart.com:35357/v2.0/users 0.484s
2016-08-18 21:21:25.146 7074 INFO tempest.lib.common.rest_client [req-ef7d586c-cec6-4510-8238-2de913d84734 ] Request (ListImagesTestJSON:setUpClass): 200 GET https://dal-iaas-001-api-endpoint.prod.walmart.com:35357/v2.0/OS-KSADM/roles 0.422s
2016-08-18 21:21:25.152 7075 INFO tempest.lib.common.rest_client [req-47b633e1-14c8-4b8c-8d1a-9527b6763e57 ] Request (QuotasAdminNegativeTestJSON:test_create_server_when_memory_quota_is_full): 200 POST https://dal-iaas-001-api-endpoint.prod.walmart.com:5443/v2.0/tokens
2016-08-18 21:21:25.389 7077 INFO tempest.lib.common.rest_client [req-9e257d13-5e68-4196-8c14-f6de17ad5b58 ] Request (ImagesTestJSON:test_create_image_from_stopped_server): 200 GET https://dal-iaas-001-api-endpoint.prod.walmart.com:8774/v2/56eaa3633e0f407aba8c604151296283/servers/ee6218b7-f9a0-4317-9907-d7c37adeff04 0.479s
2016-08-18 21:21:25.574 7074 INFO tempest.lib.common.rest_client [req-e2a83c26-9ddd-4aba-9de0-6ea0207c7b77 ] Request (ListImagesTestJSON:setUpClass): 200 PUT https://dal-iaas-001-api-endpoint.prod.walmart.com:35357/v2.0/tenants/f7fcd5b099ef48fdb4168f2b524935f0/users/f3d3c0a7ff884660af55171db9724e40/roles/OS-KSADM/b5b0387bbe864c43a2999e531988bb8f 0.427s
2016-08-18 21:21:25.575 7074 INFO tempest.common.dynamic_creds [-] Acquired dynamic creds:
 credentials: Credentials: {'username': u'tempest-ListImagesTestJSON-2016700790', 'project_name': u'tempest-ListImagesTestJSON-2016700790', 'user_id': u'f3d3c0a7ff884660af55171db9724e40', 'tenant_name': u'tempest-ListImagesTestJSON-2016700790', 'tenant_id': u'f7fcd5b099ef48fdb4168f2b524935f0', 'project_id': u'f7fcd5b099ef48fdb4168f2b524935f0'}, Network: None, Subnet: None, Router: None
2016-08-18 21:21:25.630 7073 INFO tempest.lib.common.rest_client [req-137dc450-353b-44c1-9f7d-28ab8d746cad ] Request (TenantUsagesTestJSON:setUpClass): 200 GET https://dal-iaas-001-api-endpoint.prod.walmart.com:8774/v2/f53630d921924a9c903d223f952cf9a9/servers/a11ff15c-1d26-449f-b574-7597c4b1ff8a 0.502s
2016-08-18 21:21:25.633 7072 INFO tempest.lib.common.rest_client [req-a4633a03-5659-4356-bcf8-440153e735da ] Request (ServersAdminNegativeTestJSON:setUpClass): 202 POST https://dal-iaas-001-api-endpoint.prod.walmart.com:8774/v2/fe1eb40558444f39bb85fa0fdc304389/servers 1.503s
2016-08-18 21:21:25.944 7075 INFO tempest.lib.common.rest_client [req-3f5ac75a-4538-4aa4-85b5-2bc56a5c2dab ] Request (QuotasAdminNegativeTestJSON:test_create_server_when_memory_quota_is_full): 200 GET https://dal-iaas-001-api-endpoint.prod.walmart.com:8774/v2/6e77e76755474997b7860e63dda532bc/os-networks 0.790s
2016-08-18 21:21:25.945 7075 INFO tempest.common.fixed_network [-] (QuotasAdminNegativeTestJSON:test_create_server_when_memory_quota_is_full) Found network {u'bridge': None, u'vpn_public_port': None, u'dhcp_start': None, u'bridge_interface': None, u'share_address': None, u'updated_at': None, u'id': u'1db35de8-93c8-455c-a1c1-720801bd971a', u'cidr_v6': None, u'deleted_at': None, u'gateway': None, u'rxtx_base': None, u'label': u'net1', u'priority': None, u'project_id': None, u'vpn_private_address': None, u'deleted': None, u'vlan': None, u'broadcast': None, u'netmask': None, u'injected': None, u'cidr': None, u'vpn_public_address': None, u'multi_host': None, 'name': u'net1', u'enable_dhcp': None, u'dns2': None, u'created_at': None, u'host': None, u'mtu': None, u'gateway_v6': None, u'netmask_v6': None, u'dhcp_server': None, u'dns1': None} available for tenant
2016-08-18 21:21:26.070 7072 INFO tempest.lib.common.rest_client [req-251acdca-4c9a-4181-97c1-5e39804d11dd ] Request (ServersAdminNegativeTestJSON:setUpClass): 200 GET https://dal-iaas-001-api-endpoint.prod.walmart.com:8774/v2/fe1eb40558444f39bb85fa0fdc304389/servers/2695121d-16ba-4b35-9fd5-b3b1151a7c4a 0.430s
2016-08-18 21:21:26.082 7074 INFO tempest.lib.common.rest_client [req-c07896aa-7ec1-4662-a7a2-da32b99b844b ] Request (ListImagesTestJSON:test_get_image): 200 POST https://dal-iaas-001-api-endpoint.prod.walmart.com:5443/v2.0/tokens
2016-08-18 21:21:26.925 7077 INFO tempest.lib.common.rest_client [req-cbb22f1b-c965-4520-a740-aab5136cd005 ] Request (ImagesTestJSON:test_create_image_from_stopped_server): 200 GET https://dal-iaas-001-api-endpoint.prod.walmart.com:8774/v2/56eaa3633e0f407aba8c604151296283/servers/ee6218b7-f9a0-4317-9907-d7c37adeff04 0.517s
2016-08-18 21:21:26.946 7074 INFO tempest.lib.common.rest_client [req-95877ec0-a28e-464f-8e2f-c95cf9c95278 ] Request (ListImagesTestJSON:test_get_image): 200 GET https://dal-iaas-001-api-endpoint.prod.walmart.com:8774/v2/f7fcd5b099ef48fdb4168f2b524935f0/images/7dc2a4ed-5070-47c3-ab11-399684b1bc89 0.863s
2016-08-18 21:21:26.972 7075 INFO tempest.lib.common.rest_client [req-ddae3752-6426-40fd-bd85-b0cad240ece5 ] Request (QuotasAdminNegativeTestJSON:test_create_server_when_memory_quota_is_full): 403 POST https://dal-iaas-001-api-endpoint.prod.walmart.com:8774/v2/6e77e76755474997b7860e63dda532bc/servers 1.024s
2016-08-18 21:21:27.222 7073 INFO tempest.lib.common.rest_client [req-8ff242bf-5fa6-4bae-831e-74415f35dd72 ] Request (TenantUsagesTestJSON:setUpClass): 200 GET https://dal-iaas-001-api-endpoint.prod.walmart.com:8774/v2/f53630d921924a9c903d223f952cf9a9/servers/a11ff15c-1d26-449f-b574-7597c4b1ff8a 0.565s
2016-08-18 21:21:27.327 7075 INFO tempest.lib.common.rest_client [req-ada29b37-cca9-407c-b0e1-fc36a51d2868 ] Request (QuotasAdminNegativeTestJSON:_run_cleanups): 200 PUT https://dal-iaas-001-api-endpoint.prod.walmart.com:8774/v2/11ede4453bbf4efe9360bc95cf1ac708/os-quota-sets/6e77e76755474997b7860e63dda532bc 0.354s
2016-08-18 21:21:27.518 7074 INFO tempest.lib.common.rest_client [req-719f67eb-0b91-4f63-a47f-c8c872a2a1cf ] Request (ListImagesTestJSON:test_list_images): 200 GET https://dal-iaas-001-api-endpoint.prod.walmart.com:8774/v2/f7fcd5b099ef48fdb4168f2b524935f0/images 0.560s
2016-08-18 21:21:27.533 7072 INFO tempest.lib.common.rest_client [req-32614863-8bec-4a26-b807-bed3929a6b0c ] Request (ServersAdminNegativeTestJSON:setUpClass): 200 GET https://dal-iaas-001-api-endpoint.prod.walmart.com:8774/v2/fe1eb40558444f39bb85fa0fdc304389/servers/2695121d-16ba-4b35-9fd5-b3b1151a7c4a 0.436s
2016-08-18 21:21:27.555 7072 INFO tempest.common.waiters [-] State transition "BUILD/scheduling" ==> "BUILD/networking" after 1 second wait
2016-08-18 21:21:27.690 7075 INFO tempest.lib.common.rest_client [req-3bf913d1-863c-4796-bf24-08f02b01b2d3 ] Request (QuotasAdminNegativeTestJSON:test_update_quota_normal_user): 200 PUT https://dal-iaas-001-api-endpoint.prod.walmart.com:8774/v2/6e77e76755474997b7860e63dda532bc/os-quota-sets/6e77e76755474997b7860e63dda532bc 0.350s
2016-08-18 21:21:28.119 7074 INFO tempest.lib.common.rest_client [req-5c7f9cde-343d-4e0d-a34b-10160ad14d20 ] Request (ListImagesTestJSON:test_list_images_with_detail): 200 GET https://dal-iaas-001-api-endpoint.prod.walmart.com:8774/v2/f7fcd5b099ef48fdb4168f2b524935f0/images/detail 0.576s
2016-08-18 21:21:28.184 7075 INFO tempest.lib.common.rest_client [req-3a446d57-e8c6-43af-94ee-25af3bf7f4d1 ] Request (QuotasAdminNegativeTestJSON:tearDownClass): 204 DELETE https://dal-iaas-001-api-endpoint.prod.walmart.com:35357/v2.0/users/a5402c1a672d44e39986f8d4870f7854 0.484s
2016-08-18 21:21:28.606 7077 INFO tempest.lib.common.rest_client [req-25f652bf-0fd9-440f-8c8e-7d37ddca3e41 ] Request (ImagesTestJSON:test_create_image_from_stopped_server): 200 GET https://dal-iaas-001-api-endpoint.prod.walmart.com:8774/v2/56eaa3633e0f407aba8c604151296283/servers/ee6218b7-f9a0-4317-9907-d7c37adeff04 0.659s
2016-08-18 21:21:28.738 7074 INFO tempest.lib.common.rest_client [req-4288d130-4609-43f9-8488-de18f994dc2c ] Request (ListImagesTestJSON:tearDownClass): 204 DELETE https://dal-iaas-001-api-endpoint.prod.walmart.com:35357/v2.0/users/f3d3c0a7ff884660af55171db9724e40 0.597s
2016-08-18 21:21:28.823 7073 INFO tempest.lib.common.rest_client [req-5ec31cfb-14be-47e7-81f2-a88aacabbf62 ] Request (TenantUsagesTestJSON:setUpClass): 200 GET https://dal-iaas-001-api-endpoint.prod.walmart.com:8774/v2/f53630d921924a9c903d223f952cf9a9/servers/a11ff15c-1d26-449f-b574-7597c4b1ff8a 0.584s
2016-08-18 21:21:29.035 7075 INFO tempest.lib.common.rest_client [req-e3db3888-8910-4cfc-9dde-db2a25e92db4 ] Request (QuotasAdminNegativeTestJSON:tearDownClass): 200 GET https://dal-iaas-001-api-endpoint.prod.walmart.com:9696/v2.0/security-groups?tenant_id=11ede4453bbf4efe9360bc95cf1ac708&name=default 0.849s
2016-08-18 21:21:29.081 7072 INFO tempest.lib.common.rest_client [req-51617068-3e76-473a-982d-8028400a03e9 ] Request (ServersAdminNegativeTestJSON:setUpClass): 200 GET https://dal-iaas-001-api-endpoint.prod.walmart.com:8774/v2/fe1eb40558444f39bb85fa0fdc304389/servers/2695121d-16ba-4b35-9fd5-b3b1151a7c4a 0.521s
2016-08-18 21:21:29.102 7072 INFO tempest.common.waiters [-] State transition "BUILD/networking" ==> "BUILD/spawning" after 3 second wait
2016-08-18 21:21:29.375 7075 INFO tempest.lib.common.rest_client [req-950eae03-666b-460b-8de9-4e63187fdb93 ] Request (QuotasAdminNegativeTestJSON:tearDownClass): 204 DELETE https://dal-iaas-001-api-endpoint.prod.walmart.com:9696/v2.0/security-groups/f2581b38-64b4-418b-ab83-a447ddbcf601 0.338s
2016-08-18 21:21:29.484 7074 INFO tempest.lib.common.rest_client [req-2535729a-31b2-4ddc-aded-6367d61b89a8 ] Request (ListImagesTestJSON:tearDownClass): 200 GET https://dal-iaas-001-api-endpoint.prod.walmart.com:9696/v2.0/security-groups?tenant_id=f7fcd5b099ef48fdb4168f2b524935f0&name=default 0.745s
2016-08-18 21:21:29.811 7074 INFO tempest.lib.common.rest_client [req-4943024f-d43b-4b31-86b2-152f4c947360 ] Request (ListImagesTestJSON:tearDownClass): 204 DELETE https://dal-iaas-001-api-endpoint.prod.walmart.com:9696/v2.0/security-groups/4b09a0a6-3666-4f69-b86a-7af4e8e36937 0.326s
2016-08-18 21:21:29.868 7075 INFO tempest.lib.common.rest_client [req-71328c93-9577-4969-9cb2-e0ff75b368be ] Request (QuotasAdminNegativeTestJSON:tearDownClass): 204 DELETE https://dal-iaas-001-api-endpoint.prod.walmart.com:35357/v2.0/tenants/11ede4453bbf4efe9360bc95cf1ac708 0.490s
2016-08-18 21:21:30.134 7077 INFO tempest.lib.common.rest_client [req-54dc4fb6-8a27-4430-9dc4-6b65e21f0a3f ] Request (ImagesTestJSON:test_create_image_from_stopped_server): 200 GET https://dal-iaas-001-api-endpoint.prod.walmart.com:8774/v2/56eaa3633e0f407aba8c604151296283/servers/ee6218b7-f9a0-4317-9907-d7c37adeff04 0.511s
2016-08-18 21:21:30.272 7074 INFO tempest.lib.common.rest_client [req-4de4ac1c-6830-473e-8072-e3fbe232641d ] Request (ListImagesTestJSON:tearDownClass): 204 DELETE https://dal-iaas-001-api-endpoint.prod.walmart.com:35357/v2.0/tenants/f7fcd5b099ef48fdb4168f2b524935f0 0.459s
2016-08-18 21:21:30.337 7075 INFO tempest.lib.common.rest_client [req-e789f5ec-0dc5-4667-ad30-b3562a7debef ] Request (QuotasAdminNegativeTestJSON:tearDownClass): 204 DELETE https://dal-iaas-001-api-endpoint.prod.walmart.com:35357/v2.0/users/3fb16f625c25469b875acea51512267c 0.467s
2016-08-18 21:21:30.344 7073 INFO tempest.lib.common.rest_client [req-d75bf02c-533a-483d-820c-52f538b1b4d8 ] Request (TenantUsagesTestJSON:setUpClass): 200 GET https://dal-iaas-001-api-endpoint.prod.walmart.com:8774/v2/f53630d921924a9c903d223f952cf9a9/servers/a11ff15c-1d26-449f-b574-7597c4b1ff8a 0.503s
2016-08-18 21:21:30.638 7072 INFO tempest.lib.common.rest_client [req-e959ec06-e6ef-49d4-924d-77d2d74d9678 ] Request (ServersAdminNegativeTestJSON:setUpClass): 200 GET https://dal-iaas-001-api-endpoint.prod.walmart.com:8774/v2/fe1eb40558444f39bb85fa0fdc304389/servers/2695121d-16ba-4b35-9fd5-b3b1151a7c4a 0.530s
2016-08-18 21:21:30.641 7075 INFO tempest.lib.common.rest_client [req-3049853a-89c0-42c5-8252-95aab0bb05c0 ] Request (QuotasAdminNegativeTestJSON:tearDownClass): 200 GET https://dal-iaas-001-api-endpoint.prod.walmart.com:9696/v2.0/security-groups?tenant_id=6e77e76755474997b7860e63dda532bc&name=default 0.302s
2016-08-18 21:21:30.838 7074 INFO tempest.lib.common.rest_client [req-45397c9b-739a-4306-b0bb-dc86462ff7ad ] Request (DeleteServersTestJSON:setUpClass): 200 POST https://dal-iaas-001-api-endpoint.prod.walmart.com:5443/v2.0/tokens
2016-08-18 21:21:31.018 7075 INFO tempest.lib.common.rest_client [req-5f756ea9-a54d-4f6c-90eb-9d613abe60d9 ] Request (QuotasAdminNegativeTestJSON:tearDownClass): 204 DELETE https://dal-iaas-001-api-endpoint.prod.walmart.com:9696/v2.0/security-groups/def76d45-646a-4323-ab24-8b44225bb435 0.376s
2016-08-18 21:21:31.121 7070 WARNING tempest.lib.common.ssh [-] Failed to establish authenticated ssh connection to root@192.168.2.5 (timed out). Number attempts: 1. Retry after 2 seconds.
2016-08-18 21:21:31.463 7074 INFO tempest.lib.common.rest_client [req-3771a2a8-4810-497c-91f1-77fc20cdf494 ] Request (DeleteServersTestJSON:setUpClass): 200 POST https://dal-iaas-001-api-endpoint.prod.walmart.com:5443/v2.0/tokens
2016-08-18 21:21:31.502 7075 INFO tempest.lib.common.rest_client [req-97f4d4b2-8bbd-4ca2-a707-dbc5105e8148 ] Request (QuotasAdminNegativeTestJSON:tearDownClass): 204 DELETE https://dal-iaas-001-api-endpoint.prod.walmart.com:35357/v2.0/tenants/6e77e76755474997b7860e63dda532bc 0.483s
2016-08-18 21:21:31.621 7076 INFO tempest.lib.common.rest_client [req-02edbbcb-d630-41e1-9847-175360ce1a0a ] Request (SecurityGroupsTestAdminJSON:test_list_security_groups_list_all_tenants_filter): 200 GET https://dal-iaas-001-api-endpoint.prod.walmart.com:8774/v2/c6f3b77864b34b4eac3fadbd020d44f7/os-security-groups?all_tenants=true 27.087s
2016-08-18 21:21:31.685 7077 INFO tempest.lib.common.rest_client [req-6516cdc1-8161-4e5b-8406-08975082bcfc ] Request (ImagesTestJSON:test_create_image_from_stopped_server): 200 GET https://dal-iaas-001-api-endpoint.prod.walmart.com:8774/v2/56eaa3633e0f407aba8c604151296283/servers/ee6218b7-f9a0-4317-9907-d7c37adeff04 0.527s
2016-08-18 21:21:31.910 7073 INFO tempest.lib.common.rest_client [req-20c22dae-da68-48c1-9e79-ca3ff6b3cb09 ] Request (TenantUsagesTestJSON:setUpClass): 200 GET https://dal-iaas-001-api-endpoint.prod.walmart.com:8774/v2/f53630d921924a9c903d223f952cf9a9/servers/a11ff15c-1d26-449f-b574-7597c4b1ff8a 0.543s
2016-08-18 21:21:31.948 7074 INFO tempest.lib.common.rest_client [req-a005e114-cda7-41ab-b97d-f5be1dfdd0ad ] Request (DeleteServersTestJSON:setUpClass): 200 POST https://dal-iaas-001-api-endpoint.prod.walmart.com:35357/v2.0/tenants 0.484s
2016-08-18 21:21:32.066 7075 INFO tempest.lib.common.rest_client [req-d5b90d85-66f5-4fcf-a742-b053f04fcd67 ] Request (FlavorsV2TestJSON:setUpClass): 200 POST https://dal-iaas-001-api-endpoint.prod.walmart.com:5443/v2.0/tokens
2016-08-18 21:21:32.195 7072 INFO tempest.lib.common.rest_client [req-e1fc7096-c0f1-4179-b351-f00515b460f1 ] Request (ServersAdminNegativeTestJSON:setUpClass): 200 GET https://dal-iaas-001-api-endpoint.prod.walmart.com:8774/v2/fe1eb40558444f39bb85fa0fdc304389/servers/2695121d-16ba-4b35-9fd5-b3b1151a7c4a 0.532s
2016-08-18 21:21:32.418 7074 INFO tempest.lib.common.rest_client [req-b5c25414-a90d-488f-a4b4-20205e0dc751 ] Request (DeleteServersTestJSON:setUpClass): 200 POST https://dal-iaas-001-api-endpoint.prod.walmart.com:35357/v2.0/users 0.469s
2016-08-18 21:21:32.632 7075 INFO tempest.lib.common.rest_client [req-2c67b63f-a71c-4262-adec-936bcf3496aa ] Request (FlavorsV2TestJSON:setUpClass): 200 POST https://dal-iaas-001-api-endpoint.prod.walmart.com:5443/v2.0/tokens
2016-08-18 21:21:32.840 7074 INFO tempest.lib.common.rest_client [req-c0a364e5-52e5-425d-9cc0-b70a153aabcf ] Request (DeleteServersTestJSON:setUpClass): 200 GET https://dal-iaas-001-api-endpoint.prod.walmart.com:35357/v2.0/OS-KSADM/roles 0.421s
2016-08-18 21:21:33.050 7075 INFO tempest.lib.common.rest_client [req-785f5a30-5558-497d-9cae-fee3f85366af ] Request (FlavorsV2TestJSON:setUpClass): 200 POST https://dal-iaas-001-api-endpoint.prod.walmart.com:35357/v2.0/tenants 0.417s
2016-08-18 21:21:33.274 7077 INFO tempest.lib.common.rest_client [req-16d83734-5ab9-4272-8cea-6b574937aab7 ] Request (ImagesTestJSON:test_create_image_from_stopped_server): 200 GET https://dal-iaas-001-api-endpoint.prod.walmart.com:8774/v2/56eaa3633e0f407aba8c604151296283/servers/ee6218b7-f9a0-4317-9907-d7c37adeff04 0.561s
2016-08-18 21:21:33.340 7074 INFO tempest.lib.common.rest_client [req-7d38875d-2dbf-402c-ab1a-d177e4d2660f ] Request (DeleteServersTestJSON:setUpClass): 200 PUT https://dal-iaas-001-api-endpoint.prod.walmart.com:35357/v2.0/tenants/2fec3e301833469ca42e0be304c913d0/users/b61aeb07b31b434b8a5f45b8690891fd/roles/OS-KSADM/b5b0387bbe864c43a2999e531988bb8f 0.497s
2016-08-18 21:21:33.341 7074 INFO tempest.common.dynamic_creds [-] Acquired dynamic creds:
 credentials: Credentials: {'username': u'tempest-DeleteServersTestJSON-265973299', 'project_name': u'tempest-DeleteServersTestJSON-265973299', 'user_id': u'b61aeb07b31b434b8a5f45b8690891fd', 'tenant_name': u'tempest-DeleteServersTestJSON-265973299', 'tenant_id': u'2fec3e301833469ca42e0be304c913d0', 'project_id': u'2fec3e301833469ca42e0be304c913d0'}, Network: None, Subnet: None, Router: None
2016-08-18 21:21:33.445 7073 INFO tempest.lib.common.rest_client [req-2013700c-6e34-4c30-9157-44cc95197651 ] Request (TenantUsagesTestJSON:setUpClass): 200 GET https://dal-iaas-001-api-endpoint.prod.walmart.com:8774/v2/f53630d921924a9c903d223f952cf9a9/servers/a11ff15c-1d26-449f-b574-7597c4b1ff8a 0.516s
2016-08-18 21:21:33.538 7075 INFO tempest.lib.common.rest_client [req-8395eaef-2a3f-4fc8-abde-2d50b6fd8d21 ] Request (FlavorsV2TestJSON:setUpClass): 200 POST https://dal-iaas-001-api-endpoint.prod.walmart.com:35357/v2.0/users 0.487s
2016-08-18 21:21:33.725 7072 INFO tempest.lib.common.rest_client [req-b2d1e2ad-b33b-487a-ad8d-952ff6bdd834 ] Request (ServersAdminNegativeTestJSON:setUpClass): 200 GET https://dal-iaas-001-api-endpoint.prod.walmart.com:8774/v2/fe1eb40558444f39bb85fa0fdc304389/servers/2695121d-16ba-4b35-9fd5-b3b1151a7c4a 0.508s
2016-08-18 21:21:33.858 7074 INFO tempest.lib.common.rest_client [req-493b08e9-0121-42be-a445-d170d76fbe68 ] Request (DeleteServersTestJSON:test_delete_active_server): 200 POST https://dal-iaas-001-api-endpoint.prod.walmart.com:5443/v2.0/tokens
2016-08-18 21:21:33.958 7075 INFO tempest.lib.common.rest_client [req-a0cb9f52-043b-46ab-9f9f-7e180338312b ] Request (FlavorsV2TestJSON:setUpClass): 200 GET https://dal-iaas-001-api-endpoint.prod.walmart.com:35357/v2.0/OS-KSADM/roles 0.419s
2016-08-18 21:21:34.348 7075 INFO tempest.lib.common.rest_client [req-d56f200e-28f6-437b-9f2a-39f5cc73ffdc ] Request (FlavorsV2TestJSON:setUpClass): 200 PUT https://dal-iaas-001-api-endpoint.prod.walmart.com:35357/v2.0/tenants/0611f368bcc64fec94d13a83066e1db6/users/b502f94f21c748e083724bf0fbda3d14/roles/OS-KSADM/b5b0387bbe864c43a2999e531988bb8f 0.388s
2016-08-18 21:21:34.349 7075 INFO tempest.common.dynamic_creds [-] Acquired dynamic creds:
 credentials: Credentials: {'username': u'tempest-FlavorsV2TestJSON-832084690', 'project_name': u'tempest-FlavorsV2TestJSON-832084690', 'user_id': u'b502f94f21c748e083724bf0fbda3d14', 'tenant_name': u'tempest-FlavorsV2TestJSON-832084690', 'tenant_id': u'0611f368bcc64fec94d13a83066e1db6', 'project_id': u'0611f368bcc64fec94d13a83066e1db6'}, Network: None, Subnet: None, Router: None
2016-08-18 21:21:34.558 7074 INFO tempest.lib.common.rest_client [req-5292dba1-c887-460f-8247-c1f0a341e71c ] Request (DeleteServersTestJSON:test_delete_active_server): 200 GET https://dal-iaas-001-api-endpoint.prod.walmart.com:8774/v2/2fec3e301833469ca42e0be304c913d0/os-networks 0.698s
2016-08-18 21:21:34.559 7074 INFO tempest.common.fixed_network [-] (DeleteServersTestJSON:test_delete_active_server) Found network {u'bridge': None, u'vpn_public_port': None, u'dhcp_start': None, u'bridge_interface': None, u'share_address': None, u'updated_at': None, u'id': u'1db35de8-93c8-455c-a1c1-720801bd971a', u'cidr_v6': None, u'deleted_at': None, u'gateway': None, u'rxtx_base': None, u'label': u'net1', u'priority': None, u'project_id': None, u'vpn_private_address': None, u'deleted': None, u'vlan': None, u'broadcast': None, u'netmask': None, u'injected': None, u'cidr': None, u'vpn_public_address': None, u'multi_host': None, 'name': u'net1', u'enable_dhcp': None, u'dns2': None, u'created_at': None, u'host': None, u'mtu': None, u'gateway_v6': None, u'netmask_v6': None, u'dhcp_server': None, u'dns1': None} available for tenant
2016-08-18 21:21:34.831 7077 INFO tempest.lib.common.rest_client [req-80e1ea92-9eb0-4ded-82f2-9c1bc7458f86 ] Request (ImagesTestJSON:test_create_image_from_stopped_server): 200 GET https://dal-iaas-001-api-endpoint.prod.walmart.com:8774/v2/56eaa3633e0f407aba8c604151296283/servers/ee6218b7-f9a0-4317-9907-d7c37adeff04 0.541s
2016-08-18 21:21:34.924 7075 INFO tempest.lib.common.rest_client [req-f53ab5cd-b4f8-4209-b971-1ae65e660967 ] Request (FlavorsV2TestJSON:test_get_flavor): 200 POST https://dal-iaas-001-api-endpoint.prod.walmart.com:5443/v2.0/tokens
2016-08-18 21:21:34.959 7073 INFO tempest.lib.common.rest_client [req-b61cac58-918e-4357-94df-36e1e8fce2c0 ] Request (TenantUsagesTestJSON:setUpClass): 200 GET https://dal-iaas-001-api-endpoint.prod.walmart.com:8774/v2/f53630d921924a9c903d223f952cf9a9/servers/a11ff15c-1d26-449f-b574-7597c4b1ff8a 0.499s
2016-08-18 21:21:35.008 7074 INFO tempest.lib.common.rest_client [req-19804886-4653-440e-9db4-a9eba96e3449 ] Request (DeleteServersTestJSON:test_delete_active_server): 200 POST https://dal-iaas-001-api-endpoint.prod.walmart.com:5443/v2.0/tokens
2016-08-18 21:21:35.242 7072 INFO tempest.lib.common.rest_client [req-9fe8c752-d471-4454-b966-cb94e93881e0 ] Request (ServersAdminNegativeTestJSON:setUpClass): 200 GET https://dal-iaas-001-api-endpoint.prod.walmart.com:8774/v2/fe1eb40558444f39bb85fa0fdc304389/servers/2695121d-16ba-4b35-9fd5-b3b1151a7c4a 0.495s
2016-08-18 21:21:35.678 7075 INFO tempest.lib.common.rest_client [req-2cf8fc29-7d4e-4f6f-9849-4832817b7366 ] Request (FlavorsV2TestJSON:test_get_flavor): 200 GET https://dal-iaas-001-api-endpoint.prod.walmart.com:8774/v2/0611f368bcc64fec94d13a83066e1db6/flavors/3 0.752s
2016-08-18 21:21:36.021 7075 INFO tempest.lib.common.rest_client [req-a6fdb711-0b3d-44f6-9584-96c831fbe542 ] Request (FlavorsV2TestJSON:test_list_flavors): 200 GET https://dal-iaas-001-api-endpoint.prod.walmart.com:8774/v2/0611f368bcc64fec94d13a83066e1db6/flavors 0.336s
2016-08-18 21:21:36.292 7077 INFO tempest.lib.common.rest_client [req-bf30d872-6f20-4088-9332-9cec2eb7e786 ] Request (ImagesTestJSON:test_create_image_from_stopped_server): 200 GET https://dal-iaas-001-api-endpoint.prod.walmart.com:8774/v2/56eaa3633e0f407aba8c604151296283/servers/ee6218b7-f9a0-4317-9907-d7c37adeff04 0.443s
2016-08-18 21:21:36.307 7075 INFO tempest.lib.common.rest_client [req-0caa3b3a-3147-4064-ae3a-b17c6816c9f8 ] Request (FlavorsV2TestJSON:test_list_flavors): 200 GET https://dal-iaas-001-api-endpoint.prod.walmart.com:8774/v2/0611f368bcc64fec94d13a83066e1db6/flavors/3 0.280s
2016-08-18 21:21:36.511 7073 INFO tempest.lib.common.rest_client [req-0258dc9b-d683-4af2-9f0f-2b2ad68cf28f ] Request (TenantUsagesTestJSON:setUpClass): 200 GET https://dal-iaas-001-api-endpoint.prod.walmart.com:8774/v2/f53630d921924a9c903d223f952cf9a9/servers/a11ff15c-1d26-449f-b574-7597c4b1ff8a 0.533s
2016-08-18 21:21:36.592 7075 INFO tempest.lib.common.rest_client [req-bb0bcf28-6412-420f-9675-b6b5c75010d8 ] Request (FlavorsV2TestJSON:test_list_flavors_detailed_filter_by_min_disk): 200 GET https://dal-iaas-001-api-endpoint.prod.walmart.com:8774/v2/0611f368bcc64fec94d13a83066e1db6/flavors/3 0.278s
2016-08-18 21:21:36.603 7074 INFO tempest.lib.common.rest_client [req-ca988fcd-f6fb-43fc-9438-d504f72fd75f ] Request (DeleteServersTestJSON:test_delete_active_server): 202 POST https://dal-iaas-001-api-endpoint.prod.walmart.com:8774/v2/2fec3e301833469ca42e0be304c913d0/servers 1.593s
2016-08-18 21:21:36.737 7072 INFO tempest.lib.common.rest_client [req-7583c645-7698-4219-a461-fa7eb5da1e03 ] Request (ServersAdminNegativeTestJSON:setUpClass): 200 GET https://dal-iaas-001-api-endpoint.prod.walmart.com:8774/v2/fe1eb40558444f39bb85fa0fdc304389/servers/2695121d-16ba-4b35-9fd5-b3b1151a7c4a 0.477s
2016-08-18 21:21:36.882 7075 INFO tempest.lib.common.rest_client [req-f03092be-86b2-43cb-a758-b3a9b2330f38 ] Request (FlavorsV2TestJSON:test_list_flavors_detailed_filter_by_min_disk): 200 GET https://dal-iaas-001-api-endpoint.prod.walmart.com:8774/v2/0611f368bcc64fec94d13a83066e1db6/flavors/detail?minDisk=11 0.284s
2016-08-18 21:21:37.054 7074 INFO tempest.lib.common.rest_client [req-582ea140-de41-4e01-8f78-1be83267bcb4 ] Request (DeleteServersTestJSON:test_delete_active_server): 200 GET https://dal-iaas-001-api-endpoint.prod.walmart.com:8774/v2/2fec3e301833469ca42e0be304c913d0/servers/06492b0b-0804-4b63-af83-890af7fcb710 0.445s
2016-08-18 21:21:37.159 7075 INFO tempest.lib.common.rest_client [req-f5ceb67a-4bbd-44f0-ab49-5dfd2f23c3cb ] Request (FlavorsV2TestJSON:test_list_flavors_detailed_filter_by_min_ram): 200 GET https://dal-iaas-001-api-endpoint.prod.walmart.com:8774/v2/0611f368bcc64fec94d13a83066e1db6/flavors/3 0.269s
2016-08-18 21:21:37.453 7075 INFO tempest.lib.common.rest_client [req-7f8792f7-f906-46ea-9715-4f131c315272 ] Request (FlavorsV2TestJSON:test_list_flavors_detailed_filter_by_min_ram): 200 GET https://dal-iaas-001-api-endpoint.prod.walmart.com:8774/v2/0611f368bcc64fec94d13a83066e1db6/flavors/detail?minRam=4097 0.289s
2016-08-18 21:21:37.745 7075 INFO tempest.lib.common.rest_client [req-fcfd59ee-5daa-4034-a247-a73814e44c28 ] Request (FlavorsV2TestJSON:test_list_flavors_detailed_limit_results): 200 GET https://dal-iaas-001-api-endpoint.prod.walmart.com:8774/v2/0611f368bcc64fec94d13a83066e1db6/flavors/detail?limit=1 0.282s
2016-08-18 21:21:37.912 7077 INFO tempest.lib.common.rest_client [req-c9962917-b670-4187-81f5-da84292d6823 ] Request (ImagesTestJSON:test_create_image_from_stopped_server): 200 GET https://dal-iaas-001-api-endpoint.prod.walmart.com:8774/v2/56eaa3633e0f407aba8c604151296283/servers/ee6218b7-f9a0-4317-9907-d7c37adeff04 0.602s
2016-08-18 21:21:38.028 7073 INFO tempest.lib.common.rest_client [req-3287f57e-f261-4798-971f-6cff585e6d03 ] Request (TenantUsagesTestJSON:setUpClass): 200 GET https://dal-iaas-001-api-endpoint.prod.walmart.com:8774/v2/f53630d921924a9c903d223f952cf9a9/servers/a11ff15c-1d26-449f-b574-7597c4b1ff8a 0.494s
2016-08-18 21:21:38.045 7075 INFO tempest.lib.common.rest_client [req-8b8e81a8-5979-4244-9433-05dd66617a2b ] Request (FlavorsV2TestJSON:test_list_flavors_detailed_using_marker): 200 GET https://dal-iaas-001-api-endpoint.prod.walmart.com:8774/v2/0611f368bcc64fec94d13a83066e1db6/flavors/3 0.293s
2016-08-18 21:21:38.255 7072 INFO tempest.lib.common.rest_client [req-0398ac49-d598-484c-a37a-7d29a31162d9 ] Request (ServersAdminNegativeTestJSON:setUpClass): 200 GET https://dal-iaas-001-api-endpoint.prod.walmart.com:8774/v2/fe1eb40558444f39bb85fa0fdc304389/servers/2695121d-16ba-4b35-9fd5-b3b1151a7c4a 0.500s
2016-08-18 21:21:38.359 7075 INFO tempest.lib.common.rest_client [req-fe814254-38dc-49a5-b9c3-da826ef31361 ] Request (FlavorsV2TestJSON:test_list_flavors_detailed_using_marker): 200 GET https://dal-iaas-001-api-endpoint.prod.walmart.com:8774/v2/0611f368bcc64fec94d13a83066e1db6/flavors/detail?marker=3 0.307s
2016-08-18 21:21:38.470 7074 INFO tempest.lib.common.rest_client [req-9a49a6cb-947d-4b5e-8e15-a8755d6cf5ec ] Request (DeleteServersTestJSON:test_delete_active_server): 200 GET https://dal-iaas-001-api-endpoint.prod.walmart.com:8774/v2/2fec3e301833469ca42e0be304c913d0/servers/06492b0b-0804-4b63-af83-890af7fcb710 0.402s
2016-08-18 21:21:38.489 7074 INFO tempest.common.waiters [-] State transition "BUILD/scheduling" ==> "BUILD/networking" after 1 second wait
2016-08-18 21:21:38.714 7075 INFO tempest.lib.common.rest_client [req-77b9ca07-ad6f-483c-bc6a-111815e340a5 ] Request (FlavorsV2TestJSON:test_list_flavors_filter_by_min_disk): 200 GET https://dal-iaas-001-api-endpoint.prod.walmart.com:8774/v2/0611f368bcc64fec94d13a83066e1db6/flavors/3 0.346s
2016-08-18 21:21:39.030 7075 INFO tempest.lib.common.rest_client [req-1009c34c-9c7f-4fe5-bffe-93e9ab3560ac ] Request (FlavorsV2TestJSON:test_list_flavors_filter_by_min_disk): 200 GET https://dal-iaas-001-api-endpoint.prod.walmart.com:8774/v2/0611f368bcc64fec94d13a83066e1db6/flavors?minDisk=11 0.311s
2016-08-18 21:21:39.310 7075 INFO tempest.lib.common.rest_client [req-a21e4301-a90c-408c-b045-e4160284fde3 ] Request (FlavorsV2TestJSON:test_list_flavors_filter_by_min_ram): 200 GET https://dal-iaas-001-api-endpoint.prod.walmart.com:8774/v2/0611f368bcc64fec94d13a83066e1db6/flavors/3 0.270s
2016-08-18 21:21:39.439 7077 INFO tempest.lib.common.rest_client [req-1288f89f-8f25-4683-9adf-4065edbb6046 ] Request (ImagesTestJSON:test_create_image_from_stopped_server): 200 GET https://dal-iaas-001-api-endpoint.prod.walmart.com:8774/v2/56eaa3633e0f407aba8c604151296283/servers/ee6218b7-f9a0-4317-9907-d7c37adeff04 0.512s
2016-08-18 21:21:39.542 7073 INFO tempest.lib.common.rest_client [req-dbe8fb47-73f3-4381-9b55-d3f03325055e ] Request (TenantUsagesTestJSON:setUpClass): 200 GET https://dal-iaas-001-api-endpoint.prod.walmart.com:8774/v2/f53630d921924a9c903d223f952cf9a9/servers/a11ff15c-1d26-449f-b574-7597c4b1ff8a 0.495s
2016-08-18 21:21:39.609 7075 INFO tempest.lib.common.rest_client [req-1397b603-294b-4de3-a528-58c71f88b72c ] Request (FlavorsV2TestJSON:test_list_flavors_filter_by_min_ram): 200 GET https://dal-iaas-001-api-endpoint.prod.walmart.com:8774/v2/0611f368bcc64fec94d13a83066e1db6/flavors?minRam=4097 0.292s
2016-08-18 21:21:39.739 7072 INFO tempest.lib.common.rest_client [req-c75781bf-7976-4415-84b7-1d731eb0e362 ] Request (ServersAdminNegativeTestJSON:setUpClass): 200 GET https://dal-iaas-001-api-endpoint.prod.walmart.com:8774/v2/fe1eb40558444f39bb85fa0fdc304389/servers/2695121d-16ba-4b35-9fd5-b3b1151a7c4a 0.467s
2016-08-18 21:21:39.909 7075 INFO tempest.lib.common.rest_client [req-01e19fe2-669a-4b61-b7d8-a24918f22db7 ] Request (FlavorsV2TestJSON:test_list_flavors_limit_results): 200 GET https://dal-iaas-001-api-endpoint.prod.walmart.com:8774/v2/0611f368bcc64fec94d13a83066e1db6/flavors?limit=1 0.290s
2016-08-18 21:21:39.986 7074 INFO tempest.lib.common.rest_client [req-3500fd58-c8a3-435e-9d4c-2a4bf18a927d ] Request (DeleteServersTestJSON:test_delete_active_server): 200 GET https://dal-iaas-001-api-endpoint.prod.walmart.com:8774/v2/2fec3e301833469ca42e0be304c913d0/servers/06492b0b-0804-4b63-af83-890af7fcb710 0.491s
2016-08-18 21:21:40.001 7074 INFO tempest.common.waiters [-] State transition "BUILD/networking" ==> "BUILD/spawning" after 3 second wait
2016-08-18 21:21:40.227 7075 INFO tempest.lib.common.rest_client [req-7989e3c6-59b2-4d1f-bcf9-f22875d65870 ] Request (FlavorsV2TestJSON:test_list_flavors_using_marker): 200 GET https://dal-iaas-001-api-endpoint.prod.walmart.com:8774/v2/0611f368bcc64fec94d13a83066e1db6/flavors/3 0.312s
2016-08-18 21:21:40.539 7075 INFO tempest.lib.common.rest_client [req-4936a44e-9063-4110-a982-0173caf414a5 ] Request (FlavorsV2TestJSON:test_list_flavors_using_marker): 200 GET https://dal-iaas-001-api-endpoint.prod.walmart.com:8774/v2/0611f368bcc64fec94d13a83066e1db6/flavors?marker=3 0.305s
2016-08-18 21:21:40.878 7075 INFO tempest.lib.common.rest_client [req-fc250225-6c4f-4af6-b02d-b7bf6208c7ca ] Request (FlavorsV2TestJSON:test_list_flavors_with_detail): 200 GET https://dal-iaas-001-api-endpoint.prod.walmart.com:8774/v2/0611f368bcc64fec94d13a83066e1db6/flavors/detail 0.327s
2016-08-18 21:21:40.936 7077 INFO tempest.lib.common.rest_client [req-b8d19ba8-2c82-4992-a606-ad767329d2f9 ] Request (ImagesTestJSON:test_create_image_from_stopped_server): 200 GET https://dal-iaas-001-api-endpoint.prod.walmart.com:8774/v2/56eaa3633e0f407aba8c604151296283/servers/ee6218b7-f9a0-4317-9907-d7c37adeff04 0.475s
2016-08-18 21:21:40.960 7077 INFO tempest.common.waiters [-] State transition "BUILD/spawning" ==> "ACTIVE/None" after 32 second wait
2016-08-18 21:21:41.070 7073 INFO tempest.lib.common.rest_client [req-9da676b6-241b-49b7-a18a-8bac4f21b3f9 ] Request (TenantUsagesTestJSON:setUpClass): 200 GET https://dal-iaas-001-api-endpoint.prod.walmart.com:8774/v2/f53630d921924a9c903d223f952cf9a9/servers/a11ff15c-1d26-449f-b574-7597c4b1ff8a 0.513s
2016-08-18 21:21:41.230 7075 INFO tempest.lib.common.rest_client [req-62013b5f-891d-4ac3-af33-ccf967d89afb ] Request (FlavorsV2TestJSON:test_list_flavors_with_detail): 200 GET https://dal-iaas-001-api-endpoint.prod.walmart.com:8774/v2/0611f368bcc64fec94d13a83066e1db6/flavors/3 0.334s
2016-08-18 21:21:41.298 7072 INFO tempest.lib.common.rest_client [req-133b82bc-6f59-4740-9898-3a13cdc98051 ] Request (ServersAdminNegativeTestJSON:setUpClass): 200 GET https://dal-iaas-001-api-endpoint.prod.walmart.com:8774/v2/fe1eb40558444f39bb85fa0fdc304389/servers/2695121d-16ba-4b35-9fd5-b3b1151a7c4a 0.534s
2016-08-18 21:21:41.554 7074 INFO tempest.lib.common.rest_client [req-fc6813bd-a1d1-44a3-b885-bf5a462e6cc6 ] Request (DeleteServersTestJSON:test_delete_active_server): 200 GET https://dal-iaas-001-api-endpoint.prod.walmart.com:8774/v2/2fec3e301833469ca42e0be304c913d0/servers/06492b0b-0804-4b63-af83-890af7fcb710 0.548s
2016-08-18 21:21:41.566 7077 INFO tempest.lib.common.rest_client [req-6bb0d247-a082-4063-bad9-fd1faac6804d ] Request (ImagesTestJSON:test_create_image_from_stopped_server): 202 POST https://dal-iaas-001-api-endpoint.prod.walmart.com:8774/v2/56eaa3633e0f407aba8c604151296283/servers/ee6218b7-f9a0-4317-9907-d7c37adeff04/action 0.605s
2016-08-18 21:21:41.795 7075 INFO tempest.lib.common.rest_client [req-a7b88d0a-f41e-435f-9c48-cf52e6f4ad9e ] Request (FlavorsV2TestJSON:tearDownClass): 204 DELETE https://dal-iaas-001-api-endpoint.prod.walmart.com:35357/v2.0/users/b502f94f21c748e083724bf0fbda3d14 0.556s
2016-08-18 21:21:42.077 7077 INFO tempest.lib.common.rest_client [req-0120704a-07f0-488c-b4d6-749fa850e131 ] Request (ImagesTestJSON:test_create_image_from_stopped_server): 200 GET https://dal-iaas-001-api-endpoint.prod.walmart.com:8774/v2/56eaa3633e0f407aba8c604151296283/servers/ee6218b7-f9a0-4317-9907-d7c37adeff04 0.509s
2016-08-18 21:21:42.486 7075 INFO tempest.lib.common.rest_client [req-3ecf64c9-c801-4a6a-b02f-61d74b83f0e4 ] Request (FlavorsV2TestJSON:tearDownClass): 200 GET https://dal-iaas-001-api-endpoint.prod.walmart.com:9696/v2.0/security-groups?tenant_id=0611f368bcc64fec94d13a83066e1db6&name=default 0.689s
2016-08-18 21:21:42.576 7073 INFO tempest.lib.common.rest_client [req-9bbec420-5193-44a1-ba16-704bd7e3dcd1 ] Request (TenantUsagesTestJSON:setUpClass): 200 GET https://dal-iaas-001-api-endpoint.prod.walmart.com:8774/v2/f53630d921924a9c903d223f952cf9a9/servers/a11ff15c-1d26-449f-b574-7597c4b1ff8a 0.483s
2016-08-18 21:21:42.810 7072 INFO tempest.lib.common.rest_client [req-0bdf8a8d-591e-43cb-bc3f-00ea6e3b7abb ] Request (ServersAdminNegativeTestJSON:setUpClass): 200 GET https://dal-iaas-001-api-endpoint.prod.walmart.com:8774/v2/fe1eb40558444f39bb85fa0fdc304389/servers/2695121d-16ba-4b35-9fd5-b3b1151a7c4a 0.490s
2016-08-18 21:21:43.072 7075 INFO tempest.lib.common.rest_client [req-e6fa8d7f-ee62-4573-98df-ada9bd145bbd ] Request (FlavorsV2TestJSON:tearDownClass): 204 DELETE https://dal-iaas-001-api-endpoint.prod.walmart.com:9696/v2.0/security-groups/a973e76c-cf6d-44a6-b263-f1c632115a90 0.427s
2016-08-18 21:21:43.095 7074 INFO tempest.lib.common.rest_client [req-3cacc952-e34c-4a05-bc24-cd24fd6d2a9a ] Request (DeleteServersTestJSON:test_delete_active_server): 200 GET https://dal-iaas-001-api-endpoint.prod.walmart.com:8774/v2/2fec3e301833469ca42e0be304c913d0/servers/06492b0b-0804-4b63-af83-890af7fcb710 0.519s
2016-08-18 21:21:43.557 7075 INFO tempest.lib.common.rest_client [req-77df2e81-c5ab-4266-8524-ad4456943425 ] Request (FlavorsV2TestJSON:tearDownClass): 204 DELETE https://dal-iaas-001-api-endpoint.prod.walmart.com:35357/v2.0/tenants/0611f368bcc64fec94d13a83066e1db6 0.483s
2016-08-18 21:21:43.576 7077 INFO tempest.lib.common.rest_client [req-b3b3f9e0-98aa-4fa8-95c1-53b97a03532f ] Request (ImagesTestJSON:test_create_image_from_stopped_server): 200 GET https://dal-iaas-001-api-endpoint.prod.walmart.com:8774/v2/56eaa3633e0f407aba8c604151296283/servers/ee6218b7-f9a0-4317-9907-d7c37adeff04 0.473s
2016-08-18 21:21:44.257 7075 INFO tempest.lib.common.rest_client [req-f953419b-df95-4f53-abd9-66401b429a70 ] Request (FlavorDetailsNegativeTestJSON:setUpClass): 200 POST https://dal-iaas-001-api-endpoint.prod.walmart.com:5443/v2.0/tokens
2016-08-18 21:21:44.270 7073 INFO tempest.lib.common.rest_client [req-af0ac269-9f86-44cc-912b-7afaf5f01440 ] Request (TenantUsagesTestJSON:setUpClass): 200 GET https://dal-iaas-001-api-endpoint.prod.walmart.com:8774/v2/f53630d921924a9c903d223f952cf9a9/servers/a11ff15c-1d26-449f-b574-7597c4b1ff8a 0.601s
2016-08-18 21:21:44.413 7072 INFO tempest.lib.common.rest_client [req-a5a1bdf3-6910-4aa1-a75f-14fbaf6fe3a5 ] Request (ServersAdminNegativeTestJSON:setUpClass): 200 GET https://dal-iaas-001-api-endpoint.prod.walmart.com:8774/v2/fe1eb40558444f39bb85fa0fdc304389/servers/2695121d-16ba-4b35-9fd5-b3b1151a7c4a 0.553s
