2016-08-12 22:29:19.380 4781 INFO tempest.lib.common.rest_client [req-b5d33b14-3a5f-4cdb-9f33-a5afaefe8a8d ] Request (FlavorsAccessTestJSON:setUpClass): 200 POST https://dal-iaas-001-api-endpoint.prod.walmart.com:5443/v2.0/tokens
2016-08-12 22:29:19.390 4776 INFO tempest.lib.common.rest_client [req-b7f3fb98-a367-4093-854c-35ff6a92d7af ] Request (AZAdminNegativeTestJSON:setUpClass): 200 GET https://dal-iaas-001-api-endpoint.prod.walmart.com:35357/v2.0/OS-KSADM/roles 0.663s
2016-08-12 22:29:19.580 4779 INFO tempest.lib.common.rest_client [req-a5903932-9145-4a91-8fe2-12f1e991e5dc ] Request (FlavorsAdminTestJSON:test_is_public_string_variations): 200 GET https://dal-iaas-001-api-endpoint.prod.walmart.com:8774/v2/cea0a4f6ae84428e8c9a1b930c444e1a/flavors/detail?is_public=false 0.342s
2016-08-12 22:29:19.617 4777 INFO tempest.lib.common.rest_client [req-db4db833-b4c4-42ef-ad76-8a9901bc5fcd ] Request (AggregatesAdminTestJSON:test_aggregate_create_update_metadata_get_details): 200 GET https://dal-iaas-001-api-endpoint.prod.walmart.com:8774/v2/906e5ce010fa4706af07be976722f72f/os-aggregates/817 0.321s
2016-08-12 22:29:19.631 4780 INFO tempest.lib.common.rest_client [req-12df4c2b-dd2c-4120-b1c3-cc2264816163 ] Request (AggregatesAdminNegativeTestJSON:_run_cleanups): 200 POST https://dal-iaas-001-api-endpoint.prod.walmart.com:8774/v2/5b19d4736a214bd1a209013f2554b24f/os-aggregates/814/action 0.398s
2016-08-12 22:29:19.835 4778 INFO tempest.lib.common.rest_client [req-a5556868-fbfa-495c-bc55-91f26e5f6856 ] Request (SecurityGroupsTestAdminJSON:setUpClass): 200 GET https://dal-iaas-001-api-endpoint.prod.walmart.com:35357/v2.0/OS-KSADM/roles 0.549s
2016-08-12 22:29:19.837 4774 INFO tempest.lib.common.rest_client [req-03387224-4056-482c-ac55-1958470329db ] Request (ServersAdminNegativeTestJSON:setUpClass): 200 POST https://dal-iaas-001-api-endpoint.prod.walmart.com:35357/v2.0/tenants 0.599s
2016-08-12 22:29:19.865 4779 INFO tempest.lib.common.rest_client [req-048a888f-f128-47d0-88a7-fbb2c6e16793 ] Request (FlavorsAdminTestJSON:test_is_public_string_variations): 200 GET https://dal-iaas-001-api-endpoint.prod.walmart.com:8774/v2/cea0a4f6ae84428e8c9a1b930c444e1a/flavors/detail?is_public=no 0.280s
2016-08-12 22:29:19.936 4780 INFO tempest.lib.common.rest_client [req-34229a77-29f3-416e-9c40-8cf2c10fc92a ] Request (AggregatesAdminNegativeTestJSON:_run_cleanups): 200 DELETE https://dal-iaas-001-api-endpoint.prod.walmart.com:8774/v2/5b19d4736a214bd1a209013f2554b24f/os-aggregates/814 0.302s
2016-08-12 22:29:19.968 4777 INFO tempest.lib.common.rest_client [req-7218ce6d-0194-466f-a7d4-7e66d7955eb7 ] Request (AggregatesAdminTestJSON:test_aggregate_create_update_metadata_get_details): 200 POST https://dal-iaas-001-api-endpoint.prod.walmart.com:8774/v2/906e5ce010fa4706af07be976722f72f/os-aggregates/817/action 0.348s
2016-08-12 22:29:19.968 4781 INFO tempest.lib.common.rest_client [req-2604e7f6-f8c6-4a99-a1b5-010e8b626778 ] Request (FlavorsAccessTestJSON:setUpClass): 200 POST https://dal-iaas-001-api-endpoint.prod.walmart.com:35357/v2.0/tenants 0.587s
2016-08-12 22:29:20.006 4776 INFO tempest.lib.common.rest_client [req-a3d995b0-0103-44f2-9e4d-74deeeaee260 ] Request (AZAdminNegativeTestJSON:setUpClass): 200 PUT https://dal-iaas-001-api-endpoint.prod.walmart.com:35357/v2.0/tenants/7e56f8a9b97b4b3f82abf01659080484/users/d31505524373497d97abd63420fe57b7/roles/OS-KSADM/b5b0387bbe864c43a2999e531988bb8f 0.613s
2016-08-12 22:29:20.211 4779 INFO tempest.lib.common.rest_client [req-d1115aab-eaac-44ca-8fec-00b95787370a ] Request (FlavorsAdminTestJSON:test_is_public_string_variations): 200 GET https://dal-iaas-001-api-endpoint.prod.walmart.com:8774/v2/cea0a4f6ae84428e8c9a1b930c444e1a/flavors/detail?is_public=0 0.341s
2016-08-12 22:29:20.228 4775 INFO tempest.lib.common.rest_client [req-d9da48d2-ec4f-4f17-b5c6-34c4a4470d61 ] Request (FlavorsExtraSpecsTestJSON:setUpClass): 200 POST https://dal-iaas-001-api-endpoint.prod.walmart.com:8774/v2/dbd5b865239d44a09d81f4587656e736/flavors 1.184s
2016-08-12 22:29:20.257 4777 INFO tempest.lib.common.rest_client [req-deb6daae-57d4-4f3c-8263-6deb7c85515d ] Request (AggregatesAdminTestJSON:test_aggregate_create_update_metadata_get_details): 200 GET https://dal-iaas-001-api-endpoint.prod.walmart.com:8774/v2/906e5ce010fa4706af07be976722f72f/os-aggregates/817 0.286s
2016-08-12 22:29:20.278 4780 INFO tempest.lib.common.rest_client [req-6beb0587-abc1-4b65-81d7-975c2dc2635a ] Request (AggregatesAdminNegativeTestJSON:test_aggregate_remove_nonexistent_host): 200 POST https://dal-iaas-001-api-endpoint.prod.walmart.com:8774/v2/5b19d4736a214bd1a209013f2554b24f/os-aggregates 0.341s
2016-08-12 22:29:20.461 4778 INFO tempest.lib.common.rest_client [req-60a825a4-8d68-4a1c-8420-2336d021a03a ] Request (SecurityGroupsTestAdminJSON:setUpClass): 409 PUT https://dal-iaas-001-api-endpoint.prod.walmart.com:35357/v2.0/tenants/4382d870faaf498db13bac1cd5d7d541/users/bc729abac3ce45e2890ffa82ee55b019/roles/OS-KSADM/9fe2ff9ee4384b1894a90878d3e92bab 0.625s
2016-08-12 22:29:20.462 4778 INFO tempest.common.dynamic_creds [-] Acquired dynamic creds:
 credentials: Credentials: {'username': u'tempest-SecurityGroupsTestAdminJSON-285884603', 'project_name': u'tempest-SecurityGroupsTestAdminJSON-285884603', 'user_id': u'bc729abac3ce45e2890ffa82ee55b019', 'tenant_name': u'tempest-SecurityGroupsTestAdminJSON-285884603', 'tenant_id': u'4382d870faaf498db13bac1cd5d7d541', 'project_id': u'4382d870faaf498db13bac1cd5d7d541'}, Network: None, Subnet: None, Router: None
2016-08-12 22:29:20.464 4774 INFO tempest.lib.common.rest_client [req-3fbfb561-f863-4ad3-822e-d7809bdb7f15 ] Request (ServersAdminNegativeTestJSON:setUpClass): 200 POST https://dal-iaas-001-api-endpoint.prod.walmart.com:35357/v2.0/users 0.626s
2016-08-12 22:29:20.516 4779 INFO tempest.lib.common.rest_client [req-64a6fe00-ab66-48b9-a4af-e6a7d0b03135 ] Request (FlavorsAdminTestJSON:test_is_public_string_variations): 200 GET https://dal-iaas-001-api-endpoint.prod.walmart.com:8774/v2/cea0a4f6ae84428e8c9a1b930c444e1a/flavors/detail?is_public=t 0.299s
2016-08-12 22:29:20.531 4781 INFO tempest.lib.common.rest_client [req-13cb4589-2a00-4cc6-a56a-d604472d52fa ] Request (FlavorsAccessTestJSON:setUpClass): 200 POST https://dal-iaas-001-api-endpoint.prod.walmart.com:35357/v2.0/users 0.562s
2016-08-12 22:29:20.546 4775 INFO tempest.lib.common.rest_client [req-c28dd491-9246-4e35-b8ee-3b62e91ffe6a ] Request (FlavorsExtraSpecsTestJSON:test_flavor_non_admin_get_all_keys): 200 POST https://dal-iaas-001-api-endpoint.prod.walmart.com:8774/v2/dbd5b865239d44a09d81f4587656e736/flavors/137100093/os-extra_specs 0.315s
2016-08-12 22:29:20.592 4777 INFO tempest.lib.common.rest_client [req-f925c16f-0672-4513-b332-23ad854345c2 ] Request (AggregatesAdminTestJSON:_run_cleanups): 200 DELETE https://dal-iaas-001-api-endpoint.prod.walmart.com:8774/v2/906e5ce010fa4706af07be976722f72f/os-aggregates/817 0.332s
2016-08-12 22:29:20.592 4780 INFO tempest.lib.common.rest_client [req-59880f85-54a3-4259-a78a-581ac037d124 ] Request (AggregatesAdminNegativeTestJSON:test_aggregate_remove_nonexistent_host): 404 POST https://dal-iaas-001-api-endpoint.prod.walmart.com:8774/v2/5b19d4736a214bd1a209013f2554b24f/os-aggregates/820/action 0.311s
2016-08-12 22:29:20.609 4776 INFO tempest.lib.common.rest_client [req-d4015d23-68df-46f4-8415-e0cee550f9af ] Request (AZAdminNegativeTestJSON:setUpClass): 200 GET https://dal-iaas-001-api-endpoint.prod.walmart.com:35357/v2.0/OS-KSADM/roles 0.602s
2016-08-12 22:29:20.831 4779 INFO tempest.lib.common.rest_client [req-b0c75e91-8590-4343-aa06-885c2ec9f724 ] Request (FlavorsAdminTestJSON:test_is_public_string_variations): 200 GET https://dal-iaas-001-api-endpoint.prod.walmart.com:8774/v2/cea0a4f6ae84428e8c9a1b930c444e1a/flavors/detail?is_public=true 0.310s
2016-08-12 22:29:20.901 4780 INFO tempest.lib.common.rest_client [req-e096921f-4ff1-4b7a-ae4b-e6caaa50c0ed ] Request (AggregatesAdminNegativeTestJSON:_run_cleanups): 200 DELETE https://dal-iaas-001-api-endpoint.prod.walmart.com:8774/v2/5b19d4736a214bd1a209013f2554b24f/os-aggregates/820 0.308s
2016-08-12 22:29:20.987 4778 INFO tempest.lib.common.rest_client [req-99b6e5bf-fa75-4fc0-ae95-3ae51dc682d1 ] Request (SecurityGroupsTestAdminJSON:test_list_security_groups_list_all_tenants_filter): 200 POST https://dal-iaas-001-api-endpoint.prod.walmart.com:5443/v2.0/tokens
2016-08-12 22:29:20.990 4777 INFO tempest.lib.common.rest_client [req-f935ef73-c54b-45b7-80b3-5ef77fbcf454 ] Request (AggregatesAdminTestJSON:test_aggregate_create_update_with_az): 200 POST https://dal-iaas-001-api-endpoint.prod.walmart.com:8774/v2/906e5ce010fa4706af07be976722f72f/os-aggregates 0.396s
2016-08-12 22:29:21.047 4775 INFO tempest.lib.common.rest_client [req-4a437c50-cd4a-4dce-b396-d509868e706c ] Request (FlavorsExtraSpecsTestJSON:test_flavor_non_admin_get_all_keys): 200 POST https://dal-iaas-001-api-endpoint.prod.walmart.com:5443/v2.0/tokens
2016-08-12 22:29:21.065 4774 INFO tempest.lib.common.rest_client [req-55ee4b2f-7b41-4e90-a34f-5f15ad9cb3f4 ] Request (ServersAdminNegativeTestJSON:setUpClass): 200 GET https://dal-iaas-001-api-endpoint.prod.walmart.com:35357/v2.0/OS-KSADM/roles 0.600s
2016-08-12 22:29:21.138 4781 INFO tempest.lib.common.rest_client [req-e537cd15-421d-47ce-9134-d00f7d52d1d5 ] Request (FlavorsAccessTestJSON:setUpClass): 200 GET https://dal-iaas-001-api-endpoint.prod.walmart.com:35357/v2.0/OS-KSADM/roles 0.606s
2016-08-12 22:29:21.215 4779 INFO tempest.lib.common.rest_client [req-a0e48043-1e61-4c31-9260-b1c645b067d0 ] Request (FlavorsAdminTestJSON:test_is_public_string_variations): 200 GET https://dal-iaas-001-api-endpoint.prod.walmart.com:8774/v2/cea0a4f6ae84428e8c9a1b930c444e1a/flavors/detail?is_public=yes 0.377s
2016-08-12 22:29:21.255 4776 INFO tempest.lib.common.rest_client [req-af9ec57f-54c1-4e83-b916-dea0bf63bfbd ] Request (AZAdminNegativeTestJSON:setUpClass): 409 PUT https://dal-iaas-001-api-endpoint.prod.walmart.com:35357/v2.0/tenants/7e56f8a9b97b4b3f82abf01659080484/users/d31505524373497d97abd63420fe57b7/roles/OS-KSADM/9fe2ff9ee4384b1894a90878d3e92bab 0.646s
2016-08-12 22:29:21.256 4776 INFO tempest.common.dynamic_creds [-] Acquired dynamic creds:
 credentials: Credentials: {'username': u'tempest-AZAdminNegativeTestJSON-1287712000', 'project_name': u'tempest-AZAdminNegativeTestJSON-1287712000', 'user_id': u'd31505524373497d97abd63420fe57b7', 'tenant_name': u'tempest-AZAdminNegativeTestJSON-1287712000', 'tenant_id': u'7e56f8a9b97b4b3f82abf01659080484', 'project_id': u'7e56f8a9b97b4b3f82abf01659080484'}, Network: None, Subnet: None, Router: None
2016-08-12 22:29:21.521 4777 INFO tempest.lib.common.rest_client [req-b88682c7-024b-40d0-8a89-309b6c85d216 ] Request (AggregatesAdminTestJSON:test_aggregate_create_update_with_az): 200 PUT https://dal-iaas-001-api-endpoint.prod.walmart.com:8774/v2/906e5ce010fa4706af07be976722f72f/os-aggregates/823 0.528s
2016-08-12 22:29:21.526 4779 INFO tempest.lib.common.rest_client [req-da902792-073d-480c-8dd6-c64eebc5e0ef ] Request (FlavorsAdminTestJSON:test_is_public_string_variations): 200 GET https://dal-iaas-001-api-endpoint.prod.walmart.com:8774/v2/cea0a4f6ae84428e8c9a1b930c444e1a/flavors/detail?is_public=1 0.306s
2016-08-12 22:29:21.579 4780 INFO tempest.lib.common.rest_client [req-a985ab1d-a504-4a72-b196-77185bb3afc6 ] Request (AggregatesAdminNegativeTestJSON:tearDownClass): 204 DELETE https://dal-iaas-001-api-endpoint.prod.walmart.com:35357/v2.0/users/6cd1447a3340400fa6546d8026fb3109 0.676s
2016-08-12 22:29:21.688 4776 INFO tempest.lib.common.rest_client [req-d5aeddd5-e102-40fa-b96c-68e1c059a16d ] Request (AZAdminNegativeTestJSON:test_get_availability_zone_list_detail_with_non_admin_user): 200 POST https://dal-iaas-001-api-endpoint.prod.walmart.com:5443/v2.0/tokens
2016-08-12 22:29:21.697 4781 INFO tempest.lib.common.rest_client [req-bb995cdd-67b8-444b-a058-c1c655bd304e ] Request (FlavorsAccessTestJSON:setUpClass): 409 PUT https://dal-iaas-001-api-endpoint.prod.walmart.com:35357/v2.0/tenants/6be9d7a069ef4aee874256ec947311ea/users/76bb837fa4954f25aac0ccce3b5dd354/roles/OS-KSADM/9fe2ff9ee4384b1894a90878d3e92bab 0.559s
2016-08-12 22:29:21.698 4781 INFO tempest.common.dynamic_creds [-] Acquired dynamic creds:
 credentials: Credentials: {'username': u'tempest-FlavorsAccessTestJSON-1107181843', 'project_name': u'tempest-FlavorsAccessTestJSON-1107181843', 'user_id': u'76bb837fa4954f25aac0ccce3b5dd354', 'tenant_name': u'tempest-FlavorsAccessTestJSON-1107181843', 'tenant_id': u'6be9d7a069ef4aee874256ec947311ea', 'project_id': u'6be9d7a069ef4aee874256ec947311ea'}, Network: None, Subnet: None, Router: None
2016-08-12 22:29:21.728 4774 INFO tempest.lib.common.rest_client [req-cb51d46c-dd89-4984-891d-736879cdeb85 ] Request (ServersAdminNegativeTestJSON:setUpClass): 200 PUT https://dal-iaas-001-api-endpoint.prod.walmart.com:35357/v2.0/tenants/7515b6a7f0984ecf953711d2713077d8/users/2d1527e4c0d14298a7ff5b7a264794bc/roles/OS-KSADM/b5b0387bbe864c43a2999e531988bb8f 0.662s
2016-08-12 22:29:21.846 4777 INFO tempest.lib.common.rest_client [req-fb0b1947-e4af-4268-ac15-504892c020ab ] Request (AggregatesAdminTestJSON:test_aggregate_create_update_with_az): 200 GET https://dal-iaas-001-api-endpoint.prod.walmart.com:8774/v2/906e5ce010fa4706af07be976722f72f/os-aggregates 0.322s
2016-08-12 22:29:21.858 4779 INFO tempest.lib.common.rest_client [req-c495a9d7-7925-4fe1-9dab-06ebac53339e ] Request (FlavorsAdminTestJSON:_run_cleanups): 202 DELETE https://dal-iaas-001-api-endpoint.prod.walmart.com:8774/v2/cea0a4f6ae84428e8c9a1b930c444e1a/flavors/250231938 0.326s
2016-08-12 22:29:22.161 4779 INFO tempest.lib.common.rest_client [req-806ad395-fd13-440a-bc85-6eb5f91fbe84 ] Request (FlavorsAdminTestJSON:_run_cleanups): 200 GET https://dal-iaas-001-api-endpoint.prod.walmart.com:8774/v2/cea0a4f6ae84428e8c9a1b930c444e1a/flavors/detail 0.302s
2016-08-12 22:29:22.181 4777 INFO tempest.lib.common.rest_client [req-fc9cab8f-baef-44f2-bf73-51247ba8fbc9 ] Request (AggregatesAdminTestJSON:_run_cleanups): 200 DELETE https://dal-iaas-001-api-endpoint.prod.walmart.com:8774/v2/906e5ce010fa4706af07be976722f72f/os-aggregates/823 0.333s
2016-08-12 22:29:22.254 4775 INFO tempest.lib.common.rest_client [req-d55ecfb9-2ca5-44e9-814e-fd258c10863f ] Request (FlavorsExtraSpecsTestJSON:test_flavor_non_admin_get_all_keys): 200 GET https://dal-iaas-001-api-endpoint.prod.walmart.com:8774/v2/9b708770763f4030a5027b086ee46c77/flavors/137100093/os-extra_specs 1.206s
2016-08-12 22:29:22.304 4781 INFO tempest.lib.common.rest_client [req-5d136050-a88e-41cf-a150-f8754f13703b ] Request (FlavorsAccessTestJSON:setUpClass): 200 POST https://dal-iaas-001-api-endpoint.prod.walmart.com:35357/v2.0/tenants 0.601s
2016-08-12 22:29:22.305 4774 INFO tempest.lib.common.rest_client [req-8d43b131-c4e8-4bf8-8148-504737457a1b ] Request (ServersAdminNegativeTestJSON:setUpClass): 200 GET https://dal-iaas-001-api-endpoint.prod.walmart.com:35357/v2.0/OS-KSADM/roles 0.576s
2016-08-12 22:29:22.468 4778 INFO tempest.lib.common.rest_client [req-75884fc5-2a57-42a5-9360-4f37aa7a4330 ] Request (SecurityGroupsTestAdminJSON:test_list_security_groups_list_all_tenants_filter): 200 POST https://dal-iaas-001-api-endpoint.prod.walmart.com:8774/v2/f4e1b455f50d44be861f30c34e9145f0/os-security-groups 1.481s
2016-08-12 22:29:22.520 4779 INFO tempest.lib.common.rest_client [req-f517423c-d402-485e-9237-2a03a81e8e7e ] Request (FlavorsAdminTestJSON:_run_cleanups): 202 DELETE https://dal-iaas-001-api-endpoint.prod.walmart.com:8774/v2/cea0a4f6ae84428e8c9a1b930c444e1a/flavors/331796835 0.351s
2016-08-12 22:29:22.553 4777 INFO tempest.lib.common.rest_client [req-4f599b36-54b4-498a-840b-ea0627af11d3 ] Request (AggregatesAdminTestJSON:test_aggregate_create_verify_entry_in_list): 200 POST https://dal-iaas-001-api-endpoint.prod.walmart.com:8774/v2/906e5ce010fa4706af07be976722f72f/os-aggregates 0.370s
2016-08-12 22:29:22.565 4775 INFO tempest.lib.common.rest_client [req-49f50ece-e376-41e7-8f15-93be6edfd39f ] Request (FlavorsExtraSpecsTestJSON:test_flavor_non_admin_get_specific_key): 200 POST https://dal-iaas-001-api-endpoint.prod.walmart.com:8774/v2/dbd5b865239d44a09d81f4587656e736/flavors/137100093/os-extra_specs 0.308s
2016-08-12 22:29:22.846 4778 INFO tempest.lib.common.rest_client [req-e21afebd-ba43-42e9-bb4d-ad085d185824 ] Request (SecurityGroupsTestAdminJSON:test_list_security_groups_list_all_tenants_filter): 200 POST https://dal-iaas-001-api-endpoint.prod.walmart.com:8774/v2/f4e1b455f50d44be861f30c34e9145f0/os-security-groups 0.374s
2016-08-12 22:29:22.851 4781 INFO tempest.lib.common.rest_client [req-6af9b2eb-1754-4910-a370-2dca104c8f00 ] Request (FlavorsAccessTestJSON:setUpClass): 200 POST https://dal-iaas-001-api-endpoint.prod.walmart.com:35357/v2.0/users 0.546s
2016-08-12 22:29:22.862 4779 INFO tempest.lib.common.rest_client [req-075e9117-5391-4609-9fee-139fef8740f6 ] Request (FlavorsAdminTestJSON:_run_cleanups): 200 GET https://dal-iaas-001-api-endpoint.prod.walmart.com:8774/v2/cea0a4f6ae84428e8c9a1b930c444e1a/flavors/detail 0.342s
2016-08-12 22:29:22.881 4775 INFO tempest.lib.common.rest_client [req-4251692a-4244-4602-bc67-4714cbf321fb ] Request (FlavorsExtraSpecsTestJSON:test_flavor_non_admin_get_specific_key): 200 GET https://dal-iaas-001-api-endpoint.prod.walmart.com:8774/v2/9b708770763f4030a5027b086ee46c77/flavors/137100093/os-extra_specs/key1 0.315s
2016-08-12 22:29:22.885 4774 INFO tempest.lib.common.rest_client [req-213578ae-4906-4752-a4dc-6941c33b5a62 ] Request (ServersAdminNegativeTestJSON:setUpClass): 409 PUT https://dal-iaas-001-api-endpoint.prod.walmart.com:35357/v2.0/tenants/7515b6a7f0984ecf953711d2713077d8/users/2d1527e4c0d14298a7ff5b7a264794bc/roles/OS-KSADM/9fe2ff9ee4384b1894a90878d3e92bab 0.579s
2016-08-12 22:29:22.885 4774 INFO tempest.common.dynamic_creds [-] Acquired dynamic creds:
 credentials: Credentials: {'username': u'tempest-ServersAdminNegativeTestJSON-800545028', 'project_name': u'tempest-ServersAdminNegativeTestJSON-800545028', 'user_id': u'2d1527e4c0d14298a7ff5b7a264794bc', 'tenant_name': u'tempest-ServersAdminNegativeTestJSON-800545028', 'tenant_id': u'7515b6a7f0984ecf953711d2713077d8', 'project_id': u'7515b6a7f0984ecf953711d2713077d8'}, Network: None, Subnet: None, Router: None
2016-08-12 22:29:22.901 4777 INFO tempest.lib.common.rest_client [req-0f6fc5e6-75cd-4b9a-848c-0354529db23d ] Request (AggregatesAdminTestJSON:test_aggregate_create_verify_entry_in_list): 200 GET https://dal-iaas-001-api-endpoint.prod.walmart.com:8774/v2/906e5ce010fa4706af07be976722f72f/os-aggregates 0.345s
2016-08-12 22:29:23.130 4779 INFO tempest.lib.common.rest_client [req-d9c9593f-6c2d-4366-bfd0-08841af6ac4c ] Request (FlavorsAdminTestJSON:test_list_non_public_flavor): 200 POST https://dal-iaas-001-api-endpoint.prod.walmart.com:8774/v2/cea0a4f6ae84428e8c9a1b930c444e1a/flavors 0.262s
2016-08-12 22:29:23.157 4776 INFO tempest.lib.common.rest_client [req-8e891ebb-719a-4b3e-96af-ec2bed915ac1 ] Request (AZAdminNegativeTestJSON:test_get_availability_zone_list_detail_with_non_admin_user): 403 GET https://dal-iaas-001-api-endpoint.prod.walmart.com:8774/v2/585fcd853b8141c5a114134796d962a8/os-availability-zone/detail 1.468s
2016-08-12 22:29:23.161 4780 INFO tempest.lib.common.rest_client [req-7b370706-b944-434b-b7fc-e360c1fde189 ] Request (AggregatesAdminNegativeTestJSON:tearDownClass): 200 GET https://dal-iaas-001-api-endpoint.prod.walmart.com:9696/v2.0/security-groups?tenant_id=5b19d4736a214bd1a209013f2554b24f&name=default 1.581s
2016-08-12 22:29:23.176 4775 INFO tempest.lib.common.rest_client [req-d569f648-627a-45f5-b953-16cbe07caa70 ] Request (FlavorsExtraSpecsTestJSON:test_flavor_set_get_update_show_unset_keys): 200 POST https://dal-iaas-001-api-endpoint.prod.walmart.com:8774/v2/dbd5b865239d44a09d81f4587656e736/flavors/137100093/os-extra_specs 0.293s
2016-08-12 22:29:23.214 4777 INFO tempest.lib.common.rest_client [req-51158ea8-3a33-43a7-aab6-108cd683fe9f ] Request (AggregatesAdminTestJSON:_run_cleanups): 200 DELETE https://dal-iaas-001-api-endpoint.prod.walmart.com:8774/v2/906e5ce010fa4706af07be976722f72f/os-aggregates/826 0.310s
2016-08-12 22:29:23.321 4778 INFO tempest.lib.common.rest_client [req-9872a907-f365-4b13-abdc-415124c0dd9f ] Request (SecurityGroupsTestAdminJSON:test_list_security_groups_list_all_tenants_filter): 200 POST https://dal-iaas-001-api-endpoint.prod.walmart.com:5443/v2.0/tokens
2016-08-12 22:29:23.401 4774 INFO tempest.lib.common.rest_client [req-8c5b4eca-a84c-4774-b65d-fe3520e51099 ] Request (ServersAdminNegativeTestJSON:setUpClass): 200 POST https://dal-iaas-001-api-endpoint.prod.walmart.com:5443/v2.0/tokens
2016-08-12 22:29:23.402 4781 INFO tempest.lib.common.rest_client [req-3b5204ea-12a7-4029-9ec6-1b2bfe680b32 ] Request (FlavorsAccessTestJSON:setUpClass): 200 GET https://dal-iaas-001-api-endpoint.prod.walmart.com:35357/v2.0/OS-KSADM/roles 0.551s
2016-08-12 22:29:23.468 4779 INFO tempest.lib.common.rest_client [req-fea2dd19-a806-4fd0-bc2c-688f8b8c3f02 ] Request (FlavorsAdminTestJSON:test_list_non_public_flavor): 200 GET https://dal-iaas-001-api-endpoint.prod.walmart.com:8774/v2/cea0a4f6ae84428e8c9a1b930c444e1a/flavors/detail 0.335s
2016-08-12 22:29:23.478 4775 INFO tempest.lib.common.rest_client [req-ea72ce9b-819b-4698-b7a4-93c5a6017051 ] Request (FlavorsExtraSpecsTestJSON:test_flavor_set_get_update_show_unset_keys): 200 GET https://dal-iaas-001-api-endpoint.prod.walmart.com:8774/v2/dbd5b865239d44a09d81f4587656e736/flavors/137100093/os-extra_specs 0.300s
2016-08-12 22:29:23.571 4780 INFO tempest.lib.common.rest_client [req-f41b6b6c-0db5-4459-8101-48e3897247a6 ] Request (AggregatesAdminNegativeTestJSON:tearDownClass): 204 DELETE https://dal-iaas-001-api-endpoint.prod.walmart.com:9696/v2.0/security-groups/79b183a8-c00d-4e9d-bf19-57bd2fd9f13d 0.410s
2016-08-12 22:29:23.775 4779 INFO tempest.lib.common.rest_client [req-e020bb5d-873d-436d-960b-aef438a0a71c ] Request (FlavorsAdminTestJSON:test_list_non_public_flavor): 200 GET https://dal-iaas-001-api-endpoint.prod.walmart.com:8774/v2/f92c8d738e9d450a84b78c97dcc95fdd/flavors/detail 0.302s
2016-08-12 22:29:23.817 4775 INFO tempest.lib.common.rest_client [req-f8088a88-dc07-4aed-9de6-f0424f40fa0f ] Request (FlavorsExtraSpecsTestJSON:test_flavor_set_get_update_show_unset_keys): 200 PUT https://dal-iaas-001-api-endpoint.prod.walmart.com:8774/v2/dbd5b865239d44a09d81f4587656e736/flavors/137100093/os-extra_specs/key1 0.337s
2016-08-12 22:29:23.844 4776 INFO tempest.lib.common.rest_client [req-b7e0d20b-e91f-4171-82df-ecf452a9164a ] Request (AZAdminNegativeTestJSON:tearDownClass): 204 DELETE https://dal-iaas-001-api-endpoint.prod.walmart.com:35357/v2.0/users/d31505524373497d97abd63420fe57b7 0.685s
2016-08-12 22:29:23.961 4777 INFO tempest.lib.common.rest_client [req-78e29e71-242f-4a8d-94b0-0695a8b5bdc9 ] Request (AggregatesAdminTestJSON:tearDownClass): 204 DELETE https://dal-iaas-001-api-endpoint.prod.walmart.com:35357/v2.0/users/e33d5d3142b646e285500a7db8251c47 0.746s
2016-08-12 22:29:23.984 4781 INFO tempest.lib.common.rest_client [req-7cc2883a-2f9d-4e4a-b41e-a4b8253c4de0 ] Request (FlavorsAccessTestJSON:setUpClass): 200 PUT https://dal-iaas-001-api-endpoint.prod.walmart.com:35357/v2.0/tenants/4a042767783f44c082e02b71afc3c1a8/users/38ea807768f34546b894dbe5be92275c/roles/OS-KSADM/b5b0387bbe864c43a2999e531988bb8f 0.581s
2016-08-12 22:29:24.111 4775 INFO tempest.lib.common.rest_client [req-547a419a-8c57-4542-9cfd-2deb6bb46442 ] Request (FlavorsExtraSpecsTestJSON:test_flavor_set_get_update_show_unset_keys): 200 GET https://dal-iaas-001-api-endpoint.prod.walmart.com:8774/v2/dbd5b865239d44a09d81f4587656e736/flavors/137100093/os-extra_specs 0.293s
2016-08-12 22:29:24.114 4779 INFO tempest.lib.common.rest_client [req-81fa42ba-2d9b-40a6-83be-5680aea343eb ] Request (FlavorsAdminTestJSON:_run_cleanups): 202 DELETE https://dal-iaas-001-api-endpoint.prod.walmart.com:8774/v2/cea0a4f6ae84428e8c9a1b930c444e1a/flavors/804074845 0.334s
2016-08-12 22:29:24.160 4780 INFO tempest.lib.common.rest_client [req-9c3c437c-87f7-4659-8d91-cac0c360dc6d ] Request (AggregatesAdminNegativeTestJSON:tearDownClass): 204 DELETE https://dal-iaas-001-api-endpoint.prod.walmart.com:35357/v2.0/tenants/5b19d4736a214bd1a209013f2554b24f 0.588s
2016-08-12 22:29:24.425 4779 INFO tempest.lib.common.rest_client [req-e5ce9264-7d21-45b4-8796-ac94a6e14261 ] Request (FlavorsAdminTestJSON:_run_cleanups): 200 GET https://dal-iaas-001-api-endpoint.prod.walmart.com:8774/v2/cea0a4f6ae84428e8c9a1b930c444e1a/flavors/detail 0.310s
2016-08-12 22:29:24.430 4775 INFO tempest.lib.common.rest_client [req-3c0eaade-7adc-4e52-83b8-c487f4f33eac ] Request (FlavorsExtraSpecsTestJSON:test_flavor_set_get_update_show_unset_keys): 200 DELETE https://dal-iaas-001-api-endpoint.prod.walmart.com:8774/v2/dbd5b865239d44a09d81f4587656e736/flavors/137100093/os-extra_specs/key1 0.316s
2016-08-12 22:29:24.598 4781 INFO tempest.lib.common.rest_client [req-e5d79b73-17ed-4872-adfd-fbe53b37608e ] Request (FlavorsAccessTestJSON:setUpClass): 200 GET https://dal-iaas-001-api-endpoint.prod.walmart.com:35357/v2.0/OS-KSADM/roles 0.613s
2016-08-12 22:29:24.722 4774 INFO tempest.lib.common.rest_client [req-6ad31874-5922-43f0-8e1e-d911a4fca7c9 ] Request (ServersAdminNegativeTestJSON:setUpClass): 200 GET https://dal-iaas-001-api-endpoint.prod.walmart.com:8774/v2/7290b5bf721840b5af9177e872ff6c4e/os-networks 1.320s
2016-08-12 22:29:24.722 4774 INFO tempest.common.fixed_network [-] (ServersAdminNegativeTestJSON:setUpClass) Found network {'name': u'net1', u'dns2': None, u'dns1': None, u'cidr': None, u'label': u'net1', u'broadcast': None, u'netmask': None, u'gateway_v6': None, u'id': u'1db35de8-93c8-455c-a1c1-720801bd971a', u'cidr_v6': None, u'gateway': None, u'netmask_v6': None} available for tenant
2016-08-12 22:29:24.726 4780 INFO tempest.lib.common.rest_client [req-28c311a4-8e8a-4e36-aa22-decf5932c1b7 ] Request (AggregatesAdminNegativeTestJSON:tearDownClass): 204 DELETE https://dal-iaas-001-api-endpoint.prod.walmart.com:35357/v2.0/users/2923da2b30864dd9b44817c909b66b3e 0.565s
2016-08-12 22:29:24.728 4779 INFO tempest.lib.common.rest_client [req-764cc3aa-b603-4096-b9b5-810ee8151bf7 ] Request (FlavorsAdminTestJSON:test_list_public_flavor_with_other_user): 200 POST https://dal-iaas-001-api-endpoint.prod.walmart.com:8774/v2/cea0a4f6ae84428e8c9a1b930c444e1a/flavors 0.297s
2016-08-12 22:29:24.740 4775 INFO tempest.lib.common.rest_client [req-70982e0d-a5fa-4383-9d15-fbe7def8c8af ] Request (FlavorsExtraSpecsTestJSON:test_flavor_set_get_update_show_unset_keys): 200 DELETE https://dal-iaas-001-api-endpoint.prod.walmart.com:8774/v2/dbd5b865239d44a09d81f4587656e736/flavors/137100093/os-extra_specs/key2 0.309s
2016-08-12 22:29:24.769 4778 INFO tempest.lib.common.rest_client [req-d778acfa-1adf-419a-9088-c0098f4e73d7 ] Request (SecurityGroupsTestAdminJSON:test_list_security_groups_list_all_tenants_filter): 200 POST https://dal-iaas-001-api-endpoint.prod.walmart.com:8774/v2/4382d870faaf498db13bac1cd5d7d541/os-security-groups 1.447s
2016-08-12 22:29:25.011 4776 INFO tempest.lib.common.rest_client [req-ad531cc6-a8ef-4407-8705-4971a07d280c ] Request (AZAdminNegativeTestJSON:tearDownClass): 200 GET https://dal-iaas-001-api-endpoint.prod.walmart.com:9696/v2.0/security-groups?tenant_id=7e56f8a9b97b4b3f82abf01659080484&name=default 1.167s
2016-08-12 22:29:25.046 4780 INFO tempest.lib.common.rest_client [req-cb9b3745-11bb-438f-8c4f-cf3faae1a987 ] Request (AggregatesAdminNegativeTestJSON:tearDownClass): 200 GET https://dal-iaas-001-api-endpoint.prod.walmart.com:9696/v2.0/security-groups?tenant_id=4c53c440134b4699874fddaa9010cc29&name=default 0.320s
2016-08-12 22:29:25.050 4775 INFO tempest.lib.common.rest_client [req-33dfeacd-a897-4a68-a03c-9237158fd0aa ] Request (FlavorsExtraSpecsTestJSON:tearDownClass): 202 DELETE https://dal-iaas-001-api-endpoint.prod.walmart.com:8774/v2/dbd5b865239d44a09d81f4587656e736/flavors/137100093 0.309s
2016-08-12 22:29:25.058 4779 INFO tempest.lib.common.rest_client [req-705a7396-6b1f-4edc-a619-56725d3d7342 ] Request (FlavorsAdminTestJSON:test_list_public_flavor_with_other_user): 200 GET https://dal-iaas-001-api-endpoint.prod.walmart.com:8774/v2/f92c8d738e9d450a84b78c97dcc95fdd/flavors/detail 0.327s
2016-08-12 22:29:25.206 4774 INFO tempest.lib.common.rest_client [req-27441fd4-cb87-48f2-ba0b-63d8f571daef ] Request (ServersAdminNegativeTestJSON:setUpClass): 200 POST https://dal-iaas-001-api-endpoint.prod.walmart.com:5443/v2.0/tokens
2016-08-12 22:29:25.216 4778 INFO tempest.lib.common.rest_client [req-c7f2ddae-7654-4b0a-996f-db843bb5d0e9 ] Request (SecurityGroupsTestAdminJSON:test_list_security_groups_list_all_tenants_filter): 200 POST https://dal-iaas-001-api-endpoint.prod.walmart.com:8774/v2/4382d870faaf498db13bac1cd5d7d541/os-security-groups 0.444s
2016-08-12 22:29:25.275 4777 INFO tempest.lib.common.rest_client [req-2adcc973-2f1e-4239-8e06-2027548e8916 ] Request (AggregatesAdminTestJSON:tearDownClass): 200 GET https://dal-iaas-001-api-endpoint.prod.walmart.com:9696/v2.0/security-groups?tenant_id=906e5ce010fa4706af07be976722f72f&name=default 1.313s
2016-08-12 22:29:25.283 4781 INFO tempest.lib.common.rest_client [req-6a4f4559-f943-490d-8d45-90de44f00a7c ] Request (FlavorsAccessTestJSON:setUpClass): 409 PUT https://dal-iaas-001-api-endpoint.prod.walmart.com:35357/v2.0/tenants/4a042767783f44c082e02b71afc3c1a8/users/38ea807768f34546b894dbe5be92275c/roles/OS-KSADM/9fe2ff9ee4384b1894a90878d3e92bab 0.684s
2016-08-12 22:29:25.283 4781 INFO tempest.common.dynamic_creds [-] Acquired dynamic creds:
 credentials: Credentials: {'username': u'tempest-FlavorsAccessTestJSON-186543994', 'project_name': u'tempest-FlavorsAccessTestJSON-186543994', 'user_id': u'38ea807768f34546b894dbe5be92275c', 'tenant_name': u'tempest-FlavorsAccessTestJSON-186543994', 'tenant_id': u'4a042767783f44c082e02b71afc3c1a8', 'project_id': u'4a042767783f44c082e02b71afc3c1a8'}, Network: None, Subnet: None, Router: None
2016-08-12 22:29:25.382 4775 INFO tempest.lib.common.rest_client [req-2b7e0d5a-0d04-44e6-aac2-e7385f10a9a1 ] Request (FlavorsExtraSpecsTestJSON:tearDownClass): 200 GET https://dal-iaas-001-api-endpoint.prod.walmart.com:8774/v2/dbd5b865239d44a09d81f4587656e736/flavors/detail 0.331s
2016-08-12 22:29:25.410 4776 INFO tempest.lib.common.rest_client [req-91cf2f09-0197-415a-a752-8bf64941e212 ] Request (AZAdminNegativeTestJSON:tearDownClass): 204 DELETE https://dal-iaas-001-api-endpoint.prod.walmart.com:9696/v2.0/security-groups/02a2bdc2-b15f-41ef-a66f-13099e9cbb26 0.397s
2016-08-12 22:29:25.414 4780 INFO tempest.lib.common.rest_client [req-d68c4faa-0a10-410b-84cb-1ea5c5508088 ] Request (AggregatesAdminNegativeTestJSON:tearDownClass): 204 DELETE https://dal-iaas-001-api-endpoint.prod.walmart.com:9696/v2.0/security-groups/42be1f16-d480-4822-ba98-779cfbbcf641 0.367s
2016-08-12 22:29:25.454 4779 INFO tempest.lib.common.rest_client [req-d10b42cf-5dcc-4023-b1ed-cb0eae5c3343 ] Request (FlavorsAdminTestJSON:_run_cleanups): 202 DELETE https://dal-iaas-001-api-endpoint.prod.walmart.com:8774/v2/cea0a4f6ae84428e8c9a1b930c444e1a/flavors/1226120326 0.389s
2016-08-12 22:29:25.706 4777 INFO tempest.lib.common.rest_client [req-085633f8-6cf2-4973-8f61-c128921bde39 ] Request (AggregatesAdminTestJSON:tearDownClass): 204 DELETE https://dal-iaas-001-api-endpoint.prod.walmart.com:9696/v2.0/security-groups/bfccd018-62a0-455b-a17f-8d1b5abec088 0.431s
2016-08-12 22:29:25.780 4779 INFO tempest.lib.common.rest_client [req-9c612898-9f9d-4e5d-a4c4-0e11d0dd3095 ] Request (FlavorsAdminTestJSON:_run_cleanups): 200 GET https://dal-iaas-001-api-endpoint.prod.walmart.com:8774/v2/cea0a4f6ae84428e8c9a1b930c444e1a/flavors/detail 0.325s
2016-08-12 22:29:25.829 4781 INFO tempest.lib.common.rest_client [req-bf7fe911-100a-46ff-9af4-106750bd096d ] Request (FlavorsAccessTestJSON:test_flavor_access_add_remove): 200 POST https://dal-iaas-001-api-endpoint.prod.walmart.com:5443/v2.0/tokens
2016-08-12 22:29:26.073 4775 INFO tempest.lib.common.rest_client [req-357de1e1-2e6b-4c95-9e26-0cd5df1105bd ] Request (FlavorsExtraSpecsTestJSON:tearDownClass): 204 DELETE https://dal-iaas-001-api-endpoint.prod.walmart.com:35357/v2.0/users/24197036a1d44b6e8158b7209d90e46e 0.686s
2016-08-12 22:29:26.090 4776 INFO tempest.lib.common.rest_client [req-8281dce4-87f5-4b39-9aff-7e0b2b1a88cd ] Request (AZAdminNegativeTestJSON:tearDownClass): 204 DELETE https://dal-iaas-001-api-endpoint.prod.walmart.com:35357/v2.0/tenants/7e56f8a9b97b4b3f82abf01659080484 0.680s
2016-08-12 22:29:26.240 4780 INFO tempest.lib.common.rest_client [req-68f6f772-348e-48b1-bd29-b8113150d276 ] Request (AggregatesAdminNegativeTestJSON:tearDownClass): 204 DELETE https://dal-iaas-001-api-endpoint.prod.walmart.com:35357/v2.0/tenants/4c53c440134b4699874fddaa9010cc29 0.825s
2016-08-12 22:29:26.326 4777 INFO tempest.lib.common.rest_client [req-dba444b2-1aaa-4f5d-bbcf-d7a4896ca9bf ] Request (AggregatesAdminTestJSON:tearDownClass): 204 DELETE https://dal-iaas-001-api-endpoint.prod.walmart.com:35357/v2.0/tenants/906e5ce010fa4706af07be976722f72f 0.619s
2016-08-12 22:29:26.361 4779 INFO tempest.lib.common.rest_client [req-af5247d9-e9cc-424a-ab28-c8e47e4a8616 ] Request (FlavorsAdminTestJSON:tearDownClass): 204 DELETE https://dal-iaas-001-api-endpoint.prod.walmart.com:35357/v2.0/users/67c779e5fe2941b391e8ca3aa728cafd 0.575s
2016-08-12 22:29:26.675 4776 INFO tempest.lib.common.rest_client [req-de1f84d9-e1e0-4ae8-b7db-530d97f4c37c ] Request (AZAdminNegativeTestJSON:tearDownClass): 204 DELETE https://dal-iaas-001-api-endpoint.prod.walmart.com:35357/v2.0/users/5353a732f854449bb4b623b007e1d420 0.584s
2016-08-12 22:29:26.744 4780 INFO tempest.lib.common.rest_client [req-eb998e6e-80b6-479e-9b1a-ee796c816e1c ] Request (FlavorsAccessNegativeTestJSON:setUpClass): 200 POST https://dal-iaas-001-api-endpoint.prod.walmart.com:5443/v2.0/tokens
2016-08-12 22:29:26.934 4777 INFO tempest.lib.common.rest_client [req-85363173-241c-4dce-9390-6ac850ea19b6 ] Request (AggregatesAdminTestJSON:tearDownClass): 204 DELETE https://dal-iaas-001-api-endpoint.prod.walmart.com:35357/v2.0/users/1171c61795f447a39a03fab6abe49501 0.608s
2016-08-12 22:29:26.981 4776 INFO tempest.lib.common.rest_client [req-536ccd09-653a-4552-9414-90c74d682885 ] Request (AZAdminNegativeTestJSON:tearDownClass): 200 GET https://dal-iaas-001-api-endpoint.prod.walmart.com:9696/v2.0/security-groups?tenant_id=585fcd853b8141c5a114134796d962a8&name=default 0.305s
2016-08-12 22:29:27.191 4775 INFO tempest.lib.common.rest_client [req-d43037dc-3a60-4955-958a-35bc2f179b03 ] Request (FlavorsExtraSpecsTestJSON:tearDownClass): 200 GET https://dal-iaas-001-api-endpoint.prod.walmart.com:9696/v2.0/security-groups?tenant_id=dbd5b865239d44a09d81f4587656e736&name=default 1.117s
2016-08-12 22:29:27.258 4777 INFO tempest.lib.common.rest_client [req-68e65296-e6b0-431d-a911-425fc1fe6e2c ] Request (AggregatesAdminTestJSON:tearDownClass): 200 GET https://dal-iaas-001-api-endpoint.prod.walmart.com:9696/v2.0/security-groups?tenant_id=73afa8ba53a24600be5efbc7f4deed5c&name=default 0.322s
2016-08-12 22:29:27.263 4781 INFO tempest.lib.common.rest_client [req-887876c6-5f56-47fe-a0df-78a418d3d213 ] Request (FlavorsAccessTestJSON:test_flavor_access_add_remove): 200 POST https://dal-iaas-001-api-endpoint.prod.walmart.com:8774/v2/4a042767783f44c082e02b71afc3c1a8/flavors 1.434s
2016-08-12 22:29:27.274 4780 INFO tempest.lib.common.rest_client [req-acac91a8-5e87-4395-943e-bfb68660382c ] Request (FlavorsAccessNegativeTestJSON:setUpClass): 200 POST https://dal-iaas-001-api-endpoint.prod.walmart.com:5443/v2.0/tokens
2016-08-12 22:29:27.307 4776 INFO tempest.lib.common.rest_client [req-3bad488a-e751-438f-b668-2191f737e204 ] Request (AZAdminNegativeTestJSON:tearDownClass): 204 DELETE https://dal-iaas-001-api-endpoint.prod.walmart.com:9696/v2.0/security-groups/1fdabade-75e1-406d-868a-693366ee4fc4 0.325s
2016-08-12 22:29:27.498 4779 INFO tempest.lib.common.rest_client [req-16fdddea-3225-41a3-a049-1025a0cc23b5 ] Request (FlavorsAdminTestJSON:tearDownClass): 200 GET https://dal-iaas-001-api-endpoint.prod.walmart.com:9696/v2.0/security-groups?tenant_id=cea0a4f6ae84428e8c9a1b930c444e1a&name=default 1.137s
2016-08-12 22:29:27.507 4774 INFO tempest.lib.common.rest_client [req-3a1223ab-5e5a-4d09-94e0-611cda96aa17 ] Request (ServersAdminNegativeTestJSON:setUpClass): 202 POST https://dal-iaas-001-api-endpoint.prod.walmart.com:8774/v2/7290b5bf721840b5af9177e872ff6c4e/servers 2.301s
2016-08-12 22:29:27.527 4775 INFO tempest.lib.common.rest_client [req-89a7708a-e042-402d-b305-440f8711c0c7 ] Request (FlavorsExtraSpecsTestJSON:tearDownClass): 204 DELETE https://dal-iaas-001-api-endpoint.prod.walmart.com:9696/v2.0/security-groups/b6722fbc-d54a-4d03-ad8c-67d71f2afcfb 0.335s
2016-08-12 22:29:27.583 4777 INFO tempest.lib.common.rest_client [req-a9e3e5ba-92e7-4f0f-8c8c-c5c9b889298e ] Request (AggregatesAdminTestJSON:tearDownClass): 204 DELETE https://dal-iaas-001-api-endpoint.prod.walmart.com:9696/v2.0/security-groups/21a918a2-209b-4965-9940-c4122da16e28 0.325s
2016-08-12 22:29:27.583 4781 INFO tempest.lib.common.rest_client [req-79d3661b-7e52-4a17-a40b-550b3ca323b9 ] Request (FlavorsAccessTestJSON:test_flavor_access_add_remove): 200 POST https://dal-iaas-001-api-endpoint.prod.walmart.com:8774/v2/4a042767783f44c082e02b71afc3c1a8/flavors/1669101415/action 0.317s
2016-08-12 22:29:27.817 4779 INFO tempest.lib.common.rest_client [req-2e1f8567-d352-4fa1-9dee-8d4be386dd35 ] Request (FlavorsAdminTestJSON:tearDownClass): 204 DELETE https://dal-iaas-001-api-endpoint.prod.walmart.com:9696/v2.0/security-groups/f1358bb7-9e15-4b1b-bdf6-b9fb0a548d53 0.318s
2016-08-12 22:29:27.826 4780 INFO tempest.lib.common.rest_client [req-7d8f9952-5602-4ad6-ad15-61b15b4fb9d7 ] Request (FlavorsAccessNegativeTestJSON:setUpClass): 200 POST https://dal-iaas-001-api-endpoint.prod.walmart.com:35357/v2.0/tenants 0.551s
2016-08-12 22:29:27.953 4776 INFO tempest.lib.common.rest_client [req-23ccb7ea-a453-4aff-8913-0f9720a9e57e ] Request (AZAdminNegativeTestJSON:tearDownClass): 204 DELETE https://dal-iaas-001-api-endpoint.prod.walmart.com:35357/v2.0/tenants/585fcd853b8141c5a114134796d962a8 0.645s
2016-08-12 22:29:27.959 4774 INFO tempest.lib.common.rest_client [req-ea547b88-e579-4a39-8426-851a21df23ef ] Request (ServersAdminNegativeTestJSON:setUpClass): 200 GET https://dal-iaas-001-api-endpoint.prod.walmart.com:8774/v2/7290b5bf721840b5af9177e872ff6c4e/servers/60bdcbc4-fb72-45eb-b9db-f1e0468a6375 0.448s
2016-08-12 22:29:28.110 4781 INFO tempest.lib.common.rest_client [req-a69b9e37-59d1-4856-bb34-8d7e95f312fe ] Request (FlavorsAccessTestJSON:test_flavor_access_add_remove): 200 POST https://dal-iaas-001-api-endpoint.prod.walmart.com:5443/v2.0/tokens
2016-08-12 22:29:28.236 4775 INFO tempest.lib.common.rest_client [req-ec487b48-0873-475a-ae24-9ac697f710bf ] Request (FlavorsExtraSpecsTestJSON:tearDownClass): 204 DELETE https://dal-iaas-001-api-endpoint.prod.walmart.com:35357/v2.0/tenants/dbd5b865239d44a09d81f4587656e736 0.708s
2016-08-12 22:29:28.282 4777 INFO tempest.lib.common.rest_client [req-e07c2f35-57d1-4e1d-be87-652683206db6 ] Request (AggregatesAdminTestJSON:tearDownClass): 204 DELETE https://dal-iaas-001-api-endpoint.prod.walmart.com:35357/v2.0/tenants/73afa8ba53a24600be5efbc7f4deed5c 0.699s
2016-08-12 22:29:28.454 4780 INFO tempest.lib.common.rest_client [req-c55becf8-6997-4d8c-98ab-e62944c53b21 ] Request (FlavorsAccessNegativeTestJSON:setUpClass): 200 POST https://dal-iaas-001-api-endpoint.prod.walmart.com:35357/v2.0/users 0.626s
2016-08-12 22:29:28.529 4779 INFO tempest.lib.common.rest_client [req-63f5904b-1293-4c3e-9e05-ff230e76222f ] Request (FlavorsAdminTestJSON:tearDownClass): 204 DELETE https://dal-iaas-001-api-endpoint.prod.walmart.com:35357/v2.0/tenants/cea0a4f6ae84428e8c9a1b930c444e1a 0.711s
2016-08-12 22:29:28.563 4776 INFO tempest.lib.common.rest_client [req-596ec70e-7170-416d-88ff-754d7d785c5b ] Request (HostsAdminNegativeTestJSON:setUpClass): 200 POST https://dal-iaas-001-api-endpoint.prod.walmart.com:5443/v2.0/tokens
2016-08-12 22:29:28.837 4775 INFO tempest.lib.common.rest_client [req-c16c5efb-ae47-4759-8cfd-90f4d5cc961d ] Request (FlavorsExtraSpecsTestJSON:tearDownClass): 204 DELETE https://dal-iaas-001-api-endpoint.prod.walmart.com:35357/v2.0/users/3c9731fb17ab4f82867799f9ce09ea8c 0.600s
2016-08-12 22:29:28.852 4777 INFO tempest.lib.common.rest_client [req-e4df0474-dbb7-449a-96b7-059c5cc4e8d5 ] Request (HostsAdminTestJSON:setUpClass): 200 POST https://dal-iaas-001-api-endpoint.prod.walmart.com:5443/v2.0/tokens
2016-08-12 22:29:29.013 4780 INFO tempest.lib.common.rest_client [req-8276890f-f073-4bc1-a945-f65a210cfc8c ] Request (FlavorsAccessNegativeTestJSON:setUpClass): 200 GET https://dal-iaas-001-api-endpoint.prod.walmart.com:35357/v2.0/OS-KSADM/roles 0.559s
2016-08-12 22:29:29.120 4779 INFO tempest.lib.common.rest_client [req-47450f3b-3560-47df-aec2-7e1e19c7a019 ] Request (FlavorsAdminTestJSON:tearDownClass): 204 DELETE https://dal-iaas-001-api-endpoint.prod.walmart.com:35357/v2.0/users/4c3fc722ac8c456c819fd657ad3c4213 0.591s
2016-08-12 22:29:29.165 4775 INFO tempest.lib.common.rest_client [req-96c48687-a300-4bcd-b733-51caf2cdb0c0 ] Request (FlavorsExtraSpecsTestJSON:tearDownClass): 200 GET https://dal-iaas-001-api-endpoint.prod.walmart.com:9696/v2.0/security-groups?tenant_id=9b708770763f4030a5027b086ee46c77&name=default 0.327s
2016-08-12 22:29:29.166 4776 INFO tempest.lib.common.rest_client [req-acb60765-2830-4004-b9cd-82ef266c6bb8 ] Request (HostsAdminNegativeTestJSON:setUpClass): 200 POST https://dal-iaas-001-api-endpoint.prod.walmart.com:5443/v2.0/tokens
2016-08-12 22:29:29.316 4781 INFO tempest.lib.common.rest_client [req-bf68191c-3ef7-4a2a-b041-1aadbc92e4e0 ] Request (FlavorsAccessTestJSON:test_flavor_access_add_remove): 200 GET https://dal-iaas-001-api-endpoint.prod.walmart.com:8774/v2/6be9d7a069ef4aee874256ec947311ea/flavors/detail 1.205s
2016-08-12 22:29:29.438 4777 INFO tempest.lib.common.rest_client [req-9e42e727-e07b-443a-86d2-ff8102ee5fd0 ] Request (HostsAdminTestJSON:setUpClass): 200 POST https://dal-iaas-001-api-endpoint.prod.walmart.com:5443/v2.0/tokens
2016-08-12 22:29:29.439 4779 INFO tempest.lib.common.rest_client [req-b81a568c-d933-4a2d-9cfc-2e2272652fe1 ] Request (FlavorsAdminTestJSON:tearDownClass): 200 GET https://dal-iaas-001-api-endpoint.prod.walmart.com:9696/v2.0/security-groups?tenant_id=f92c8d738e9d450a84b78c97dcc95fdd&name=default 0.318s
2016-08-12 22:29:29.461 4774 INFO tempest.lib.common.rest_client [req-78635662-95ee-4eca-9904-83ef2d0fc98d ] Request (ServersAdminNegativeTestJSON:setUpClass): 200 GET https://dal-iaas-001-api-endpoint.prod.walmart.com:8774/v2/7290b5bf721840b5af9177e872ff6c4e/servers/60bdcbc4-fb72-45eb-b9db-f1e0468a6375 0.493s
2016-08-12 22:29:29.467 4774 INFO tempest.common.waiters [-] State transition "BUILD/scheduling" ==> "BUILD/block_device_mapping" after 2 second wait
2016-08-12 22:29:29.534 4775 INFO tempest.lib.common.rest_client [req-381048cc-fee3-4a53-be47-1eb196a70993 ] Request (FlavorsExtraSpecsTestJSON:tearDownClass): 204 DELETE https://dal-iaas-001-api-endpoint.prod.walmart.com:9696/v2.0/security-groups/f58e5663-5fc5-42ed-9a60-ae891d6d4c3a 0.368s
2016-08-12 22:29:29.601 4781 INFO tempest.lib.common.rest_client [req-24acc787-e425-4531-8c55-5c412c1ac3e1 ] Request (FlavorsAccessTestJSON:test_flavor_access_add_remove): 200 POST https://dal-iaas-001-api-endpoint.prod.walmart.com:8774/v2/4a042767783f44c082e02b71afc3c1a8/flavors/1669101415/action 0.279s
2016-08-12 22:29:29.614 4780 INFO tempest.lib.common.rest_client [req-69b7c548-5678-423d-9190-c56aa24686f3 ] Request (FlavorsAccessNegativeTestJSON:setUpClass): 409 PUT https://dal-iaas-001-api-endpoint.prod.walmart.com:35357/v2.0/tenants/e45879e68678410d8d891d338469496b/users/53bf12ced3eb40bab6bd06af7cef38ba/roles/OS-KSADM/9fe2ff9ee4384b1894a90878d3e92bab 0.600s
2016-08-12 22:29:29.614 4780 INFO tempest.common.dynamic_creds [-] Acquired dynamic creds:
 credentials: Credentials: {'username': u'tempest-FlavorsAccessNegativeTestJSON-453760570', 'project_name': u'tempest-FlavorsAccessNegativeTestJSON-453760570', 'user_id': u'53bf12ced3eb40bab6bd06af7cef38ba', 'tenant_name': u'tempest-FlavorsAccessNegativeTestJSON-453760570', 'tenant_id': u'e45879e68678410d8d891d338469496b', 'project_id': u'e45879e68678410d8d891d338469496b'}, Network: None, Subnet: None, Router: None
2016-08-12 22:29:29.778 4776 INFO tempest.lib.common.rest_client [req-6c046d60-e1f0-4667-a226-6842a959f472 ] Request (HostsAdminNegativeTestJSON:setUpClass): 200 POST https://dal-iaas-001-api-endpoint.prod.walmart.com:35357/v2.0/tenants 0.611s
2016-08-12 22:29:29.835 4779 INFO tempest.lib.common.rest_client [req-53f8b63d-7b84-446c-9908-570f69af7a23 ] Request (FlavorsAdminTestJSON:tearDownClass): 204 DELETE https://dal-iaas-001-api-endpoint.prod.walmart.com:9696/v2.0/security-groups/4ed7738f-8848-4733-8aa8-eca0b61b1913 0.395s
2016-08-12 22:29:29.927 4781 INFO tempest.lib.common.rest_client [req-779e9037-6b72-49f4-a086-5c8063bcc178 ] Request (FlavorsAccessTestJSON:test_flavor_access_add_remove): 200 GET https://dal-iaas-001-api-endpoint.prod.walmart.com:8774/v2/6be9d7a069ef4aee874256ec947311ea/flavors/detail 0.325s
2016-08-12 22:29:30.126 4777 INFO tempest.lib.common.rest_client [req-a226871b-d58e-492a-be0b-f1e1b9576574 ] Request (HostsAdminTestJSON:setUpClass): 200 POST https://dal-iaas-001-api-endpoint.prod.walmart.com:35357/v2.0/tenants 0.687s
2016-08-12 22:29:30.205 4780 INFO tempest.lib.common.rest_client [req-bd8a2040-972a-4c6e-a2e8-18e9bd3216ea ] Request (FlavorsAccessNegativeTestJSON:setUpClass): 200 POST https://dal-iaas-001-api-endpoint.prod.walmart.com:35357/v2.0/tenants 0.586s
2016-08-12 22:29:30.280 4781 INFO tempest.lib.common.rest_client [req-8958a106-ba0b-4bd3-b828-00ee39cdc1c0 ] Request (FlavorsAccessTestJSON:_run_cleanups): 202 DELETE https://dal-iaas-001-api-endpoint.prod.walmart.com:8774/v2/4a042767783f44c082e02b71afc3c1a8/flavors/1669101415 0.348s
2016-08-12 22:29:30.374 4775 INFO tempest.lib.common.rest_client [req-5fe733d6-30cd-44b0-b651-391c02e6c8b3 ] Request (FlavorsExtraSpecsTestJSON:tearDownClass): 204 DELETE https://dal-iaas-001-api-endpoint.prod.walmart.com:35357/v2.0/tenants/9b708770763f4030a5027b086ee46c77 0.839s
2016-08-12 22:29:30.425 4776 INFO tempest.lib.common.rest_client [req-ace45faa-8041-4378-a0f1-121a534bb856 ] Request (HostsAdminNegativeTestJSON:setUpClass): 200 POST https://dal-iaas-001-api-endpoint.prod.walmart.com:35357/v2.0/users 0.645s
2016-08-12 22:29:30.610 4781 INFO tempest.lib.common.rest_client [req-8a599b97-58cc-4980-8487-143ee68221c0 ] Request (FlavorsAccessTestJSON:test_flavor_access_list_with_private_flavor): 200 POST https://dal-iaas-001-api-endpoint.prod.walmart.com:8774/v2/4a042767783f44c082e02b71afc3c1a8/flavors 0.328s
2016-08-12 22:29:30.665 4779 INFO tempest.lib.common.rest_client [req-b2421f05-b50a-4db3-afde-8538d2f77b20 ] Request (FlavorsAdminTestJSON:tearDownClass): 204 DELETE https://dal-iaas-001-api-endpoint.prod.walmart.com:35357/v2.0/tenants/f92c8d738e9d450a84b78c97dcc95fdd 0.829s
2016-08-12 22:29:30.898 4781 INFO tempest.lib.common.rest_client [req-6dbd43ab-b429-4375-b79a-06ff1c4ebb84 ] Request (FlavorsAccessTestJSON:test_flavor_access_list_with_private_flavor): 200 GET https://dal-iaas-001-api-endpoint.prod.walmart.com:8774/v2/4a042767783f44c082e02b71afc3c1a8/flavors/615745664/os-flavor-access 0.285s
2016-08-12 22:29:30.922 4774 INFO tempest.lib.common.rest_client [req-08b3b315-f940-4642-9172-60af7ab9a0fc ] Request (ServersAdminNegativeTestJSON:setUpClass): 200 GET https://dal-iaas-001-api-endpoint.prod.walmart.com:8774/v2/7290b5bf721840b5af9177e872ff6c4e/servers/60bdcbc4-fb72-45eb-b9db-f1e0468a6375 0.453s
2016-08-12 22:29:30.930 4774 INFO tempest.common.waiters [-] State transition "BUILD/block_device_mapping" ==> "BUILD/scheduling" after 3 second wait
2016-08-12 22:29:30.935 4777 INFO tempest.lib.common.rest_client [req-22f74020-085e-497f-a472-f36428c18bb4 ] Request (HostsAdminTestJSON:setUpClass): 200 POST https://dal-iaas-001-api-endpoint.prod.walmart.com:35357/v2.0/users 0.807s
2016-08-12 22:29:30.941 4775 INFO tempest.lib.common.rest_client [req-140a2dd2-5614-4496-8aec-d4fcda1ebd7f ] Request (QuotasAdminTestJSON:setUpClass): 200 POST https://dal-iaas-001-api-endpoint.prod.walmart.com:5443/v2.0/tokens
2016-08-12 22:29:30.959 4780 INFO tempest.lib.common.rest_client [req-1b0f22f5-ae6a-4303-a4d7-b20f055ded8b ] Request (FlavorsAccessNegativeTestJSON:setUpClass): 200 POST https://dal-iaas-001-api-endpoint.prod.walmart.com:35357/v2.0/users 0.753s
2016-08-12 22:29:30.999 4776 INFO tempest.lib.common.rest_client [req-2034c923-bdcf-4a07-9de1-cc427afa8a83 ] Request (HostsAdminNegativeTestJSON:setUpClass): 200 GET https://dal-iaas-001-api-endpoint.prod.walmart.com:35357/v2.0/OS-KSADM/roles 0.573s
2016-08-12 22:29:31.216 4781 INFO tempest.lib.common.rest_client [req-f3250b3f-6a01-44ec-9506-c7861507d596 ] Request (FlavorsAccessTestJSON:_run_cleanups): 202 DELETE https://dal-iaas-001-api-endpoint.prod.walmart.com:8774/v2/4a042767783f44c082e02b71afc3c1a8/flavors/615745664 0.315s
2016-08-12 22:29:31.244 4779 INFO tempest.lib.common.rest_client [req-8a43bc5b-6bd5-483d-b3f7-c7fc58be793b ] Request (FloatingIPsBulkAdminTestJSON:setUpClass): 200 POST https://dal-iaas-001-api-endpoint.prod.walmart.com:5443/v2.0/tokens
2016-08-12 22:29:31.471 4777 INFO tempest.lib.common.rest_client [req-c5b5e489-d8c2-490c-8e3f-f4655dafafcf ] Request (HostsAdminTestJSON:setUpClass): 200 GET https://dal-iaas-001-api-endpoint.prod.walmart.com:35357/v2.0/OS-KSADM/roles 0.536s
2016-08-12 22:29:31.483 4780 INFO tempest.lib.common.rest_client [req-1db471e0-b073-428a-877c-925367f8f18f ] Request (FlavorsAccessNegativeTestJSON:setUpClass): 200 GET https://dal-iaas-001-api-endpoint.prod.walmart.com:35357/v2.0/OS-KSADM/roles 0.523s
2016-08-12 22:29:31.533 4775 INFO tempest.lib.common.rest_client [req-0325eda7-56ab-46e9-a7ac-6036059ce8a7 ] Request (QuotasAdminTestJSON:setUpClass): 200 POST https://dal-iaas-001-api-endpoint.prod.walmart.com:5443/v2.0/tokens
