2016-08-10 20:43:03.098 15822 ERROR tempest.test     raise exceptions.Conflict(resp_body, resp=resp)
2016-08-10 20:43:03.098 15822 ERROR tempest.test Conflict: An object with that identifier already exists
2016-08-10 20:43:03.098 15822 ERROR tempest.test Details: {u'message': u'Security Group 7fece08e-265c-4745-aec0-3c01374dd9a4 in use.', u'type': u'SecurityGroupInUse', u'detail': u''}
2016-08-10 20:43:03.098 15822 ERROR tempest.test 
2016-08-10 20:43:03.172 15825 INFO tempest.lib.common.rest_client [req-710e6018-4e60-49f2-9da5-0ab47a687685 ] Request (QuotasAdminTestJSON:test_update_all_quota_resources_for_tenant): 200 PUT https://dal-iaas-001-api-endpoint.prod.walmart.com:8774/v2/3504408dfaa04e058838354d9eb3434f/os-quota-sets/430e86e9429e4b69872dc4d074f08247 0.392s
2016-08-10 20:43:03.297 15823 INFO tempest.lib.common.rest_client [req-18f4896d-1036-4aa4-a51a-a4a57dd00e3f ] Request (SecurityGroupRulesTestJSON:setUpClass): 200 POST https://dal-iaas-001-api-endpoint.prod.walmart.com:5443/v2.0/tokens
2016-08-10 20:43:03.349 15821 INFO tempest.lib.common.rest_client [req-4d31a7e3-c921-4e35-96a2-d1a5d08d95ee ] Request (HostsAdminNegativeTestJSON:test_shutdown_host_with_non_admin_user): 403 GET https://dal-iaas-001-api-endpoint.prod.walmart.com:8774/v2/d6a837773b234c398c371ce1e2a24acd/os-hosts/dal-appblx061-01_nova_scheduler_container-e75090e6/shutdown 0.271s
2016-08-10 20:43:03.383 15826 INFO tempest.lib.common.rest_client [req-74a8fa30-aa8e-400d-81a1-6c9836d117a6 ] Request (ImagesOneServerNegativeTestJSON:setUpClass): 200 GET https://dal-iaas-001-api-endpoint.prod.walmart.com:8774/v2/c2c3ba2ac49848b8a6386d271b3e6d5a/servers/45ff7652-b918-4e1a-83dc-35a9d2f13f40 0.511s
2016-08-10 20:43:03.466 15827 INFO tempest.lib.common.rest_client [req-163e7cf5-2f5e-453f-bce3-57f8e66725cd ] Request (FlavorDetailsNegativeTestJSON:tearDownClass): 200 GET https://dal-iaas-001-api-endpoint.prod.walmart.com:9696/v2.0/security-groups?tenant_id=41fadb5f24954483a1b237e5c04e3a55&name=default 1.037s
2016-08-10 20:43:03.658 15821 INFO tempest.lib.common.rest_client [req-959bd533-e712-4976-ba40-0a3ab1131274 ] Request (HostsAdminNegativeTestJSON:test_shutdown_nonexistent_host): 404 GET https://dal-iaas-001-api-endpoint.prod.walmart.com:8774/v2/0fcd4969880b4be0a8df061e3d93927c/os-hosts/tempest-rand_hostname-57695909/shutdown 0.307s
2016-08-10 20:43:03.663 15825 INFO tempest.lib.common.rest_client [req-1e6b3624-584a-45b6-8c7d-dcdda484d72c ] Request (QuotasAdminTestJSON:_run_cleanups): 200 PUT https://dal-iaas-001-api-endpoint.prod.walmart.com:8774/v2/3504408dfaa04e058838354d9eb3434f/os-quota-sets/430e86e9429e4b69872dc4d074f08247 0.487s
2016-08-10 20:43:03.698 15822 INFO tempest.lib.common.rest_client [req-e5144434-23a9-4730-982d-16896e3831a0 ] Request (ImagesOneServerTestJSON:setUpClass): 200 POST https://dal-iaas-001-api-endpoint.prod.walmart.com:5443/v2.0/tokens
2016-08-10 20:43:03.733 15823 INFO tempest.lib.common.rest_client [req-85de0ee3-a643-4901-bdf6-17d4ada57a2b ] Request (SecurityGroupRulesTestJSON:setUpClass): 200 POST https://dal-iaas-001-api-endpoint.prod.walmart.com:35357/v2.0/tenants 0.435s
2016-08-10 20:43:03.902 15827 INFO tempest.lib.common.rest_client [req-212bbb26-8d76-40b4-af4a-fde9ca24894e ] Request (FlavorDetailsNegativeTestJSON:tearDownClass): 204 DELETE https://dal-iaas-001-api-endpoint.prod.walmart.com:9696/v2.0/security-groups/51788020-f7ad-4786-92fe-8ebb8f22297b 0.435s
2016-08-10 20:43:03.995 15821 INFO tempest.lib.common.rest_client [req-83fbbe87-eb65-4559-baaa-ca046aa26ac9 ] Request (HostsAdminNegativeTestJSON:test_startup_host_with_non_admin_user): 200 GET https://dal-iaas-001-api-endpoint.prod.walmart.com:8774/v2/0fcd4969880b4be0a8df061e3d93927c/os-hosts 0.334s
2016-08-10 20:43:04.223 15823 INFO tempest.lib.common.rest_client [req-57865fc8-b964-4322-b2f4-c0f7fd0f4d45 ] Request (SecurityGroupRulesTestJSON:setUpClass): 200 POST https://dal-iaas-001-api-endpoint.prod.walmart.com:35357/v2.0/users 0.489s
2016-08-10 20:43:04.228 15825 INFO tempest.lib.common.rest_client [req-cfcbe57f-344b-47d1-825e-052adc221fa8 ] Request (QuotasAdminTestJSON:tearDownClass): 204 DELETE https://dal-iaas-001-api-endpoint.prod.walmart.com:35357/v2.0/users/36e848ed0a284239a4b2a577def6987f 0.557s
2016-08-10 20:43:04.267 15822 INFO tempest.lib.common.rest_client [req-9bcc1e41-3a8c-4d12-9eda-e9a25e853374 ] Request (ImagesOneServerTestJSON:setUpClass): 200 POST https://dal-iaas-001-api-endpoint.prod.walmart.com:5443/v2.0/tokens
2016-08-10 20:43:04.268 15821 INFO tempest.lib.common.rest_client [req-4fcb4184-884d-468d-a269-0514aeb68abc ] Request (HostsAdminNegativeTestJSON:test_startup_host_with_non_admin_user): 403 GET https://dal-iaas-001-api-endpoint.prod.walmart.com:8774/v2/d6a837773b234c398c371ce1e2a24acd/os-hosts/dal-appblx061-01_nova_scheduler_container-e75090e6/startup 0.269s
2016-08-10 20:43:04.286 15828 INFO tempest.lib.common.rest_client [req-a1d67530-00fb-40d2-9d4f-50189fbaa433 ] Request (SecurityGroupsTestJSON:test_server_security_groups): 200 GET https://dal-iaas-001-api-endpoint.prod.walmart.com:8774/v2/fe86e7e682614701b045ea130f929a68/servers/bf230735-f739-4ba0-92e3-d89a569e432c 0.459s
2016-08-10 20:43:04.293 15828 INFO tempest.common.waiters [-] State transition "BUILD/scheduling" ==> "BUILD/None" after 18 second wait
2016-08-10 20:43:04.306 15824 INFO tempest.lib.common.rest_client [req-ad5b4991-335f-4585-af61-44a9e6c20c3f ] Request (FlavorsAdminTestJSON:test_list_public_flavor_with_other_user): 200 POST https://dal-iaas-001-api-endpoint.prod.walmart.com:8774/v2/e82c664ca5ce4c35953e6622c4beb727/flavors 1.432s
2016-08-10 20:43:04.398 15827 INFO tempest.lib.common.rest_client [req-5613dcc9-dc2f-410f-891a-c72beef665df ] Request (FlavorDetailsNegativeTestJSON:tearDownClass): 204 DELETE https://dal-iaas-001-api-endpoint.prod.walmart.com:35357/v2.0/tenants/41fadb5f24954483a1b237e5c04e3a55 0.495s
2016-08-10 20:43:04.558 15821 INFO tempest.lib.common.rest_client [req-101747e5-d4ec-4dfc-b882-35a987cc45ba ] Request (HostsAdminNegativeTestJSON:test_startup_nonexistent_host): 404 GET https://dal-iaas-001-api-endpoint.prod.walmart.com:8774/v2/0fcd4969880b4be0a8df061e3d93927c/os-hosts/tempest-rand_hostname-1577202095/startup 0.288s
2016-08-10 20:43:04.604 15824 INFO tempest.lib.common.rest_client [req-faf407c2-6e6c-4048-8155-e8884734c544 ] Request (FlavorsAdminTestJSON:test_list_public_flavor_with_other_user): 200 GET https://dal-iaas-001-api-endpoint.prod.walmart.com:8774/v2/cb5d8d380c574cfb918d4ae68d2c37f2/flavors/detail 0.295s
2016-08-10 20:43:04.719 15823 INFO tempest.lib.common.rest_client [req-fe1faaad-0a75-46de-9a47-594ff8613ba2 ] Request (SecurityGroupRulesTestJSON:setUpClass): 200 GET https://dal-iaas-001-api-endpoint.prod.walmart.com:35357/v2.0/OS-KSADM/roles 0.495s
2016-08-10 20:43:04.746 15822 INFO tempest.lib.common.rest_client [req-89e8ea14-33b4-4105-afef-8062ebdec913 ] Request (ImagesOneServerTestJSON:setUpClass): 200 POST https://dal-iaas-001-api-endpoint.prod.walmart.com:35357/v2.0/tenants 0.478s
2016-08-10 20:43:04.841 15826 INFO tempest.lib.common.rest_client [req-13ce8128-f220-494c-af95-2fbacde0d912 ] Request (ImagesOneServerNegativeTestJSON:setUpClass): 200 GET https://dal-iaas-001-api-endpoint.prod.walmart.com:8774/v2/c2c3ba2ac49848b8a6386d271b3e6d5a/servers/45ff7652-b918-4e1a-83dc-35a9d2f13f40 0.446s
2016-08-10 20:43:04.848 15826 INFO tempest.common.waiters [-] State transition "BUILD/scheduling" ==> "BUILD/networking" after 1 second wait
2016-08-10 20:43:04.918 15821 INFO tempest.lib.common.rest_client [req-08d0d4dc-3cb9-415e-b5ef-f6ddb206110d ] Request (HostsAdminNegativeTestJSON:test_update_host_with_invalid_maintenance_mode): 200 GET https://dal-iaas-001-api-endpoint.prod.walmart.com:8774/v2/0fcd4969880b4be0a8df061e3d93927c/os-hosts 0.359s
2016-08-10 20:43:04.945 15824 INFO tempest.lib.common.rest_client [req-9c539b18-5bc6-47f8-b6d8-34d0e883cd0b ] Request (FlavorsAdminTestJSON:_run_cleanups): 202 DELETE https://dal-iaas-001-api-endpoint.prod.walmart.com:8774/v2/e82c664ca5ce4c35953e6622c4beb727/flavors/898650256 0.334s
2016-08-10 20:43:05.061 15827 INFO tempest.lib.common.rest_client [req-69487c1d-863b-4a3d-a553-07e85b0a4aca ] Request (FloatingIPDetailsNegativeTestJSON:setUpClass): 200 POST https://dal-iaas-001-api-endpoint.prod.walmart.com:5443/v2.0/tokens
2016-08-10 20:43:05.075 15825 INFO tempest.lib.common.rest_client [req-bfb3b4ed-ae77-40aa-a5d0-e45aa7af68e3 ] Request (QuotasAdminTestJSON:tearDownClass): 200 GET https://dal-iaas-001-api-endpoint.prod.walmart.com:9696/v2.0/security-groups?tenant_id=3504408dfaa04e058838354d9eb3434f&name=default 0.846s
2016-08-10 20:43:05.170 15821 INFO tempest.lib.common.rest_client [req-e8ba3fe6-7fb2-441a-92c6-756e97975375 ] Request (HostsAdminNegativeTestJSON:test_update_host_with_invalid_maintenance_mode): 400 PUT https://dal-iaas-001-api-endpoint.prod.walmart.com:8774/v2/0fcd4969880b4be0a8df061e3d93927c/os-hosts/dal-appblx061-01_nova_scheduler_container-e75090e6 0.249s
2016-08-10 20:43:05.196 15823 INFO tempest.lib.common.rest_client [req-e992eac3-0d2a-4c51-ba88-a365535e516a ] Request (SecurityGroupRulesTestJSON:setUpClass): 409 PUT https://dal-iaas-001-api-endpoint.prod.walmart.com:35357/v2.0/tenants/31beb2f15f39438b9896d894d90ab92e/users/bf60cdcb2d1b4d5f9bbe2a1ba6a86284/roles/OS-KSADM/9fe2ff9ee4384b1894a90878d3e92bab 0.476s
2016-08-10 20:43:05.196 15823 INFO tempest.common.dynamic_creds [-] Acquired dynamic creds:
 credentials: Credentials: {'username': u'tempest-SecurityGroupRulesTestJSON-693457136', 'project_name': u'tempest-SecurityGroupRulesTestJSON-693457136', 'user_id': u'bf60cdcb2d1b4d5f9bbe2a1ba6a86284', 'tenant_name': u'tempest-SecurityGroupRulesTestJSON-693457136', 'tenant_id': u'31beb2f15f39438b9896d894d90ab92e', 'project_id': u'31beb2f15f39438b9896d894d90ab92e'}, Network: None, Subnet: None, Router: None
2016-08-10 20:43:05.230 15824 INFO tempest.lib.common.rest_client [req-33d7ab15-5d96-45ac-8743-6ec61b84c845 ] Request (FlavorsAdminTestJSON:_run_cleanups): 200 GET https://dal-iaas-001-api-endpoint.prod.walmart.com:8774/v2/e82c664ca5ce4c35953e6622c4beb727/flavors/detail 0.285s
2016-08-10 20:43:05.379 15822 INFO tempest.lib.common.rest_client [req-ffed1eee-f5fe-42d3-b0de-7faec808fa74 ] Request (ImagesOneServerTestJSON:setUpClass): 200 POST https://dal-iaas-001-api-endpoint.prod.walmart.com:35357/v2.0/users 0.632s
2016-08-10 20:43:05.463 15825 INFO tempest.lib.common.rest_client [req-912af84e-8dfc-442a-bed2-423a541a3342 ] Request (QuotasAdminTestJSON:tearDownClass): 204 DELETE https://dal-iaas-001-api-endpoint.prod.walmart.com:9696/v2.0/security-groups/3e476128-3da1-4d31-a6fc-98d6b4a59a0b 0.387s
2016-08-10 20:43:05.504 15821 INFO tempest.lib.common.rest_client [req-417062b6-4281-46f1-9bc4-aad4905daca9 ] Request (HostsAdminNegativeTestJSON:test_update_host_with_invalid_status): 200 GET https://dal-iaas-001-api-endpoint.prod.walmart.com:8774/v2/0fcd4969880b4be0a8df061e3d93927c/os-hosts 0.332s
2016-08-10 20:43:05.678 15823 INFO tempest.lib.common.rest_client [req-84708f6b-85a4-40bf-9321-ce081bb2b1ae ] Request (SecurityGroupRulesTestJSON:test_security_group_rules_create): 200 POST https://dal-iaas-001-api-endpoint.prod.walmart.com:5443/v2.0/tokens
2016-08-10 20:43:05.681 15827 INFO tempest.lib.common.rest_client [req-1822a1bc-039b-4510-8579-2159b3c87b87 ] Request (FloatingIPDetailsNegativeTestJSON:setUpClass): 200 POST https://dal-iaas-001-api-endpoint.prod.walmart.com:5443/v2.0/tokens
2016-08-10 20:43:05.734 15824 INFO tempest.lib.common.rest_client [req-5cda2bb1-52ef-4b48-92a5-f72100e764ee ] Request (FlavorsAdminTestJSON:tearDownClass): 204 DELETE https://dal-iaas-001-api-endpoint.prod.walmart.com:35357/v2.0/users/0ad73e0d740941959a75037d50a89553 0.498s
2016-08-10 20:43:05.797 15821 INFO tempest.lib.common.rest_client [req-79ba18fd-654e-45b3-b8fe-443e74d34a37 ] Request (HostsAdminNegativeTestJSON:test_update_host_with_invalid_status): 400 PUT https://dal-iaas-001-api-endpoint.prod.walmart.com:8774/v2/0fcd4969880b4be0a8df061e3d93927c/os-hosts/dal-appblx061-01_nova_scheduler_container-e75090e6 0.290s
2016-08-10 20:43:05.804 15822 INFO tempest.lib.common.rest_client [req-3a369a79-d0e6-4379-9c5a-f51b9ea46a3f ] Request (ImagesOneServerTestJSON:setUpClass): 200 GET https://dal-iaas-001-api-endpoint.prod.walmart.com:35357/v2.0/OS-KSADM/roles 0.425s
2016-08-10 20:43:05.819 15828 INFO tempest.lib.common.rest_client [req-521f27da-ee61-411f-a25f-82dd0d92f9c0 ] Request (SecurityGroupsTestJSON:test_server_security_groups): 200 GET https://dal-iaas-001-api-endpoint.prod.walmart.com:8774/v2/fe86e7e682614701b045ea130f929a68/servers/bf230735-f739-4ba0-92e3-d89a569e432c 0.521s
2016-08-10 20:43:05.826 15828 INFO tempest.common.waiters [-] State transition "BUILD/None" ==> "BUILD/spawning" after 19 second wait
2016-08-10 20:43:06.071 15825 INFO tempest.lib.common.rest_client [req-bedcc09a-65ca-4405-922e-a88389da1a82 ] Request (QuotasAdminTestJSON:tearDownClass): 204 DELETE https://dal-iaas-001-api-endpoint.prod.walmart.com:35357/v2.0/tenants/3504408dfaa04e058838354d9eb3434f 0.607s
2016-08-10 20:43:06.138 15821 INFO tempest.lib.common.rest_client [req-d838a397-1801-4af4-9ace-ad5f62fbaef2 ] Request (HostsAdminNegativeTestJSON:test_update_host_with_non_admin_user): 200 GET https://dal-iaas-001-api-endpoint.prod.walmart.com:8774/v2/0fcd4969880b4be0a8df061e3d93927c/os-hosts 0.339s
2016-08-10 20:43:06.161 15827 INFO tempest.lib.common.rest_client [req-e242c432-e0ec-4358-8007-eaa4d9391d61 ] Request (FloatingIPDetailsNegativeTestJSON:setUpClass): 200 POST https://dal-iaas-001-api-endpoint.prod.walmart.com:35357/v2.0/tenants 0.479s
2016-08-10 20:43:06.282 15822 INFO tempest.lib.common.rest_client [req-258762b5-6a7f-422f-a76d-e1f963390d5e ] Request (ImagesOneServerTestJSON:setUpClass): 409 PUT https://dal-iaas-001-api-endpoint.prod.walmart.com:35357/v2.0/tenants/01a12e65ee32411a98d2c7e0c2aea5d9/users/7998b27b7f184235afd918043fd9e8de/roles/OS-KSADM/9fe2ff9ee4384b1894a90878d3e92bab 0.477s
2016-08-10 20:43:06.282 15822 INFO tempest.common.dynamic_creds [-] Acquired dynamic creds:
 credentials: Credentials: {'username': u'tempest-ImagesOneServerTestJSON-296055924', 'project_name': u'tempest-ImagesOneServerTestJSON-296055924', 'user_id': u'7998b27b7f184235afd918043fd9e8de', 'tenant_name': u'tempest-ImagesOneServerTestJSON-296055924', 'tenant_id': u'01a12e65ee32411a98d2c7e0c2aea5d9', 'project_id': u'01a12e65ee32411a98d2c7e0c2aea5d9'}, Network: None, Subnet: None, Router: None
2016-08-10 20:43:06.455 15821 INFO tempest.lib.common.rest_client [req-f6f4bced-64a8-4700-9e6c-b7a46cc05d11 ] Request (HostsAdminNegativeTestJSON:test_update_host_with_non_admin_user): 403 PUT https://dal-iaas-001-api-endpoint.prod.walmart.com:8774/v2/d6a837773b234c398c371ce1e2a24acd/os-hosts/dal-appblx061-01_nova_scheduler_container-e75090e6 0.312s
2016-08-10 20:43:06.528 15826 INFO tempest.lib.common.rest_client [req-6901ccdd-6e3a-4464-9f16-dc6253840b97 ] Request (ImagesOneServerNegativeTestJSON:setUpClass): 200 GET https://dal-iaas-001-api-endpoint.prod.walmart.com:8774/v2/c2c3ba2ac49848b8a6386d271b3e6d5a/servers/45ff7652-b918-4e1a-83dc-35a9d2f13f40 0.676s
2016-08-10 20:43:06.536 15826 INFO tempest.common.waiters [-] State transition "BUILD/networking" ==> "BUILD/spawning" after 3 second wait
2016-08-10 20:43:06.541 15824 INFO tempest.lib.common.rest_client [req-6fbdc30a-6e94-42f8-acc8-85d406ac00aa ] Request (FlavorsAdminTestJSON:tearDownClass): 200 GET https://dal-iaas-001-api-endpoint.prod.walmart.com:9696/v2.0/security-groups?tenant_id=e82c664ca5ce4c35953e6622c4beb727&name=default 0.806s
2016-08-10 20:43:06.604 15827 INFO tempest.lib.common.rest_client [req-4eaa970d-a600-49c4-8574-cc84676ff565 ] Request (FloatingIPDetailsNegativeTestJSON:setUpClass): 200 POST https://dal-iaas-001-api-endpoint.prod.walmart.com:35357/v2.0/users 0.443s
2016-08-10 20:43:06.604 15825 INFO tempest.lib.common.rest_client [req-1fef8d42-0c84-4e7a-834c-bdaf2fbfb853 ] Request (QuotasAdminTestJSON:tearDownClass): 204 DELETE https://dal-iaas-001-api-endpoint.prod.walmart.com:35357/v2.0/users/0944f5722abe4153bf177b51fa40f865 0.532s
2016-08-10 20:43:06.631 15823 INFO tempest.lib.common.rest_client [req-ae63f3a4-02ec-425d-bb79-c78619afd4f6 ] Request (SecurityGroupRulesTestJSON:test_security_group_rules_create): 200 POST https://dal-iaas-001-api-endpoint.prod.walmart.com:8774/v2/31beb2f15f39438b9896d894d90ab92e/os-security-groups 0.952s
2016-08-10 20:43:06.813 15821 INFO tempest.lib.common.rest_client [req-debaee5b-82ea-4ac0-a108-246cec3015c6 ] Request (HostsAdminNegativeTestJSON:test_update_host_without_param): 200 GET https://dal-iaas-001-api-endpoint.prod.walmart.com:8774/v2/0fcd4969880b4be0a8df061e3d93927c/os-hosts 0.355s
2016-08-10 20:43:06.870 15824 INFO tempest.lib.common.rest_client [req-7fd9fd5f-abbf-4354-a561-d8987be72912 ] Request (FlavorsAdminTestJSON:tearDownClass): 204 DELETE https://dal-iaas-001-api-endpoint.prod.walmart.com:9696/v2.0/security-groups/3ed7f25c-9a47-4d05-9fc3-51266c9b9537 0.328s
2016-08-10 20:43:06.908 15822 INFO tempest.lib.common.rest_client [req-6ac16c72-9972-45c2-badd-cb2e25074fa5 ] Request (ImagesOneServerTestJSON:setUpClass): 200 POST https://dal-iaas-001-api-endpoint.prod.walmart.com:5443/v2.0/tokens
2016-08-10 20:43:06.939 15825 INFO tempest.lib.common.rest_client [req-e58772aa-27b4-494d-9b51-5db0a9705d6b ] Request (QuotasAdminTestJSON:tearDownClass): 200 GET https://dal-iaas-001-api-endpoint.prod.walmart.com:9696/v2.0/security-groups?tenant_id=430e86e9429e4b69872dc4d074f08247&name=default 0.334s
2016-08-10 20:43:07.125 15821 INFO tempest.lib.common.rest_client [req-c76ae569-2588-4b67-a26f-393d6fdc5e29 ] Request (HostsAdminNegativeTestJSON:test_update_host_without_param): 400 PUT https://dal-iaas-001-api-endpoint.prod.walmart.com:8774/v2/0fcd4969880b4be0a8df061e3d93927c/os-hosts/dal-appblx061-01_nova_scheduler_container-e75090e6 0.307s
2016-08-10 20:43:07.145 15827 INFO tempest.lib.common.rest_client [req-7e4150a8-88d9-46e6-a2eb-52f1306504cf ] Request (FloatingIPDetailsNegativeTestJSON:setUpClass): 200 GET https://dal-iaas-001-api-endpoint.prod.walmart.com:35357/v2.0/OS-KSADM/roles 0.540s
2016-08-10 20:43:07.218 15823 INFO tempest.lib.common.rest_client [req-5bc6369d-01a5-44c5-85ea-865cc65c00fe ] Request (SecurityGroupRulesTestJSON:test_security_group_rules_create): 200 POST https://dal-iaas-001-api-endpoint.prod.walmart.com:8774/v2/31beb2f15f39438b9896d894d90ab92e/os-security-group-rules 0.583s
2016-08-10 20:43:07.292 15825 INFO tempest.lib.common.rest_client [req-0ec233bb-741b-4736-9a15-5d2796ba57fc ] Request (QuotasAdminTestJSON:tearDownClass): 204 DELETE https://dal-iaas-001-api-endpoint.prod.walmart.com:9696/v2.0/security-groups/0d9cdeac-bbb7-460a-ad9f-f3c048ccb804 0.353s
2016-08-10 20:43:07.380 15828 INFO tempest.lib.common.rest_client [req-4245d87e-2132-4f4d-b482-d11daf0fe96c ] Request (SecurityGroupsTestJSON:test_server_security_groups): 200 GET https://dal-iaas-001-api-endpoint.prod.walmart.com:8774/v2/fe86e7e682614701b045ea130f929a68/servers/bf230735-f739-4ba0-92e3-d89a569e432c 0.553s
2016-08-10 20:43:07.388 15824 INFO tempest.lib.common.rest_client [req-4e60a630-ba48-4829-b23a-6267cb6ad2af ] Request (FlavorsAdminTestJSON:tearDownClass): 204 DELETE https://dal-iaas-001-api-endpoint.prod.walmart.com:35357/v2.0/tenants/e82c664ca5ce4c35953e6622c4beb727 0.517s
2016-08-10 20:43:07.390 15828 INFO tempest.common.waiters [-] State transition "BUILD/spawning" ==> "ERROR/None" after 21 second wait
2016-08-10 20:43:07.439 15821 INFO tempest.lib.common.rest_client [req-d28edca0-2f8f-49fb-9b22-6067abad294a ] Request (HostsAdminNegativeTestJSON:test_update_nonexistent_host): 404 PUT https://dal-iaas-001-api-endpoint.prod.walmart.com:8774/v2/0fcd4969880b4be0a8df061e3d93927c/os-hosts/tempest-rand_hostname-347262437 0.310s
2016-08-10 20:43:07.657 15823 INFO tempest.lib.common.rest_client [req-55cd370c-d6e8-4546-b179-0ff5677ee312 ] Request (SecurityGroupRulesTestJSON:test_security_group_rules_create_with_optional_cidr): 200 POST https://dal-iaas-001-api-endpoint.prod.walmart.com:8774/v2/31beb2f15f39438b9896d894d90ab92e/os-security-groups 0.434s
2016-08-10 20:43:07.659 15827 INFO tempest.lib.common.rest_client [req-d5052754-5764-4dd4-bc6f-ac27ea26f383 ] Request (FloatingIPDetailsNegativeTestJSON:setUpClass): 409 PUT https://dal-iaas-001-api-endpoint.prod.walmart.com:35357/v2.0/tenants/4ddab00fdd8843b7af5f6393b03c4aaa/users/38f099d7a7684fbdb58e15243706ecdd/roles/OS-KSADM/9fe2ff9ee4384b1894a90878d3e92bab 0.513s
2016-08-10 20:43:07.660 15827 INFO tempest.common.dynamic_creds [-] Acquired dynamic creds:
 credentials: Credentials: {'username': u'tempest-FloatingIPDetailsNegativeTestJSON-1783649502', 'project_name': u'tempest-FloatingIPDetailsNegativeTestJSON-1783649502', 'user_id': u'38f099d7a7684fbdb58e15243706ecdd', 'tenant_name': u'tempest-FloatingIPDetailsNegativeTestJSON-1783649502', 'tenant_id': u'4ddab00fdd8843b7af5f6393b03c4aaa', 'project_id': u'4ddab00fdd8843b7af5f6393b03c4aaa'}, Network: None, Subnet: None, Router: None
2016-08-10 20:43:07.793 15828 INFO tempest.lib.common.rest_client [req-07c4cce2-e1c1-48f3-97a0-62c7ac31acec ] Request (SecurityGroupsTestJSON:test_update_security_groups): 200 POST https://dal-iaas-001-api-endpoint.prod.walmart.com:8774/v2/fe86e7e682614701b045ea130f929a68/os-security-groups 0.399s
2016-08-10 20:43:07.869 15822 INFO tempest.lib.common.rest_client [req-a5779cc9-2f5e-4910-af6e-4d12499e63b6 ] Request (ImagesOneServerTestJSON:setUpClass): 200 GET https://dal-iaas-001-api-endpoint.prod.walmart.com:8774/v2/01a12e65ee32411a98d2c7e0c2aea5d9/os-networks 0.960s
2016-08-10 20:43:07.869 15822 WARNING tempest.common.fixed_network [-] (ImagesOneServerTestJSON:setUpClass) Network with name: testing not found
2016-08-10 20:43:07.870 15822 INFO tempest.common.fixed_network [-] (ImagesOneServerTestJSON:setUpClass) Found network {} available for tenant
2016-08-10 20:43:07.933 15825 INFO tempest.lib.common.rest_client [req-62015467-b86e-4b2f-9c83-f3df765375f3 ] Request (QuotasAdminTestJSON:tearDownClass): 204 DELETE https://dal-iaas-001-api-endpoint.prod.walmart.com:35357/v2.0/tenants/430e86e9429e4b69872dc4d074f08247 0.640s
2016-08-10 20:43:07.949 15824 INFO tempest.lib.common.rest_client [req-56bd13d9-31c9-4726-8783-f73114fe7e6c ] Request (FlavorsAdminTestJSON:tearDownClass): 204 DELETE https://dal-iaas-001-api-endpoint.prod.walmart.com:35357/v2.0/users/f31de7cd2e6542878341998abf4f14ad 0.560s
2016-08-10 20:43:07.954 15821 INFO tempest.lib.common.rest_client [req-ce2187b0-7d98-41e8-8f79-dd6d84d8b596 ] Request (HostsAdminNegativeTestJSON:tearDownClass): 204 DELETE https://dal-iaas-001-api-endpoint.prod.walmart.com:35357/v2.0/users/ded09d222d0a4fac906452d789a917dc 0.514s
2016-08-10 20:43:08.084 15826 INFO tempest.lib.common.rest_client [req-d2843c7c-3ba2-46f8-9c11-4a4f11e0ca4c ] Request (ImagesOneServerNegativeTestJSON:setUpClass): 200 GET https://dal-iaas-001-api-endpoint.prod.walmart.com:8774/v2/c2c3ba2ac49848b8a6386d271b3e6d5a/servers/45ff7652-b918-4e1a-83dc-35a9d2f13f40 0.547s
2016-08-10 20:43:08.091 15826 INFO tempest.common.waiters [-] State transition "BUILD/spawning" ==> "BUILD/None" after 5 second wait
2016-08-10 20:43:08.124 15823 INFO tempest.lib.common.rest_client [req-a673b900-dc0d-43cb-9512-f3ff56a7977b ] Request (SecurityGroupRulesTestJSON:test_security_group_rules_create_with_optional_cidr): 200 POST https://dal-iaas-001-api-endpoint.prod.walmart.com:8774/v2/31beb2f15f39438b9896d894d90ab92e/os-security-group-rules 0.463s
2016-08-10 20:43:08.187 15828 INFO tempest.lib.common.rest_client [req-dbd45a5e-ca96-4939-b639-1a8d65301851 ] Request (SecurityGroupsTestJSON:test_update_security_groups): 200 PUT https://dal-iaas-001-api-endpoint.prod.walmart.com:8774/v2/fe86e7e682614701b045ea130f929a68/os-security-groups/d4015908-37ae-4458-9a0e-e90e23323fc2 0.391s
2016-08-10 20:43:08.190 15827 INFO tempest.lib.common.rest_client [req-d4a596c4-84fd-4e56-bc3c-a05f8fc601e3 ] Request (FloatingIPDetailsNegativeTestJSON:test_get_nonexistent_floating_ip_details): 200 POST https://dal-iaas-001-api-endpoint.prod.walmart.com:5443/v2.0/tokens
2016-08-10 20:43:08.252 15824 INFO tempest.lib.common.rest_client [req-9ba7db22-c7a8-43de-a8b4-8f947fabc6a7 ] Request (FlavorsAdminTestJSON:tearDownClass): 200 GET https://dal-iaas-001-api-endpoint.prod.walmart.com:9696/v2.0/security-groups?tenant_id=cb5d8d380c574cfb918d4ae68d2c37f2&name=default 0.302s
2016-08-10 20:43:08.345 15822 INFO tempest.lib.common.rest_client [req-f5bb8bce-5b86-4144-8e1e-1a51a5530a2c ] Request (ImagesOneServerTestJSON:setUpClass): 200 POST https://dal-iaas-001-api-endpoint.prod.walmart.com:5443/v2.0/tokens
2016-08-10 20:43:08.489 15828 INFO tempest.lib.common.rest_client [req-4ea16fed-2ee2-4792-b17b-af9dc13bd3af ] Request (SecurityGroupsTestJSON:test_update_security_groups): 200 GET https://dal-iaas-001-api-endpoint.prod.walmart.com:8774/v2/fe86e7e682614701b045ea130f929a68/os-security-groups/d4015908-37ae-4458-9a0e-e90e23323fc2 0.298s
2016-08-10 20:43:08.490 15823 INFO tempest.lib.common.rest_client [req-cc8431f0-0f4e-431a-b37c-17c77f2b7a97 ] Request (SecurityGroupRulesTestJSON:test_security_group_rules_create_with_optional_group_id): 200 POST https://dal-iaas-001-api-endpoint.prod.walmart.com:8774/v2/31beb2f15f39438b9896d894d90ab92e/os-security-groups 0.360s
2016-08-10 20:43:08.506 15825 INFO tempest.lib.common.rest_client [req-763f778d-0baa-47a5-bced-945ef6f60f15 ] Request (ServersAdminTestJSON:setUpClass): 200 POST https://dal-iaas-001-api-endpoint.prod.walmart.com:5443/v2.0/tokens
2016-08-10 20:43:08.565 15824 INFO tempest.lib.common.rest_client [req-d4711ca9-7b3d-4aee-a7d1-893cc922f9a1 ] Request (FlavorsAdminTestJSON:tearDownClass): 204 DELETE https://dal-iaas-001-api-endpoint.prod.walmart.com:9696/v2.0/security-groups/207b5998-ae6d-4856-bf6a-796cfabaff97 0.312s
2016-08-10 20:43:08.789 15821 INFO tempest.lib.common.rest_client [req-f12a4a61-3580-4444-b70a-306d266be0a2 ] Request (HostsAdminNegativeTestJSON:tearDownClass): 200 GET https://dal-iaas-001-api-endpoint.prod.walmart.com:9696/v2.0/security-groups?tenant_id=0fcd4969880b4be0a8df061e3d93927c&name=default 0.834s
2016-08-10 20:43:08.835 15823 INFO tempest.lib.common.rest_client [req-5dc216ba-91ad-4720-b50f-452ce131167d ] Request (SecurityGroupRulesTestJSON:test_security_group_rules_create_with_optional_group_id): 200 POST https://dal-iaas-001-api-endpoint.prod.walmart.com:8774/v2/31beb2f15f39438b9896d894d90ab92e/os-security-groups 0.342s
2016-08-10 20:43:08.989 15827 INFO tempest.lib.common.rest_client [req-4bb3ec08-8e3a-4dbc-b13b-49c10ec9d3ab ] Request (FloatingIPDetailsNegativeTestJSON:test_get_nonexistent_floating_ip_details): 404 GET https://dal-iaas-001-api-endpoint.prod.walmart.com:8774/v2/4ddab00fdd8843b7af5f6393b03c4aaa/os-floating-ips/1cd2aaa3-20f8-47ea-8380-b566537f5ddc 0.798s
2016-08-10 20:43:09.012 15824 INFO tempest.lib.common.rest_client [req-5ae07a05-f288-4cba-97f1-b827fd284285 ] Request (FlavorsAdminTestJSON:tearDownClass): 204 DELETE https://dal-iaas-001-api-endpoint.prod.walmart.com:35357/v2.0/tenants/cb5d8d380c574cfb918d4ae68d2c37f2 0.446s
2016-08-10 20:43:09.065 15825 INFO tempest.lib.common.rest_client [req-e75e590f-2370-4994-9674-9cb3142734fd ] Request (ServersAdminTestJSON:setUpClass): 200 POST https://dal-iaas-001-api-endpoint.prod.walmart.com:5443/v2.0/tokens
2016-08-10 20:43:09.135 15821 INFO tempest.lib.common.rest_client [req-b9d2cb61-1399-4836-a096-7c4a3f7506d3 ] Request (HostsAdminNegativeTestJSON:tearDownClass): 204 DELETE https://dal-iaas-001-api-endpoint.prod.walmart.com:9696/v2.0/security-groups/4d1c5b90-54e8-462d-8f1c-fa1d7c6f7b50 0.345s
2016-08-10 20:43:09.221 15828 INFO tempest.lib.common.rest_client [req-0617de50-aacc-4f81-8328-773fc3b80a46 ] Request (SecurityGroupsTestJSON:tearDownClass): 204 DELETE https://dal-iaas-001-api-endpoint.prod.walmart.com:8774/v2/fe86e7e682614701b045ea130f929a68/servers/bf230735-f739-4ba0-92e3-d89a569e432c 0.727s
2016-08-10 20:43:09.453 15823 INFO tempest.lib.common.rest_client [req-c68e9e93-894f-45ff-96a3-5c88796be83c ] Request (SecurityGroupRulesTestJSON:test_security_group_rules_create_with_optional_group_id): 200 POST https://dal-iaas-001-api-endpoint.prod.walmart.com:8774/v2/31beb2f15f39438b9896d894d90ab92e/os-security-group-rules 0.616s
2016-08-10 20:43:09.507 15825 INFO tempest.lib.common.rest_client [req-e4d9c7ad-dc39-4c7f-bac3-326426205234 ] Request (ServersAdminTestJSON:setUpClass): 200 POST https://dal-iaas-001-api-endpoint.prod.walmart.com:35357/v2.0/tenants 0.442s
2016-08-10 20:43:09.525 15827 INFO tempest.lib.common.rest_client [req-f943f7db-7b26-41a8-a983-d1f7d1f1e85f ] Request (FloatingIPDetailsNegativeTestJSON:tearDownClass): 204 DELETE https://dal-iaas-001-api-endpoint.prod.walmart.com:35357/v2.0/users/38f099d7a7684fbdb58e15243706ecdd 0.534s
2016-08-10 20:43:09.576 15828 INFO tempest.lib.common.rest_client [req-e97273f6-77b6-435a-b989-06fa6144de9e ] Request (SecurityGroupsTestJSON:tearDownClass): 404 GET https://dal-iaas-001-api-endpoint.prod.walmart.com:8774/v2/fe86e7e682614701b045ea130f929a68/servers/bf230735-f739-4ba0-92e3-d89a569e432c 0.355s
2016-08-10 20:43:09.601 15824 INFO tempest.lib.common.rest_client [req-b15ade2a-bd76-4d2f-9c2d-68036af7cb13 ] Request (HostsAdminTestJSON:setUpClass): 200 POST https://dal-iaas-001-api-endpoint.prod.walmart.com:5443/v2.0/tokens
2016-08-10 20:43:09.619 15821 INFO tempest.lib.common.rest_client [req-ab005f94-a574-4880-8825-4af865b4f240 ] Request (HostsAdminNegativeTestJSON:tearDownClass): 204 DELETE https://dal-iaas-001-api-endpoint.prod.walmart.com:35357/v2.0/tenants/0fcd4969880b4be0a8df061e3d93927c 0.483s
2016-08-10 20:43:09.650 15826 INFO tempest.lib.common.rest_client [req-af2f901c-0420-4783-86ce-c035cd3fcea8 ] Request (ImagesOneServerNegativeTestJSON:setUpClass): 200 GET https://dal-iaas-001-api-endpoint.prod.walmart.com:8774/v2/c2c3ba2ac49848b8a6386d271b3e6d5a/servers/45ff7652-b918-4e1a-83dc-35a9d2f13f40 0.554s
2016-08-10 20:43:09.657 15826 INFO tempest.common.waiters [-] State transition "BUILD/None" ==> "BUILD/block_device_mapping" after 6 second wait
2016-08-10 20:43:09.848 15823 INFO tempest.lib.common.rest_client [req-52a7d273-ba75-49ac-9ee4-631972e6e002 ] Request (SecurityGroupRulesTestJSON:test_security_group_rules_delete_when_peer_group_deleted): 200 POST https://dal-iaas-001-api-endpoint.prod.walmart.com:8774/v2/31beb2f15f39438b9896d894d90ab92e/os-security-groups 0.390s
2016-08-10 20:43:09.870 15828 INFO tempest.lib.common.rest_client [req-ed4dab8d-aafa-4c94-941a-01c07bd2380e ] Request (SecurityGroupsTestJSON:tearDownClass): 404 DELETE https://dal-iaas-001-api-endpoint.prod.walmart.com:8774/v2/fe86e7e682614701b045ea130f929a68/os-security-groups/5dcbaf6a-52f5-4efc-adf8-a1bda3e87c89 0.294s
2016-08-10 20:43:09.896 15822 INFO tempest.lib.common.rest_client [req-60da3954-b921-447d-a6ef-4b37e9ef208f ] Request (ImagesOneServerTestJSON:setUpClass): 202 POST https://dal-iaas-001-api-endpoint.prod.walmart.com:8774/v2/01a12e65ee32411a98d2c7e0c2aea5d9/servers 1.550s
2016-08-10 20:43:09.934 15825 INFO tempest.lib.common.rest_client [req-2c8105ac-f0ef-4236-b367-544e65238da5 ] Request (ServersAdminTestJSON:setUpClass): 200 POST https://dal-iaas-001-api-endpoint.prod.walmart.com:35357/v2.0/users 0.426s
2016-08-10 20:43:10.093 15821 INFO tempest.lib.common.rest_client [req-591cf82f-00fe-484b-8eb3-7851e80729ec ] Request (HostsAdminNegativeTestJSON:tearDownClass): 204 DELETE https://dal-iaas-001-api-endpoint.prod.walmart.com:35357/v2.0/users/d347442c1f8f44279e66d19646403406 0.473s
2016-08-10 20:43:10.160 15828 INFO tempest.lib.common.rest_client [req-9f6937db-ff64-46dd-99c3-00e2846647f6 ] Request (SecurityGroupsTestJSON:tearDownClass): 404 DELETE https://dal-iaas-001-api-endpoint.prod.walmart.com:8774/v2/fe86e7e682614701b045ea130f929a68/os-security-groups/f0cb8e48-2f8c-4589-a2b1-c7ec2a2be04b 0.288s
2016-08-10 20:43:10.174 15823 INFO tempest.lib.common.rest_client [req-8813edab-a163-4228-97da-83a2a41613cf ] Request (SecurityGroupRulesTestJSON:test_security_group_rules_delete_when_peer_group_deleted): 200 POST https://dal-iaas-001-api-endpoint.prod.walmart.com:8774/v2/31beb2f15f39438b9896d894d90ab92e/os-security-groups 0.322s
2016-08-10 20:43:10.187 15824 INFO tempest.lib.common.rest_client [req-6c8518f6-767a-4b7c-918a-b661a2c815d2 ] Request (HostsAdminTestJSON:setUpClass): 200 POST https://dal-iaas-001-api-endpoint.prod.walmart.com:5443/v2.0/tokens
2016-08-10 20:43:10.373 15827 INFO tempest.lib.common.rest_client [req-efae5a99-28a2-4303-9ab2-bc793d7ee754 ] Request (FloatingIPDetailsNegativeTestJSON:tearDownClass): 200 GET https://dal-iaas-001-api-endpoint.prod.walmart.com:9696/v2.0/security-groups?tenant_id=4ddab00fdd8843b7af5f6393b03c4aaa&name=default 0.848s
2016-08-10 20:43:10.398 15825 INFO tempest.lib.common.rest_client [req-3d751cae-ad1f-497e-b450-8efd3ff1f0e3 ] Request (ServersAdminTestJSON:setUpClass): 200 GET https://dal-iaas-001-api-endpoint.prod.walmart.com:35357/v2.0/OS-KSADM/roles 0.463s
2016-08-10 20:43:10.418 15821 INFO tempest.lib.common.rest_client [req-4262e091-5892-4be6-a75e-309641494da3 ] Request (HostsAdminNegativeTestJSON:tearDownClass): 200 GET https://dal-iaas-001-api-endpoint.prod.walmart.com:9696/v2.0/security-groups?tenant_id=d6a837773b234c398c371ce1e2a24acd&name=default 0.324s
2016-08-10 20:43:10.433 15828 INFO tempest.lib.common.rest_client [req-7e573bb2-fde0-4e71-9ff3-1c9aeac07066 ] Request (SecurityGroupsTestJSON:tearDownClass): 404 DELETE https://dal-iaas-001-api-endpoint.prod.walmart.com:8774/v2/fe86e7e682614701b045ea130f929a68/os-security-groups/b7902bed-9cc9-4d42-9f26-234a57923868 0.272s
2016-08-10 20:43:10.455 15822 INFO tempest.lib.common.rest_client [req-f50bcc27-7dde-4224-8ddd-e523bdd91757 ] Request (ImagesOneServerTestJSON:setUpClass): 200 GET https://dal-iaas-001-api-endpoint.prod.walmart.com:8774/v2/01a12e65ee32411a98d2c7e0c2aea5d9/servers/021eac61-6585-4d14-82bb-ca0d2c2524a6 0.557s
2016-08-10 20:43:10.688 15827 INFO tempest.lib.common.rest_client [req-cdca1959-ce4c-48ee-9ecb-3db47bf4bba4 ] Request (FloatingIPDetailsNegativeTestJSON:tearDownClass): 204 DELETE https://dal-iaas-001-api-endpoint.prod.walmart.com:9696/v2.0/security-groups/c315793a-d6c4-4bb4-be0a-7a7c5d5a1eab 0.314s
2016-08-10 20:43:10.708 15824 INFO tempest.lib.common.rest_client [req-8e576558-d151-438b-b2dc-f2c60621c140 ] Request (HostsAdminTestJSON:setUpClass): 200 POST https://dal-iaas-001-api-endpoint.prod.walmart.com:35357/v2.0/tenants 0.520s
2016-08-10 20:43:10.720 15828 INFO tempest.lib.common.rest_client [req-9f283089-7325-4a2a-882c-67ed4cbe574e ] Request (SecurityGroupsTestJSON:tearDownClass): 404 DELETE https://dal-iaas-001-api-endpoint.prod.walmart.com:8774/v2/fe86e7e682614701b045ea130f929a68/os-security-groups/3d71e15c-683e-4854-8c17-9cffcbed898d 0.286s
2016-08-10 20:43:10.744 15821 INFO tempest.lib.common.rest_client [req-c18ae691-c5cb-4baa-8863-788acae89ff0 ] Request (HostsAdminNegativeTestJSON:tearDownClass): 204 DELETE https://dal-iaas-001-api-endpoint.prod.walmart.com:9696/v2.0/security-groups/18c03135-1712-4cc4-bbdd-4aaff6bcac23 0.326s
2016-08-10 20:43:10.837 15825 INFO tempest.lib.common.rest_client [req-6ecbb53f-d1a8-4c39-afcb-dec53453dcd6 ] Request (ServersAdminTestJSON:setUpClass): 409 PUT https://dal-iaas-001-api-endpoint.prod.walmart.com:35357/v2.0/tenants/8ffef9ada6a44bb9af00ba610cab4295/users/a4f492725adb4b0d802243afe0ad5da1/roles/OS-KSADM/9fe2ff9ee4384b1894a90878d3e92bab 0.438s
2016-08-10 20:43:10.837 15825 INFO tempest.common.dynamic_creds [-] Acquired dynamic creds:
 credentials: Credentials: {'username': u'tempest-ServersAdminTestJSON-1799419762', 'project_name': u'tempest-ServersAdminTestJSON-1799419762', 'user_id': u'a4f492725adb4b0d802243afe0ad5da1', 'tenant_name': u'tempest-ServersAdminTestJSON-1799419762', 'tenant_id': u'8ffef9ada6a44bb9af00ba610cab4295', 'project_id': u'8ffef9ada6a44bb9af00ba610cab4295'}, Network: None, Subnet: None, Router: None
2016-08-10 20:43:10.999 15823 INFO tempest.lib.common.rest_client [req-28a3c2ba-312b-469c-8c73-9d6b15bb0622 ] Request (SecurityGroupRulesTestJSON:test_security_group_rules_delete_when_peer_group_deleted): 200 POST https://dal-iaas-001-api-endpoint.prod.walmart.com:8774/v2/31beb2f15f39438b9896d894d90ab92e/os-security-group-rules 0.822s
2016-08-10 20:43:11.145 15828 INFO tempest.lib.common.rest_client [req-ca47401c-0f6e-4dd9-83f3-6463cd63f210 ] Request (SecurityGroupsTestJSON:tearDownClass): 202 DELETE https://dal-iaas-001-api-endpoint.prod.walmart.com:8774/v2/fe86e7e682614701b045ea130f929a68/os-security-groups/e129c404-065b-434c-b127-c095acf98eae 0.424s
2016-08-10 20:43:11.173 15824 INFO tempest.lib.common.rest_client [req-ebfcdb37-918a-408e-a967-5f73da29c399 ] Request (HostsAdminTestJSON:setUpClass): 200 POST https://dal-iaas-001-api-endpoint.prod.walmart.com:35357/v2.0/users 0.464s
2016-08-10 20:43:11.205 15827 INFO tempest.lib.common.rest_client [req-5923109d-299e-4f42-810c-12bdcf6efb37 ] Request (FloatingIPDetailsNegativeTestJSON:tearDownClass): 204 DELETE https://dal-iaas-001-api-endpoint.prod.walmart.com:35357/v2.0/tenants/4ddab00fdd8843b7af5f6393b03c4aaa 0.516s
2016-08-10 20:43:11.282 15821 INFO tempest.lib.common.rest_client [req-ab46b677-ab5d-4ad5-ad42-2a9ebfc4a770 ] Request (HostsAdminNegativeTestJSON:tearDownClass): 204 DELETE https://dal-iaas-001-api-endpoint.prod.walmart.com:35357/v2.0/tenants/d6a837773b234c398c371ce1e2a24acd 0.537s
2016-08-10 20:43:11.295 15825 INFO tempest.lib.common.rest_client [req-0e5c18bc-d546-42f8-9f76-b3f29dbffb5e ] Request (ServersAdminTestJSON:setUpClass): 200 POST https://dal-iaas-001-api-endpoint.prod.walmart.com:35357/v2.0/tenants 0.453s
2016-08-10 20:43:11.335 15826 INFO tempest.lib.common.rest_client [req-8c5e6fa0-a199-477d-bc92-75cd2a0f3781 ] Request (ImagesOneServerNegativeTestJSON:setUpClass): 200 GET https://dal-iaas-001-api-endpoint.prod.walmart.com:8774/v2/c2c3ba2ac49848b8a6386d271b3e6d5a/servers/45ff7652-b918-4e1a-83dc-35a9d2f13f40 0.674s
2016-08-10 20:43:11.342 15826 INFO tempest.common.waiters [-] State transition "BUILD/block_device_mapping" ==> "BUILD/scheduling" after 8 second wait
2016-08-10 20:43:11.456 15823 INFO tempest.lib.common.rest_client [req-f129a6b2-0ff9-455c-a284-f933b2f56c09 ] Request (SecurityGroupRulesTestJSON:test_security_group_rules_delete_when_peer_group_deleted): 202 DELETE https://dal-iaas-001-api-endpoint.prod.walmart.com:8774/v2/31beb2f15f39438b9896d894d90ab92e/os-security-groups/b4cf1c2d-622a-4949-87c3-ff437dabf617 0.454s
2016-08-10 20:43:11.584 15824 INFO tempest.lib.common.rest_client [req-048345a1-ba7e-4848-bfd4-d6f141e6dd98 ] Request (HostsAdminTestJSON:setUpClass): 200 GET https://dal-iaas-001-api-endpoint.prod.walmart.com:35357/v2.0/OS-KSADM/roles 0.410s
2016-08-10 20:43:11.627 15828 INFO tempest.lib.common.rest_client [req-9285cc75-6d1b-4ae2-913d-7e0aca73f1db ] Request (SecurityGroupsTestJSON:tearDownClass): 202 DELETE https://dal-iaas-001-api-endpoint.prod.walmart.com:8774/v2/fe86e7e682614701b045ea130f929a68/os-security-groups/08144ff8-20f3-42c0-a94d-ca38b89a87a4 0.481s
2016-08-10 20:43:11.755 15823 INFO tempest.lib.common.rest_client [req-4b42f660-1f79-4735-8f4f-f002cf157041 ] Request (SecurityGroupRulesTestJSON:test_security_group_rules_delete_when_peer_group_deleted): 200 GET https://dal-iaas-001-api-endpoint.prod.walmart.com:8774/v2/31beb2f15f39438b9896d894d90ab92e/os-security-groups/07bb1756-b67b-4a64-961e-a0e134e70fe6 0.298s
2016-08-10 20:43:11.803 15827 INFO tempest.lib.common.rest_client [req-b6c0609b-9ba7-4cad-bfb4-41c8feb2ce6c ] Request (ImagesMetadataTestJSON:setUpClass): 200 POST https://dal-iaas-001-api-endpoint.prod.walmart.com:5443/v2.0/tokens
2016-08-10 20:43:11.848 15825 INFO tempest.lib.common.rest_client [req-3a872d30-541a-41e8-ac8f-077573ab3b0e ] Request (ServersAdminTestJSON:setUpClass): 200 POST https://dal-iaas-001-api-endpoint.prod.walmart.com:35357/v2.0/users 0.551s
2016-08-10 20:43:11.902 15821 INFO tempest.lib.common.rest_client [req-b212c306-d257-4351-930e-7c8689148d21 ] Request (SecurityGroupsTestAdminJSON:setUpClass): 200 POST https://dal-iaas-001-api-endpoint.prod.walmart.com:5443/v2.0/tokens
2016-08-10 20:43:12.081 15828 INFO tempest.lib.common.rest_client [req-adf75c82-4c28-47eb-85a0-9fa0ac2f4c96 ] Request (SecurityGroupsTestJSON:tearDownClass): 202 DELETE https://dal-iaas-001-api-endpoint.prod.walmart.com:8774/v2/fe86e7e682614701b045ea130f929a68/os-security-groups/d4015908-37ae-4458-9a0e-e90e23323fc2 0.453s
2016-08-10 20:43:12.133 15823 INFO tempest.lib.common.rest_client [req-faf1e53f-28e0-4d00-812b-c92bafd9f98c ] Request (SecurityGroupRulesTestJSON:test_security_group_rules_list): 200 POST https://dal-iaas-001-api-endpoint.prod.walmart.com:8774/v2/31beb2f15f39438b9896d894d90ab92e/os-security-groups 0.373s
2016-08-10 20:43:12.133 15824 INFO tempest.lib.common.rest_client [req-1d6d9ccb-f0f6-4df6-a052-e984ce160b35 ] Request (HostsAdminTestJSON:setUpClass): 409 PUT https://dal-iaas-001-api-endpoint.prod.walmart.com:35357/v2.0/tenants/829d5c1d388845d6896fb4a25f0a5b15/users/fb37274ef5c642cba324d7adc8a3a64f/roles/OS-KSADM/9fe2ff9ee4384b1894a90878d3e92bab 0.548s
2016-08-10 20:43:12.134 15824 INFO tempest.common.dynamic_creds [-] Acquired dynamic creds:
 credentials: Credentials: {'username': u'tempest-HostsAdminTestJSON-1422830049', 'project_name': u'tempest-HostsAdminTestJSON-1422830049', 'user_id': u'fb37274ef5c642cba324d7adc8a3a64f', 'tenant_name': u'tempest-HostsAdminTestJSON-1422830049', 'tenant_id': u'829d5c1d388845d6896fb4a25f0a5b15', 'project_id': u'829d5c1d388845d6896fb4a25f0a5b15'}, Network: None, Subnet: None, Router: None
2016-08-10 20:43:12.199 15822 INFO tempest.lib.common.rest_client [req-aa9f1bd9-5c2c-47a5-8cd5-d0b54ed0dd2c ] Request (ImagesOneServerTestJSON:setUpClass): 200 GET https://dal-iaas-001-api-endpoint.prod.walmart.com:8774/v2/01a12e65ee32411a98d2c7e0c2aea5d9/servers/021eac61-6585-4d14-82bb-ca0d2c2524a6 0.731s
2016-08-10 20:43:12.206 15822 INFO tempest.common.waiters [-] State transition "BUILD/scheduling" ==> "BUILD/networking" after 2 second wait
2016-08-10 20:43:12.274 15825 INFO tempest.lib.common.rest_client [req-7a234294-9fdd-47c0-87d6-aa568e514f9e ] Request (ServersAdminTestJSON:setUpClass): 200 GET https://dal-iaas-001-api-endpoint.prod.walmart.com:35357/v2.0/OS-KSADM/roles 0.425s
2016-08-10 20:43:12.430 15827 INFO tempest.lib.common.rest_client [req-5644894f-901b-4ee0-9ef8-978f455e4cc3 ] Request (ImagesMetadataTestJSON:setUpClass): 200 POST https://dal-iaas-001-api-endpoint.prod.walmart.com:5443/v2.0/tokens
2016-08-10 20:43:12.494 15821 INFO tempest.lib.common.rest_client [req-b6e9c6fe-a772-4ed1-adad-0dddd382e024 ] Request (SecurityGroupsTestAdminJSON:setUpClass): 200 POST https://dal-iaas-001-api-endpoint.prod.walmart.com:5443/v2.0/tokens
2016-08-10 20:43:12.551 15823 INFO tempest.lib.common.rest_client [req-d30e95da-68f2-46e1-8010-6d50f55cb2f3 ] Request (SecurityGroupRulesTestJSON:test_security_group_rules_list): 200 POST https://dal-iaas-001-api-endpoint.prod.walmart.com:8774/v2/31beb2f15f39438b9896d894d90ab92e/os-security-group-rules 0.415s
2016-08-10 20:43:12.634 15824 INFO tempest.lib.common.rest_client [req-2e8731bb-8813-4884-83f1-3da7d88ebcb8 ] Request (HostsAdminTestJSON:setUpClass): 200 POST https://dal-iaas-001-api-endpoint.prod.walmart.com:35357/v2.0/tenants 0.494s
2016-08-10 20:43:12.638 15828 INFO tempest.lib.common.rest_client [req-18c63047-08df-40d9-a70a-d4cec62601b0 ] Request (SecurityGroupsTestJSON:tearDownClass): 204 DELETE https://dal-iaas-001-api-endpoint.prod.walmart.com:35357/v2.0/users/d4c794adfd8a4d558ed2586aa6203211 0.557s
2016-08-10 20:43:12.812 15825 INFO tempest.lib.common.rest_client [req-186d27db-635f-4c6c-9bc9-f4e12942c7e4 ] Request (ServersAdminTestJSON:setUpClass): 200 PUT https://dal-iaas-001-api-endpoint.prod.walmart.com:35357/v2.0/tenants/7cb85278711e4ebe9fef63c2ff75a71c/users/30308494ef3648108d14b854fe13b6f7/roles/OS-KSADM/b5b0387bbe864c43a2999e531988bb8f 0.538s
2016-08-10 20:43:12.909 15827 INFO tempest.lib.common.rest_client [req-5c796721-306f-44f5-a9a5-c0bac0efc1be ] Request (ImagesMetadataTestJSON:setUpClass): 200 POST https://dal-iaas-001-api-endpoint.prod.walmart.com:35357/v2.0/tenants 0.478s
2016-08-10 20:43:12.937 15826 INFO tempest.lib.common.rest_client [req-8687c89f-ff2c-4062-961c-d93432cde782 ] Request (ImagesOneServerNegativeTestJSON:setUpClass): 200 GET https://dal-iaas-001-api-endpoint.prod.walmart.com:8774/v2/c2c3ba2ac49848b8a6386d271b3e6d5a/servers/45ff7652-b918-4e1a-83dc-35a9d2f13f40 0.589s
2016-08-10 20:43:12.947 15826 INFO tempest.common.waiters [-] State transition "BUILD/scheduling" ==> "BUILD/None" after 9 second wait
2016-08-10 20:43:12.992 15823 INFO tempest.lib.common.rest_client [req-870b131d-1a3f-4fea-b39a-659b05038039 ] Request (SecurityGroupRulesTestJSON:test_security_group_rules_list): 200 POST https://dal-iaas-001-api-endpoint.prod.walmart.com:8774/v2/31beb2f15f39438b9896d894d90ab92e/os-security-group-rules 0.438s
2016-08-10 20:43:13.039 15821 INFO tempest.lib.common.rest_client [req-35e2c692-2d73-4c2a-ad92-7604ebf25c57 ] Request (SecurityGroupsTestAdminJSON:setUpClass): 200 POST https://dal-iaas-001-api-endpoint.prod.walmart.com:35357/v2.0/tenants 0.544s
2016-08-10 20:43:13.183 15824 INFO tempest.lib.common.rest_client [req-ea95eda1-ea9d-4c4a-9c48-c31452196cc5 ] Request (HostsAdminTestJSON:setUpClass): 200 POST https://dal-iaas-001-api-endpoint.prod.walmart.com:35357/v2.0/users 0.548s
2016-08-10 20:43:13.258 15825 INFO tempest.lib.common.rest_client [req-3207fd98-cbb5-46f4-88a3-5a30d6f2cf49 ] Request (ServersAdminTestJSON:setUpClass): 200 GET https://dal-iaas-001-api-endpoint.prod.walmart.com:35357/v2.0/OS-KSADM/roles 0.444s
2016-08-10 20:43:13.313 15823 INFO tempest.lib.common.rest_client [req-7db93b22-5417-4dd7-aa7a-c6b1d84e81d3 ] Request (SecurityGroupRulesTestJSON:test_security_group_rules_list): 200 GET https://dal-iaas-001-api-endpoint.prod.walmart.com:8774/v2/31beb2f15f39438b9896d894d90ab92e/os-security-groups/574a4ff6-4f75-423b-a677-ed8508a0f1ec 0.318s
2016-08-10 20:43:13.431 15827 INFO tempest.lib.common.rest_client [req-5439fc3e-f002-45d3-b6f8-57aa8a034da8 ] Request (ImagesMetadataTestJSON:setUpClass): 200 POST https://dal-iaas-001-api-endpoint.prod.walmart.com:35357/v2.0/users 0.521s
2016-08-10 20:43:13.510 15828 INFO tempest.lib.common.rest_client [req-6411d533-124d-4e00-bd46-f050a320c209 ] Request (SecurityGroupsTestJSON:tearDownClass): 200 GET https://dal-iaas-001-api-endpoint.prod.walmart.com:9696/v2.0/security-groups?tenant_id=fe86e7e682614701b045ea130f929a68&name=default 0.871s
2016-08-10 20:43:13.601 15821 INFO tempest.lib.common.rest_client [req-fe907650-1bfb-4615-877d-58a5a2345f27 ] Request (SecurityGroupsTestAdminJSON:setUpClass): 200 POST https://dal-iaas-001-api-endpoint.prod.walmart.com:35357/v2.0/users 0.561s
2016-08-10 20:43:13.690 15822 INFO tempest.lib.common.rest_client [req-4386559e-72ac-47e5-ac55-8ca4c969c920 ] Request (ImagesOneServerTestJSON:setUpClass): 200 GET https://dal-iaas-001-api-endpoint.prod.walmart.com:8774/v2/01a12e65ee32411a98d2c7e0c2aea5d9/servers/021eac61-6585-4d14-82bb-ca0d2c2524a6 0.483s
2016-08-10 20:43:13.696 15822 INFO tempest.common.waiters [-] State transition "BUILD/networking" ==> "BUILD/scheduling" after 3 second wait
2016-08-10 20:43:13.717 15824 INFO tempest.lib.common.rest_client [req-1aa1bfb8-3978-45f9-b8d2-027a1f8a890b ] Request (HostsAdminTestJSON:setUpClass): 200 GET https://dal-iaas-001-api-endpoint.prod.walmart.com:35357/v2.0/OS-KSADM/roles 0.533s
2016-08-10 20:43:13.721 15823 INFO tempest.lib.common.rest_client [req-ff3e95f2-51ed-458f-be13-654d532da1b1 ] Request (SecurityGroupRulesTestJSON:_run_cleanups): 202 DELETE https://dal-iaas-001-api-endpoint.prod.walmart.com:8774/v2/31beb2f15f39438b9896d894d90ab92e/os-security-group-rules/4cb9972d-666e-48bd-a3bc-cad933377234 0.404s
2016-08-10 20:43:13.726 15825 INFO tempest.lib.common.rest_client [req-54ad7adc-c841-42be-9ecc-c5a6d4d2379f ] Request (ServersAdminTestJSON:setUpClass): 409 PUT https://dal-iaas-001-api-endpoint.prod.walmart.com:35357/v2.0/tenants/7cb85278711e4ebe9fef63c2ff75a71c/users/30308494ef3648108d14b854fe13b6f7/roles/OS-KSADM/9fe2ff9ee4384b1894a90878d3e92bab 0.467s
2016-08-10 20:43:13.726 15825 INFO tempest.common.dynamic_creds [-] Acquired dynamic creds:
 credentials: Credentials: {'username': u'tempest-ServersAdminTestJSON-1270150088', 'project_name': u'tempest-ServersAdminTestJSON-1270150088', 'user_id': u'30308494ef3648108d14b854fe13b6f7', 'tenant_name': u'tempest-ServersAdminTestJSON-1270150088', 'tenant_id': u'7cb85278711e4ebe9fef63c2ff75a71c', 'project_id': u'7cb85278711e4ebe9fef63c2ff75a71c'}, Network: None, Subnet: None, Router: None
2016-08-10 20:43:13.776 15828 INFO tempest.lib.common.rest_client [req-d3d5b717-c564-437b-8630-1a63d4e19eda ] Request (SecurityGroupsTestJSON:tearDownClass): 409 DELETE https://dal-iaas-001-api-endpoint.prod.walmart.com:9696/v2.0/security-groups/f956ba03-a091-4b59-b3a5-c017ae24e9fa 0.266s
2016-08-10 20:43:13.777 15828 ERROR tempest.test [-] teardown of credentials failed: An object with that identifier already exists
Details: {u'message': u'Security Group f956ba03-a091-4b59-b3a5-c017ae24e9fa in use.', u'type': u'SecurityGroupInUse', u'detail': u''}
2016-08-10 20:43:13.777 15828 ERROR tempest.test Traceback (most recent call last):
2016-08-10 20:43:13.777 15828 ERROR tempest.test   File "/Users/vktiwar/openstack/git-clone/daliaas1/tempest/test.py", line 294, in tearDownClass
2016-08-10 20:43:13.777 15828 ERROR tempest.test     teardown()
2016-08-10 20:43:13.777 15828 ERROR tempest.test   File "/Users/vktiwar/openstack/git-clone/daliaas1/tempest/test.py", line 546, in clear_credentials
2016-08-10 20:43:13.777 15828 ERROR tempest.test     cls._creds_provider.clear_creds()
2016-08-10 20:43:13.777 15828 ERROR tempest.test   File "/Users/vktiwar/openstack/git-clone/daliaas1/tempest/common/dynamic_creds.py", line 406, in clear_creds
2016-08-10 20:43:13.777 15828 ERROR tempest.test     self._cleanup_default_secgroup(creds.tenant_id)
