2016-08-12 22:29:56.843 4775 INFO tempest.lib.common.rest_client [req-c8f0da80-0fb8-4c43-973e-babe90f96f12 ] Request (ServicesAdminNegativeTestJSON:setUpClass): 200 POST https://dal-iaas-001-api-endpoint.prod.walmart.com:35357/v2.0/users 0.855s
2016-08-12 22:29:56.848 4776 INFO tempest.lib.common.rest_client [req-24c88e1a-2afe-44bc-a8c0-3c1344c57c89 ] Request (InstanceUsageAuditLogTestJSON:setUpClass): 200 GET https://dal-iaas-001-api-endpoint.prod.walmart.com:35357/v2.0/OS-KSADM/roles 0.552s
2016-08-12 22:29:56.895 4781 INFO tempest.lib.common.rest_client [req-44959857-9fd2-45ce-9154-69741731843d ] Request (HypervisorAdminNegativeTestJSON:tearDownClass): 204 DELETE https://dal-iaas-001-api-endpoint.prod.walmart.com:35357/v2.0/users/5c184012be5f49eea914d03037434b03 0.622s
2016-08-12 22:29:56.895 4778 INFO tempest.lib.common.rest_client [req-6e9db243-c942-47db-984c-4eade745e646 ] Request (SecurityGroupsTestAdminJSON:tearDownClass): 204 DELETE https://dal-iaas-001-api-endpoint.prod.walmart.com:35357/v2.0/users/bc729abac3ce45e2890ffa82ee55b019 0.615s
2016-08-12 22:29:57.062 4777 INFO tempest.lib.common.rest_client [req-1cbe1384-4a3d-4765-b850-bf6af19fa710 ] Request (ServicesAdminTestJSON:setUpClass): 200 GET https://dal-iaas-001-api-endpoint.prod.walmart.com:35357/v2.0/OS-KSADM/roles 0.619s
2016-08-12 22:29:57.073 4774 INFO tempest.lib.common.rest_client [req-752095b7-f6c9-47ed-9c9a-4b45de717f19 ] Request (AZV2TestJSON:tearDownClass): 204 DELETE https://dal-iaas-001-api-endpoint.prod.walmart.com:9696/v2.0/security-groups/62dee6bb-efb3-46f4-906e-757322f3b079 0.414s
2016-08-12 22:29:57.286 4781 INFO tempest.lib.common.rest_client [req-1050e2cd-2923-419b-8451-e908d4659dc4 ] Request (HypervisorAdminNegativeTestJSON:tearDownClass): 200 GET https://dal-iaas-001-api-endpoint.prod.walmart.com:9696/v2.0/security-groups?tenant_id=e2f35e951867427e8a4aad1245f6eebc&name=default 0.391s
2016-08-12 22:29:57.342 4779 INFO tempest.lib.common.rest_client [req-4b04879a-b2fb-42ba-8b94-609bdd8c8248 ] Request (HypervisorAdminTestJSON:test_get_hypervisor_list_details): 200 GET https://dal-iaas-001-api-endpoint.prod.walmart.com:8774/v2/ea09b95360174dee97229d9e308e68b5/os-hypervisors/detail 1.129s
2016-08-12 22:29:57.502 4775 INFO tempest.lib.common.rest_client [req-76cb9747-df7d-468e-adfe-86f0b7682091 ] Request (ServicesAdminNegativeTestJSON:setUpClass): 200 GET https://dal-iaas-001-api-endpoint.prod.walmart.com:35357/v2.0/OS-KSADM/roles 0.658s
2016-08-12 22:29:57.514 4776 INFO tempest.lib.common.rest_client [req-6e6f6acd-9bc2-4b8a-a55c-5ffd1d25d16a ] Request (InstanceUsageAuditLogTestJSON:setUpClass): 409 PUT https://dal-iaas-001-api-endpoint.prod.walmart.com:35357/v2.0/tenants/e9df8cc9059a4aafa30b5fa827cafe3d/users/54831aef5ca5485b84aeccb5590ebf6f/roles/OS-KSADM/9fe2ff9ee4384b1894a90878d3e92bab 0.665s
2016-08-12 22:29:57.515 4776 INFO tempest.common.dynamic_creds [-] Acquired dynamic creds:
 credentials: Credentials: {'username': u'tempest-InstanceUsageAuditLogTestJSON-260811293', 'project_name': u'tempest-InstanceUsageAuditLogTestJSON-260811293', 'user_id': u'54831aef5ca5485b84aeccb5590ebf6f', 'tenant_name': u'tempest-InstanceUsageAuditLogTestJSON-260811293', 'tenant_id': u'e9df8cc9059a4aafa30b5fa827cafe3d', 'project_id': u'e9df8cc9059a4aafa30b5fa827cafe3d'}, Network: None, Subnet: None, Router: None
2016-08-12 22:29:57.645 4781 INFO tempest.lib.common.rest_client [req-e579b8af-f303-41fa-814c-ac83533422ce ] Request (HypervisorAdminNegativeTestJSON:tearDownClass): 204 DELETE https://dal-iaas-001-api-endpoint.prod.walmart.com:9696/v2.0/security-groups/a23e1f3b-89d8-4562-8093-674fce8c23d4 0.357s
2016-08-12 22:29:57.658 4777 INFO tempest.lib.common.rest_client [req-17d8784c-08a4-45bf-991b-08ee6e3b02b6 ] Request (ServicesAdminTestJSON:setUpClass): 409 PUT https://dal-iaas-001-api-endpoint.prod.walmart.com:35357/v2.0/tenants/3e64e2b94da04cebb869e823bbf1eb7c/users/24cd7ed30d1e4b0f8248ac83a0f51628/roles/OS-KSADM/9fe2ff9ee4384b1894a90878d3e92bab 0.594s
2016-08-12 22:29:57.658 4777 INFO tempest.common.dynamic_creds [-] Acquired dynamic creds:
 credentials: Credentials: {'username': u'tempest-ServicesAdminTestJSON-1353723527', 'project_name': u'tempest-ServicesAdminTestJSON-1353723527', 'user_id': u'24cd7ed30d1e4b0f8248ac83a0f51628', 'tenant_name': u'tempest-ServicesAdminTestJSON-1353723527', 'tenant_id': u'3e64e2b94da04cebb869e823bbf1eb7c', 'project_id': u'3e64e2b94da04cebb869e823bbf1eb7c'}, Network: None, Subnet: None, Router: None
2016-08-12 22:29:57.790 4774 INFO tempest.lib.common.rest_client [req-cea9894a-9ec3-4481-909f-a718a93e3c71 ] Request (AZV2TestJSON:tearDownClass): 204 DELETE https://dal-iaas-001-api-endpoint.prod.walmart.com:35357/v2.0/tenants/b2305caad2cb4753b9cca382d76ac42b 0.716s
2016-08-12 22:29:58.003 4776 INFO tempest.lib.common.rest_client [req-cb86b46f-6c4d-4680-8455-d6001db6e840 ] Request (InstanceUsageAuditLogTestJSON:test_get_instance_usage_audit_log): 200 POST https://dal-iaas-001-api-endpoint.prod.walmart.com:5443/v2.0/tokens
2016-08-12 22:29:58.035 4780 INFO tempest.lib.common.rest_client [req-b9cbd73f-3e32-4873-9e06-0c1b65b86751 ] Request (FlavorsExtraSpecsNegativeTestJSON:test_flavor_get_nonexistent_key): 404 GET https://dal-iaas-001-api-endpoint.prod.walmart.com:8774/v2/797a7a6d992b4d07819e69f0280f337d/flavors/1967290667/os-extra_specs/nonexistent_key 1.338s
2016-08-12 22:29:58.070 4775 INFO tempest.lib.common.rest_client [req-fd0f7133-8d93-4676-998f-231fe355833e ] Request (ServicesAdminNegativeTestJSON:setUpClass): 200 PUT https://dal-iaas-001-api-endpoint.prod.walmart.com:35357/v2.0/tenants/6965b0cf0079450a8d7afd88738452ec/users/6d9ba6a68cb94697817fe8cf00b8a93a/roles/OS-KSADM/b5b0387bbe864c43a2999e531988bb8f 0.568s
2016-08-12 22:29:58.097 4778 INFO tempest.lib.common.rest_client [req-5283412c-e5d7-48d1-806c-72a37a77dd0b ] Request (SecurityGroupsTestAdminJSON:tearDownClass): 200 GET https://dal-iaas-001-api-endpoint.prod.walmart.com:9696/v2.0/security-groups?tenant_id=4382d870faaf498db13bac1cd5d7d541&name=default 1.202s
2016-08-12 22:29:58.247 4777 INFO tempest.lib.common.rest_client [req-d6289c28-cbf6-4d87-a593-69babccc0b5a ] Request (ServicesAdminTestJSON:setUpClass): 200 POST https://dal-iaas-001-api-endpoint.prod.walmart.com:35357/v2.0/tenants 0.584s
2016-08-12 22:29:58.316 4780 INFO tempest.lib.common.rest_client [req-dff41e1e-0042-42a5-8ada-88a212d8f82b ] Request (FlavorsExtraSpecsNegativeTestJSON:test_flavor_non_admin_set_keys): 403 POST https://dal-iaas-001-api-endpoint.prod.walmart.com:8774/v2/797a7a6d992b4d07819e69f0280f337d/flavors/1967290667/os-extra_specs 0.278s
2016-08-12 22:29:58.340 4781 INFO tempest.lib.common.rest_client [req-eaadce73-51a4-4dd5-b5b5-03d9d5c7ad9d ] Request (HypervisorAdminNegativeTestJSON:tearDownClass): 204 DELETE https://dal-iaas-001-api-endpoint.prod.walmart.com:35357/v2.0/tenants/e2f35e951867427e8a4aad1245f6eebc 0.694s
2016-08-12 22:29:58.509 4779 INFO tempest.lib.common.rest_client [req-a15afa4f-d942-4685-bbe6-8c73d3bb2b17 ] Request (HypervisorAdminTestJSON:test_get_hypervisor_show_details): 200 GET https://dal-iaas-001-api-endpoint.prod.walmart.com:8774/v2/ea09b95360174dee97229d9e308e68b5/os-hypervisors 1.146s
2016-08-12 22:29:58.509 4778 INFO tempest.lib.common.rest_client [req-5ce776ef-bef0-4212-8679-cd178372b4c6 ] Request (SecurityGroupsTestAdminJSON:tearDownClass): 204 DELETE https://dal-iaas-001-api-endpoint.prod.walmart.com:9696/v2.0/security-groups/14351c49-d650-48f0-a487-abe5ec83aeac 0.411s
2016-08-12 22:29:58.509 4774 INFO tempest.lib.common.rest_client [req-4320d994-7b1f-4870-9e52-c20a4b8df16e ] Request (ServersTestJSON:setUpClass): 200 POST https://dal-iaas-001-api-endpoint.prod.walmart.com:5443/v2.0/tokens
2016-08-12 22:29:58.684 4775 INFO tempest.lib.common.rest_client [req-4e0c3227-d393-4c5c-a485-ffc1e7e40cfd ] Request (ServicesAdminNegativeTestJSON:setUpClass): 200 GET https://dal-iaas-001-api-endpoint.prod.walmart.com:35357/v2.0/OS-KSADM/roles 0.613s
2016-08-12 22:29:58.762 4780 INFO tempest.lib.common.rest_client [req-8d9494fa-2516-4b8f-bafa-31afc0af4cc2 ] Request (FlavorsExtraSpecsNegativeTestJSON:test_flavor_non_admin_unset_keys): 200 POST https://dal-iaas-001-api-endpoint.prod.walmart.com:8774/v2/082cdf900bd544a686f622f898c4b2ee/flavors/1967290667/os-extra_specs 0.444s
2016-08-12 22:29:58.847 4779 INFO tempest.lib.common.rest_client [req-93e1456a-4c96-4609-a0b2-992dc7682528 ] Request (HypervisorAdminTestJSON:test_get_hypervisor_show_details): 200 GET https://dal-iaas-001-api-endpoint.prod.walmart.com:8774/v2/ea09b95360174dee97229d9e308e68b5/os-hypervisors/5 0.332s
2016-08-12 22:29:59.002 4781 INFO tempest.lib.common.rest_client [req-116d3011-bbb0-4aea-9c46-eeb4217b562c ] Request (QuotasAdminNegativeTestJSON:setUpClass): 200 POST https://dal-iaas-001-api-endpoint.prod.walmart.com:5443/v2.0/tokens
2016-08-12 22:29:59.008 4777 INFO tempest.lib.common.rest_client [req-937eeeef-e26c-46da-8c1c-3cc2a003a816 ] Request (ServicesAdminTestJSON:setUpClass): 200 POST https://dal-iaas-001-api-endpoint.prod.walmart.com:35357/v2.0/users 0.761s
2016-08-12 22:29:59.010 4780 INFO tempest.lib.common.rest_client [req-a2f12d22-0b09-4636-99a7-622ac787827f ] Request (FlavorsExtraSpecsNegativeTestJSON:test_flavor_non_admin_unset_keys): 403 DELETE https://dal-iaas-001-api-endpoint.prod.walmart.com:8774/v2/797a7a6d992b4d07819e69f0280f337d/flavors/1967290667/os-extra_specs/key1 0.245s
2016-08-12 22:29:59.084 4774 INFO tempest.lib.common.rest_client [req-a320ce26-2597-4a42-963d-dfc2aaebf5de ] Request (ServersTestJSON:setUpClass): 200 POST https://dal-iaas-001-api-endpoint.prod.walmart.com:5443/v2.0/tokens
2016-08-12 22:29:59.262 4775 INFO tempest.lib.common.rest_client [req-bc8a8967-26ac-49ed-a47a-61ddfa047dba ] Request (ServicesAdminNegativeTestJSON:setUpClass): 409 PUT https://dal-iaas-001-api-endpoint.prod.walmart.com:35357/v2.0/tenants/6965b0cf0079450a8d7afd88738452ec/users/6d9ba6a68cb94697817fe8cf00b8a93a/roles/OS-KSADM/9fe2ff9ee4384b1894a90878d3e92bab 0.576s
2016-08-12 22:29:59.262 4775 INFO tempest.common.dynamic_creds [-] Acquired dynamic creds:
 credentials: Credentials: {'username': u'tempest-ServicesAdminNegativeTestJSON-812073713', 'project_name': u'tempest-ServicesAdminNegativeTestJSON-812073713', 'user_id': u'6d9ba6a68cb94697817fe8cf00b8a93a', 'tenant_name': u'tempest-ServicesAdminNegativeTestJSON-812073713', 'tenant_id': u'6965b0cf0079450a8d7afd88738452ec', 'project_id': u'6965b0cf0079450a8d7afd88738452ec'}, Network: None, Subnet: None, Router: None
2016-08-12 22:29:59.281 4778 INFO tempest.lib.common.rest_client [req-85338be8-caa0-42ff-b029-e9c810320dad ] Request (SecurityGroupsTestAdminJSON:tearDownClass): 204 DELETE https://dal-iaas-001-api-endpoint.prod.walmart.com:35357/v2.0/tenants/4382d870faaf498db13bac1cd5d7d541 0.772s
2016-08-12 22:29:59.300 4776 INFO tempest.lib.common.rest_client [req-a410c388-4227-4fd3-a5ae-6e3ad37397f8 ] Request (InstanceUsageAuditLogTestJSON:test_get_instance_usage_audit_log): 200 GET https://dal-iaas-001-api-endpoint.prod.walmart.com:8774/v2/e9df8cc9059a4aafa30b5fa827cafe3d/os-instance_usage_audit_log/2016-08-12%2022%3A29%3A57 1.297s
2016-08-12 22:29:59.329 4780 INFO tempest.lib.common.rest_client [req-86207b34-433e-41d5-a8c5-bde549ce3f8e ] Request (FlavorsExtraSpecsNegativeTestJSON:test_flavor_non_admin_update_specific_key): 200 POST https://dal-iaas-001-api-endpoint.prod.walmart.com:8774/v2/082cdf900bd544a686f622f898c4b2ee/flavors/1967290667/os-extra_specs 0.317s
2016-08-12 22:29:59.580 4777 INFO tempest.lib.common.rest_client [req-c529ce3f-f005-4f0b-82ce-e4ce75998f35 ] Request (ServicesAdminTestJSON:setUpClass): 200 GET https://dal-iaas-001-api-endpoint.prod.walmart.com:35357/v2.0/OS-KSADM/roles 0.570s
2016-08-12 22:29:59.607 4780 INFO tempest.lib.common.rest_client [req-f590c18b-c157-4053-8fdf-a0b74b6048dd ] Request (FlavorsExtraSpecsNegativeTestJSON:test_flavor_non_admin_update_specific_key): 403 PUT https://dal-iaas-001-api-endpoint.prod.walmart.com:8774/v2/797a7a6d992b4d07819e69f0280f337d/flavors/1967290667/os-extra_specs/key1 0.276s
2016-08-12 22:29:59.632 4776 INFO tempest.lib.common.rest_client [req-6cd77905-8f5c-4b4e-aa0d-98c975b4e8fd ] Request (InstanceUsageAuditLogTestJSON:test_list_instance_usage_audit_logs): 200 GET https://dal-iaas-001-api-endpoint.prod.walmart.com:8774/v2/e9df8cc9059a4aafa30b5fa827cafe3d/os-instance_usage_audit_log 0.328s
2016-08-12 22:29:59.632 4781 INFO tempest.lib.common.rest_client [req-fddad9ae-c8d1-4102-a9f7-d6a8daa4baf7 ] Request (QuotasAdminNegativeTestJSON:setUpClass): 200 POST https://dal-iaas-001-api-endpoint.prod.walmart.com:5443/v2.0/tokens
2016-08-12 22:29:59.725 4774 INFO tempest.lib.common.rest_client [req-042234b0-512b-4a67-9564-12d889479e43 ] Request (ServersTestJSON:setUpClass): 200 POST https://dal-iaas-001-api-endpoint.prod.walmart.com:35357/v2.0/tenants 0.640s
2016-08-12 22:29:59.727 4775 INFO tempest.lib.common.rest_client [req-7b0a5954-2b5a-4e4f-a7dd-ab32b81df6a5 ] Request (ServicesAdminNegativeTestJSON:test_get_service_by_invalid_params): 200 POST https://dal-iaas-001-api-endpoint.prod.walmart.com:5443/v2.0/tokens
2016-08-12 22:29:59.900 4780 INFO tempest.lib.common.rest_client [req-58be6652-c4ef-4013-9e3a-7b44d768005f ] Request (FlavorsExtraSpecsNegativeTestJSON:test_flavor_unset_nonexistent_key): 404 DELETE https://dal-iaas-001-api-endpoint.prod.walmart.com:8774/v2/082cdf900bd544a686f622f898c4b2ee/flavors/1967290667/os-extra_specs/tempest-flavor_key-46267284 0.292s
2016-08-12 22:29:59.902 4778 INFO tempest.lib.common.rest_client [req-ecfa8dee-d780-4afb-9033-b6bb15e6b30f ] Request (SecurityGroupsTestAdminJSON:tearDownClass): 204 DELETE https://dal-iaas-001-api-endpoint.prod.walmart.com:35357/v2.0/users/74e0059274934efe9377bc9d36cc1ff7 0.620s
2016-08-12 22:29:59.908 4779 INFO tempest.lib.common.rest_client [req-4614fcd7-d8fa-46cf-867a-86bd0b789ee1 ] Request (HypervisorAdminTestJSON:test_get_hypervisor_show_servers): 200 GET https://dal-iaas-001-api-endpoint.prod.walmart.com:8774/v2/ea09b95360174dee97229d9e308e68b5/os-hypervisors 1.055s
2016-08-12 22:30:00.176 4780 INFO tempest.lib.common.rest_client [req-8601240a-935f-46af-b157-76f2a345f04b ] Request (FlavorsExtraSpecsNegativeTestJSON:test_flavor_update_mismatch_key): 400 PUT https://dal-iaas-001-api-endpoint.prod.walmart.com:8774/v2/082cdf900bd544a686f622f898c4b2ee/flavors/1967290667/os-extra_specs/key2 0.273s
2016-08-12 22:30:00.178 4778 INFO tempest.lib.common.rest_client [req-cca676af-33af-4725-9dbf-3409013001fb ] Request (SecurityGroupsTestAdminJSON:tearDownClass): 200 GET https://dal-iaas-001-api-endpoint.prod.walmart.com:9696/v2.0/security-groups?tenant_id=f4e1b455f50d44be861f30c34e9145f0&name=default 0.275s
2016-08-12 22:30:00.248 4777 INFO tempest.lib.common.rest_client [req-963221fe-e1ff-4dd4-a426-6753532c585c ] Request (ServicesAdminTestJSON:setUpClass): 200 PUT https://dal-iaas-001-api-endpoint.prod.walmart.com:35357/v2.0/tenants/37d56aecf1044a078132e7baa60dac20/users/0b54a22abf5f4b11b6682e95a6250dbe/roles/OS-KSADM/b5b0387bbe864c43a2999e531988bb8f 0.667s
2016-08-12 22:30:00.250 4781 INFO tempest.lib.common.rest_client [req-665d0b1f-a03f-4556-9582-f74c57753397 ] Request (QuotasAdminNegativeTestJSON:setUpClass): 200 POST https://dal-iaas-001-api-endpoint.prod.walmart.com:35357/v2.0/tenants 0.616s
2016-08-12 22:30:00.257 4776 INFO tempest.lib.common.rest_client [req-55d94a89-e65c-4796-bb3a-52571c977e27 ] Request (InstanceUsageAuditLogTestJSON:tearDownClass): 204 DELETE https://dal-iaas-001-api-endpoint.prod.walmart.com:35357/v2.0/users/54831aef5ca5485b84aeccb5590ebf6f 0.617s
2016-08-12 22:30:00.258 4779 INFO tempest.lib.common.rest_client [req-6a98ee76-c4a3-45ea-bf77-3c98addf05f8 ] Request (HypervisorAdminTestJSON:test_get_hypervisor_show_servers): 200 GET https://dal-iaas-001-api-endpoint.prod.walmart.com:8774/v2/ea09b95360174dee97229d9e308e68b5/os-hypervisors/dal-appblx061-21.prod.walmart.com/servers 0.345s
2016-08-12 22:30:00.336 4774 INFO tempest.lib.common.rest_client [req-f52c0e76-0a25-4f62-8b33-c35b3ea4be47 ] Request (ServersTestJSON:setUpClass): 200 POST https://dal-iaas-001-api-endpoint.prod.walmart.com:35357/v2.0/users 0.610s
2016-08-12 22:30:00.523 4780 INFO tempest.lib.common.rest_client [req-51403d13-d222-4843-9d0f-8135454ce314 ] Request (FlavorsExtraSpecsNegativeTestJSON:test_flavor_update_more_key): 400 PUT https://dal-iaas-001-api-endpoint.prod.walmart.com:8774/v2/082cdf900bd544a686f622f898c4b2ee/flavors/1967290667/os-extra_specs/key1 0.346s
2016-08-12 22:30:00.602 4779 INFO tempest.lib.common.rest_client [req-979e4764-1110-46ec-a6ea-928e8530a390 ] Request (HypervisorAdminTestJSON:test_get_hypervisor_stats): 200 GET https://dal-iaas-001-api-endpoint.prod.walmart.com:8774/v2/ea09b95360174dee97229d9e308e68b5/os-hypervisors/statistics 0.341s
2016-08-12 22:30:00.608 4778 INFO tempest.lib.common.rest_client [req-212c2530-6b02-4e0d-bb99-ee3993c5271c ] Request (SecurityGroupsTestAdminJSON:tearDownClass): 204 DELETE https://dal-iaas-001-api-endpoint.prod.walmart.com:9696/v2.0/security-groups/7e591b8f-6a37-4d6f-9178-1160a9a2992c 0.429s
2016-08-12 22:30:00.839 4780 INFO tempest.lib.common.rest_client [req-a68857f0-e68c-44be-ba4a-7e0963cceb89 ] Request (FlavorsExtraSpecsNegativeTestJSON:tearDownClass): 202 DELETE https://dal-iaas-001-api-endpoint.prod.walmart.com:8774/v2/082cdf900bd544a686f622f898c4b2ee/flavors/1967290667 0.314s
2016-08-12 22:30:00.860 4777 INFO tempest.lib.common.rest_client [req-faf83414-c549-4f54-b55e-2a5b1cfb7ad2 ] Request (ServicesAdminTestJSON:setUpClass): 200 GET https://dal-iaas-001-api-endpoint.prod.walmart.com:35357/v2.0/OS-KSADM/roles 0.612s
2016-08-12 22:30:00.878 4774 INFO tempest.lib.common.rest_client [req-2380c84c-3648-4f34-af8a-2a1f338f786a ] Request (ServersTestJSON:setUpClass): 200 GET https://dal-iaas-001-api-endpoint.prod.walmart.com:35357/v2.0/OS-KSADM/roles 0.541s
2016-08-12 22:30:00.888 4781 INFO tempest.lib.common.rest_client [req-df62aa74-cf63-4e69-a452-6f467763d45b ] Request (QuotasAdminNegativeTestJSON:setUpClass): 200 POST https://dal-iaas-001-api-endpoint.prod.walmart.com:35357/v2.0/users 0.637s
2016-08-12 22:30:01.133 4780 INFO tempest.lib.common.rest_client [req-dfed57e0-875e-4957-89b0-078c723d75f9 ] Request (FlavorsExtraSpecsNegativeTestJSON:tearDownClass): 200 GET https://dal-iaas-001-api-endpoint.prod.walmart.com:8774/v2/082cdf900bd544a686f622f898c4b2ee/flavors/detail 0.293s
2016-08-12 22:30:01.151 4775 INFO tempest.lib.common.rest_client [req-b90a029d-2c09-4fed-986f-f969bab0eebe ] Request (ServicesAdminNegativeTestJSON:test_get_service_by_invalid_params): 200 GET https://dal-iaas-001-api-endpoint.prod.walmart.com:8774/v2/6965b0cf0079450a8d7afd88738452ec/os-services 1.424s
2016-08-12 22:30:01.201 4778 INFO tempest.lib.common.rest_client [req-db12c300-385a-44a1-b799-82558853992c ] Request (SecurityGroupsTestAdminJSON:tearDownClass): 204 DELETE https://dal-iaas-001-api-endpoint.prod.walmart.com:35357/v2.0/tenants/f4e1b455f50d44be861f30c34e9145f0 0.593s
2016-08-12 22:30:01.372 4774 INFO tempest.lib.common.rest_client [req-78660cec-6f97-4614-ac18-6ae5b238e721 ] Request (ServersTestJSON:setUpClass): 409 PUT https://dal-iaas-001-api-endpoint.prod.walmart.com:35357/v2.0/tenants/cdeabf2f298143899f79fa81caf1e1e2/users/03be5667ff1d4f8d92372954770fbcd1/roles/OS-KSADM/9fe2ff9ee4384b1894a90878d3e92bab 0.493s
2016-08-12 22:30:01.373 4774 INFO tempest.common.dynamic_creds [-] Acquired dynamic creds:
 credentials: Credentials: {'username': u'tempest-ServersTestJSON-1498639888', 'project_name': u'tempest-ServersTestJSON-1498639888', 'user_id': u'03be5667ff1d4f8d92372954770fbcd1', 'tenant_name': u'tempest-ServersTestJSON-1498639888', 'tenant_id': u'cdeabf2f298143899f79fa81caf1e1e2', 'project_id': u'cdeabf2f298143899f79fa81caf1e1e2'}, Network: None, Subnet: None, Router: None
2016-08-12 22:30:01.412 4776 INFO tempest.lib.common.rest_client [req-9edbbffd-6f26-47e4-8679-0553b46ea58b ] Request (InstanceUsageAuditLogTestJSON:tearDownClass): 200 GET https://dal-iaas-001-api-endpoint.prod.walmart.com:9696/v2.0/security-groups?tenant_id=e9df8cc9059a4aafa30b5fa827cafe3d&name=default 1.154s
2016-08-12 22:30:01.443 4777 INFO tempest.lib.common.rest_client [req-b638b503-a0df-4a41-b152-1742ff8b5ea5 ] Request (ServicesAdminTestJSON:setUpClass): 409 PUT https://dal-iaas-001-api-endpoint.prod.walmart.com:35357/v2.0/tenants/37d56aecf1044a078132e7baa60dac20/users/0b54a22abf5f4b11b6682e95a6250dbe/roles/OS-KSADM/9fe2ff9ee4384b1894a90878d3e92bab 0.582s
2016-08-12 22:30:01.444 4777 INFO tempest.common.dynamic_creds [-] Acquired dynamic creds:
 credentials: Credentials: {'username': u'tempest-ServicesAdminTestJSON-1988061463', 'project_name': u'tempest-ServicesAdminTestJSON-1988061463', 'user_id': u'0b54a22abf5f4b11b6682e95a6250dbe', 'tenant_name': u'tempest-ServicesAdminTestJSON-1988061463', 'tenant_id': u'37d56aecf1044a078132e7baa60dac20', 'project_id': u'37d56aecf1044a078132e7baa60dac20'}, Network: None, Subnet: None, Router: None
2016-08-12 22:30:01.469 4781 INFO tempest.lib.common.rest_client [req-f31a77ed-5bd9-4d56-acad-408b982afe09 ] Request (QuotasAdminNegativeTestJSON:setUpClass): 200 GET https://dal-iaas-001-api-endpoint.prod.walmart.com:35357/v2.0/OS-KSADM/roles 0.580s
2016-08-12 22:30:01.500 4775 INFO tempest.lib.common.rest_client [req-5a310d14-e477-46a7-b925-d01eba3d9437 ] Request (ServicesAdminNegativeTestJSON:test_get_service_by_invalid_params): 200 GET https://dal-iaas-001-api-endpoint.prod.walmart.com:8774/v2/6965b0cf0079450a8d7afd88738452ec/os-services?xxx=nova-compute 0.343s
2016-08-12 22:30:01.523 4779 INFO tempest.lib.common.rest_client [req-67672323-edfb-461a-aa67-8295e04b76c9 ] Request (HypervisorAdminTestJSON:test_get_hypervisor_uptime): 200 GET https://dal-iaas-001-api-endpoint.prod.walmart.com:8774/v2/ea09b95360174dee97229d9e308e68b5/os-hypervisors 0.918s
2016-08-12 22:30:01.750 4780 INFO tempest.lib.common.rest_client [req-7ae9af42-aa84-48cc-8748-e15f6bba9500 ] Request (FlavorsExtraSpecsNegativeTestJSON:tearDownClass): 204 DELETE https://dal-iaas-001-api-endpoint.prod.walmart.com:35357/v2.0/users/77d4fbe307d84caaa5347746eeba48d2 0.612s
2016-08-12 22:30:01.768 4776 INFO tempest.lib.common.rest_client [req-db299845-3e72-432e-aca5-c75162086129 ] Request (InstanceUsageAuditLogTestJSON:tearDownClass): 204 DELETE https://dal-iaas-001-api-endpoint.prod.walmart.com:9696/v2.0/security-groups/563e1717-f622-41da-8bb4-c2eea90422c2 0.356s
2016-08-12 22:30:01.819 4778 INFO tempest.lib.common.rest_client [req-e81e207e-6fbf-4a2b-b8f7-950ee3c0fa91 ] Request (FlavorsListWithDetailsNegativeTestJSON:setUpClass): 200 POST https://dal-iaas-001-api-endpoint.prod.walmart.com:5443/v2.0/tokens
2016-08-12 22:30:01.866 4775 INFO tempest.lib.common.rest_client [req-cee04bf4-955c-421b-a079-716e668b01bd ] Request (ServicesAdminNegativeTestJSON:test_get_service_by_invalid_service_and_valid_host): 200 GET https://dal-iaas-001-api-endpoint.prod.walmart.com:8774/v2/6965b0cf0079450a8d7afd88738452ec/os-services 0.356s
2016-08-12 22:30:01.867 4779 INFO tempest.lib.common.rest_client [req-a1f6750e-44f7-4687-9233-2aa9f2d7d0c2 ] Request (HypervisorAdminTestJSON:test_get_hypervisor_uptime): 200 GET https://dal-iaas-001-api-endpoint.prod.walmart.com:8774/v2/ea09b95360174dee97229d9e308e68b5/os-hypervisors/5 0.340s
2016-08-12 22:30:01.872 4774 INFO tempest.lib.common.rest_client [req-6928d4b0-4f1d-4c65-aa6a-e95f6574a541 ] Request (ServersTestJSON:setUpClass): 200 POST https://dal-iaas-001-api-endpoint.prod.walmart.com:5443/v2.0/tokens
2016-08-12 22:30:02.010 4777 INFO tempest.lib.common.rest_client [req-dbdc5282-0be4-4a5e-a06d-6bfd82001bab ] Request (ServicesAdminTestJSON:test_get_service_by_host_name): 200 POST https://dal-iaas-001-api-endpoint.prod.walmart.com:5443/v2.0/tokens
2016-08-12 22:30:02.137 4781 INFO tempest.lib.common.rest_client [req-d8028bfc-1071-486a-bd79-bdd072b12eef ] Request (QuotasAdminNegativeTestJSON:setUpClass): 409 PUT https://dal-iaas-001-api-endpoint.prod.walmart.com:35357/v2.0/tenants/44118a019abf4016b37935b54724fa90/users/06e728ea536c4b88854c1783157f3f9a/roles/OS-KSADM/9fe2ff9ee4384b1894a90878d3e92bab 0.667s
2016-08-12 22:30:02.137 4781 INFO tempest.common.dynamic_creds [-] Acquired dynamic creds:
 credentials: Credentials: {'username': u'tempest-QuotasAdminNegativeTestJSON-1122875610', 'project_name': u'tempest-QuotasAdminNegativeTestJSON-1122875610', 'user_id': u'06e728ea536c4b88854c1783157f3f9a', 'tenant_name': u'tempest-QuotasAdminNegativeTestJSON-1122875610', 'tenant_id': u'44118a019abf4016b37935b54724fa90', 'project_id': u'44118a019abf4016b37935b54724fa90'}, Network: None, Subnet: None, Router: None
2016-08-12 22:30:02.183 4779 INFO tempest.lib.common.rest_client [req-6ba2af17-6e2f-4d8f-9c58-47490c751401 ] Request (HypervisorAdminTestJSON:test_get_hypervisor_uptime): 200 GET https://dal-iaas-001-api-endpoint.prod.walmart.com:8774/v2/ea09b95360174dee97229d9e308e68b5/os-hypervisors/5 0.312s
2016-08-12 22:30:02.200 4775 INFO tempest.lib.common.rest_client [req-2d8e33b4-125b-42b2-b1b9-d8c8352b91fa ] Request (ServicesAdminNegativeTestJSON:test_get_service_by_invalid_service_and_valid_host): 200 GET https://dal-iaas-001-api-endpoint.prod.walmart.com:8774/v2/6965b0cf0079450a8d7afd88738452ec/os-services?binary=xxx&host=dal-appblx061-01_nova_scheduler_container-e75090e6 0.326s
2016-08-12 22:30:02.441 4778 INFO tempest.lib.common.rest_client [req-dfb4d0ff-45c7-479f-8e47-9314fd4512cf ] Request (FlavorsListWithDetailsNegativeTestJSON:setUpClass): 200 POST https://dal-iaas-001-api-endpoint.prod.walmart.com:5443/v2.0/tokens
2016-08-12 22:30:02.474 4776 INFO tempest.lib.common.rest_client [req-c5628aa5-3178-4e1e-8024-c16b9ed2ea1f ] Request (InstanceUsageAuditLogTestJSON:tearDownClass): 204 DELETE https://dal-iaas-001-api-endpoint.prod.walmart.com:35357/v2.0/tenants/e9df8cc9059a4aafa30b5fa827cafe3d 0.705s
2016-08-12 22:30:02.490 4779 INFO tempest.lib.common.rest_client [req-c50d9338-be9c-4a69-9a0a-071dea0a2fc3 ] Request (HypervisorAdminTestJSON:test_get_hypervisor_uptime): 200 GET https://dal-iaas-001-api-endpoint.prod.walmart.com:8774/v2/ea09b95360174dee97229d9e308e68b5/os-hypervisors/5 0.302s
2016-08-12 22:30:02.615 4775 INFO tempest.lib.common.rest_client [req-1c9a98c6-dfb0-4e66-a77a-bfff0da0f672 ] Request (ServicesAdminNegativeTestJSON:test_get_service_with_valid_service_and_invalid_host): 200 GET https://dal-iaas-001-api-endpoint.prod.walmart.com:8774/v2/6965b0cf0079450a8d7afd88738452ec/os-services 0.411s
2016-08-12 22:30:02.777 4781 INFO tempest.lib.common.rest_client [req-3d60c995-e8cd-44d6-92a3-1b1aec88270d ] Request (QuotasAdminNegativeTestJSON:setUpClass): 200 POST https://dal-iaas-001-api-endpoint.prod.walmart.com:35357/v2.0/tenants 0.635s
2016-08-12 22:30:02.805 4779 INFO tempest.lib.common.rest_client [req-7c945aeb-0ee1-4ad6-81ab-7459fd4f59d8 ] Request (HypervisorAdminTestJSON:test_get_hypervisor_uptime): 200 GET https://dal-iaas-001-api-endpoint.prod.walmart.com:8774/v2/ea09b95360174dee97229d9e308e68b5/os-hypervisors/5 0.312s
2016-08-12 22:30:03.001 4775 INFO tempest.lib.common.rest_client [req-8665f3bc-040f-431b-b7a4-0a699505aee3 ] Request (ServicesAdminNegativeTestJSON:test_get_service_with_valid_service_and_invalid_host): 200 GET https://dal-iaas-001-api-endpoint.prod.walmart.com:8774/v2/6965b0cf0079450a8d7afd88738452ec/os-services?binary=nova-scheduler&host=xxx 0.379s
2016-08-12 22:30:03.061 4778 INFO tempest.lib.common.rest_client [req-2eb66ac6-00fc-4973-8bf3-a918a9eccc89 ] Request (FlavorsListWithDetailsNegativeTestJSON:setUpClass): 200 POST https://dal-iaas-001-api-endpoint.prod.walmart.com:35357/v2.0/tenants 0.619s
2016-08-12 22:30:03.093 4776 INFO tempest.lib.common.rest_client [req-ec4382b4-2f0a-42ca-b0d1-3ebcec25e15c ] Request (InstanceUsageAuditLogTestJSON:tearDownClass): 204 DELETE https://dal-iaas-001-api-endpoint.prod.walmart.com:35357/v2.0/users/5eb66c4cf0814bc495f4e693b658978d 0.619s
2016-08-12 22:30:03.113 4779 INFO tempest.lib.common.rest_client [req-9bcbf951-551b-4dd5-8030-917bb532bc37 ] Request (HypervisorAdminTestJSON:test_get_hypervisor_uptime): 200 GET https://dal-iaas-001-api-endpoint.prod.walmart.com:8774/v2/ea09b95360174dee97229d9e308e68b5/os-hypervisors/5 0.301s
2016-08-12 22:30:03.208 4780 INFO tempest.lib.common.rest_client [req-0c0bf184-ca16-4f3d-a220-d3089b223956 ] Request (FlavorsExtraSpecsNegativeTestJSON:tearDownClass): 200 GET https://dal-iaas-001-api-endpoint.prod.walmart.com:9696/v2.0/security-groups?tenant_id=082cdf900bd544a686f622f898c4b2ee&name=default 1.457s
2016-08-12 22:30:03.329 4777 INFO tempest.lib.common.rest_client [req-89dfa66a-0105-4175-b418-94a7d82cf293 ] Request (ServicesAdminTestJSON:test_get_service_by_host_name): 200 GET https://dal-iaas-001-api-endpoint.prod.walmart.com:8774/v2/37d56aecf1044a078132e7baa60dac20/os-services 1.318s
2016-08-12 22:30:03.379 4781 INFO tempest.lib.common.rest_client [req-76381df9-3567-4f0b-b6cd-4c54981e0458 ] Request (QuotasAdminNegativeTestJSON:setUpClass): 200 POST https://dal-iaas-001-api-endpoint.prod.walmart.com:35357/v2.0/users 0.600s
2016-08-12 22:30:03.384 4776 INFO tempest.lib.common.rest_client [req-bcfbf519-7806-4417-9784-5ff9697fbb0d ] Request (InstanceUsageAuditLogTestJSON:tearDownClass): 200 GET https://dal-iaas-001-api-endpoint.prod.walmart.com:9696/v2.0/security-groups?tenant_id=7fbbccabb5964eb9990a61c0657a1c1c&name=default 0.291s
2016-08-12 22:30:03.399 4779 INFO tempest.lib.common.rest_client [req-df4a0898-360c-4c9e-b167-2afea9a7b81a ] Request (HypervisorAdminTestJSON:test_get_hypervisor_uptime): 200 GET https://dal-iaas-001-api-endpoint.prod.walmart.com:8774/v2/ea09b95360174dee97229d9e308e68b5/os-hypervisors/5 0.282s
2016-08-12 22:30:03.554 4775 INFO tempest.lib.common.rest_client [req-9a071177-b8e1-45ef-bf94-9b0d6a8159ea ] Request (ServicesAdminNegativeTestJSON:test_list_services_with_non_admin_user): 200 POST https://dal-iaas-001-api-endpoint.prod.walmart.com:5443/v2.0/tokens
2016-08-12 22:30:03.629 4780 INFO tempest.lib.common.rest_client [req-9f964485-0d76-476e-8ab4-6f306866b6af ] Request (FlavorsExtraSpecsNegativeTestJSON:tearDownClass): 204 DELETE https://dal-iaas-001-api-endpoint.prod.walmart.com:9696/v2.0/security-groups/7b59a696-3732-482b-9911-7cbf38cb256b 0.421s
2016-08-12 22:30:03.697 4777 INFO tempest.lib.common.rest_client [req-27474ddc-81a9-4763-a13c-88bd24983fc3 ] Request (ServicesAdminTestJSON:test_get_service_by_host_name): 200 GET https://dal-iaas-001-api-endpoint.prod.walmart.com:8774/v2/37d56aecf1044a078132e7baa60dac20/os-services?host=dal-appblx061-01_nova_scheduler_container-e75090e6 0.360s
2016-08-12 22:30:03.718 4779 INFO tempest.lib.common.rest_client [req-afe50878-28c9-4dbe-a77e-3fb43003762a ] Request (HypervisorAdminTestJSON:test_get_hypervisor_uptime): 200 GET https://dal-iaas-001-api-endpoint.prod.walmart.com:8774/v2/ea09b95360174dee97229d9e308e68b5/os-hypervisors/5 0.315s
2016-08-12 22:30:03.773 4776 INFO tempest.lib.common.rest_client [req-604e2069-8e96-4f73-9bac-8a07cd40226f ] Request (InstanceUsageAuditLogTestJSON:tearDownClass): 204 DELETE https://dal-iaas-001-api-endpoint.prod.walmart.com:9696/v2.0/security-groups/13481a74-6e2b-42a9-934c-553d93800d46 0.388s
2016-08-12 22:30:03.783 4778 INFO tempest.lib.common.rest_client [req-49698db2-304c-4d03-86aa-59b0983639ac ] Request (FlavorsListWithDetailsNegativeTestJSON:setUpClass): 200 POST https://dal-iaas-001-api-endpoint.prod.walmart.com:35357/v2.0/users 0.721s
2016-08-12 22:30:03.945 4781 INFO tempest.lib.common.rest_client [req-376ab701-217d-4212-87be-df145c4753bb ] Request (QuotasAdminNegativeTestJSON:setUpClass): 200 GET https://dal-iaas-001-api-endpoint.prod.walmart.com:35357/v2.0/OS-KSADM/roles 0.564s
2016-08-12 22:30:04.013 4779 INFO tempest.lib.common.rest_client [req-a9275353-a627-4da0-a583-a9da1b6e51cd ] Request (HypervisorAdminTestJSON:test_get_hypervisor_uptime): 200 GET https://dal-iaas-001-api-endpoint.prod.walmart.com:8774/v2/ea09b95360174dee97229d9e308e68b5/os-hypervisors/5 0.290s
2016-08-12 22:30:04.036 4777 INFO tempest.lib.common.rest_client [req-4a5d0a01-a67f-4a14-a268-dbe242e819b3 ] Request (ServicesAdminTestJSON:test_get_service_by_service_and_host_name): 200 GET https://dal-iaas-001-api-endpoint.prod.walmart.com:8774/v2/37d56aecf1044a078132e7baa60dac20/os-services 0.336s
2016-08-12 22:30:04.252 4780 INFO tempest.lib.common.rest_client [req-38aa48ae-6b7f-4be5-9e48-6bc8f7e9b135 ] Request (FlavorsExtraSpecsNegativeTestJSON:tearDownClass): 204 DELETE https://dal-iaas-001-api-endpoint.prod.walmart.com:35357/v2.0/tenants/082cdf900bd544a686f622f898c4b2ee 0.621s
2016-08-12 22:30:04.312 4779 INFO tempest.lib.common.rest_client [req-46a8eb67-0f00-4dce-ae38-0961f662a302 ] Request (HypervisorAdminTestJSON:test_get_hypervisor_uptime): 200 GET https://dal-iaas-001-api-endpoint.prod.walmart.com:8774/v2/ea09b95360174dee97229d9e308e68b5/os-hypervisors/5 0.295s
2016-08-12 22:30:04.339 4777 INFO tempest.lib.common.rest_client [req-88153f40-eaf7-418c-976e-e87044b71577 ] Request (ServicesAdminTestJSON:test_get_service_by_service_and_host_name): 200 GET https://dal-iaas-001-api-endpoint.prod.walmart.com:8774/v2/37d56aecf1044a078132e7baa60dac20/os-services?binary=nova-scheduler&host=dal-appblx061-01_nova_scheduler_container-e75090e6 0.295s
2016-08-12 22:30:04.354 4778 INFO tempest.lib.common.rest_client [req-19ee2935-90ff-468e-8fd2-29e67bbc10b4 ] Request (FlavorsListWithDetailsNegativeTestJSON:setUpClass): 200 GET https://dal-iaas-001-api-endpoint.prod.walmart.com:35357/v2.0/OS-KSADM/roles 0.570s
2016-08-12 22:30:04.488 4781 INFO tempest.lib.common.rest_client [req-9df2b286-52fd-4068-82cb-0e114e305556 ] Request (QuotasAdminNegativeTestJSON:setUpClass): 200 PUT https://dal-iaas-001-api-endpoint.prod.walmart.com:35357/v2.0/tenants/c91568f9cf994614a5d14c9746ccafc6/users/a0f43879374b49fa80cbd753af94ee97/roles/OS-KSADM/b5b0387bbe864c43a2999e531988bb8f 0.542s
2016-08-12 22:30:04.525 4776 INFO tempest.lib.common.rest_client [req-52d774cd-d1cc-465e-b111-b6569832423e ] Request (InstanceUsageAuditLogTestJSON:tearDownClass): 204 DELETE https://dal-iaas-001-api-endpoint.prod.walmart.com:35357/v2.0/tenants/7fbbccabb5964eb9990a61c0657a1c1c 0.751s
2016-08-12 22:30:04.597 4779 INFO tempest.lib.common.rest_client [req-1f0a9049-57f5-43ce-9edb-a43a65a50dda ] Request (HypervisorAdminTestJSON:test_get_hypervisor_uptime): 200 GET https://dal-iaas-001-api-endpoint.prod.walmart.com:8774/v2/ea09b95360174dee97229d9e308e68b5/os-hypervisors/5 0.281s
2016-08-12 22:30:04.734 4777 INFO tempest.lib.common.rest_client [req-1518822a-e6a5-4e23-92e7-3e25450e60cb ] Request (ServicesAdminTestJSON:test_get_service_by_service_binary_name): 200 GET https://dal-iaas-001-api-endpoint.prod.walmart.com:8774/v2/37d56aecf1044a078132e7baa60dac20/os-services?binary=nova-compute 0.391s
2016-08-12 22:30:04.749 4775 INFO tempest.lib.common.rest_client [req-cbf38df8-9c51-49bd-964e-621d73a841d7 ] Request (ServicesAdminNegativeTestJSON:test_list_services_with_non_admin_user): 403 GET https://dal-iaas-001-api-endpoint.prod.walmart.com:8774/v2/586f59319f0e4300a3b74647c13deff9/os-services 1.195s
2016-08-12 22:30:04.863 4780 INFO tempest.lib.common.rest_client [req-6cae1e0c-e27e-4080-8e5d-4c2624d277e9 ] Request (FlavorsExtraSpecsNegativeTestJSON:tearDownClass): 204 DELETE https://dal-iaas-001-api-endpoint.prod.walmart.com:35357/v2.0/users/eca800609faa4609b87a72dffe1b72db 0.611s
2016-08-12 22:30:04.888 4779 INFO tempest.lib.common.rest_client [req-a910694b-98ee-4a54-bb37-563baa46d448 ] Request (HypervisorAdminTestJSON:test_get_hypervisor_uptime): 200 GET https://dal-iaas-001-api-endpoint.prod.walmart.com:8774/v2/ea09b95360174dee97229d9e308e68b5/os-hypervisors/5 0.286s
2016-08-12 22:30:04.960 4778 INFO tempest.lib.common.rest_client [req-ec035f0e-cf63-4361-b326-f8465aed5336 ] Request (FlavorsListWithDetailsNegativeTestJSON:setUpClass): 409 PUT https://dal-iaas-001-api-endpoint.prod.walmart.com:35357/v2.0/tenants/91f08c5ed6924540a2d54f17f327be59/users/8f91bac90212406a8efcbc0d8b2a42c7/roles/OS-KSADM/9fe2ff9ee4384b1894a90878d3e92bab 0.605s
2016-08-12 22:30:04.960 4778 INFO tempest.common.dynamic_creds [-] Acquired dynamic creds:
 credentials: Credentials: {'username': u'tempest-FlavorsListWithDetailsNegativeTestJSON-877047054', 'project_name': u'tempest-FlavorsListWithDetailsNegativeTestJSON-877047054', 'user_id': u'8f91bac90212406a8efcbc0d8b2a42c7', 'tenant_name': u'tempest-FlavorsListWithDetailsNegativeTestJSON-877047054', 'tenant_id': u'91f08c5ed6924540a2d54f17f327be59', 'project_id': u'91f08c5ed6924540a2d54f17f327be59'}, Network: None, Subnet: None, Router: None
2016-08-12 22:30:04.968 4778 INFO tempest.test [-] Executing list-flavors-with-detail
2016-08-12 22:30:05.099 4777 INFO tempest.lib.common.rest_client [req-9686454e-a00d-41ea-86fe-a293da912d27 ] Request (ServicesAdminTestJSON:test_list_services): 200 GET https://dal-iaas-001-api-endpoint.prod.walmart.com:8774/v2/37d56aecf1044a078132e7baa60dac20/os-services 0.359s
2016-08-12 22:30:05.128 4781 INFO tempest.lib.common.rest_client [req-6b429d8b-cde2-44bb-9770-77b350df2d7f ] Request (QuotasAdminNegativeTestJSON:setUpClass): 200 GET https://dal-iaas-001-api-endpoint.prod.walmart.com:35357/v2.0/OS-KSADM/roles 0.639s
2016-08-12 22:30:05.143 4776 INFO tempest.lib.common.rest_client [req-91f6300a-e8b5-459b-97b9-b4d7c07a3ba6 ] Request (ServersTestManualDisk:setUpClass): 200 POST https://dal-iaas-001-api-endpoint.prod.walmart.com:5443/v2.0/tokens
2016-08-12 22:30:05.173 4780 INFO tempest.lib.common.rest_client [req-93cfdcb6-aaeb-4665-b8a0-d33862881814 ] Request (FlavorsExtraSpecsNegativeTestJSON:tearDownClass): 200 GET https://dal-iaas-001-api-endpoint.prod.walmart.com:9696/v2.0/security-groups?tenant_id=797a7a6d992b4d07819e69f0280f337d&name=default 0.309s
2016-08-12 22:30:05.191 4779 INFO tempest.lib.common.rest_client [req-d6051e8a-77ea-43e6-b6b8-093b2688413e ] Request (HypervisorAdminTestJSON:test_get_hypervisor_uptime): 200 GET https://dal-iaas-001-api-endpoint.prod.walmart.com:8774/v2/ea09b95360174dee97229d9e308e68b5/os-hypervisors/5 0.299s
2016-08-12 22:30:05.433 4775 INFO tempest.lib.common.rest_client [req-0550811f-de64-4f57-ab17-3926ee2247f8 ] Request (ServicesAdminNegativeTestJSON:tearDownClass): 204 DELETE https://dal-iaas-001-api-endpoint.prod.walmart.com:35357/v2.0/users/6d9ba6a68cb94697817fe8cf00b8a93a 0.683s
2016-08-12 22:30:05.469 4778 INFO tempest.lib.common.rest_client [req-c269cbab-1c3a-474b-8992-99f758db51e3 ] Request (main): 200 POST https://dal-iaas-001-api-endpoint.prod.walmart.com:5443/v2.0/tokens
2016-08-12 22:30:05.491 4780 INFO tempest.lib.common.rest_client [req-f707abea-a79b-4ae5-be5e-5ecbdbefad3e ] Request (FlavorsExtraSpecsNegativeTestJSON:tearDownClass): 204 DELETE https://dal-iaas-001-api-endpoint.prod.walmart.com:9696/v2.0/security-groups/14a84a50-c29e-419c-a784-dd02b1ebc4f7 0.317s
2016-08-12 22:30:05.498 4779 INFO tempest.lib.common.rest_client [req-87a73d05-1ea6-487d-9a4f-9fcd530fa360 ] Request (HypervisorAdminTestJSON:test_get_hypervisor_uptime): 200 GET https://dal-iaas-001-api-endpoint.prod.walmart.com:8774/v2/ea09b95360174dee97229d9e308e68b5/os-hypervisors/5 0.303s
2016-08-12 22:30:05.730 4777 INFO tempest.lib.common.rest_client [req-5ebea728-8521-43d1-aeae-5f27f20ece9f ] Request (ServicesAdminTestJSON:tearDownClass): 204 DELETE https://dal-iaas-001-api-endpoint.prod.walmart.com:35357/v2.0/users/0b54a22abf5f4b11b6682e95a6250dbe 0.622s
2016-08-12 22:30:05.756 4776 INFO tempest.lib.common.rest_client [req-317fe8bc-c2fa-4533-9266-705d4fc74a3c ] Request (ServersTestManualDisk:setUpClass): 200 POST https://dal-iaas-001-api-endpoint.prod.walmart.com:5443/v2.0/tokens
2016-08-12 22:30:05.799 4774 INFO tempest.lib.common.rest_client [req-d5fc1fdc-e8cc-4d95-9bde-9c6588d1f483 ] Request (ServersTestJSON:setUpClass): 200 POST https://dal-iaas-001-api-endpoint.prod.walmart.com:8774/v2/cdeabf2f298143899f79fa81caf1e1e2/os-keypairs 3.927s
2016-08-12 22:30:05.799 4779 INFO tempest.lib.common.rest_client [req-ce644d71-26a5-4624-be61-7ba8b82c79e1 ] Request (HypervisorAdminTestJSON:test_get_hypervisor_uptime): 200 GET https://dal-iaas-001-api-endpoint.prod.walmart.com:8774/v2/ea09b95360174dee97229d9e308e68b5/os-hypervisors/5 0.298s
2016-08-12 22:30:05.801 4781 INFO tempest.lib.common.rest_client [req-aef55e6f-1822-4be6-8b0c-c17c9e30c8f9 ] Request (QuotasAdminNegativeTestJSON:setUpClass): 409 PUT https://dal-iaas-001-api-endpoint.prod.walmart.com:35357/v2.0/tenants/c91568f9cf994614a5d14c9746ccafc6/users/a0f43879374b49fa80cbd753af94ee97/roles/OS-KSADM/9fe2ff9ee4384b1894a90878d3e92bab 0.672s
2016-08-12 22:30:05.801 4781 INFO tempest.common.dynamic_creds [-] Acquired dynamic creds:
 credentials: Credentials: {'username': u'tempest-QuotasAdminNegativeTestJSON-862512421', 'project_name': u'tempest-QuotasAdminNegativeTestJSON-862512421', 'user_id': u'a0f43879374b49fa80cbd753af94ee97', 'tenant_name': u'tempest-QuotasAdminNegativeTestJSON-862512421', 'tenant_id': u'c91568f9cf994614a5d14c9746ccafc6', 'project_id': u'c91568f9cf994614a5d14c9746ccafc6'}, Network: None, Subnet: None, Router: None
2016-08-12 22:30:06.082 4780 INFO tempest.lib.common.rest_client [req-afc76c47-3ff4-4540-af41-5647348103de ] Request (FlavorsExtraSpecsNegativeTestJSON:tearDownClass): 204 DELETE https://dal-iaas-001-api-endpoint.prod.walmart.com:35357/v2.0/tenants/797a7a6d992b4d07819e69f0280f337d 0.590s
2016-08-12 22:30:06.112 4779 INFO tempest.lib.common.rest_client [req-688c16e1-88ab-42ec-bf89-160c52571eb5 ] Request (HypervisorAdminTestJSON:test_get_hypervisor_uptime): 200 GET https://dal-iaas-001-api-endpoint.prod.walmart.com:8774/v2/ea09b95360174dee97229d9e308e68b5/os-hypervisors/5 0.307s
2016-08-12 22:30:06.243 4774 INFO tempest.lib.common.rest_client [req-34d9aaa7-fb0a-4ab2-8afc-cd5e2315d1eb ] Request (ServersTestJSON:setUpClass): 200 POST https://dal-iaas-001-api-endpoint.prod.walmart.com:8774/v2/cdeabf2f298143899f79fa81caf1e1e2/os-security-groups 0.441s
2016-08-12 22:30:06.367 4776 INFO tempest.lib.common.rest_client [req-ecdec7b0-becd-4444-9aa7-9e764f0e1430 ] Request (ServersTestManualDisk:setUpClass): 200 POST https://dal-iaas-001-api-endpoint.prod.walmart.com:35357/v2.0/tenants 0.610s
2016-08-12 22:30:06.370 4781 INFO tempest.lib.common.rest_client [req-b988d25e-3f9d-4d64-a601-1a415f9c97a0 ] Request (QuotasAdminNegativeTestJSON:test_create_server_when_cpu_quota_is_full): 200 POST https://dal-iaas-001-api-endpoint.prod.walmart.com:5443/v2.0/tokens
2016-08-12 22:30:06.394 4779 INFO tempest.lib.common.rest_client [req-a2551bfa-69cd-499f-856f-f24909d27021 ] Request (HypervisorAdminTestJSON:test_get_hypervisor_uptime): 200 GET https://dal-iaas-001-api-endpoint.prod.walmart.com:8774/v2/ea09b95360174dee97229d9e308e68b5/os-hypervisors/5 0.278s
2016-08-12 22:30:06.608 4775 INFO tempest.lib.common.rest_client [req-0d81eb85-06f2-4cf4-8f07-5dcaa1c95077 ] Request (ServicesAdminNegativeTestJSON:tearDownClass): 200 GET https://dal-iaas-001-api-endpoint.prod.walmart.com:9696/v2.0/security-groups?tenant_id=6965b0cf0079450a8d7afd88738452ec&name=default 1.174s
2016-08-12 22:30:06.612 4774 INFO tempest.lib.common.rest_client [req-fa6fce4f-fb81-4fc5-adc3-de0708b6ecbd ] Request (ServersTestJSON:setUpClass): 201 POST https://dal-iaas-001-api-endpoint.prod.walmart.com:9696/v2.0/security-group-rules 0.366s
2016-08-12 22:30:06.664 4780 INFO tempest.lib.common.rest_client [req-1d36869b-26e3-4ea2-bdad-e790fe8bc236 ] Request (MigrationsAdminTest:setUpClass): 200 POST https://dal-iaas-001-api-endpoint.prod.walmart.com:5443/v2.0/tokens
2016-08-12 22:30:06.693 4779 INFO tempest.lib.common.rest_client [req-4d11924b-1179-48a1-a961-6c1f4aa35e79 ] Request (HypervisorAdminTestJSON:test_get_hypervisor_uptime): 200 GET https://dal-iaas-001-api-endpoint.prod.walmart.com:8774/v2/ea09b95360174dee97229d9e308e68b5/os-hypervisors/5 0.295s
2016-08-12 22:30:06.735 4778 INFO tempest.lib.common.rest_client [req-c2fa388a-a91c-4455-8afb-4de539cd770f ] Request (main): 400 GET https://dal-iaas-001-api-endpoint.prod.walmart.com:8774/v2/91f08c5ed6924540a2d54f17f327be59/flavors/detail?minRam=None&minDisk=0 1.265s
2016-08-12 22:30:06.737 4778 INFO tempest.test [-] Executing list-flavors-with-detail
2016-08-12 22:30:06.932 4777 INFO tempest.lib.common.rest_client [req-120f7107-1d81-4315-855c-eebd5ec8be38 ] Request (ServicesAdminTestJSON:tearDownClass): 200 GET https://dal-iaas-001-api-endpoint.prod.walmart.com:9696/v2.0/security-groups?tenant_id=37d56aecf1044a078132e7baa60dac20&name=default 1.201s
2016-08-12 22:30:06.944 4776 INFO tempest.lib.common.rest_client [req-3effd3d8-dad2-4c05-ae2c-8d88bca91236 ] Request (ServersTestManualDisk:setUpClass): 200 POST https://dal-iaas-001-api-endpoint.prod.walmart.com:35357/v2.0/users 0.576s
2016-08-12 22:30:06.953 4775 INFO tempest.lib.common.rest_client [req-e5bf7ea8-58f1-48ed-be39-71c56dff44c2 ] Request (ServicesAdminNegativeTestJSON:tearDownClass): 204 DELETE https://dal-iaas-001-api-endpoint.prod.walmart.com:9696/v2.0/security-groups/f4de88fb-7db1-4f07-b028-f8af71e22277 0.344s
2016-08-12 22:30:06.987 4774 INFO tempest.lib.common.rest_client [req-31d76171-67c1-40b4-a32e-d2da91e52c27 ] Request (ServersTestJSON:setUpClass): 201 POST https://dal-iaas-001-api-endpoint.prod.walmart.com:9696/v2.0/security-group-rules 0.375s
2016-08-12 22:30:06.992 4778 INFO tempest.lib.common.rest_client [req-d7b92ce2-fe07-4f76-b61f-4f5c225f1c41 ] Request (main): 400 GET https://dal-iaas-001-api-endpoint.prod.walmart.com:8774/v2/91f08c5ed6924540a2d54f17f327be59/flavors/detail?minRam=XXXXXX&minDisk=0 0.254s
2016-08-12 22:30:06.993 4779 INFO tempest.lib.common.rest_client [req-afdded97-18e7-4fcd-8333-bc58b15deca1 ] Request (HypervisorAdminTestJSON:test_get_hypervisor_uptime): 200 GET https://dal-iaas-001-api-endpoint.prod.walmart.com:8774/v2/ea09b95360174dee97229d9e308e68b5/os-hypervisors/5 0.295s
2016-08-12 22:30:06.994 4778 INFO tempest.test [-] Executing list-flavors-with-detail
2016-08-12 22:30:07.251 4777 INFO tempest.lib.common.rest_client [req-5a2e4ac9-1517-4f94-b03a-396f0f6d90d2 ] Request (ServicesAdminTestJSON:tearDownClass): 204 DELETE https://dal-iaas-001-api-endpoint.prod.walmart.com:9696/v2.0/security-groups/c245b46f-d9fa-4a15-b0c7-6665afe2383a 0.318s
2016-08-12 22:30:07.271 4779 INFO tempest.lib.common.rest_client [req-ea3db94c-9eb1-48d2-bde0-18fe04c10359 ] Request (HypervisorAdminTestJSON:test_get_hypervisor_uptime): 200 GET https://dal-iaas-001-api-endpoint.prod.walmart.com:8774/v2/ea09b95360174dee97229d9e308e68b5/os-hypervisors/5 0.272s
2016-08-12 22:30:07.271 4778 INFO tempest.lib.common.rest_client [req-22affaaa-b630-4773-bef2-d5455e07ad91 ] Request (main): 400 GET https://dal-iaas-001-api-endpoint.prod.walmart.com:8774/v2/91f08c5ed6924540a2d54f17f327be59/flavors/detail?minRam=0&minDisk=None 0.276s
2016-08-12 22:30:07.273 4778 INFO tempest.test [-] Executing list-flavors-with-detail
2016-08-12 22:30:07.285 4774 INFO tempest.lib.common.rest_client [req-76dd1082-3226-4eb3-9244-13c054b60704 ] Request (ServersTestJSON:setUpClass): 404 POST https://dal-iaas-001-api-endpoint.prod.walmart.com:8774/v2/cdeabf2f298143899f79fa81caf1e1e2/os-floating-ips 0.296s
2016-08-12 22:30:07.285 4774 INFO tempest.test [-] <class 'tempest.lib.exceptions.NotFound'> raised in ServersTestJSON.setUpClass. Invoking tearDownClass.
2016-08-12 22:30:07.285 4774 INFO tempest.test [-] tearDownClass of resources failed: type object 'ServersTestJSON' has no attribute 'images'
2016-08-12 22:30:07.346 4780 INFO tempest.lib.common.rest_client [req-f02dccb6-7eed-4876-a804-9f96c4bc3cdc ] Request (MigrationsAdminTest:setUpClass): 200 POST https://dal-iaas-001-api-endpoint.prod.walmart.com:5443/v2.0/tokens
2016-08-12 22:30:07.518 4776 INFO tempest.lib.common.rest_client [req-15555667-898c-44bd-b13e-70949a0ea43a ] Request (ServersTestManualDisk:setUpClass): 200 GET https://dal-iaas-001-api-endpoint.prod.walmart.com:35357/v2.0/OS-KSADM/roles 0.573s
2016-08-12 22:30:07.562 4778 INFO tempest.lib.common.rest_client [req-3eca657c-2f28-4b42-8107-57b926cdd4a5 ] Request (main): 400 GET https://dal-iaas-001-api-endpoint.prod.walmart.com:8774/v2/91f08c5ed6924540a2d54f17f327be59/flavors/detail?minRam=0&minDisk=XXXXXX 0.288s
2016-08-12 22:30:07.563 4781 INFO tempest.lib.common.rest_client [req-a433b109-d34f-4a34-b714-887802460d52 ] Request (QuotasAdminNegativeTestJSON:test_create_server_when_cpu_quota_is_full): 200 GET https://dal-iaas-001-api-endpoint.prod.walmart.com:8774/v2/c91568f9cf994614a5d14c9746ccafc6/os-quota-sets/44118a019abf4016b37935b54724fa90 1.192s
2016-08-12 22:30:07.579 4775 INFO tempest.lib.common.rest_client [req-de722ab7-dc62-4d11-bbc5-d14b0b1925ac ] Request (ServicesAdminNegativeTestJSON:tearDownClass): 204 DELETE https://dal-iaas-001-api-endpoint.prod.walmart.com:35357/v2.0/tenants/6965b0cf0079450a8d7afd88738452ec 0.625s
2016-08-12 22:30:07.604 4779 INFO tempest.lib.common.rest_client [req-7b3c5c6c-2eb3-4d43-9b34-4f46ecf6e802 ] Request (HypervisorAdminTestJSON:test_get_hypervisor_uptime): 200 GET https://dal-iaas-001-api-endpoint.prod.walmart.com:8774/v2/ea09b95360174dee97229d9e308e68b5/os-hypervisors/5 0.328s
2016-08-12 22:30:07.865 4777 INFO tempest.lib.common.rest_client [req-4ff8259c-1efd-46c0-9873-5ce1e913e1b8 ] Request (ServicesAdminTestJSON:tearDownClass): 204 DELETE https://dal-iaas-001-api-endpoint.prod.walmart.com:35357/v2.0/tenants/37d56aecf1044a078132e7baa60dac20 0.614s
2016-08-12 22:30:07.880 4774 INFO tempest.lib.common.rest_client [req-1fa67197-51ba-4de1-aa8c-91ea0143bb65 ] Request (ServersTestJSON:tearDownClass): 204 DELETE https://dal-iaas-001-api-endpoint.prod.walmart.com:35357/v2.0/users/03be5667ff1d4f8d92372954770fbcd1 0.594s
2016-08-12 22:30:07.901 4779 INFO tempest.lib.common.rest_client [req-771f21e0-328a-4ca2-89e7-a575bf090c31 ] Request (HypervisorAdminTestJSON:test_get_hypervisor_uptime): 200 GET https://dal-iaas-001-api-endpoint.prod.walmart.com:8774/v2/ea09b95360174dee97229d9e308e68b5/os-hypervisors/5 0.291s
