2016-08-12 21:07:18.353 98018 INFO tempest.lib.common.rest_client [req-59d2c33f-00c3-4f02-ae80-6c952a625b96 ] Request (ListImageFiltersTestJSON:tearDownClass): 204 DELETE https://dal-iaas-001-api-endpoint.prod.walmart.com:8774/v2/14127a7a338b4b06a408761194685695/images/01e8d35f-24d2-4482-a090-2976e6b229df 0.646s
2016-08-12 21:07:18.496 98017 INFO tempest.lib.common.rest_client [req-4c51e483-04e9-467b-83ae-ac06a336486c ] Request (ServicesAdminNegativeTestJSON:tearDownClass): 200 GET https://dal-iaas-001-api-endpoint.prod.walmart.com:9696/v2.0/security-groups?tenant_id=8e84a269fd8d4f5db7ea25d590e4bdc3&name=default 0.955s
2016-08-12 21:07:18.500 98019 INFO tempest.lib.common.rest_client [req-0406fc5b-c434-4505-956e-bdf6cc99040a ] Request (FlavorsV2TestJSON:setUpClass): 200 POST https://dal-iaas-001-api-endpoint.prod.walmart.com:5443/v2.0/tokens
2016-08-12 21:07:18.593 98016 INFO tempest.lib.common.rest_client [req-ec5bbe18-e412-4f88-aafa-2f0a7790fca3 ] Request (ListServerFiltersTestJSON:setUpClass): 200 GET https://dal-iaas-001-api-endpoint.prod.walmart.com:8774/v2/2c5711ebdf3e457389c182a6f114d814/servers/d949b242-ec3c-467b-af97-8b9aa1e27a7c 0.482s
2016-08-12 21:07:18.641 98012 INFO tempest.lib.common.rest_client [req-8ca58eed-e5ef-499f-bdba-b5459a91b6cf ] Request (TenantsTestJSON:test_tenant_create_not_enabled): 204 DELETE https://dal-iaas-001-api-endpoint.prod.walmart.com:35357/v2.0/tenants/c0cb19ed773140f28097cc010f6ecf24 0.540s
2016-08-12 21:07:18.849 98017 INFO tempest.lib.common.rest_client [req-ac8b5944-751a-4fbc-ba92-a4f890cd203b ] Request (ServicesAdminNegativeTestJSON:tearDownClass): 204 DELETE https://dal-iaas-001-api-endpoint.prod.walmart.com:9696/v2.0/security-groups/638f7595-be4f-4a4b-a811-decb07883d0c 0.352s
2016-08-12 21:07:18.994 98018 INFO tempest.lib.common.rest_client [req-6ecd9303-af61-422d-808c-f17315cd91f9 ] Request (ListImageFiltersTestJSON:tearDownClass): 204 DELETE https://dal-iaas-001-api-endpoint.prod.walmart.com:8774/v2/14127a7a338b4b06a408761194685695/images/53c52d6a-65f9-4a69-93e2-d3fa4426ba6e 0.639s
2016-08-12 21:07:19.033 98012 INFO tempest.lib.common.rest_client [req-15aeb8de-070a-4c0e-b8ab-1547309871c9 ] Request (TenantsTestJSON:_run_cleanups): 404 DELETE https://dal-iaas-001-api-endpoint.prod.walmart.com:35357/v2.0/tenants/c0cb19ed773140f28097cc010f6ecf24 0.391s
2016-08-12 21:07:19.072 98019 INFO tempest.lib.common.rest_client [req-e6bbd65a-6d6b-4430-87e4-048fbdd2950f ] Request (FlavorsV2TestJSON:setUpClass): 200 POST https://dal-iaas-001-api-endpoint.prod.walmart.com:5443/v2.0/tokens
2016-08-12 21:07:19.150 98014 INFO tempest.lib.common.rest_client [req-76ce9aea-f3ca-43ab-a794-41877611b6e1 ] Request (HypervisorAdminTestJSON:tearDownClass): 200 GET https://dal-iaas-001-api-endpoint.prod.walmart.com:9696/v2.0/security-groups?tenant_id=b01a4e1d55d24c1dadec2e634a1c7b4f&name=default 0.890s
2016-08-12 21:07:19.329 98017 INFO tempest.lib.common.rest_client [req-c1976c1e-0702-4765-bfe1-91fda22864c7 ] Request (ServicesAdminNegativeTestJSON:tearDownClass): 204 DELETE https://dal-iaas-001-api-endpoint.prod.walmart.com:35357/v2.0/tenants/8e84a269fd8d4f5db7ea25d590e4bdc3 0.480s
2016-08-12 21:07:19.440 98013 INFO tempest.lib.common.rest_client [req-bcac1fb5-668d-49f2-a67d-46be8cacfcb7 ] Request (TenantUsagesTestJSON:setUpClass): 202 POST https://dal-iaas-001-api-endpoint.prod.walmart.com:8774/v2/76b21d65b40c44b28dffcb7164a822b6/servers 1.753s
2016-08-12 21:07:19.450 98012 INFO tempest.lib.common.rest_client [req-437b6b7b-c338-4a74-843f-49dd79e16984 ] Request (TenantsTestJSON:test_tenant_create_with_description): 200 POST https://dal-iaas-001-api-endpoint.prod.walmart.com:35357/v2.0/tenants 0.416s
2016-08-12 21:07:19.497 98015 INFO tempest.lib.common.rest_client [req-f9199f30-1a06-4bec-92ea-0f7a9487fe29 ] Request (ImagesTestJSON:test_delete_saving_image): 202 POST https://dal-iaas-001-api-endpoint.prod.walmart.com:8774/v2/b52f2f4d7ae04a388546edfa666a073d/servers 1.179s
2016-08-12 21:07:19.498 98014 INFO tempest.lib.common.rest_client [req-fb457a2d-61ff-49ce-bae5-f75a11a832c6 ] Request (HypervisorAdminTestJSON:tearDownClass): 204 DELETE https://dal-iaas-001-api-endpoint.prod.walmart.com:9696/v2.0/security-groups/b71eb4f2-d1e5-4543-a46e-8f8678b63b7a 0.347s
2016-08-12 21:07:19.523 98019 INFO tempest.lib.common.rest_client [req-e506a3e0-5d1b-4b5e-a40f-5852d5674118 ] Request (FlavorsV2TestJSON:setUpClass): 200 POST https://dal-iaas-001-api-endpoint.prod.walmart.com:35357/v2.0/tenants 0.450s
2016-08-12 21:07:19.776 98018 INFO tempest.lib.common.rest_client [req-3b0e20e9-90bf-4517-867c-8f0049d70e21 ] Request (ListImageFiltersTestJSON:tearDownClass): 204 DELETE https://dal-iaas-001-api-endpoint.prod.walmart.com:8774/v2/14127a7a338b4b06a408761194685695/servers/edcf887d-2ce2-4f88-a0bd-244c78256db4 0.782s
2016-08-12 21:07:19.845 98017 INFO tempest.lib.common.rest_client [req-69f76e45-63f7-4e7a-8979-3641971d3045 ] Request (ServicesAdminNegativeTestJSON:tearDownClass): 204 DELETE https://dal-iaas-001-api-endpoint.prod.walmart.com:35357/v2.0/users/1586c207940149debdc1d27f9bb631e3 0.515s
2016-08-12 21:07:19.852 98013 INFO tempest.lib.common.rest_client [req-efba26a2-8c4c-4cd8-aae5-9ddcda499160 ] Request (TenantUsagesTestJSON:setUpClass): 200 GET https://dal-iaas-001-api-endpoint.prod.walmart.com:8774/v2/76b21d65b40c44b28dffcb7164a822b6/servers/1886438b-b3e8-4963-9a88-ac8a754e4319 0.409s
2016-08-12 21:07:19.868 98012 INFO tempest.lib.common.rest_client [req-effff8f4-6748-41a7-9e80-b2dc21aa9732 ] Request (TenantsTestJSON:test_tenant_create_with_description): 200 GET https://dal-iaas-001-api-endpoint.prod.walmart.com:35357/v2.0/tenants/e2d1fc7644e341c788ba7290da74cae8 0.417s
2016-08-12 21:07:19.982 98014 INFO tempest.lib.common.rest_client [req-9a434898-0009-4e74-b622-1ad3a60c839f ] Request (HypervisorAdminTestJSON:tearDownClass): 204 DELETE https://dal-iaas-001-api-endpoint.prod.walmart.com:35357/v2.0/tenants/b01a4e1d55d24c1dadec2e634a1c7b4f 0.483s
2016-08-12 21:07:19.983 98015 INFO tempest.lib.common.rest_client [req-a5bff8f6-556a-4d9f-af91-9511864d0b24 ] Request (ImagesTestJSON:test_delete_saving_image): 200 GET https://dal-iaas-001-api-endpoint.prod.walmart.com:8774/v2/b52f2f4d7ae04a388546edfa666a073d/servers/5713d119-476d-4282-b16e-89b5c1e8c837 0.484s
2016-08-12 21:07:19.997 98019 INFO tempest.lib.common.rest_client [req-074dd659-c633-4c6f-a6bf-fbdec445931e ] Request (FlavorsV2TestJSON:setUpClass): 200 POST https://dal-iaas-001-api-endpoint.prod.walmart.com:35357/v2.0/users 0.473s
2016-08-12 21:07:20.092 98016 INFO tempest.lib.common.rest_client [req-3ccf64cb-f002-4573-a26b-0f408b086e30 ] Request (ListServerFiltersTestJSON:setUpClass): 200 GET https://dal-iaas-001-api-endpoint.prod.walmart.com:8774/v2/2c5711ebdf3e457389c182a6f114d814/servers/d949b242-ec3c-467b-af97-8b9aa1e27a7c 0.486s
2016-08-12 21:07:20.100 98016 INFO tempest.common.waiters [-] State transition "BUILD/scheduling" ==> "BUILD/block_device_mapping" after 2 second wait
2016-08-12 21:07:20.117 98018 INFO tempest.lib.common.rest_client [req-b466c4da-1b8f-4b0f-86a8-cc23d1bc9a3e ] Request (ListImageFiltersTestJSON:tearDownClass): 404 GET https://dal-iaas-001-api-endpoint.prod.walmart.com:8774/v2/14127a7a338b4b06a408761194685695/servers/edcf887d-2ce2-4f88-a0bd-244c78256db4 0.340s
2016-08-12 21:07:20.134 98017 INFO tempest.lib.common.rest_client [req-11fefc89-43de-4ca1-9aa3-7c9fba400893 ] Request (ServicesAdminNegativeTestJSON:tearDownClass): 200 GET https://dal-iaas-001-api-endpoint.prod.walmart.com:9696/v2.0/security-groups?tenant_id=8acf9f27662d4aeaa8aa5a242c233555&name=default 0.289s
2016-08-12 21:07:20.457 98019 INFO tempest.lib.common.rest_client [req-02853371-f457-4307-b6d2-a5d53f101861 ] Request (FlavorsV2TestJSON:setUpClass): 200 GET https://dal-iaas-001-api-endpoint.prod.walmart.com:35357/v2.0/OS-KSADM/roles 0.407s
2016-08-12 21:07:20.483 98017 INFO tempest.lib.common.rest_client [req-93b2d4d7-8145-4a1f-81ac-1bad4397ca02 ] Request (ServicesAdminNegativeTestJSON:tearDownClass): 204 DELETE https://dal-iaas-001-api-endpoint.prod.walmart.com:9696/v2.0/security-groups/8f6cd7af-cc5e-4d03-abb6-a741c048237e 0.348s
2016-08-12 21:07:20.527 98014 INFO tempest.lib.common.rest_client [req-840a084b-f07f-45ce-a4af-710990adb737 ] Request (HypervisorAdminTestJSON:tearDownClass): 204 DELETE https://dal-iaas-001-api-endpoint.prod.walmart.com:35357/v2.0/users/e8e47028d1574d66836ddc852ccc3d2a 0.477s
2016-08-12 21:07:20.566 98012 INFO tempest.lib.common.rest_client [req-322f9702-aa02-4e12-8fc7-6a9cae96a87d ] Request (TenantsTestJSON:test_tenant_create_with_description): 204 DELETE https://dal-iaas-001-api-endpoint.prod.walmart.com:35357/v2.0/tenants/e2d1fc7644e341c788ba7290da74cae8 0.516s
2016-08-12 21:07:20.687 98018 INFO tempest.lib.common.rest_client [req-f72699b1-5e9f-48b0-8eeb-7699101f22a9 ] Request (ListImageFiltersTestJSON:tearDownClass): 204 DELETE https://dal-iaas-001-api-endpoint.prod.walmart.com:35357/v2.0/users/593178701059477e84daf92d08db40fa 0.569s
2016-08-12 21:07:20.845 98014 INFO tempest.lib.common.rest_client [req-cccd8364-cc8b-4fd8-9c33-58b7fd4ba647 ] Request (HypervisorAdminTestJSON:tearDownClass): 200 GET https://dal-iaas-001-api-endpoint.prod.walmart.com:9696/v2.0/security-groups?tenant_id=dbe29b174f4b4e14be92af08102fa0cf&name=default 0.317s
2016-08-12 21:07:20.873 98019 INFO tempest.lib.common.rest_client [req-bf85c8bb-8c78-4c5b-857a-25902fee406a ] Request (FlavorsV2TestJSON:setUpClass): 409 PUT https://dal-iaas-001-api-endpoint.prod.walmart.com:35357/v2.0/tenants/3d606d16cd314e2e88804f33b2a42592/users/9d85330015f547a490498c5d6159d327/roles/OS-KSADM/9fe2ff9ee4384b1894a90878d3e92bab 0.415s
2016-08-12 21:07:20.873 98019 INFO tempest.common.dynamic_creds [-] Acquired dynamic creds:
 credentials: Credentials: {'username': u'tempest-FlavorsV2TestJSON-99906148', 'project_name': u'tempest-FlavorsV2TestJSON-99906148', 'user_id': u'9d85330015f547a490498c5d6159d327', 'tenant_name': u'tempest-FlavorsV2TestJSON-99906148', 'tenant_id': u'3d606d16cd314e2e88804f33b2a42592', 'project_id': u'3d606d16cd314e2e88804f33b2a42592'}, Network: None, Subnet: None, Router: None
2016-08-12 21:07:20.932 98012 INFO tempest.lib.common.rest_client [req-84573196-f28e-4e40-8730-480fb5e81fb3 ] Request (TenantsTestJSON:_run_cleanups): 404 DELETE https://dal-iaas-001-api-endpoint.prod.walmart.com:35357/v2.0/tenants/e2d1fc7644e341c788ba7290da74cae8 0.365s
2016-08-12 21:07:20.989 98017 INFO tempest.lib.common.rest_client [req-24ece695-580a-482b-a0ea-f2291abae46f ] Request (ServicesAdminNegativeTestJSON:tearDownClass): 204 DELETE https://dal-iaas-001-api-endpoint.prod.walmart.com:35357/v2.0/tenants/8acf9f27662d4aeaa8aa5a242c233555 0.506s
2016-08-12 21:07:21.219 98014 INFO tempest.lib.common.rest_client [req-585d5dbf-067e-45c7-9144-7ae7981293da ] Request (HypervisorAdminTestJSON:tearDownClass): 204 DELETE https://dal-iaas-001-api-endpoint.prod.walmart.com:9696/v2.0/security-groups/61539f01-7fea-4581-bd6b-9d369027d069 0.373s
2016-08-12 21:07:21.337 98013 INFO tempest.lib.common.rest_client [req-b6136441-6936-4d51-a4a3-be803f6f1ad3 ] Request (TenantUsagesTestJSON:setUpClass): 200 GET https://dal-iaas-001-api-endpoint.prod.walmart.com:8774/v2/76b21d65b40c44b28dffcb7164a822b6/servers/1886438b-b3e8-4963-9a88-ac8a754e4319 0.474s
2016-08-12 21:07:21.345 98013 INFO tempest.common.waiters [-] State transition "BUILD/scheduling" ==> "BUILD/networking" after 2 second wait
2016-08-12 21:07:21.354 98019 INFO tempest.lib.common.rest_client [req-9c7efc2d-b10e-4837-a68a-c1cb61ff3693 ] Request (FlavorsV2TestJSON:test_get_flavor): 200 POST https://dal-iaas-001-api-endpoint.prod.walmart.com:5443/v2.0/tokens
2016-08-12 21:07:21.424 98012 INFO tempest.lib.common.rest_client [req-39df2831-8d7f-4f48-b89b-113c7837ce11 ] Request (TenantsTestJSON:test_tenant_list_delete): 200 POST https://dal-iaas-001-api-endpoint.prod.walmart.com:35357/v2.0/tenants 0.490s
2016-08-12 21:07:21.567 98015 INFO tempest.lib.common.rest_client [req-15658845-001e-4664-80e1-7ee76b922881 ] Request (ImagesTestJSON:test_delete_saving_image): 200 GET https://dal-iaas-001-api-endpoint.prod.walmart.com:8774/v2/b52f2f4d7ae04a388546edfa666a073d/servers/5713d119-476d-4282-b16e-89b5c1e8c837 0.507s
2016-08-12 21:07:21.568 98018 INFO tempest.lib.common.rest_client [req-7ea85944-5504-414e-9896-c80e660cd536 ] Request (ListImageFiltersTestJSON:tearDownClass): 200 GET https://dal-iaas-001-api-endpoint.prod.walmart.com:9696/v2.0/security-groups?tenant_id=14127a7a338b4b06a408761194685695&name=default 0.881s
2016-08-12 21:07:21.570 98016 INFO tempest.lib.common.rest_client [req-5fe5e9d0-be81-40fa-a4ab-15484375aac4 ] Request (ListServerFiltersTestJSON:setUpClass): 200 GET https://dal-iaas-001-api-endpoint.prod.walmart.com:8774/v2/2c5711ebdf3e457389c182a6f114d814/servers/d949b242-ec3c-467b-af97-8b9aa1e27a7c 0.465s
2016-08-12 21:07:21.574 98015 INFO tempest.common.waiters [-] State transition "BUILD/scheduling" ==> "BUILD/networking" after 1 second wait
2016-08-12 21:07:21.578 98016 INFO tempest.common.waiters [-] State transition "BUILD/block_device_mapping" ==> "BUILD/scheduling" after 3 second wait
2016-08-12 21:07:21.590 98017 INFO tempest.lib.common.rest_client [req-5cc0b409-b20c-4947-abf8-e4b9d438fa87 ] Request (ImagesOneServerTestJSON:setUpClass): 200 POST https://dal-iaas-001-api-endpoint.prod.walmart.com:5443/v2.0/tokens
2016-08-12 21:07:21.733 98014 INFO tempest.lib.common.rest_client [req-929ae616-4339-41b2-a1c0-cf8a0683701a ] Request (HypervisorAdminTestJSON:tearDownClass): 204 DELETE https://dal-iaas-001-api-endpoint.prod.walmart.com:35357/v2.0/tenants/dbe29b174f4b4e14be92af08102fa0cf 0.513s
2016-08-12 21:07:21.859 98012 INFO tempest.lib.common.rest_client [req-dd909901-680c-479b-97a2-c5b2af91c27c ] Request (TenantsTestJSON:test_tenant_list_delete): 200 POST https://dal-iaas-001-api-endpoint.prod.walmart.com:35357/v2.0/tenants 0.434s
2016-08-12 21:07:21.917 98018 INFO tempest.lib.common.rest_client [req-de9c9bc6-34e5-438f-899d-da8890223cde ] Request (ListImageFiltersTestJSON:tearDownClass): 204 DELETE https://dal-iaas-001-api-endpoint.prod.walmart.com:9696/v2.0/security-groups/d10c1aea-0f00-47e5-8790-e3be9bf3eea5 0.348s
2016-08-12 21:07:22.155 98019 INFO tempest.lib.common.rest_client [req-a1e65264-acd4-473a-8669-ebad36ae651e ] Request (FlavorsV2TestJSON:test_get_flavor): 200 GET https://dal-iaas-001-api-endpoint.prod.walmart.com:8774/v2/3d606d16cd314e2e88804f33b2a42592/flavors/3 0.801s
2016-08-12 21:07:22.161 98017 INFO tempest.lib.common.rest_client [req-a45a5bb3-62b2-48cd-99f7-6eadeaa904f0 ] Request (ImagesOneServerTestJSON:setUpClass): 200 POST https://dal-iaas-001-api-endpoint.prod.walmart.com:5443/v2.0/tokens
2016-08-12 21:07:22.228 98014 INFO tempest.lib.common.rest_client [req-4237d15e-5c1e-41a0-bfdc-c481286cb6d0 ] Request (QuotasAdminNegativeTestJSON:setUpClass): 200 POST https://dal-iaas-001-api-endpoint.prod.walmart.com:5443/v2.0/tokens
2016-08-12 21:07:22.287 98012 INFO tempest.lib.common.rest_client [req-50ff24ba-d35e-49e3-9d79-70187a7eae1b ] Request (TenantsTestJSON:test_tenant_list_delete): 200 POST https://dal-iaas-001-api-endpoint.prod.walmart.com:35357/v2.0/tenants 0.427s
2016-08-12 21:07:22.459 98019 INFO tempest.lib.common.rest_client [req-df2a7d22-a3fb-4ba8-92e0-56455a3be2ed ] Request (FlavorsV2TestJSON:test_list_flavors): 200 GET https://dal-iaas-001-api-endpoint.prod.walmart.com:8774/v2/3d606d16cd314e2e88804f33b2a42592/flavors 0.300s
2016-08-12 21:07:22.462 98018 INFO tempest.lib.common.rest_client [req-037c0c08-6e08-46d9-ad71-1ff1d6140103 ] Request (ListImageFiltersTestJSON:tearDownClass): 204 DELETE https://dal-iaas-001-api-endpoint.prod.walmart.com:35357/v2.0/tenants/14127a7a338b4b06a408761194685695 0.544s
2016-08-12 21:07:22.722 98017 INFO tempest.lib.common.rest_client [req-5670f326-9606-424b-9d66-fde9ec9b23a4 ] Request (ImagesOneServerTestJSON:setUpClass): 200 POST https://dal-iaas-001-api-endpoint.prod.walmart.com:35357/v2.0/tenants 0.560s
2016-08-12 21:07:22.722 98012 INFO tempest.lib.common.rest_client [req-686c38f0-b782-4fc5-9bde-a0dbad54c70f ] Request (TenantsTestJSON:test_tenant_list_delete): 200 GET https://dal-iaas-001-api-endpoint.prod.walmart.com:35357/v2.0/tenants 0.434s
2016-08-12 21:07:22.747 98019 INFO tempest.lib.common.rest_client [req-d2fe4b86-64c2-478e-b02d-c352316490d4 ] Request (FlavorsV2TestJSON:test_list_flavors): 200 GET https://dal-iaas-001-api-endpoint.prod.walmart.com:8774/v2/3d606d16cd314e2e88804f33b2a42592/flavors/3 0.282s
2016-08-12 21:07:22.869 98014 INFO tempest.lib.common.rest_client [req-1d8ed5a3-694d-42f9-8425-6dc835e7053e ] Request (QuotasAdminNegativeTestJSON:setUpClass): 200 POST https://dal-iaas-001-api-endpoint.prod.walmart.com:5443/v2.0/tokens
2016-08-12 21:07:22.883 98013 INFO tempest.lib.common.rest_client [req-fdb44ec2-dc83-47d8-bbc0-7a9ebd9f34db ] Request (TenantUsagesTestJSON:setUpClass): 200 GET https://dal-iaas-001-api-endpoint.prod.walmart.com:8774/v2/76b21d65b40c44b28dffcb7164a822b6/servers/1886438b-b3e8-4963-9a88-ac8a754e4319 0.537s
2016-08-12 21:07:22.892 98013 INFO tempest.common.waiters [-] State transition "BUILD/networking" ==> "BUILD/scheduling" after 3 second wait
2016-08-12 21:07:23.069 98019 INFO tempest.lib.common.rest_client [req-7eb75f84-9238-496a-9e2d-43c442a5e104 ] Request (FlavorsV2TestJSON:test_list_flavors_detailed_filter_by_min_disk): 200 GET https://dal-iaas-001-api-endpoint.prod.walmart.com:8774/v2/3d606d16cd314e2e88804f33b2a42592/flavors/3 0.319s
2016-08-12 21:07:23.112 98015 INFO tempest.lib.common.rest_client [req-336bc980-d0b7-4797-a7df-d0106041d906 ] Request (ImagesTestJSON:test_delete_saving_image): 200 GET https://dal-iaas-001-api-endpoint.prod.walmart.com:8774/v2/b52f2f4d7ae04a388546edfa666a073d/servers/5713d119-476d-4282-b16e-89b5c1e8c837 0.536s
2016-08-12 21:07:23.121 98015 INFO tempest.common.waiters [-] State transition "BUILD/networking" ==> "BUILD/scheduling" after 3 second wait
2016-08-12 21:07:23.128 98016 INFO tempest.lib.common.rest_client [req-3edb7fcc-7986-4232-829f-ba0590bac544 ] Request (ListServerFiltersTestJSON:setUpClass): 200 GET https://dal-iaas-001-api-endpoint.prod.walmart.com:8774/v2/2c5711ebdf3e457389c182a6f114d814/servers/d949b242-ec3c-467b-af97-8b9aa1e27a7c 0.546s
2016-08-12 21:07:23.131 98018 INFO tempest.lib.common.rest_client [req-8ede445b-2ab2-4197-b861-06a51101fe62 ] Request (ServerDiskConfigTestJSON:setUpClass): 200 POST https://dal-iaas-001-api-endpoint.prod.walmart.com:5443/v2.0/tokens
2016-08-12 21:07:23.135 98016 INFO tempest.common.waiters [-] State transition "BUILD/scheduling" ==> "BUILD/spawning" after 5 second wait
2016-08-12 21:07:23.210 98017 INFO tempest.lib.common.rest_client [req-bf6d952d-df2a-42b4-826e-a12d7c8c6ac2 ] Request (ImagesOneServerTestJSON:setUpClass): 200 POST https://dal-iaas-001-api-endpoint.prod.walmart.com:35357/v2.0/users 0.487s
2016-08-12 21:07:23.296 98014 INFO tempest.lib.common.rest_client [req-81057fc3-044a-45c2-b741-12ab9cf223ca ] Request (QuotasAdminNegativeTestJSON:setUpClass): 200 POST https://dal-iaas-001-api-endpoint.prod.walmart.com:35357/v2.0/tenants 0.426s
2016-08-12 21:07:23.339 98012 INFO tempest.lib.common.rest_client [req-3e8e0691-a9ef-43e4-b43f-94fdb2e88c37 ] Request (TenantsTestJSON:test_tenant_list_delete): 204 DELETE https://dal-iaas-001-api-endpoint.prod.walmart.com:35357/v2.0/tenants/e2d293643dda4254ac6b6b9ac8ce023b 0.616s
2016-08-12 21:07:23.382 98019 INFO tempest.lib.common.rest_client [req-be2afa3d-3aba-4ffc-ba56-7029494713c2 ] Request (FlavorsV2TestJSON:test_list_flavors_detailed_filter_by_min_disk): 200 GET https://dal-iaas-001-api-endpoint.prod.walmart.com:8774/v2/3d606d16cd314e2e88804f33b2a42592/flavors/detail?minDisk=11 0.310s
2016-08-12 21:07:23.637 98017 INFO tempest.lib.common.rest_client [req-fd01fa50-c7a0-4296-8a9c-186fecc11bd2 ] Request (ImagesOneServerTestJSON:setUpClass): 200 GET https://dal-iaas-001-api-endpoint.prod.walmart.com:35357/v2.0/OS-KSADM/roles 0.426s
2016-08-12 21:07:23.675 98018 INFO tempest.lib.common.rest_client [req-0ad1ff53-dcfe-45d3-95e2-03b077985b3e ] Request (ServerDiskConfigTestJSON:setUpClass): 200 POST https://dal-iaas-001-api-endpoint.prod.walmart.com:5443/v2.0/tokens
2016-08-12 21:07:23.684 98019 INFO tempest.lib.common.rest_client [req-e73809c2-1ee2-4550-a643-724752603817 ] Request (FlavorsV2TestJSON:test_list_flavors_detailed_filter_by_min_ram): 200 GET https://dal-iaas-001-api-endpoint.prod.walmart.com:8774/v2/3d606d16cd314e2e88804f33b2a42592/flavors/3 0.296s
2016-08-12 21:07:23.718 98014 INFO tempest.lib.common.rest_client [req-8829880b-e1e5-4caa-90bb-957acfacd436 ] Request (QuotasAdminNegativeTestJSON:setUpClass): 200 POST https://dal-iaas-001-api-endpoint.prod.walmart.com:35357/v2.0/users 0.421s
2016-08-12 21:07:23.883 98012 INFO tempest.lib.common.rest_client [req-2243dc38-2a4e-4082-9eb9-5b02a1ce8119 ] Request (TenantsTestJSON:test_tenant_list_delete): 204 DELETE https://dal-iaas-001-api-endpoint.prod.walmart.com:35357/v2.0/tenants/797f09290a884c90bbcae4cb5dfffdc0 0.543s
2016-08-12 21:07:24.007 98019 INFO tempest.lib.common.rest_client [req-b4fc91cd-9e33-444d-b12b-2e1663625f0e ] Request (FlavorsV2TestJSON:test_list_flavors_detailed_filter_by_min_ram): 200 GET https://dal-iaas-001-api-endpoint.prod.walmart.com:8774/v2/3d606d16cd314e2e88804f33b2a42592/flavors/detail?minRam=4097 0.320s
2016-08-12 21:07:24.103 98017 INFO tempest.lib.common.rest_client [req-7f135432-6ea5-45dd-ae7e-c3a4bb3f0c65 ] Request (ImagesOneServerTestJSON:setUpClass): 409 PUT https://dal-iaas-001-api-endpoint.prod.walmart.com:35357/v2.0/tenants/9d49c9ad3dd34c419858ea0090a6aa6f/users/618c76240f1b40ecaedac44ad5a0afe9/roles/OS-KSADM/9fe2ff9ee4384b1894a90878d3e92bab 0.465s
2016-08-12 21:07:24.104 98017 INFO tempest.common.dynamic_creds [-] Acquired dynamic creds:
 credentials: Credentials: {'username': u'tempest-ImagesOneServerTestJSON-1818450052', 'project_name': u'tempest-ImagesOneServerTestJSON-1818450052', 'user_id': u'618c76240f1b40ecaedac44ad5a0afe9', 'tenant_name': u'tempest-ImagesOneServerTestJSON-1818450052', 'tenant_id': u'9d49c9ad3dd34c419858ea0090a6aa6f', 'project_id': u'9d49c9ad3dd34c419858ea0090a6aa6f'}, Network: None, Subnet: None, Router: None
2016-08-12 21:07:24.155 98018 INFO tempest.lib.common.rest_client [req-6e44a536-af7d-4ea0-872a-0502ad3cb670 ] Request (ServerDiskConfigTestJSON:setUpClass): 200 POST https://dal-iaas-001-api-endpoint.prod.walmart.com:35357/v2.0/tenants 0.480s
2016-08-12 21:07:24.168 98014 INFO tempest.lib.common.rest_client [req-2a22a75c-f782-4d4f-a75c-ec6bfc54f93b ] Request (QuotasAdminNegativeTestJSON:setUpClass): 200 GET https://dal-iaas-001-api-endpoint.prod.walmart.com:35357/v2.0/OS-KSADM/roles 0.449s
2016-08-12 21:07:24.369 98019 INFO tempest.lib.common.rest_client [req-7e38959a-2812-4bee-9144-91b193a1566f ] Request (FlavorsV2TestJSON:test_list_flavors_detailed_limit_results): 200 GET https://dal-iaas-001-api-endpoint.prod.walmart.com:8774/v2/3d606d16cd314e2e88804f33b2a42592/flavors/detail?limit=1 0.357s
2016-08-12 21:07:24.390 98013 INFO tempest.lib.common.rest_client [req-31c15e5b-edfa-41e5-8b71-81f608f4a3c0 ] Request (TenantUsagesTestJSON:setUpClass): 200 GET https://dal-iaas-001-api-endpoint.prod.walmart.com:8774/v2/76b21d65b40c44b28dffcb7164a822b6/servers/1886438b-b3e8-4963-9a88-ac8a754e4319 0.492s
2016-08-12 21:07:24.396 98013 INFO tempest.common.waiters [-] State transition "BUILD/scheduling" ==> "BUILD/None" after 5 second wait
2016-08-12 21:07:24.410 98012 INFO tempest.lib.common.rest_client [req-bca49bd5-32ec-44eb-b2ac-4e5becf972cc ] Request (TenantsTestJSON:test_tenant_list_delete): 204 DELETE https://dal-iaas-001-api-endpoint.prod.walmart.com:35357/v2.0/tenants/576050b9cfc9444fb9c5e456a2436494 0.526s
2016-08-12 21:07:24.578 98016 INFO tempest.lib.common.rest_client [req-df84ea8a-1faa-436c-bed8-1b2e88bef9f9 ] Request (ListServerFiltersTestJSON:setUpClass): 200 GET https://dal-iaas-001-api-endpoint.prod.walmart.com:8774/v2/2c5711ebdf3e457389c182a6f114d814/servers/d949b242-ec3c-467b-af97-8b9aa1e27a7c 0.440s
2016-08-12 21:07:24.587 98016 INFO tempest.common.waiters [-] State transition "BUILD/spawning" ==> "BUILD/scheduling" after 6 second wait
2016-08-12 21:07:24.606 98018 INFO tempest.lib.common.rest_client [req-c6aefaaa-f590-4335-8edb-e2e198e67ea4 ] Request (ServerDiskConfigTestJSON:setUpClass): 200 POST https://dal-iaas-001-api-endpoint.prod.walmart.com:35357/v2.0/users 0.450s
2016-08-12 21:07:24.612 98017 INFO tempest.lib.common.rest_client [req-2edf3163-864e-4c06-b167-8f73d80650b7 ] Request (ImagesOneServerTestJSON:setUpClass): 200 POST https://dal-iaas-001-api-endpoint.prod.walmart.com:5443/v2.0/tokens
2016-08-12 21:07:24.623 98014 INFO tempest.lib.common.rest_client [req-c2dff342-e73a-4f7b-92a7-aeee968c60a4 ] Request (QuotasAdminNegativeTestJSON:setUpClass): 409 PUT https://dal-iaas-001-api-endpoint.prod.walmart.com:35357/v2.0/tenants/7c38a33281a1461cb3f5e1cd45c9759a/users/4d654450a827416baf11ae66395f48e1/roles/OS-KSADM/9fe2ff9ee4384b1894a90878d3e92bab 0.454s
2016-08-12 21:07:24.624 98014 INFO tempest.common.dynamic_creds [-] Acquired dynamic creds:
 credentials: Credentials: {'username': u'tempest-QuotasAdminNegativeTestJSON-691773787', 'project_name': u'tempest-QuotasAdminNegativeTestJSON-691773787', 'user_id': u'4d654450a827416baf11ae66395f48e1', 'tenant_name': u'tempest-QuotasAdminNegativeTestJSON-691773787', 'tenant_id': u'7c38a33281a1461cb3f5e1cd45c9759a', 'project_id': u'7c38a33281a1461cb3f5e1cd45c9759a'}, Network: None, Subnet: None, Router: None
2016-08-12 21:07:24.664 98019 INFO tempest.lib.common.rest_client [req-824e761c-0647-461a-9868-7115651e8bdd ] Request (FlavorsV2TestJSON:test_list_flavors_detailed_using_marker): 200 GET https://dal-iaas-001-api-endpoint.prod.walmart.com:8774/v2/3d606d16cd314e2e88804f33b2a42592/flavors/3 0.288s
2016-08-12 21:07:24.695 98015 INFO tempest.lib.common.rest_client [req-1c7ab5ea-f526-4258-a8b5-fe0d5948a7d5 ] Request (ImagesTestJSON:test_delete_saving_image): 200 GET https://dal-iaas-001-api-endpoint.prod.walmart.com:8774/v2/b52f2f4d7ae04a388546edfa666a073d/servers/5713d119-476d-4282-b16e-89b5c1e8c837 0.569s
2016-08-12 21:07:24.701 98015 INFO tempest.common.waiters [-] State transition "BUILD/scheduling" ==> "BUILD/networking" after 4 second wait
2016-08-12 21:07:24.829 98012 INFO tempest.lib.common.rest_client [req-2f6bb6ad-d61f-4a56-a9c9-fa5f0a351582 ] Request (TenantsTestJSON:test_tenant_list_delete): 200 GET https://dal-iaas-001-api-endpoint.prod.walmart.com:35357/v2.0/tenants 0.418s
2016-08-12 21:07:24.985 98019 INFO tempest.lib.common.rest_client [req-1fe00213-17ac-489f-aa2d-93762c00f50f ] Request (FlavorsV2TestJSON:test_list_flavors_detailed_using_marker): 200 GET https://dal-iaas-001-api-endpoint.prod.walmart.com:8774/v2/3d606d16cd314e2e88804f33b2a42592/flavors/detail?marker=3 0.318s
2016-08-12 21:07:24.991 98018 INFO tempest.lib.common.rest_client [req-8e88d94c-d49a-44a0-81d6-eef8bad7c3ac ] Request (ServerDiskConfigTestJSON:setUpClass): 200 GET https://dal-iaas-001-api-endpoint.prod.walmart.com:35357/v2.0/OS-KSADM/roles 0.385s
2016-08-12 21:07:25.055 98014 INFO tempest.lib.common.rest_client [req-fdcf93eb-6c55-4597-9ae6-4b8db9835970 ] Request (QuotasAdminNegativeTestJSON:setUpClass): 200 POST https://dal-iaas-001-api-endpoint.prod.walmart.com:35357/v2.0/tenants 0.427s
2016-08-12 21:07:25.233 98012 INFO tempest.lib.common.rest_client [req-8135665f-4eef-4e03-bedd-c191a8eb522d ] Request (TenantsTestJSON:_run_cleanups): 404 DELETE https://dal-iaas-001-api-endpoint.prod.walmart.com:35357/v2.0/tenants/576050b9cfc9444fb9c5e456a2436494 0.403s
2016-08-12 21:07:25.274 98019 INFO tempest.lib.common.rest_client [req-4108a8d1-bbe7-4aa1-8c0f-9eee074a7c4c ] Request (FlavorsV2TestJSON:test_list_flavors_filter_by_min_disk): 200 GET https://dal-iaas-001-api-endpoint.prod.walmart.com:8774/v2/3d606d16cd314e2e88804f33b2a42592/flavors/3 0.283s
2016-08-12 21:07:25.432 98018 INFO tempest.lib.common.rest_client [req-6981b743-07bb-4682-b67a-9704ffe042d4 ] Request (ServerDiskConfigTestJSON:setUpClass): 409 PUT https://dal-iaas-001-api-endpoint.prod.walmart.com:35357/v2.0/tenants/cf491126aa0c46578f34b365eb5b6932/users/e5461c5fa3024bf5bcb06a0ff951ea58/roles/OS-KSADM/9fe2ff9ee4384b1894a90878d3e92bab 0.439s
2016-08-12 21:07:25.432 98018 INFO tempest.common.dynamic_creds [-] Acquired dynamic creds:
 credentials: Credentials: {'username': u'tempest-ServerDiskConfigTestJSON-528115947', 'project_name': u'tempest-ServerDiskConfigTestJSON-528115947', 'user_id': u'e5461c5fa3024bf5bcb06a0ff951ea58', 'tenant_name': u'tempest-ServerDiskConfigTestJSON-528115947', 'tenant_id': u'cf491126aa0c46578f34b365eb5b6932', 'project_id': u'cf491126aa0c46578f34b365eb5b6932'}, Network: None, Subnet: None, Router: None
2016-08-12 21:07:25.520 98017 INFO tempest.lib.common.rest_client [req-70608a0e-8cfe-4d6c-a9e9-eec311ee473b ] Request (ImagesOneServerTestJSON:setUpClass): 200 GET https://dal-iaas-001-api-endpoint.prod.walmart.com:8774/v2/9d49c9ad3dd34c419858ea0090a6aa6f/os-networks 0.907s
2016-08-12 21:07:25.521 98017 INFO tempest.common.fixed_network [-] (ImagesOneServerTestJSON:setUpClass) Found network {'name': u'net1', u'dns2': None, u'dns1': None, u'cidr': None, u'label': u'net1', u'broadcast': None, u'netmask': None, u'gateway_v6': None, u'id': u'1db35de8-93c8-455c-a1c1-720801bd971a', u'cidr_v6': None, u'gateway': None, u'netmask_v6': None} available for tenant
2016-08-12 21:07:25.527 98014 INFO tempest.lib.common.rest_client [req-b73cf00c-d171-4518-bcc0-9cba05b1515e ] Request (QuotasAdminNegativeTestJSON:setUpClass): 200 POST https://dal-iaas-001-api-endpoint.prod.walmart.com:35357/v2.0/users 0.471s
2016-08-12 21:07:25.591 98019 INFO tempest.lib.common.rest_client [req-6ee4f3e0-2644-423a-8ebb-dc6108fea0e9 ] Request (FlavorsV2TestJSON:test_list_flavors_filter_by_min_disk): 200 GET https://dal-iaas-001-api-endpoint.prod.walmart.com:8774/v2/3d606d16cd314e2e88804f33b2a42592/flavors?minDisk=11 0.313s
2016-08-12 21:07:25.675 98012 INFO tempest.lib.common.rest_client [req-461e1671-feec-4107-a13d-a0ac4d029a73 ] Request (TenantsTestJSON:_run_cleanups): 404 DELETE https://dal-iaas-001-api-endpoint.prod.walmart.com:35357/v2.0/tenants/797f09290a884c90bbcae4cb5dfffdc0 0.441s
2016-08-12 21:07:25.900 98013 INFO tempest.lib.common.rest_client [req-d2077f19-738b-4e26-a039-5436cc3e067f ] Request (TenantUsagesTestJSON:setUpClass): 200 GET https://dal-iaas-001-api-endpoint.prod.walmart.com:8774/v2/76b21d65b40c44b28dffcb7164a822b6/servers/1886438b-b3e8-4963-9a88-ac8a754e4319 0.501s
2016-08-12 21:07:25.908 98013 INFO tempest.common.waiters [-] State transition "BUILD/None" ==> "BUILD/scheduling" after 6 second wait
2016-08-12 21:07:25.928 98019 INFO tempest.lib.common.rest_client [req-c9d8fbae-c503-450d-9820-495a3673c6b6 ] Request (FlavorsV2TestJSON:test_list_flavors_filter_by_min_ram): 200 GET https://dal-iaas-001-api-endpoint.prod.walmart.com:8774/v2/3d606d16cd314e2e88804f33b2a42592/flavors/3 0.334s
2016-08-12 21:07:25.991 98018 INFO tempest.lib.common.rest_client [req-99d904e9-8194-4198-afe5-10ab43af1163 ] Request (ServerDiskConfigTestJSON:test_rebuild_server_with_auto_disk_config): 200 POST https://dal-iaas-001-api-endpoint.prod.walmart.com:5443/v2.0/tokens
2016-08-12 21:07:26.039 98016 INFO tempest.lib.common.rest_client [req-42299a22-29c2-43a1-9655-23d14362759f ] Request (ListServerFiltersTestJSON:setUpClass): 200 GET https://dal-iaas-001-api-endpoint.prod.walmart.com:8774/v2/2c5711ebdf3e457389c182a6f114d814/servers/d949b242-ec3c-467b-af97-8b9aa1e27a7c 0.451s
2016-08-12 21:07:26.047 98016 INFO tempest.common.waiters [-] State transition "BUILD/scheduling" ==> "BUILD/spawning" after 8 second wait
2016-08-12 21:07:26.049 98014 INFO tempest.lib.common.rest_client [req-835f43d7-c59e-4f15-9192-b9222ead6d74 ] Request (QuotasAdminNegativeTestJSON:setUpClass): 200 GET https://dal-iaas-001-api-endpoint.prod.walmart.com:35357/v2.0/OS-KSADM/roles 0.521s
2016-08-12 21:07:26.050 98017 INFO tempest.lib.common.rest_client [req-b9b8fde6-a46f-4b10-82b5-93572944cee8 ] Request (ImagesOneServerTestJSON:setUpClass): 200 POST https://dal-iaas-001-api-endpoint.prod.walmart.com:5443/v2.0/tokens
2016-08-12 21:07:26.063 98012 INFO tempest.lib.common.rest_client [req-80c7b1d5-bdc4-45f4-9d16-11f3cbbfcf87 ] Request (TenantsTestJSON:_run_cleanups): 404 DELETE https://dal-iaas-001-api-endpoint.prod.walmart.com:35357/v2.0/tenants/e2d293643dda4254ac6b6b9ac8ce023b 0.387s
2016-08-12 21:07:26.205 98015 INFO tempest.lib.common.rest_client [req-7cd6fccc-6c64-4bbc-9954-3edab4d8cae1 ] Request (ImagesTestJSON:test_delete_saving_image): 200 GET https://dal-iaas-001-api-endpoint.prod.walmart.com:8774/v2/b52f2f4d7ae04a388546edfa666a073d/servers/5713d119-476d-4282-b16e-89b5c1e8c837 0.498s
2016-08-12 21:07:26.213 98015 INFO tempest.common.waiters [-] State transition "BUILD/networking" ==> "BUILD/scheduling" after 6 second wait
2016-08-12 21:07:26.267 98019 INFO tempest.lib.common.rest_client [req-d0865e35-e105-4803-96c4-633fd186500f ] Request (FlavorsV2TestJSON:test_list_flavors_filter_by_min_ram): 200 GET https://dal-iaas-001-api-endpoint.prod.walmart.com:8774/v2/3d606d16cd314e2e88804f33b2a42592/flavors?minRam=4097 0.336s
2016-08-12 21:07:26.444 98014 INFO tempest.lib.common.rest_client [req-34b19727-053a-4ffa-a142-05204d2685b9 ] Request (QuotasAdminNegativeTestJSON:setUpClass): 200 PUT https://dal-iaas-001-api-endpoint.prod.walmart.com:35357/v2.0/tenants/b51d27ac6fd64bf19e4404bae31c3071/users/df2686600d9d40db8e20c9362a945b04/roles/OS-KSADM/b5b0387bbe864c43a2999e531988bb8f 0.394s
2016-08-12 21:07:26.470 98012 INFO tempest.lib.common.rest_client [req-ae682837-e3ae-42e4-a7c5-9f643d93ef31 ] Request (TenantsTestJSON:test_tenant_update_desc): 200 POST https://dal-iaas-001-api-endpoint.prod.walmart.com:35357/v2.0/tenants 0.405s
2016-08-12 21:07:26.558 98019 INFO tempest.lib.common.rest_client [req-ca151f40-bfa0-4fb7-bb80-dd4acd2bf22c ] Request (FlavorsV2TestJSON:test_list_flavors_limit_results): 200 GET https://dal-iaas-001-api-endpoint.prod.walmart.com:8774/v2/3d606d16cd314e2e88804f33b2a42592/flavors?limit=1 0.286s
2016-08-12 21:07:26.828 98018 INFO tempest.lib.common.rest_client [req-3276facf-261e-4132-80e4-1a56af788b2a ] Request (ServerDiskConfigTestJSON:test_rebuild_server_with_auto_disk_config): 200 GET https://dal-iaas-001-api-endpoint.prod.walmart.com:8774/v2/cf491126aa0c46578f34b365eb5b6932/os-networks 0.836s
2016-08-12 21:07:26.828 98018 INFO tempest.common.fixed_network [-] (ServerDiskConfigTestJSON:test_rebuild_server_with_auto_disk_config) Found network {'name': u'net1', u'dns2': None, u'dns1': None, u'cidr': None, u'label': u'net1', u'broadcast': None, u'netmask': None, u'gateway_v6': None, u'id': u'1db35de8-93c8-455c-a1c1-720801bd971a', u'cidr_v6': None, u'gateway': None, u'netmask_v6': None} available for tenant
2016-08-12 21:07:26.849 98019 INFO tempest.lib.common.rest_client [req-e9bacced-b9c4-47e1-b54e-5ea8d4c00465 ] Request (FlavorsV2TestJSON:test_list_flavors_using_marker): 200 GET https://dal-iaas-001-api-endpoint.prod.walmart.com:8774/v2/3d606d16cd314e2e88804f33b2a42592/flavors/3 0.287s
2016-08-12 21:07:26.854 98014 INFO tempest.lib.common.rest_client [req-e180e9bf-b1f2-46f8-85cd-67b3aa56aecc ] Request (QuotasAdminNegativeTestJSON:setUpClass): 200 GET https://dal-iaas-001-api-endpoint.prod.walmart.com:35357/v2.0/OS-KSADM/roles 0.409s
2016-08-12 21:07:26.867 98012 INFO tempest.lib.common.rest_client [req-6df04fe2-fcf4-4356-a9b2-6791422e30ed ] Request (TenantsTestJSON:test_tenant_update_desc): 200 POST https://dal-iaas-001-api-endpoint.prod.walmart.com:35357/v2.0/tenants/9d8d670cbc1a4bec9f5f9cbffe6a10bb 0.396s
2016-08-12 21:07:27.163 98019 INFO tempest.lib.common.rest_client [req-713f5ba6-252a-425f-b673-3f8ef509d58a ] Request (FlavorsV2TestJSON:test_list_flavors_using_marker): 200 GET https://dal-iaas-001-api-endpoint.prod.walmart.com:8774/v2/3d606d16cd314e2e88804f33b2a42592/flavors?marker=3 0.311s
2016-08-12 21:07:27.286 98012 INFO tempest.lib.common.rest_client [req-85a7159f-be14-427a-807f-f1e1bb46c836 ] Request (TenantsTestJSON:test_tenant_update_desc): 200 GET https://dal-iaas-001-api-endpoint.prod.walmart.com:35357/v2.0/tenants/9d8d670cbc1a4bec9f5f9cbffe6a10bb 0.419s
2016-08-12 21:07:27.327 98018 INFO tempest.lib.common.rest_client [req-869195e7-07e8-4f2f-95fc-9576ad37653b ] Request (ServerDiskConfigTestJSON:test_rebuild_server_with_auto_disk_config): 200 POST https://dal-iaas-001-api-endpoint.prod.walmart.com:5443/v2.0/tokens
2016-08-12 21:07:27.341 98013 INFO tempest.lib.common.rest_client [req-6f462b8a-79a6-436a-8db2-ac7068b540ad ] Request (TenantUsagesTestJSON:setUpClass): 200 GET https://dal-iaas-001-api-endpoint.prod.walmart.com:8774/v2/76b21d65b40c44b28dffcb7164a822b6/servers/1886438b-b3e8-4963-9a88-ac8a754e4319 0.432s
2016-08-12 21:07:27.347 98013 INFO tempest.common.waiters [-] State transition "BUILD/scheduling" ==> "BUILD/networking" after 8 second wait
2016-08-12 21:07:27.372 98014 INFO tempest.lib.common.rest_client [req-65a0ca24-9210-41ea-8e4b-9fbf91871a08 ] Request (QuotasAdminNegativeTestJSON:setUpClass): 409 PUT https://dal-iaas-001-api-endpoint.prod.walmart.com:35357/v2.0/tenants/b51d27ac6fd64bf19e4404bae31c3071/users/df2686600d9d40db8e20c9362a945b04/roles/OS-KSADM/9fe2ff9ee4384b1894a90878d3e92bab 0.517s
2016-08-12 21:07:27.373 98014 INFO tempest.common.dynamic_creds [-] Acquired dynamic creds:
 credentials: Credentials: {'username': u'tempest-QuotasAdminNegativeTestJSON-1985390967', 'project_name': u'tempest-QuotasAdminNegativeTestJSON-1985390967', 'user_id': u'df2686600d9d40db8e20c9362a945b04', 'tenant_name': u'tempest-QuotasAdminNegativeTestJSON-1985390967', 'tenant_id': u'b51d27ac6fd64bf19e4404bae31c3071', 'project_id': u'b51d27ac6fd64bf19e4404bae31c3071'}, Network: None, Subnet: None, Router: None
2016-08-12 21:07:27.475 98019 INFO tempest.lib.common.rest_client [req-9a1eca87-3062-4414-b938-d9c2bdc67c25 ] Request (FlavorsV2TestJSON:test_list_flavors_with_detail): 200 GET https://dal-iaas-001-api-endpoint.prod.walmart.com:8774/v2/3d606d16cd314e2e88804f33b2a42592/flavors/detail 0.308s
2016-08-12 21:07:27.498 98016 INFO tempest.lib.common.rest_client [req-7a4655b4-c1a3-4058-beaa-f87b86433f5a ] Request (ListServerFiltersTestJSON:setUpClass): 200 GET https://dal-iaas-001-api-endpoint.prod.walmart.com:8774/v2/2c5711ebdf3e457389c182a6f114d814/servers/d949b242-ec3c-467b-af97-8b9aa1e27a7c 0.448s
2016-08-12 21:07:27.504 98016 INFO tempest.common.waiters [-] State transition "BUILD/spawning" ==> "BUILD/scheduling" after 9 second wait
2016-08-12 21:07:27.773 98019 INFO tempest.lib.common.rest_client [req-2ee4334f-c809-4249-a2bb-e7a89ff58ef6 ] Request (FlavorsV2TestJSON:test_list_flavors_with_detail): 200 GET https://dal-iaas-001-api-endpoint.prod.walmart.com:8774/v2/3d606d16cd314e2e88804f33b2a42592/flavors/3 0.293s
2016-08-12 21:07:27.774 98015 INFO tempest.lib.common.rest_client [req-534f02e1-6980-4b04-8119-a4aa2be55718 ] Request (ImagesTestJSON:test_delete_saving_image): 200 GET https://dal-iaas-001-api-endpoint.prod.walmart.com:8774/v2/b52f2f4d7ae04a388546edfa666a073d/servers/5713d119-476d-4282-b16e-89b5c1e8c837 0.558s
2016-08-12 21:07:27.783 98015 INFO tempest.common.waiters [-] State transition "BUILD/scheduling" ==> "BUILD/networking" after 7 second wait
2016-08-12 21:07:27.785 98017 INFO tempest.lib.common.rest_client [req-e712c3e7-cfb8-42e0-ac93-d3de36a1eb0b ] Request (ImagesOneServerTestJSON:setUpClass): 202 POST https://dal-iaas-001-api-endpoint.prod.walmart.com:8774/v2/9d49c9ad3dd34c419858ea0090a6aa6f/servers 1.734s
2016-08-12 21:07:27.809 98012 INFO tempest.lib.common.rest_client [req-b2593118-8518-4d36-965e-081bc4b7df35 ] Request (TenantsTestJSON:test_tenant_update_desc): 204 DELETE https://dal-iaas-001-api-endpoint.prod.walmart.com:35357/v2.0/tenants/9d8d670cbc1a4bec9f5f9cbffe6a10bb 0.522s
2016-08-12 21:07:27.850 98014 INFO tempest.lib.common.rest_client [req-a16993e3-38ee-4ad0-9948-816ab89e9f55 ] Request (QuotasAdminNegativeTestJSON:test_create_server_when_cpu_quota_is_full): 200 POST https://dal-iaas-001-api-endpoint.prod.walmart.com:5443/v2.0/tokens
2016-08-12 21:07:28.155 98012 INFO tempest.lib.common.rest_client [req-17daae1b-38f1-48c7-8f36-2404dc510ccc ] Request (TenantsTestJSON:_run_cleanups): 404 DELETE https://dal-iaas-001-api-endpoint.prod.walmart.com:35357/v2.0/tenants/9d8d670cbc1a4bec9f5f9cbffe6a10bb 0.345s
2016-08-12 21:07:28.250 98019 INFO tempest.lib.common.rest_client [req-d8afbb14-afb0-4d88-bf88-f0aba94ea105 ] Request (FlavorsV2TestJSON:tearDownClass): 204 DELETE https://dal-iaas-001-api-endpoint.prod.walmart.com:35357/v2.0/users/9d85330015f547a490498c5d6159d327 0.473s
2016-08-12 21:07:28.258 98017 INFO tempest.lib.common.rest_client [req-ca98ffb9-d015-4938-9abf-deabf3392546 ] Request (ImagesOneServerTestJSON:setUpClass): 200 GET https://dal-iaas-001-api-endpoint.prod.walmart.com:8774/v2/9d49c9ad3dd34c419858ea0090a6aa6f/servers/2cdc413f-2d5a-48ae-813d-5679d5ebf130 0.471s
2016-08-12 21:07:28.578 98014 INFO tempest.lib.common.rest_client [req-deee35be-3ef9-4edd-a279-222085defb4a ] Request (QuotasAdminNegativeTestJSON:test_create_server_when_cpu_quota_is_full): 200 GET https://dal-iaas-001-api-endpoint.prod.walmart.com:8774/v2/b51d27ac6fd64bf19e4404bae31c3071/os-quota-sets/7c38a33281a1461cb3f5e1cd45c9759a 0.727s
2016-08-12 21:07:28.622 98012 INFO tempest.lib.common.rest_client [req-850c0c35-59fb-4776-a8d6-fff241623057 ] Request (TenantsTestJSON:test_tenant_update_enable): 200 POST https://dal-iaas-001-api-endpoint.prod.walmart.com:35357/v2.0/tenants 0.465s
2016-08-12 21:07:28.901 98013 INFO tempest.lib.common.rest_client [req-b516b6a4-228f-4fb6-b4ad-10f3704f5360 ] Request (TenantUsagesTestJSON:setUpClass): 200 GET https://dal-iaas-001-api-endpoint.prod.walmart.com:8774/v2/76b21d65b40c44b28dffcb7164a822b6/servers/1886438b-b3e8-4963-9a88-ac8a754e4319 0.550s
2016-08-12 21:07:28.909 98013 INFO tempest.common.waiters [-] State transition "BUILD/networking" ==> "BUILD/scheduling" after 9 second wait
2016-08-12 21:07:28.922 98014 INFO tempest.lib.common.rest_client [req-a18e7ec5-971c-4b79-ba6d-7bf25ca22b25 ] Request (QuotasAdminNegativeTestJSON:test_create_server_when_cpu_quota_is_full): 200 PUT https://dal-iaas-001-api-endpoint.prod.walmart.com:8774/v2/b51d27ac6fd64bf19e4404bae31c3071/os-quota-sets/7c38a33281a1461cb3f5e1cd45c9759a 0.340s
2016-08-12 21:07:29.009 98016 INFO tempest.lib.common.rest_client [req-7d4a6ad5-9059-4e59-8f2b-4e682724b135 ] Request (ListServerFiltersTestJSON:setUpClass): 200 GET https://dal-iaas-001-api-endpoint.prod.walmart.com:8774/v2/2c5711ebdf3e457389c182a6f114d814/servers/d949b242-ec3c-467b-af97-8b9aa1e27a7c 0.503s
2016-08-12 21:07:29.018 98016 INFO tempest.common.waiters [-] State transition "BUILD/scheduling" ==> "BUILD/networking" after 11 second wait
2016-08-12 21:07:29.093 98012 INFO tempest.lib.common.rest_client [req-c2d1210d-5096-4d98-ac8c-e03811ed0af0 ] Request (TenantsTestJSON:test_tenant_update_enable): 200 POST https://dal-iaas-001-api-endpoint.prod.walmart.com:35357/v2.0/tenants/88594010dbdb4d9eb42c036eef86cdcd 0.470s
2016-08-12 21:07:29.152 98018 INFO tempest.lib.common.rest_client [req-d27e36ce-59b6-4602-bf95-1b185b585f67 ] Request (ServerDiskConfigTestJSON:test_rebuild_server_with_auto_disk_config): 202 POST https://dal-iaas-001-api-endpoint.prod.walmart.com:8774/v2/cf491126aa0c46578f34b365eb5b6932/servers 1.824s
2016-08-12 21:07:29.166 98019 INFO tempest.lib.common.rest_client [req-4c2d2331-6f08-4470-8598-33ae658df6a3 ] Request (FlavorsV2TestJSON:tearDownClass): 200 GET https://dal-iaas-001-api-endpoint.prod.walmart.com:9696/v2.0/security-groups?tenant_id=3d606d16cd314e2e88804f33b2a42592&name=default 0.915s
2016-08-12 21:07:29.294 98015 INFO tempest.lib.common.rest_client [req-e9a6ef06-012c-4dc1-860a-2f682e6bfde2 ] Request (ImagesTestJSON:test_delete_saving_image): 200 GET https://dal-iaas-001-api-endpoint.prod.walmart.com:8774/v2/b52f2f4d7ae04a388546edfa666a073d/servers/5713d119-476d-4282-b16e-89b5c1e8c837 0.508s
2016-08-12 21:07:29.301 98015 INFO tempest.common.waiters [-] State transition "BUILD/networking" ==> "BUILD/scheduling" after 9 second wait
2016-08-12 21:07:29.451 98014 INFO tempest.lib.common.rest_client [req-0e7009e7-91cf-42f4-9528-ad080e897154 ] Request (QuotasAdminNegativeTestJSON:test_create_server_when_cpu_quota_is_full): 200 POST https://dal-iaas-001-api-endpoint.prod.walmart.com:5443/v2.0/tokens
2016-08-12 21:07:29.505 98012 INFO tempest.lib.common.rest_client [req-291e9ed9-cb63-4299-97ec-e02e05b9cb9d ] Request (TenantsTestJSON:test_tenant_update_enable): 200 GET https://dal-iaas-001-api-endpoint.prod.walmart.com:35357/v2.0/tenants/88594010dbdb4d9eb42c036eef86cdcd 0.411s
2016-08-12 21:07:29.513 98019 INFO tempest.lib.common.rest_client [req-cdc4152c-fcd9-49df-ab88-34ffd1208652 ] Request (FlavorsV2TestJSON:tearDownClass): 204 DELETE https://dal-iaas-001-api-endpoint.prod.walmart.com:9696/v2.0/security-groups/18e3e5e4-2bd4-4c80-a505-712eb5ed7fe4 0.346s
2016-08-12 21:07:29.580 98018 INFO tempest.lib.common.rest_client [req-131052f4-c61a-45da-9a9a-08e841d87372 ] Request (ServerDiskConfigTestJSON:test_rebuild_server_with_auto_disk_config): 200 GET https://dal-iaas-001-api-endpoint.prod.walmart.com:8774/v2/cf491126aa0c46578f34b365eb5b6932/servers/30e8f6dd-88ec-4bfe-82e0-420aae4a28b8 0.425s
2016-08-12 21:07:29.689 98017 INFO tempest.lib.common.rest_client [req-f8d4b9fe-67c1-451c-84f4-b256f37dd133 ] Request (ImagesOneServerTestJSON:setUpClass): 200 GET https://dal-iaas-001-api-endpoint.prod.walmart.com:8774/v2/9d49c9ad3dd34c419858ea0090a6aa6f/servers/2cdc413f-2d5a-48ae-813d-5679d5ebf130 0.421s
2016-08-12 21:07:29.697 98017 INFO tempest.common.waiters [-] State transition "BUILD/scheduling" ==> "BUILD/block_device_mapping" after 1 second wait
2016-08-12 21:07:29.994 98019 INFO tempest.lib.common.rest_client [req-f398f2fd-3eef-4a2c-b218-5b5b612e5ce3 ] Request (FlavorsV2TestJSON:tearDownClass): 204 DELETE https://dal-iaas-001-api-endpoint.prod.walmart.com:35357/v2.0/tenants/3d606d16cd314e2e88804f33b2a42592 0.480s
2016-08-12 21:07:30.044 98012 INFO tempest.lib.common.rest_client [req-4ecde860-f9c7-4b6c-b499-053e46fe133c ] Request (TenantsTestJSON:test_tenant_update_enable): 204 DELETE https://dal-iaas-001-api-endpoint.prod.walmart.com:35357/v2.0/tenants/88594010dbdb4d9eb42c036eef86cdcd 0.538s
2016-08-12 21:07:30.299 98014 INFO tempest.lib.common.rest_client [req-b39a8e3a-56d1-414f-b1ac-b9e62cef2e6e ] Request (QuotasAdminNegativeTestJSON:test_create_server_when_cpu_quota_is_full): 200 GET https://dal-iaas-001-api-endpoint.prod.walmart.com:8774/v2/7c38a33281a1461cb3f5e1cd45c9759a/os-networks 0.847s
2016-08-12 21:07:30.300 98014 INFO tempest.common.fixed_network [-] (QuotasAdminNegativeTestJSON:test_create_server_when_cpu_quota_is_full) Found network {'name': u'net1', u'dns2': None, u'dns1': None, u'cidr': None, u'label': u'net1', u'broadcast': None, u'netmask': None, u'gateway_v6': None, u'id': u'1db35de8-93c8-455c-a1c1-720801bd971a', u'cidr_v6': None, u'gateway': None, u'netmask_v6': None} available for tenant
2016-08-12 21:07:30.340 98013 INFO tempest.lib.common.rest_client [req-9a5b471a-0f65-46ce-a1c6-382cd3b271ee ] Request (TenantUsagesTestJSON:setUpClass): 200 GET https://dal-iaas-001-api-endpoint.prod.walmart.com:8774/v2/76b21d65b40c44b28dffcb7164a822b6/servers/1886438b-b3e8-4963-9a88-ac8a754e4319 0.429s
2016-08-12 21:07:30.347 98013 INFO tempest.common.waiters [-] State transition "BUILD/scheduling" ==> "BUILD/None" after 11 second wait
2016-08-12 21:07:30.507 98012 INFO tempest.lib.common.rest_client [req-cdf939bc-d276-44a1-939e-fc7215ec83ff ] Request (TenantsTestJSON:_run_cleanups): 404 DELETE https://dal-iaas-001-api-endpoint.prod.walmart.com:35357/v2.0/tenants/88594010dbdb4d9eb42c036eef86cdcd 0.462s
2016-08-12 21:07:30.580 98016 INFO tempest.lib.common.rest_client [req-19ebf67f-3e96-493a-98d4-53a9482ac8ce ] Request (ListServerFiltersTestJSON:setUpClass): 200 GET https://dal-iaas-001-api-endpoint.prod.walmart.com:8774/v2/2c5711ebdf3e457389c182a6f114d814/servers/d949b242-ec3c-467b-af97-8b9aa1e27a7c 0.559s
2016-08-12 21:07:30.588 98016 INFO tempest.common.waiters [-] State transition "BUILD/networking" ==> "BUILD/scheduling" after 12 second wait
2016-08-12 21:07:30.673 98019 INFO tempest.lib.common.rest_client [req-1bb39ed5-d304-45ba-9cbe-89fc83cf165e ] Request (FlavorDetailsNegativeTestJSON:setUpClass): 200 POST https://dal-iaas-001-api-endpoint.prod.walmart.com:5443/v2.0/tokens
2016-08-12 21:07:30.764 98014 INFO tempest.lib.common.rest_client [req-ef1b3748-3c5a-40e5-8600-6add4b89ff66 ] Request (QuotasAdminNegativeTestJSON:test_create_server_when_cpu_quota_is_full): 200 POST https://dal-iaas-001-api-endpoint.prod.walmart.com:5443/v2.0/tokens
2016-08-12 21:07:30.810 98015 INFO tempest.lib.common.rest_client [req-a7660f93-822d-4542-9625-7feabad4ec4d ] Request (ImagesTestJSON:test_delete_saving_image): 200 GET https://dal-iaas-001-api-endpoint.prod.walmart.com:8774/v2/b52f2f4d7ae04a388546edfa666a073d/servers/5713d119-476d-4282-b16e-89b5c1e8c837 0.504s
2016-08-12 21:07:30.816 98015 INFO tempest.common.waiters [-] State transition "BUILD/scheduling" ==> "BUILD/networking" after 10 second wait
2016-08-12 21:07:30.972 98012 INFO tempest.lib.common.rest_client [req-8dabfa32-a74e-492f-9f81-4a63689a20ab ] Request (TenantsTestJSON:test_tenant_update_name): 200 POST https://dal-iaas-001-api-endpoint.prod.walmart.com:35357/v2.0/tenants 0.462s
2016-08-12 21:07:31.031 98018 INFO tempest.lib.common.rest_client [req-0451866a-e6b3-4386-8da0-b04bb7f36ff8 ] Request (ServerDiskConfigTestJSON:test_rebuild_server_with_auto_disk_config): 200 GET https://dal-iaas-001-api-endpoint.prod.walmart.com:8774/v2/cf491126aa0c46578f34b365eb5b6932/servers/30e8f6dd-88ec-4bfe-82e0-420aae4a28b8 0.441s
2016-08-12 21:07:31.039 98018 INFO tempest.common.waiters [-] State transition "BUILD/scheduling" ==> "BUILD/None" after 2 second wait
