2016-08-15 09:06:29.423 83534 INFO tempest.lib.common.rest_client [req-2a7c85a5-7d05-4227-b8f5-ae3f1d75ef86 ] Request (FlavorsV2TestJSON:test_list_flavors_filter_by_min_ram): 200 GET https://dal-iaas-001-api-endpoint.prod.walmart.com:8774/v2/30567be06c464292bee1b247efbb3093/flavors/3 0.442s
2016-08-15 09:06:29.530 83536 INFO tempest.lib.common.rest_client [req-df46e70a-6bfb-48ee-bdf6-34618406c4d9 ] Request (QuotasAdminNegativeTestJSON:tearDownClass): 200 GET https://dal-iaas-001-api-endpoint.prod.walmart.com:9696/v2.0/security-groups?tenant_id=ed133c9b89214be4871e52c6749b7299&name=default 0.457s
2016-08-15 09:06:29.681 83533 INFO tempest.lib.common.rest_client [req-844881a9-b801-4f2e-802c-5c4ccb21d384 ] Request (PoliciesTestJSON:setUpClass): 204 PUT https://dal-iaas-001-api-endpoint.prod.walmart.com:35357/v3/projects/58c5261ccb73434a9e0b72df9e2600a2/users/eaa83eb4e5a1487a920042163c4a5c54/roles/b5b0387bbe864c43a2999e531988bb8f 0.728s
2016-08-15 09:06:29.682 83533 INFO tempest.common.dynamic_creds [-] Acquired dynamic creds:
 credentials: Credentials: {'username': u'tempest-PoliciesTestJSON-1846655874', 'project_name': u'tempest-PoliciesTestJSON-1846655874', 'project_domain_id': u'default', 'user_domain_id': u'default', 'tenant_id': u'58c5261ccb73434a9e0b72df9e2600a2', 'user_domain_name': u'Default', 'domain_name': u'Default', 'tenant_name': u'tempest-PoliciesTestJSON-1846655874', 'user_id': u'eaa83eb4e5a1487a920042163c4a5c54', 'project_id': u'58c5261ccb73434a9e0b72df9e2600a2', 'domain_id': u'default', 'project_domain_name': u'Default'}, Network: None, Subnet: None, Router: None
2016-08-15 09:06:29.880 83534 INFO tempest.lib.common.rest_client [req-c0f1d214-eeb4-4d3d-bd3b-580a543e63f5 ] Request (FlavorsV2TestJSON:test_list_flavors_filter_by_min_ram): 200 GET https://dal-iaas-001-api-endpoint.prod.walmart.com:8774/v2/30567be06c464292bee1b247efbb3093/flavors?minRam=4097 0.453s
2016-08-15 09:06:30.048 83536 INFO tempest.lib.common.rest_client [req-9aaa0a96-6af6-4cdc-bf83-88ca232e8e99 ] Request (QuotasAdminNegativeTestJSON:tearDownClass): 204 DELETE https://dal-iaas-001-api-endpoint.prod.walmart.com:9696/v2.0/security-groups/fd0993de-6da2-480e-b9b2-749128ab062d 0.517s
2016-08-15 09:06:30.097 83535 INFO tempest.lib.common.rest_client [req-292ca489-3bde-4942-8e23-54f979ef9754 ] Request (HypervisorAdminTestJSON:tearDownClass): 204 DELETE https://dal-iaas-001-api-endpoint.prod.walmart.com:35357/v2.0/tenants/bd7a2648cc2040ce91ac03c998528f77 0.776s
2016-08-15 09:06:30.316 83534 INFO tempest.lib.common.rest_client [req-4a219085-8a86-43a7-8e71-64a1facaf9c6 ] Request (FlavorsV2TestJSON:test_list_flavors_limit_results): 200 GET https://dal-iaas-001-api-endpoint.prod.walmart.com:8774/v2/30567be06c464292bee1b247efbb3093/flavors?limit=1 0.431s
2016-08-15 09:06:30.377 83538 INFO tempest.lib.common.rest_client [req-1c9bbca4-15e8-48ed-9a3b-0090372333dc ] Request (ServersAdminTestJSON:test_rebuild_server_in_error_state): 200 GET https://dal-iaas-001-api-endpoint.prod.walmart.com:8774/v2/7f3b61c5c68f42cc92da8f2ace7f25a6/servers/f08414e2-10af-424d-9564-a66d9c0f8d4c 0.677s
2016-08-15 09:06:30.417 83533 INFO tempest.lib.common.rest_client [req-3c87e4b0-81f5-4ae3-82cc-913ae4e93acd ] Request (PoliciesTestJSON:setUpClass): 201 POST https://dal-iaas-001-api-endpoint.prod.walmart.com:35357/v3/projects 0.730s
2016-08-15 09:06:30.758 83534 INFO tempest.lib.common.rest_client [req-c257a879-7283-4ff7-b12a-f2278e8ebca0 ] Request (FlavorsV2TestJSON:test_list_flavors_using_marker): 200 GET https://dal-iaas-001-api-endpoint.prod.walmart.com:8774/v2/30567be06c464292bee1b247efbb3093/flavors/3 0.439s
2016-08-15 09:06:30.889 83536 INFO tempest.lib.common.rest_client [req-9852019c-ef9b-48f5-81ea-4f396f391ed0 ] Request (QuotasAdminNegativeTestJSON:tearDownClass): 204 DELETE https://dal-iaas-001-api-endpoint.prod.walmart.com:35357/v2.0/tenants/ed133c9b89214be4871e52c6749b7299 0.840s
2016-08-15 09:06:30.944 83535 INFO tempest.lib.common.rest_client [req-643d3d23-8f9d-40ba-9d17-632bdd0df0f0 ] Request (HypervisorAdminTestJSON:tearDownClass): 204 DELETE https://dal-iaas-001-api-endpoint.prod.walmart.com:35357/v2.0/users/11725b5c22f24438bd97b52317d49a9f 0.846s
2016-08-15 09:06:31.093 83533 INFO tempest.lib.common.rest_client [req-794a67ef-0a7d-447e-81cd-fb7eab483c49 ] Request (PoliciesTestJSON:setUpClass): 201 POST https://dal-iaas-001-api-endpoint.prod.walmart.com:35357/v3/users 0.675s
2016-08-15 09:06:31.227 83534 INFO tempest.lib.common.rest_client [req-0a020bf8-5051-4f64-b3ef-1c1c003004a1 ] Request (FlavorsV2TestJSON:test_list_flavors_using_marker): 200 GET https://dal-iaas-001-api-endpoint.prod.walmart.com:8774/v2/30567be06c464292bee1b247efbb3093/flavors?marker=3 0.466s
2016-08-15 09:06:31.396 83535 INFO tempest.lib.common.rest_client [req-35c5e37a-f6ff-483c-b41d-4d88384ef593 ] Request (HypervisorAdminTestJSON:tearDownClass): 200 GET https://dal-iaas-001-api-endpoint.prod.walmart.com:9696/v2.0/security-groups?tenant_id=2c19da15a2f84411a454d7f281419398&name=default 0.451s
2016-08-15 09:06:31.615 83536 INFO tempest.lib.common.rest_client [req-17c96e1e-d08a-4153-8ee5-50694c5173ba ] Request (TenantUsagesTestJSON:setUpClass): 200 POST https://dal-iaas-001-api-endpoint.prod.walmart.com:5443/v2.0/tokens
2016-08-15 09:06:31.689 83534 INFO tempest.lib.common.rest_client [req-5f6c5ba0-7b16-4ef1-96da-d4c2b2f3a6ff ] Request (FlavorsV2TestJSON:test_list_flavors_with_detail): 200 GET https://dal-iaas-001-api-endpoint.prod.walmart.com:8774/v2/30567be06c464292bee1b247efbb3093/flavors/detail 0.457s
2016-08-15 09:06:31.857 83533 INFO tempest.lib.common.rest_client [req-32c4b1be-81a9-4633-a965-494e7b5f7a2d ] Request (PoliciesTestJSON:setUpClass): 200 GET https://dal-iaas-001-api-endpoint.prod.walmart.com:35357/v3/roles 0.763s
2016-08-15 09:06:31.912 83535 INFO tempest.lib.common.rest_client [req-46b9eddc-d90a-40ce-a586-061b64ac79da ] Request (HypervisorAdminTestJSON:tearDownClass): 204 DELETE https://dal-iaas-001-api-endpoint.prod.walmart.com:9696/v2.0/security-groups/33dadf5d-029b-4082-8b8b-928a6ddde73a 0.516s
2016-08-15 09:06:32.032 83538 INFO tempest.lib.common.rest_client [req-46226e96-5df9-4afd-9126-74572678e843 ] Request (ServersAdminTestJSON:test_rebuild_server_in_error_state): 200 GET https://dal-iaas-001-api-endpoint.prod.walmart.com:8774/v2/7f3b61c5c68f42cc92da8f2ace7f25a6/servers/f08414e2-10af-424d-9564-a66d9c0f8d4c 0.646s
2016-08-15 09:06:32.039 83538 INFO tempest.common.waiters [-] State transition "REBUILD/rebuilding" ==> "REBUILD/rebuild_spawning" after 7 second wait
2016-08-15 09:06:32.151 83534 INFO tempest.lib.common.rest_client [req-a3b5833f-82ca-4baf-9702-33328baee6ba ] Request (FlavorsV2TestJSON:test_list_flavors_with_detail): 200 GET https://dal-iaas-001-api-endpoint.prod.walmart.com:8774/v2/30567be06c464292bee1b247efbb3093/flavors/3 0.455s
2016-08-15 09:06:32.400 83536 INFO tempest.lib.common.rest_client [req-08222ee4-5cbe-4cfa-be26-c3a7bd4c2547 ] Request (TenantUsagesTestJSON:setUpClass): 200 POST https://dal-iaas-001-api-endpoint.prod.walmart.com:5443/v2.0/tokens
2016-08-15 09:06:32.558 83533 INFO tempest.lib.common.rest_client [req-6c832f9a-deac-4f63-a598-b23c406410bb ] Request (PoliciesTestJSON:setUpClass): 204 PUT https://dal-iaas-001-api-endpoint.prod.walmart.com:35357/v3/projects/3c16fada867e43e596d1f4cec72ef53b/users/c77e1d33e06f4554a794476d264961d5/roles/b5b0387bbe864c43a2999e531988bb8f 0.700s
2016-08-15 09:06:32.718 83535 INFO tempest.lib.common.rest_client [req-eda425f6-b37d-411e-a689-cff6e0354f33 ] Request (HypervisorAdminTestJSON:tearDownClass): 204 DELETE https://dal-iaas-001-api-endpoint.prod.walmart.com:35357/v2.0/tenants/2c19da15a2f84411a454d7f281419398 0.805s
2016-08-15 09:06:32.918 83534 INFO tempest.lib.common.rest_client [req-85ec25aa-b994-49a5-b958-107e52d023cc ] Request (FlavorsV2TestJSON:tearDownClass): 204 DELETE https://dal-iaas-001-api-endpoint.prod.walmart.com:35357/v2.0/users/1daf1e1bbdfc43f7b442fe408098483e 0.764s
2016-08-15 09:06:33.167 83536 INFO tempest.lib.common.rest_client [req-4198e377-c0bc-4994-85a4-5f87d79ef06b ] Request (TenantUsagesTestJSON:setUpClass): 200 POST https://dal-iaas-001-api-endpoint.prod.walmart.com:35357/v2.0/tenants 0.766s
2016-08-15 09:06:33.281 83533 INFO tempest.lib.common.rest_client [req-8a2dcc44-155e-4683-9998-18443225d233 ] Request (PoliciesTestJSON:setUpClass): 200 GET https://dal-iaas-001-api-endpoint.prod.walmart.com:35357/v3/roles 0.722s
2016-08-15 09:06:33.472 83535 INFO tempest.lib.common.rest_client [req-aba1043f-ac5b-49d8-b9ca-eada08af01c1 ] Request (ServicesAdminTestJSON:setUpClass): 200 POST https://dal-iaas-001-api-endpoint.prod.walmart.com:5443/v2.0/tokens
2016-08-15 09:06:33.681 83538 INFO tempest.lib.common.rest_client [req-2ea2a5f3-630a-4468-90ff-832f3458220f ] Request (ServersAdminTestJSON:test_rebuild_server_in_error_state): 200 GET https://dal-iaas-001-api-endpoint.prod.walmart.com:8774/v2/7f3b61c5c68f42cc92da8f2ace7f25a6/servers/f08414e2-10af-424d-9564-a66d9c0f8d4c 0.638s
2016-08-15 09:06:33.970 83536 INFO tempest.lib.common.rest_client [req-1ee97820-ed27-4d1f-ac68-40862ab313f1 ] Request (TenantUsagesTestJSON:setUpClass): 200 POST https://dal-iaas-001-api-endpoint.prod.walmart.com:35357/v2.0/users 0.802s
2016-08-15 09:06:34.105 83533 INFO tempest.lib.common.rest_client [req-1c903f7c-9b7f-486d-92c3-312cd87c8337 ] Request (PoliciesTestJSON:setUpClass): 204 PUT https://dal-iaas-001-api-endpoint.prod.walmart.com:35357/v3/projects/3c16fada867e43e596d1f4cec72ef53b/users/c77e1d33e06f4554a794476d264961d5/roles/b5b0387bbe864c43a2999e531988bb8f 0.823s
2016-08-15 09:06:34.106 83533 INFO tempest.common.dynamic_creds [-] Acquired dynamic creds:
 credentials: Credentials: {'username': u'tempest-PoliciesTestJSON-907338307', 'project_name': u'tempest-PoliciesTestJSON-907338307', 'project_domain_id': u'default', 'user_domain_id': u'default', 'tenant_id': u'3c16fada867e43e596d1f4cec72ef53b', 'user_domain_name': u'Default', 'domain_name': u'Default', 'tenant_name': u'tempest-PoliciesTestJSON-907338307', 'user_id': u'c77e1d33e06f4554a794476d264961d5', 'project_id': u'3c16fada867e43e596d1f4cec72ef53b', 'domain_id': u'default', 'project_domain_name': u'Default'}, Network: None, Subnet: None, Router: None
2016-08-15 09:06:34.189 83535 INFO tempest.lib.common.rest_client [req-be3c5ecb-a00e-486b-ae9a-cda86eb167fc ] Request (ServicesAdminTestJSON:setUpClass): 200 POST https://dal-iaas-001-api-endpoint.prod.walmart.com:5443/v2.0/tokens
2016-08-15 09:06:34.353 83534 INFO tempest.lib.common.rest_client [req-a14c80f7-70da-4be6-9fca-6ae9b7746627 ] Request (FlavorsV2TestJSON:tearDownClass): 200 GET https://dal-iaas-001-api-endpoint.prod.walmart.com:9696/v2.0/security-groups?tenant_id=30567be06c464292bee1b247efbb3093&name=default 1.434s
2016-08-15 09:06:34.678 83536 INFO tempest.lib.common.rest_client [req-04ed6eb6-9dd1-465f-9139-ad9b2af58bcc ] Request (TenantUsagesTestJSON:setUpClass): 200 GET https://dal-iaas-001-api-endpoint.prod.walmart.com:35357/v2.0/OS-KSADM/roles 0.707s
2016-08-15 09:06:34.709 83533 INFO tempest.lib.common.rest_client [req-0828d890-6d8e-4e4f-b12d-1a4b6e7157b9 ] Request (PoliciesTestJSON:test_create_update_delete_policy): 201 POST https://dal-iaas-001-api-endpoint.prod.walmart.com:35357/v3/auth/tokens
2016-08-15 09:06:34.820 83534 INFO tempest.lib.common.rest_client [req-38e011d3-7406-497a-a52e-2d9e7f28edc9 ] Request (FlavorsV2TestJSON:tearDownClass): 204 DELETE https://dal-iaas-001-api-endpoint.prod.walmart.com:9696/v2.0/security-groups/738f413f-28de-4bc0-b6f1-5159d73599c2 0.466s
2016-08-15 09:06:34.975 83535 INFO tempest.lib.common.rest_client [req-1ecb24d2-1e88-46ca-838c-1e122d9e349d ] Request (ServicesAdminTestJSON:setUpClass): 200 POST https://dal-iaas-001-api-endpoint.prod.walmart.com:35357/v2.0/tenants 0.785s
2016-08-15 09:06:35.347 83538 INFO tempest.lib.common.rest_client [req-29e28a0a-aaa9-442c-9901-9cbdcb333ec1 ] Request (ServersAdminTestJSON:test_rebuild_server_in_error_state): 200 GET https://dal-iaas-001-api-endpoint.prod.walmart.com:8774/v2/7f3b61c5c68f42cc92da8f2ace7f25a6/servers/f08414e2-10af-424d-9564-a66d9c0f8d4c 0.654s
2016-08-15 09:06:35.416 83536 INFO tempest.lib.common.rest_client [req-ebaf93ba-eba9-4d6e-bea2-e5d93fc1b6f8 ] Request (TenantUsagesTestJSON:setUpClass): 200 PUT https://dal-iaas-001-api-endpoint.prod.walmart.com:35357/v2.0/tenants/82d8c920f72147a18842b7e9a397a3ad/users/98730654ca4a4ef6b457ea3e8c45d9aa/roles/OS-KSADM/b5b0387bbe864c43a2999e531988bb8f 0.737s
2016-08-15 09:06:35.417 83536 INFO tempest.common.dynamic_creds [-] Acquired dynamic creds:
 credentials: Credentials: {'username': u'tempest-TenantUsagesTestJSON-1847281205', 'project_name': u'tempest-TenantUsagesTestJSON-1847281205', 'user_id': u'98730654ca4a4ef6b457ea3e8c45d9aa', 'tenant_name': u'tempest-TenantUsagesTestJSON-1847281205', 'tenant_id': u'82d8c920f72147a18842b7e9a397a3ad', 'project_id': u'82d8c920f72147a18842b7e9a397a3ad'}, Network: None, Subnet: None, Router: None
2016-08-15 09:06:35.424 83533 INFO tempest.lib.common.rest_client [req-c577f2ba-539d-4a7c-b4bb-96dc6e1ed0ad ] Request (PoliciesTestJSON:test_create_update_delete_policy): 201 POST https://dal-iaas-001-api-endpoint.prod.walmart.com:35357/v3/policies 0.713s
2016-08-15 09:06:35.537 83534 INFO tempest.lib.common.rest_client [req-affbdb9f-311e-4917-8b20-254e137609fd ] Request (FlavorsV2TestJSON:tearDownClass): 204 DELETE https://dal-iaas-001-api-endpoint.prod.walmart.com:35357/v2.0/tenants/30567be06c464292bee1b247efbb3093 0.716s
2016-08-15 09:06:35.667 83535 INFO tempest.lib.common.rest_client [req-f2e7fd23-f14a-4286-aa9c-3324f5c5b2eb ] Request (ServicesAdminTestJSON:setUpClass): 200 POST https://dal-iaas-001-api-endpoint.prod.walmart.com:35357/v2.0/users 0.691s
2016-08-15 09:06:36.113 83536 INFO tempest.lib.common.rest_client [req-3a1f760f-48c5-437d-bea6-70a1910b9e62 ] Request (TenantUsagesTestJSON:setUpClass): 200 POST https://dal-iaas-001-api-endpoint.prod.walmart.com:35357/v2.0/tenants 0.690s
2016-08-15 09:06:36.208 83533 INFO tempest.lib.common.rest_client [req-8ef2fd55-df81-4248-b542-7418135558a3 ] Request (PoliciesTestJSON:test_create_update_delete_policy): 200 PATCH https://dal-iaas-001-api-endpoint.prod.walmart.com:35357/v3/policies/5a6857edf92d4fc483f90fc5f6eea751 0.783s
2016-08-15 09:06:36.240 83534 INFO tempest.lib.common.rest_client [req-bfffa9d5-7e90-4fcb-9367-b0a0dc26f4b8 ] Request (ListImagesTestJSON:setUpClass): 200 POST https://dal-iaas-001-api-endpoint.prod.walmart.com:5443/v2.0/tokens
2016-08-15 09:06:36.357 83535 INFO tempest.lib.common.rest_client [req-fa417308-7c3c-4200-bc1b-bd6d241ca3f8 ] Request (ServicesAdminTestJSON:setUpClass): 200 GET https://dal-iaas-001-api-endpoint.prod.walmart.com:35357/v2.0/OS-KSADM/roles 0.689s
2016-08-15 09:06:36.938 83533 INFO tempest.lib.common.rest_client [req-a3cdb5a9-8dea-4b68-8468-237fbf3a7ddb ] Request (PoliciesTestJSON:test_create_update_delete_policy): 200 GET https://dal-iaas-001-api-endpoint.prod.walmart.com:35357/v3/policies/5a6857edf92d4fc483f90fc5f6eea751 0.729s
2016-08-15 09:06:36.976 83534 INFO tempest.lib.common.rest_client [req-40b7e7b7-0702-47ea-8ef2-ce97b3f29e34 ] Request (ListImagesTestJSON:setUpClass): 200 POST https://dal-iaas-001-api-endpoint.prod.walmart.com:5443/v2.0/tokens
2016-08-15 09:06:36.977 83536 INFO tempest.lib.common.rest_client [req-2e8b795a-47d6-4498-9a8b-30d2c27716eb ] Request (TenantUsagesTestJSON:setUpClass): 200 POST https://dal-iaas-001-api-endpoint.prod.walmart.com:35357/v2.0/users 0.863s
2016-08-15 09:06:37.016 83538 INFO tempest.lib.common.rest_client [req-79fbb13d-825f-49b5-ab0d-734a8c9e75b5 ] Request (ServersAdminTestJSON:test_rebuild_server_in_error_state): 200 GET https://dal-iaas-001-api-endpoint.prod.walmart.com:8774/v2/7f3b61c5c68f42cc92da8f2ace7f25a6/servers/f08414e2-10af-424d-9564-a66d9c0f8d4c 0.660s
2016-08-15 09:06:37.089 83535 INFO tempest.lib.common.rest_client [req-6fe5d1a3-2f4e-4db8-9418-6fd7f469cda8 ] Request (ServicesAdminTestJSON:setUpClass): 200 PUT https://dal-iaas-001-api-endpoint.prod.walmart.com:35357/v2.0/tenants/e121dfb654584525aa485a72eb67153e/users/f48895c698694d57ba8b7c2f7e58be17/roles/OS-KSADM/b5b0387bbe864c43a2999e531988bb8f 0.731s
2016-08-15 09:06:37.090 83535 INFO tempest.common.dynamic_creds [-] Acquired dynamic creds:
 credentials: Credentials: {'username': u'tempest-ServicesAdminTestJSON-1409943762', 'project_name': u'tempest-ServicesAdminTestJSON-1409943762', 'user_id': u'f48895c698694d57ba8b7c2f7e58be17', 'tenant_name': u'tempest-ServicesAdminTestJSON-1409943762', 'tenant_id': u'e121dfb654584525aa485a72eb67153e', 'project_id': u'e121dfb654584525aa485a72eb67153e'}, Network: None, Subnet: None, Router: None
2016-08-15 09:06:37.615 83533 INFO tempest.lib.common.rest_client [req-6bdcdddb-302d-41da-92e6-dd0ac227a86d ] Request (PoliciesTestJSON:_run_cleanups): 204 DELETE https://dal-iaas-001-api-endpoint.prod.walmart.com:35357/v3/policies/5a6857edf92d4fc483f90fc5f6eea751 0.676s
2016-08-15 09:06:37.673 83534 INFO tempest.lib.common.rest_client [req-3fc1509c-5fbd-4576-a90d-c00927bcb44c ] Request (ListImagesTestJSON:setUpClass): 200 POST https://dal-iaas-001-api-endpoint.prod.walmart.com:35357/v2.0/tenants 0.696s
2016-08-15 09:06:37.696 83536 INFO tempest.lib.common.rest_client [req-622b53b8-dedb-4cde-b7d4-f384bf5329c1 ] Request (TenantUsagesTestJSON:setUpClass): 200 GET https://dal-iaas-001-api-endpoint.prod.walmart.com:35357/v2.0/OS-KSADM/roles 0.718s
2016-08-15 09:06:37.742 83535 INFO tempest.lib.common.rest_client [req-717c7f67-80db-4a93-bdb8-b6d663c5a7df ] Request (ServicesAdminTestJSON:setUpClass): 200 POST https://dal-iaas-001-api-endpoint.prod.walmart.com:35357/v2.0/tenants 0.646s
2016-08-15 09:06:38.282 83533 INFO tempest.lib.common.rest_client [req-4deab5d5-9627-44b9-a78e-44f81f8c64f1 ] Request (PoliciesTestJSON:test_list_policies): 201 POST https://dal-iaas-001-api-endpoint.prod.walmart.com:35357/v3/policies 0.665s
2016-08-15 09:06:38.404 83536 INFO tempest.lib.common.rest_client [req-597efcec-5a6f-40fc-a7c6-aa36c2e3aca2 ] Request (TenantUsagesTestJSON:setUpClass): 200 PUT https://dal-iaas-001-api-endpoint.prod.walmart.com:35357/v2.0/tenants/68b67ff0268243718abda8324897f51a/users/932b23ac35ba437fa84dcf25c0f013e2/roles/OS-KSADM/b5b0387bbe864c43a2999e531988bb8f 0.707s
2016-08-15 09:06:38.453 83535 INFO tempest.lib.common.rest_client [req-3e4474dd-3a96-41f4-b9aa-879abc442e65 ] Request (ServicesAdminTestJSON:setUpClass): 200 POST https://dal-iaas-001-api-endpoint.prod.walmart.com:35357/v2.0/users 0.710s
2016-08-15 09:06:38.456 83534 INFO tempest.lib.common.rest_client [req-1079da18-9224-4b2d-8c54-774e9dafee20 ] Request (ListImagesTestJSON:setUpClass): 200 POST https://dal-iaas-001-api-endpoint.prod.walmart.com:35357/v2.0/users 0.782s
2016-08-15 09:06:38.670 83538 INFO tempest.lib.common.rest_client [req-da88fbd0-393b-4a2f-8e80-5f6c40d0d193 ] Request (ServersAdminTestJSON:test_rebuild_server_in_error_state): 200 GET https://dal-iaas-001-api-endpoint.prod.walmart.com:8774/v2/7f3b61c5c68f42cc92da8f2ace7f25a6/servers/f08414e2-10af-424d-9564-a66d9c0f8d4c 0.645s
2016-08-15 09:06:39.067 83536 INFO tempest.lib.common.rest_client [req-46207112-edb2-466a-907c-0ed8b1618e3f ] Request (TenantUsagesTestJSON:setUpClass): 200 GET https://dal-iaas-001-api-endpoint.prod.walmart.com:35357/v2.0/OS-KSADM/roles 0.662s
2016-08-15 09:06:39.080 83533 INFO tempest.lib.common.rest_client [req-ff562d89-514f-4d81-9f8c-03558fac4fd2 ] Request (PoliciesTestJSON:test_list_policies): 201 POST https://dal-iaas-001-api-endpoint.prod.walmart.com:35357/v3/policies 0.796s
2016-08-15 09:06:39.161 83535 INFO tempest.lib.common.rest_client [req-216de408-4e1b-4b29-805e-970f238e29ee ] Request (ServicesAdminTestJSON:setUpClass): 200 GET https://dal-iaas-001-api-endpoint.prod.walmart.com:35357/v2.0/OS-KSADM/roles 0.707s
2016-08-15 09:06:39.186 83534 INFO tempest.lib.common.rest_client [req-2c22c338-5ff3-487d-92b7-5472775332d6 ] Request (ListImagesTestJSON:setUpClass): 200 GET https://dal-iaas-001-api-endpoint.prod.walmart.com:35357/v2.0/OS-KSADM/roles 0.729s
2016-08-15 09:06:39.780 83536 INFO tempest.lib.common.rest_client [req-fc3dd1fc-4fd6-4108-8701-2dad0f4dbd79 ] Request (TenantUsagesTestJSON:setUpClass): 409 PUT https://dal-iaas-001-api-endpoint.prod.walmart.com:35357/v2.0/tenants/68b67ff0268243718abda8324897f51a/users/932b23ac35ba437fa84dcf25c0f013e2/roles/OS-KSADM/b5b0387bbe864c43a2999e531988bb8f 0.712s
2016-08-15 09:06:39.781 83536 INFO tempest.common.dynamic_creds [-] Acquired dynamic creds:
 credentials: Credentials: {'username': u'tempest-TenantUsagesTestJSON-1461694406', 'project_name': u'tempest-TenantUsagesTestJSON-1461694406', 'user_id': u'932b23ac35ba437fa84dcf25c0f013e2', 'tenant_name': u'tempest-TenantUsagesTestJSON-1461694406', 'tenant_id': u'68b67ff0268243718abda8324897f51a', 'project_id': u'68b67ff0268243718abda8324897f51a'}, Network: None, Subnet: None, Router: None
2016-08-15 09:06:39.875 83533 INFO tempest.lib.common.rest_client [req-a49997fa-5d6b-4343-a468-b95ae5262146 ] Request (PoliciesTestJSON:test_list_policies): 201 POST https://dal-iaas-001-api-endpoint.prod.walmart.com:35357/v3/policies 0.794s
2016-08-15 09:06:39.881 83534 INFO tempest.lib.common.rest_client [req-13c34720-9400-4b9b-9222-3051143cb7ca ] Request (ListImagesTestJSON:setUpClass): 200 PUT https://dal-iaas-001-api-endpoint.prod.walmart.com:35357/v2.0/tenants/d647b7cdad5748699b048f39548fcba9/users/e9b612c07fb94751833f8e2d97f4d185/roles/OS-KSADM/b5b0387bbe864c43a2999e531988bb8f 0.694s
2016-08-15 09:06:39.881 83534 INFO tempest.common.dynamic_creds [-] Acquired dynamic creds:
 credentials: Credentials: {'username': u'tempest-ListImagesTestJSON-1258947234', 'project_name': u'tempest-ListImagesTestJSON-1258947234', 'user_id': u'e9b612c07fb94751833f8e2d97f4d185', 'tenant_name': u'tempest-ListImagesTestJSON-1258947234', 'tenant_id': u'd647b7cdad5748699b048f39548fcba9', 'project_id': u'd647b7cdad5748699b048f39548fcba9'}, Network: None, Subnet: None, Router: None
2016-08-15 09:06:39.911 83535 INFO tempest.lib.common.rest_client [req-171cbfc2-21e0-4c5e-be9b-522c5eeff4d7 ] Request (ServicesAdminTestJSON:setUpClass): 200 PUT https://dal-iaas-001-api-endpoint.prod.walmart.com:35357/v2.0/tenants/2738ba889bfd4abb80766063ba38865d/users/e7702f06cfbb4ba2be234c9431691328/roles/OS-KSADM/b5b0387bbe864c43a2999e531988bb8f 0.749s
2016-08-15 09:06:40.350 83538 INFO tempest.lib.common.rest_client [req-687fd8e7-abd0-4def-9f74-1f9308b3fb7b ] Request (ServersAdminTestJSON:test_rebuild_server_in_error_state): 200 GET https://dal-iaas-001-api-endpoint.prod.walmart.com:8774/v2/7f3b61c5c68f42cc92da8f2ace7f25a6/servers/f08414e2-10af-424d-9564-a66d9c0f8d4c 0.672s
2016-08-15 09:06:40.407 83536 INFO tempest.lib.common.rest_client [req-57797665-deea-4be6-b203-7af5d08bb10d ] Request (TenantUsagesTestJSON:setUpClass): 200 POST https://dal-iaas-001-api-endpoint.prod.walmart.com:5443/v2.0/tokens
2016-08-15 09:06:40.477 83534 INFO tempest.lib.common.rest_client [req-5ba3bd41-cdb3-496a-915e-a42dfe88a946 ] Request (ListImagesTestJSON:test_get_image): 200 POST https://dal-iaas-001-api-endpoint.prod.walmart.com:5443/v2.0/tokens
2016-08-15 09:06:40.557 83533 INFO tempest.lib.common.rest_client [req-ebb783ad-59de-4026-9a1a-69616bd0bf04 ] Request (PoliciesTestJSON:test_list_policies): 200 GET https://dal-iaas-001-api-endpoint.prod.walmart.com:35357/v3/policies 0.682s
2016-08-15 09:06:40.597 83535 INFO tempest.lib.common.rest_client [req-4783e41e-65b4-42a4-9f0d-5f7d93667ede ] Request (ServicesAdminTestJSON:setUpClass): 200 GET https://dal-iaas-001-api-endpoint.prod.walmart.com:35357/v2.0/OS-KSADM/roles 0.685s
2016-08-15 09:06:41.254 83533 INFO tempest.lib.common.rest_client [req-412afa45-4875-4a4e-b994-01af16dbcf2e ] Request (PoliciesTestJSON:_run_cleanups): 204 DELETE https://dal-iaas-001-api-endpoint.prod.walmart.com:35357/v3/policies/034d68fdeef74b0ba2aeb618dda89bd7 0.696s
2016-08-15 09:06:41.326 83535 INFO tempest.lib.common.rest_client [req-6d535358-dbe7-4420-ba99-ef3e434747c7 ] Request (ServicesAdminTestJSON:setUpClass): 409 PUT https://dal-iaas-001-api-endpoint.prod.walmart.com:35357/v2.0/tenants/2738ba889bfd4abb80766063ba38865d/users/e7702f06cfbb4ba2be234c9431691328/roles/OS-KSADM/b5b0387bbe864c43a2999e531988bb8f 0.727s
2016-08-15 09:06:41.326 83535 INFO tempest.common.dynamic_creds [-] Acquired dynamic creds:
 credentials: Credentials: {'username': u'tempest-ServicesAdminTestJSON-1421785854', 'project_name': u'tempest-ServicesAdminTestJSON-1421785854', 'user_id': u'e7702f06cfbb4ba2be234c9431691328', 'tenant_name': u'tempest-ServicesAdminTestJSON-1421785854', 'tenant_id': u'2738ba889bfd4abb80766063ba38865d', 'project_id': u'2738ba889bfd4abb80766063ba38865d'}, Network: None, Subnet: None, Router: None
2016-08-15 09:06:41.762 83536 INFO tempest.lib.common.rest_client [req-b6652cd8-7492-4772-ba13-40e93e9c9a51 ] Request (TenantUsagesTestJSON:setUpClass): 200 GET https://dal-iaas-001-api-endpoint.prod.walmart.com:8774/v2/82d8c920f72147a18842b7e9a397a3ad/os-networks 1.354s
2016-08-15 09:06:41.763 83536 INFO tempest.common.fixed_network [-] (TenantUsagesTestJSON:setUpClass) Found network {u'bridge': None, u'vpn_public_port': None, u'dhcp_start': None, u'bridge_interface': None, u'share_address': None, u'updated_at': None, u'id': u'1db35de8-93c8-455c-a1c1-720801bd971a', u'cidr_v6': None, u'deleted_at': None, u'gateway': None, u'rxtx_base': None, u'label': u'net1', u'priority': None, u'project_id': None, u'vpn_private_address': None, u'deleted': None, u'vlan': None, u'broadcast': None, u'netmask': None, u'injected': None, u'cidr': None, u'vpn_public_address': None, u'multi_host': None, 'name': u'net1', u'enable_dhcp': None, u'dns2': None, u'created_at': None, u'host': None, u'mtu': None, u'gateway_v6': None, u'netmask_v6': None, u'dhcp_server': None, u'dns1': None} available for tenant
2016-08-15 09:06:41.903 83534 INFO tempest.lib.common.rest_client [req-c1304071-9a52-4f32-ac0b-4d3588970a3f ] Request (ListImagesTestJSON:test_get_image): 200 GET https://dal-iaas-001-api-endpoint.prod.walmart.com:8774/v2/d647b7cdad5748699b048f39548fcba9/images/7dc2a4ed-5070-47c3-ab11-399684b1bc89 1.426s
2016-08-15 09:06:41.931 83535 INFO tempest.lib.common.rest_client [req-21c70c8c-f5d7-4192-bd52-8e6c6b01fde3 ] Request (ServicesAdminTestJSON:test_get_service_by_host_name): 200 POST https://dal-iaas-001-api-endpoint.prod.walmart.com:5443/v2.0/tokens
2016-08-15 09:06:42.010 83533 INFO tempest.lib.common.rest_client [req-14a12db4-00ca-464f-8e02-28ab92aa6918 ] Request (PoliciesTestJSON:_run_cleanups): 204 DELETE https://dal-iaas-001-api-endpoint.prod.walmart.com:35357/v3/policies/b87febc2eb6c4a8fa08dc4c791ff4193 0.755s
2016-08-15 09:06:42.067 83538 INFO tempest.lib.common.rest_client [req-ba882cb3-ae6d-4bb5-9cf4-7d43532bc303 ] Request (ServersAdminTestJSON:test_rebuild_server_in_error_state): 200 GET https://dal-iaas-001-api-endpoint.prod.walmart.com:8774/v2/7f3b61c5c68f42cc92da8f2ace7f25a6/servers/f08414e2-10af-424d-9564-a66d9c0f8d4c 0.703s
2016-08-15 09:06:42.361 83536 INFO tempest.lib.common.rest_client [req-e9079787-e838-4ab8-8e71-8d753eff5494 ] Request (TenantUsagesTestJSON:setUpClass): 200 POST https://dal-iaas-001-api-endpoint.prod.walmart.com:5443/v2.0/tokens
2016-08-15 09:06:42.553 83534 INFO tempest.lib.common.rest_client [req-5e6d67c3-f061-4bdd-a41f-898d2ba28918 ] Request (ListImagesTestJSON:test_list_images): 200 GET https://dal-iaas-001-api-endpoint.prod.walmart.com:8774/v2/d647b7cdad5748699b048f39548fcba9/images 0.644s
2016-08-15 09:06:42.679 83533 INFO tempest.lib.common.rest_client [req-74daf9d3-a9a0-4dac-91d1-12cc6e20e17c ] Request (PoliciesTestJSON:_run_cleanups): 204 DELETE https://dal-iaas-001-api-endpoint.prod.walmart.com:35357/v3/policies/57f7d8e6a4d440e3bb39ff62908f325a 0.668s
2016-08-15 09:06:43.240 83535 INFO tempest.lib.common.rest_client [req-c3a0210f-262b-4ffb-b425-cc417197494a ] Request (ServicesAdminTestJSON:test_get_service_by_host_name): 200 GET https://dal-iaas-001-api-endpoint.prod.walmart.com:8774/v2/2738ba889bfd4abb80766063ba38865d/os-services 1.308s
2016-08-15 09:06:43.335 83534 INFO tempest.lib.common.rest_client [req-70ee39e1-d4a4-4d3f-a6bb-ebb24dff829d ] Request (ListImagesTestJSON:test_list_images_with_detail): 200 GET https://dal-iaas-001-api-endpoint.prod.walmart.com:8774/v2/d647b7cdad5748699b048f39548fcba9/images/detail 0.772s
2016-08-15 09:06:43.401 83533 INFO tempest.lib.common.rest_client [req-7075f090-b3b2-4239-8287-92b633b55978 ] Request (PoliciesTestJSON:tearDownClass): 204 DELETE https://dal-iaas-001-api-endpoint.prod.walmart.com:35357/v3/users/c77e1d33e06f4554a794476d264961d5 0.721s
2016-08-15 09:06:43.712 83538 INFO tempest.lib.common.rest_client [req-5c84d66f-6e7b-43bf-b694-a2f533ea4017 ] Request (ServersAdminTestJSON:test_rebuild_server_in_error_state): 200 GET https://dal-iaas-001-api-endpoint.prod.walmart.com:8774/v2/7f3b61c5c68f42cc92da8f2ace7f25a6/servers/f08414e2-10af-424d-9564-a66d9c0f8d4c 0.633s
2016-08-15 09:06:43.719 83537 INFO tempest.lib.common.rest_client [req-234ffb53-7552-4c14-942a-433174d06e0d ] Request (SecurityGroupsTestAdminJSON:test_list_security_groups_list_all_tenants_filter): 200 GET https://dal-iaas-001-api-endpoint.prod.walmart.com:8774/v2/05117ef1d2a84656b04ed2354105de8e/os-security-groups?all_tenants=true 26.987s
2016-08-15 09:06:43.728 83535 INFO tempest.lib.common.rest_client [req-65e6f126-0ac8-49b1-bb6a-17c8438c6856 ] Request (ServicesAdminTestJSON:test_get_service_by_host_name): 200 GET https://dal-iaas-001-api-endpoint.prod.walmart.com:8774/v2/2738ba889bfd4abb80766063ba38865d/os-services?host=dal-appblx061-01_nova_scheduler_container-e75090e6 0.481s
2016-08-15 09:06:44.019 83533 INFO tempest.lib.common.rest_client [req-ce350ed2-466c-4584-a89c-b93186463095 ] Request (PoliciesTestJSON:tearDownClass): 201 POST https://dal-iaas-001-api-endpoint.prod.walmart.com:35357/v3/auth/tokens
2016-08-15 09:06:44.106 83534 INFO tempest.lib.common.rest_client [req-7c3ea8f5-dc92-49c9-856d-600bdf7a8fe4 ] Request (ListImagesTestJSON:tearDownClass): 204 DELETE https://dal-iaas-001-api-endpoint.prod.walmart.com:35357/v2.0/users/e9b612c07fb94751833f8e2d97f4d185 0.759s
2016-08-15 09:06:44.146 83536 INFO tempest.lib.common.rest_client [req-550ef6c2-69bf-4ed0-a1a2-788106f4ed68 ] Request (TenantUsagesTestJSON:setUpClass): 202 POST https://dal-iaas-001-api-endpoint.prod.walmart.com:8774/v2/82d8c920f72147a18842b7e9a397a3ad/servers 1.785s
2016-08-15 09:06:44.215 83535 INFO tempest.lib.common.rest_client [req-6edd96c0-8c65-4118-9f33-2f3f549d7d02 ] Request (ServicesAdminTestJSON:test_get_service_by_service_and_host_name): 200 GET https://dal-iaas-001-api-endpoint.prod.walmart.com:8774/v2/2738ba889bfd4abb80766063ba38865d/os-services 0.484s
2016-08-15 09:06:44.495 83537 INFO tempest.lib.common.rest_client [req-064e30e5-c58f-4fa5-80eb-b2c1fbe51785 ] Request (SecurityGroupsTestAdminJSON:_run_cleanups): 202 DELETE https://dal-iaas-001-api-endpoint.prod.walmart.com:8774/v2/b9222244fb40448688b97d83064d856b/os-security-groups/8fc36762-bbee-4998-98a9-6f6b13ce11e7 0.640s
2016-08-15 09:06:44.739 83535 INFO tempest.lib.common.rest_client [req-be62fce3-9b0e-4246-95da-0f65ef28e677 ] Request (ServicesAdminTestJSON:test_get_service_by_service_and_host_name): 200 GET https://dal-iaas-001-api-endpoint.prod.walmart.com:8774/v2/2738ba889bfd4abb80766063ba38865d/os-services?binary=nova-scheduler&host=dal-appblx061-01_nova_scheduler_container-e75090e6 0.514s
2016-08-15 09:06:44.782 83536 INFO tempest.lib.common.rest_client [req-ee077d1d-78a3-4d0f-8ce3-95a48bfb3f89 ] Request (TenantUsagesTestJSON:setUpClass): 200 GET https://dal-iaas-001-api-endpoint.prod.walmart.com:8774/v2/82d8c920f72147a18842b7e9a397a3ad/servers/37951a1e-7fd2-4c3d-a7fc-d6f4fdaf6ed4 0.632s
2016-08-15 09:06:45.075 83537 INFO tempest.lib.common.rest_client [req-1318d3ba-0eb6-482e-ab12-8be9a23e72e9 ] Request (SecurityGroupsTestAdminJSON:_run_cleanups): 202 DELETE https://dal-iaas-001-api-endpoint.prod.walmart.com:8774/v2/b9222244fb40448688b97d83064d856b/os-security-groups/1934e86c-3b12-42ff-a4f2-3e65f0d22170 0.578s
2016-08-15 09:06:45.244 83535 INFO tempest.lib.common.rest_client [req-e8ead7f1-4016-45d6-b31d-d5cc583f12bc ] Request (ServicesAdminTestJSON:test_get_service_by_service_binary_name): 200 GET https://dal-iaas-001-api-endpoint.prod.walmart.com:8774/v2/2738ba889bfd4abb80766063ba38865d/os-services?binary=nova-compute 0.500s
2016-08-15 09:06:45.349 83538 INFO tempest.lib.common.rest_client [req-806e76ed-fdb5-4306-81de-ab744ac7b283 ] Request (ServersAdminTestJSON:test_rebuild_server_in_error_state): 200 GET https://dal-iaas-001-api-endpoint.prod.walmart.com:8774/v2/7f3b61c5c68f42cc92da8f2ace7f25a6/servers/f08414e2-10af-424d-9564-a66d9c0f8d4c 0.627s
2016-08-15 09:06:45.499 83534 INFO tempest.lib.common.rest_client [req-36497a62-547e-41b0-9b47-33bf48b0d443 ] Request (ListImagesTestJSON:tearDownClass): 200 GET https://dal-iaas-001-api-endpoint.prod.walmart.com:9696/v2.0/security-groups?tenant_id=d647b7cdad5748699b048f39548fcba9&name=default 1.391s
2016-08-15 09:06:45.545 83533 INFO tempest.lib.common.rest_client [req-380642ce-180f-4cf2-87bf-fffd6005143c ] Request (PoliciesTestJSON:tearDownClass): 200 GET https://dal-iaas-001-api-endpoint.prod.walmart.com:9696/v2.0/security-groups?tenant_id=3c16fada867e43e596d1f4cec72ef53b&name=default 1.525s
2016-08-15 09:06:45.622 83537 INFO tempest.lib.common.rest_client [req-adb62b25-7d5a-4325-aa3b-e92a1373eabd ] Request (SecurityGroupsTestAdminJSON:_run_cleanups): 202 DELETE https://dal-iaas-001-api-endpoint.prod.walmart.com:8774/v2/05117ef1d2a84656b04ed2354105de8e/os-security-groups/c1d2b125-5fae-4d36-ae09-40e13dfc23f1 0.546s
2016-08-15 09:06:45.759 83535 INFO tempest.lib.common.rest_client [req-c9cae934-e966-42bd-9bbd-f575ed4c6fd6 ] Request (ServicesAdminTestJSON:test_list_services): 200 GET https://dal-iaas-001-api-endpoint.prod.walmart.com:8774/v2/2738ba889bfd4abb80766063ba38865d/os-services 0.507s
2016-08-15 09:06:45.997 83534 INFO tempest.lib.common.rest_client [req-a343ea88-7628-4e0b-8a76-8d2224f968b7 ] Request (ListImagesTestJSON:tearDownClass): 204 DELETE https://dal-iaas-001-api-endpoint.prod.walmart.com:9696/v2.0/security-groups/ded53d71-5fc4-4f80-bbe7-8dc06687762e 0.497s
2016-08-15 09:06:46.032 83533 INFO tempest.lib.common.rest_client [req-f03f7716-a22d-4468-b447-e636c536c433 ] Request (PoliciesTestJSON:tearDownClass): 204 DELETE https://dal-iaas-001-api-endpoint.prod.walmart.com:9696/v2.0/security-groups/5e9cad9a-b80e-4c8a-bb4e-d4d3e7b8bc58 0.486s
2016-08-15 09:06:46.249 83537 INFO tempest.lib.common.rest_client [req-d5edfa31-a1e5-49e8-956a-9e8f4f7bea56 ] Request (SecurityGroupsTestAdminJSON:_run_cleanups): 202 DELETE https://dal-iaas-001-api-endpoint.prod.walmart.com:8774/v2/05117ef1d2a84656b04ed2354105de8e/os-security-groups/013bb833-ce44-4de3-9d51-59b50d243eff 0.627s
2016-08-15 09:06:46.446 83536 INFO tempest.lib.common.rest_client [req-4e56a2da-228e-4d57-9c18-fb9d09025c9b ] Request (TenantUsagesTestJSON:setUpClass): 200 GET https://dal-iaas-001-api-endpoint.prod.walmart.com:8774/v2/82d8c920f72147a18842b7e9a397a3ad/servers/37951a1e-7fd2-4c3d-a7fc-d6f4fdaf6ed4 0.654s
2016-08-15 09:06:46.454 83536 INFO tempest.common.waiters [-] State transition "BUILD/scheduling" ==> "BUILD/spawning" after 2 second wait
2016-08-15 09:06:46.608 83535 INFO tempest.lib.common.rest_client [req-e377e780-f56f-41c9-a596-44a83e7004b6 ] Request (ServicesAdminTestJSON:tearDownClass): 204 DELETE https://dal-iaas-001-api-endpoint.prod.walmart.com:35357/v2.0/users/e7702f06cfbb4ba2be234c9431691328 0.842s
2016-08-15 09:06:46.836 83533 INFO tempest.lib.common.rest_client [req-78bfa488-e25f-4d56-af8d-c31289827a8e ] Request (PoliciesTestJSON:tearDownClass): 204 DELETE https://dal-iaas-001-api-endpoint.prod.walmart.com:35357/v3/projects/3c16fada867e43e596d1f4cec72ef53b 0.804s
2016-08-15 09:06:46.851 83534 INFO tempest.lib.common.rest_client [req-309cdefe-9f24-442f-a3a4-a06e0aa24b7a ] Request (ListImagesTestJSON:tearDownClass): 204 DELETE https://dal-iaas-001-api-endpoint.prod.walmart.com:35357/v2.0/tenants/d647b7cdad5748699b048f39548fcba9 0.854s
2016-08-15 09:06:47.080 83538 INFO tempest.lib.common.rest_client [req-84da9f98-e79f-47db-9289-6fe2b06800ef ] Request (ServersAdminTestJSON:test_rebuild_server_in_error_state): 200 GET https://dal-iaas-001-api-endpoint.prod.walmart.com:8774/v2/7f3b61c5c68f42cc92da8f2ace7f25a6/servers/f08414e2-10af-424d-9564-a66d9c0f8d4c 0.717s
2016-08-15 09:06:47.174 83537 INFO tempest.lib.common.rest_client [req-32eccfe2-86a4-42cf-b2d5-47f57a26412c ] Request (SecurityGroupsTestAdminJSON:tearDownClass): 204 DELETE https://dal-iaas-001-api-endpoint.prod.walmart.com:35357/v2.0/users/089bd0c926ca4bcf97fbe99ebfbed470 0.922s
2016-08-15 09:06:47.531 83534 INFO tempest.lib.common.rest_client [req-245e7e29-3db1-41c4-82ed-8b0d8540fb8b ] Request (AZV2TestJSON:setUpClass): 200 POST https://dal-iaas-001-api-endpoint.prod.walmart.com:5443/v2.0/tokens
2016-08-15 09:06:47.547 83533 INFO tempest.lib.common.rest_client [req-3969ad8b-49f3-4804-8816-74fbc4294242 ] Request (PoliciesTestJSON:tearDownClass): 204 DELETE https://dal-iaas-001-api-endpoint.prod.walmart.com:35357/v3/users/eaa83eb4e5a1487a920042163c4a5c54 0.710s
2016-08-15 09:06:47.994 83533 INFO tempest.lib.common.rest_client [req-be48485d-df3c-47dd-abfb-a5645ffa1f3a ] Request (PoliciesTestJSON:tearDownClass): 200 GET https://dal-iaas-001-api-endpoint.prod.walmart.com:9696/v2.0/security-groups?tenant_id=58c5261ccb73434a9e0b72df9e2600a2&name=default 0.447s
2016-08-15 09:06:48.094 83536 INFO tempest.lib.common.rest_client [req-4173c37a-e54b-4daa-a1a7-d31bbd71fa7f ] Request (TenantUsagesTestJSON:setUpClass): 200 GET https://dal-iaas-001-api-endpoint.prod.walmart.com:8774/v2/82d8c920f72147a18842b7e9a397a3ad/servers/37951a1e-7fd2-4c3d-a7fc-d6f4fdaf6ed4 0.634s
2016-08-15 09:06:48.229 83534 INFO tempest.lib.common.rest_client [req-0b7cedee-4155-445c-82f8-2f81fbe4d33d ] Request (AZV2TestJSON:setUpClass): 200 POST https://dal-iaas-001-api-endpoint.prod.walmart.com:5443/v2.0/tokens
2016-08-15 09:06:48.476 83535 INFO tempest.lib.common.rest_client [req-71e58fdc-bf6e-4db1-a6bc-54411a3c2d80 ] Request (ServicesAdminTestJSON:tearDownClass): 200 GET https://dal-iaas-001-api-endpoint.prod.walmart.com:9696/v2.0/security-groups?tenant_id=2738ba889bfd4abb80766063ba38865d&name=default 1.867s
2016-08-15 09:06:48.477 83537 INFO tempest.lib.common.rest_client [req-f9ca46aa-0e59-4002-a808-4b6cc453ab29 ] Request (SecurityGroupsTestAdminJSON:tearDownClass): 200 GET https://dal-iaas-001-api-endpoint.prod.walmart.com:9696/v2.0/security-groups?tenant_id=b9222244fb40448688b97d83064d856b&name=default 1.302s
2016-08-15 09:06:48.529 83533 INFO tempest.lib.common.rest_client [req-34c0ae35-f053-4e29-b92d-dafd26603e5c ] Request (PoliciesTestJSON:tearDownClass): 204 DELETE https://dal-iaas-001-api-endpoint.prod.walmart.com:9696/v2.0/security-groups/8606fa8b-aaa1-426c-b6e0-bdaa2e3a7fce 0.534s
2016-08-15 09:06:48.758 83538 INFO tempest.lib.common.rest_client [req-288f8b3d-b11b-4b80-a58f-9e387ae4ff90 ] Request (ServersAdminTestJSON:test_rebuild_server_in_error_state): 200 GET https://dal-iaas-001-api-endpoint.prod.walmart.com:8774/v2/7f3b61c5c68f42cc92da8f2ace7f25a6/servers/f08414e2-10af-424d-9564-a66d9c0f8d4c 0.665s
2016-08-15 09:06:48.956 83535 INFO tempest.lib.common.rest_client [req-2f0d3b55-5083-4d5e-aa5d-a65842934488 ] Request (ServicesAdminTestJSON:tearDownClass): 204 DELETE https://dal-iaas-001-api-endpoint.prod.walmart.com:9696/v2.0/security-groups/01e0dfe3-5f23-424e-a035-d9a7226c8505 0.479s
2016-08-15 09:06:48.967 83537 INFO tempest.lib.common.rest_client [req-aa79fe1e-31ff-4729-91f4-6cb757295059 ] Request (SecurityGroupsTestAdminJSON:tearDownClass): 204 DELETE https://dal-iaas-001-api-endpoint.prod.walmart.com:9696/v2.0/security-groups/fdb14604-0a1e-4c76-86be-cd39222895fb 0.489s
2016-08-15 09:06:48.983 83534 INFO tempest.lib.common.rest_client [req-8466af30-2fb8-4fd4-82f7-c8272d137490 ] Request (AZV2TestJSON:setUpClass): 200 POST https://dal-iaas-001-api-endpoint.prod.walmart.com:35357/v2.0/tenants 0.753s
2016-08-15 09:06:49.241 83533 INFO tempest.lib.common.rest_client [req-c3455ae9-11a0-4696-9c31-9744e79acb41 ] Request (PoliciesTestJSON:tearDownClass): 204 DELETE https://dal-iaas-001-api-endpoint.prod.walmart.com:35357/v3/projects/58c5261ccb73434a9e0b72df9e2600a2 0.711s
2016-08-15 09:06:49.676 83534 INFO tempest.lib.common.rest_client [req-0a033d51-0943-43d1-af1c-4c8c58757b03 ] Request (AZV2TestJSON:setUpClass): 200 POST https://dal-iaas-001-api-endpoint.prod.walmart.com:35357/v2.0/users 0.692s
2016-08-15 09:06:49.691 83535 INFO tempest.lib.common.rest_client [req-792222cf-bab3-40b8-a625-0e390054610d ] Request (ServicesAdminTestJSON:tearDownClass): 204 DELETE https://dal-iaas-001-api-endpoint.prod.walmart.com:35357/v2.0/tenants/2738ba889bfd4abb80766063ba38865d 0.735s
2016-08-15 09:06:49.704 83537 INFO tempest.lib.common.rest_client [req-4b46f76d-9af3-4b55-9fb9-7d4bed65f58b ] Request (SecurityGroupsTestAdminJSON:tearDownClass): 204 DELETE https://dal-iaas-001-api-endpoint.prod.walmart.com:35357/v2.0/tenants/b9222244fb40448688b97d83064d856b 0.737s
2016-08-15 09:06:49.845 83533 INFO tempest.lib.common.rest_client [req-e95d3b6b-443e-402c-ae28-a3ba5c65ccd6 ] Request (ServicesTestJSON:setUpClass): 201 POST https://dal-iaas-001-api-endpoint.prod.walmart.com:35357/v3/auth/tokens
2016-08-15 09:06:49.848 83536 INFO tempest.lib.common.rest_client [req-acb1be11-7f39-49fa-8e5e-3cc821d144b5 ] Request (TenantUsagesTestJSON:setUpClass): 200 GET https://dal-iaas-001-api-endpoint.prod.walmart.com:8774/v2/82d8c920f72147a18842b7e9a397a3ad/servers/37951a1e-7fd2-4c3d-a7fc-d6f4fdaf6ed4 0.742s
2016-08-15 09:06:50.415 83537 INFO tempest.lib.common.rest_client [req-83e6fc6e-8c88-4dcf-9224-351ae7cbd157 ] Request (SecurityGroupsTestAdminJSON:tearDownClass): 204 DELETE https://dal-iaas-001-api-endpoint.prod.walmart.com:35357/v2.0/users/ebfd58f0e9c447f08f5538889c8c60e3 0.710s
2016-08-15 09:06:50.421 83538 INFO tempest.lib.common.rest_client [req-416bb000-ce71-4000-a0c0-aee684558e20 ] Request (ServersAdminTestJSON:test_rebuild_server_in_error_state): 200 GET https://dal-iaas-001-api-endpoint.prod.walmart.com:8774/v2/7f3b61c5c68f42cc92da8f2ace7f25a6/servers/f08414e2-10af-424d-9564-a66d9c0f8d4c 0.651s
2016-08-15 09:06:50.422 83535 INFO tempest.lib.common.rest_client [req-aa9d09c0-667a-448e-982f-014a5564512b ] Request (ServicesAdminTestJSON:tearDownClass): 204 DELETE https://dal-iaas-001-api-endpoint.prod.walmart.com:35357/v2.0/users/f48895c698694d57ba8b7c2f7e58be17 0.729s
2016-08-15 09:06:50.474 83533 INFO tempest.lib.common.rest_client [req-7676b93c-2c68-46d9-8b87-562b468252bb ] Request (ServicesTestJSON:setUpClass): 201 POST https://dal-iaas-001-api-endpoint.prod.walmart.com:35357/v3/auth/tokens
2016-08-15 09:06:50.478 83534 INFO tempest.lib.common.rest_client [req-e5e0b267-c04a-4b1c-bafb-09de63ccf521 ] Request (AZV2TestJSON:setUpClass): 200 GET https://dal-iaas-001-api-endpoint.prod.walmart.com:35357/v2.0/OS-KSADM/roles 0.801s
2016-08-15 09:06:50.762 83532 ERROR tempest.scenario.manager [-] Tenant network connectivity check failed
2016-08-15 09:06:50.762 83532 ERROR tempest.scenario.manager Traceback (most recent call last):
2016-08-15 09:06:50.762 83532 ERROR tempest.scenario.manager   File "/Users/vktiwar/openstack/git-clone/daliaas1/tempest/scenario/manager.py", line 949, in _check_tenant_network_connectivity
2016-08-15 09:06:50.762 83532 ERROR tempest.scenario.manager     should_connect=should_connect)
2016-08-15 09:06:50.762 83532 ERROR tempest.scenario.manager   File "/Users/vktiwar/openstack/git-clone/daliaas1/tempest/scenario/manager.py", line 590, in check_vm_connectivity
2016-08-15 09:06:50.762 83532 ERROR tempest.scenario.manager     msg=msg)
2016-08-15 09:06:50.762 83532 ERROR tempest.scenario.manager   File "/Library/Frameworks/Python.framework/Versions/2.7/lib/python2.7/site-packages/unittest2/case.py", line 702, in assertTrue
2016-08-15 09:06:50.762 83532 ERROR tempest.scenario.manager     raise self.failureException(msg)
2016-08-15 09:06:50.762 83532 ERROR tempest.scenario.manager AssertionError: False is not true : Timed out waiting for 192.168.3.5 to become reachable
2016-08-15 09:06:50.762 83532 ERROR tempest.scenario.manager 
2016-08-15 09:06:50.842 83537 INFO tempest.lib.common.rest_client [req-a423541f-50e5-4dc4-959e-ab0999bc679a ] Request (SecurityGroupsTestAdminJSON:tearDownClass): 200 GET https://dal-iaas-001-api-endpoint.prod.walmart.com:9696/v2.0/security-groups?tenant_id=05117ef1d2a84656b04ed2354105de8e&name=default 0.426s
2016-08-15 09:06:50.888 83535 INFO tempest.lib.common.rest_client [req-b2857b45-f2b2-41fc-b126-12103512d05a ] Request (ServicesAdminTestJSON:tearDownClass): 200 GET https://dal-iaas-001-api-endpoint.prod.walmart.com:9696/v2.0/security-groups?tenant_id=e121dfb654584525aa485a72eb67153e&name=default 0.466s
2016-08-15 09:06:51.175 83533 INFO tempest.lib.common.rest_client [req-3d52fc0d-46f3-46c4-9201-f36b8a2653e3 ] Request (ServicesTestJSON:setUpClass): 200 GET https://dal-iaas-001-api-endpoint.prod.walmart.com:35357/v3/domains?name=Default 0.699s
2016-08-15 09:06:51.286 83534 INFO tempest.lib.common.rest_client [req-9d0f63f0-b476-48f1-a351-39b637f1b1b7 ] Request (AZV2TestJSON:setUpClass): 200 PUT https://dal-iaas-001-api-endpoint.prod.walmart.com:35357/v2.0/tenants/04a18cd144da4513ad0751a18423c01a/users/8c9980d5d1de4c27aa1a08cf594fe64b/roles/OS-KSADM/b5b0387bbe864c43a2999e531988bb8f 0.807s
2016-08-15 09:06:51.287 83534 INFO tempest.common.dynamic_creds [-] Acquired dynamic creds:
 credentials: Credentials: {'username': u'tempest-AZV2TestJSON-1400765812', 'project_name': u'tempest-AZV2TestJSON-1400765812', 'user_id': u'8c9980d5d1de4c27aa1a08cf594fe64b', 'tenant_name': u'tempest-AZV2TestJSON-1400765812', 'tenant_id': u'04a18cd144da4513ad0751a18423c01a', 'project_id': u'04a18cd144da4513ad0751a18423c01a'}, Network: None, Subnet: None, Router: None
2016-08-15 09:06:51.314 83537 INFO tempest.lib.common.rest_client [req-59bd3c4d-f0ed-4b14-8821-42752db62ec5 ] Request (SecurityGroupsTestAdminJSON:tearDownClass): 204 DELETE https://dal-iaas-001-api-endpoint.prod.walmart.com:9696/v2.0/security-groups/e9250e58-76c1-42b4-b8e7-b11d49876ce2 0.471s
2016-08-15 09:06:51.378 83535 INFO tempest.lib.common.rest_client [req-7fe1298f-4b92-48ee-8d82-7c8b99fe609c ] Request (ServicesAdminTestJSON:tearDownClass): 204 DELETE https://dal-iaas-001-api-endpoint.prod.walmart.com:9696/v2.0/security-groups/28ce2081-2289-46e1-8783-62b81d07960e 0.489s
2016-08-15 09:06:51.386 83532 INFO tempest.lib.common.rest_client [req-a4a1574c-1e85-4143-9e9d-dafc93138250 ] Request (TestNetworkBasicOps:test_hotplug_nic): 200 POST https://dal-iaas-001-api-endpoint.prod.walmart.com:8774/v2/a7382899334f4a90927f0c6684b1f551/servers/12bc31af-75c4-4eac-aeaf-08aff2e2cb85/action 0.621s
2016-08-15 09:06:51.482 83536 INFO tempest.lib.common.rest_client [req-dafd963c-a50c-423c-8e9f-12bab89a324f ] Request (TenantUsagesTestJSON:setUpClass): 200 GET https://dal-iaas-001-api-endpoint.prod.walmart.com:8774/v2/82d8c920f72147a18842b7e9a397a3ad/servers/37951a1e-7fd2-4c3d-a7fc-d6f4fdaf6ed4 0.623s
2016-08-15 09:06:51.921 83534 INFO tempest.lib.common.rest_client [req-489700ea-c666-447c-97dc-138c2ef6de7b ] Request (AZV2TestJSON:test_get_availability_zone_list_with_non_admin_user): 200 POST https://dal-iaas-001-api-endpoint.prod.walmart.com:5443/v2.0/tokens
2016-08-15 09:06:51.939 83533 INFO tempest.lib.common.rest_client [req-ea300fb9-25ee-406d-a978-6553ddef9ffb ] Request (ServicesTestJSON:setUpClass): 201 POST https://dal-iaas-001-api-endpoint.prod.walmart.com:35357/v3/projects 0.763s
2016-08-15 09:06:52.033 83537 INFO tempest.lib.common.rest_client [req-bd40a2f5-ddbf-45b2-bce9-3a7ef4b07927 ] Request (SecurityGroupsTestAdminJSON:tearDownClass): 204 DELETE https://dal-iaas-001-api-endpoint.prod.walmart.com:35357/v2.0/tenants/05117ef1d2a84656b04ed2354105de8e 0.718s
2016-08-15 09:06:52.056 83538 INFO tempest.lib.common.rest_client [req-42a230a1-ac93-4e04-a9db-55d5e6eb031b ] Request (ServersAdminTestJSON:test_rebuild_server_in_error_state): 200 GET https://dal-iaas-001-api-endpoint.prod.walmart.com:8774/v2/7f3b61c5c68f42cc92da8f2ace7f25a6/servers/f08414e2-10af-424d-9564-a66d9c0f8d4c 0.623s
2016-08-15 09:06:52.108 83535 INFO tempest.lib.common.rest_client [req-fb7917cb-f20a-4b38-aeba-c53af0581318 ] Request (ServicesAdminTestJSON:tearDownClass): 204 DELETE https://dal-iaas-001-api-endpoint.prod.walmart.com:35357/v2.0/tenants/e121dfb654584525aa485a72eb67153e 0.730s
2016-08-15 09:06:52.167 83532 INFO tempest.lib.common.rest_client [req-8bf50a2a-7f0a-44db-b9b1-53e8a7f084f4 ] Request (TestNetworkBasicOps:_run_cleanups): 204 DELETE https://dal-iaas-001-api-endpoint.prod.walmart.com:8774/v2/a7382899334f4a90927f0c6684b1f551/servers/12bc31af-75c4-4eac-aeaf-08aff2e2cb85 0.776s
2016-08-15 09:06:52.624 83533 INFO tempest.lib.common.rest_client [req-22998c48-8838-4fbd-8019-746e0a6dce29 ] Request (ServicesTestJSON:setUpClass): 201 POST https://dal-iaas-001-api-endpoint.prod.walmart.com:35357/v3/users 0.684s
2016-08-15 09:06:52.651 83537 INFO tempest.lib.common.rest_client [req-01a0f35b-af95-4f82-880e-6066bdd33ad1 ] Request (ImagesTestJSON:setUpClass): 200 POST https://dal-iaas-001-api-endpoint.prod.walmart.com:5443/v2.0/tokens
2016-08-15 09:06:52.770 83535 INFO tempest.lib.common.rest_client [req-4adadf70-d065-45f7-901d-0e00b49c3398 ] Request (ServicesAdminNegativeTestJSON:setUpClass): 200 POST https://dal-iaas-001-api-endpoint.prod.walmart.com:5443/v2.0/tokens
2016-08-15 09:06:52.883 83532 INFO tempest.lib.common.rest_client [req-8b950a35-bfae-4d78-99fb-8ddcbba3239f ] Request (TestNetworkBasicOps:_run_cleanups): 200 GET https://dal-iaas-001-api-endpoint.prod.walmart.com:8774/v2/a7382899334f4a90927f0c6684b1f551/servers/12bc31af-75c4-4eac-aeaf-08aff2e2cb85 0.715s
