2016-08-12 22:30:33.187 4776 INFO tempest.common.waiters [-] State transition "BUILD/block_device_mapping" ==> "BUILD/scheduling" after 9 second wait
2016-08-12 22:30:33.246 4781 INFO tempest.lib.common.rest_client [req-3ed29636-19f8-47f1-a400-b33791425ffa ] Request (ServersAdminTestJSON:setUpClass): 200 POST https://dal-iaas-001-api-endpoint.prod.walmart.com:5443/v2.0/tokens
2016-08-12 22:30:33.260 4779 INFO tempest.lib.common.rest_client [req-13e0484b-1d02-4b3c-a179-df0d9cce514e ] Request (QuotaClassesAdminTestJSON:tearDownClass): 204 DELETE https://dal-iaas-001-api-endpoint.prod.walmart.com:35357/v2.0/users/9b5ec22578664a058f4cac5b47b9e208 0.789s
2016-08-12 22:30:33.296 4777 INFO tempest.lib.common.rest_client [req-22ff1754-f206-4c81-8370-23391f4ea690 ] Request (ServersWithSpecificFlavorTestJSON:setUpClass): 200 GET https://dal-iaas-001-api-endpoint.prod.walmart.com:35357/v2.0/OS-KSADM/roles 0.629s
2016-08-12 22:30:33.338 4775 INFO tempest.lib.common.rest_client [req-08489cd5-c25a-4ff7-9135-758ccc559532 ] Request (FlavorsV2TestJSON:test_list_flavors_detailed_filter_by_min_ram): 200 GET https://dal-iaas-001-api-endpoint.prod.walmart.com:8774/v2/94a6e32bbc8b407a9f02d0557c4024ce/flavors/detail?minRam=4097 0.279s
2016-08-12 22:30:33.544 4780 INFO tempest.lib.common.rest_client [req-cfbe6c35-6c0a-468a-a51d-395b18db41fb ] Request (ImagesTestJSON:test_create_image_from_stopped_server): 200 GET https://dal-iaas-001-api-endpoint.prod.walmart.com:8774/v2/e943654eef534b1c83998fd8e3e46b05/servers/824e2ebc-324b-4a72-a954-0dcff3bb3210 0.493s
2016-08-12 22:30:33.552 4780 INFO tempest.common.waiters [-] State transition "BUILD/scheduling" ==> "BUILD/block_device_mapping" after 4 second wait
2016-08-12 22:30:33.638 4775 INFO tempest.lib.common.rest_client [req-b5cd7305-cf55-4e8d-860c-b2301690acbc ] Request (FlavorsV2TestJSON:test_list_flavors_detailed_limit_results): 200 GET https://dal-iaas-001-api-endpoint.prod.walmart.com:8774/v2/94a6e32bbc8b407a9f02d0557c4024ce/flavors/detail?limit=1 0.294s
2016-08-12 22:30:33.866 4777 INFO tempest.lib.common.rest_client [req-1c27996c-42db-45c9-8035-8fdc681530ef ] Request (ServersWithSpecificFlavorTestJSON:setUpClass): 409 PUT https://dal-iaas-001-api-endpoint.prod.walmart.com:35357/v2.0/tenants/d4690135d543487988c4dd7740713c40/users/05cab9387d1342ec87025f02e45076d7/roles/OS-KSADM/9fe2ff9ee4384b1894a90878d3e92bab 0.569s
2016-08-12 22:30:33.867 4777 INFO tempest.common.dynamic_creds [-] Acquired dynamic creds:
 credentials: Credentials: {'username': u'tempest-ServersWithSpecificFlavorTestJSON-1340797112', 'project_name': u'tempest-ServersWithSpecificFlavorTestJSON-1340797112', 'user_id': u'05cab9387d1342ec87025f02e45076d7', 'tenant_name': u'tempest-ServersWithSpecificFlavorTestJSON-1340797112', 'tenant_id': u'd4690135d543487988c4dd7740713c40', 'project_id': u'd4690135d543487988c4dd7740713c40'}, Network: None, Subnet: None, Router: None
2016-08-12 22:30:33.946 4775 INFO tempest.lib.common.rest_client [req-0d7d9b98-4f48-4b61-bb32-a8ab5db36e43 ] Request (FlavorsV2TestJSON:test_list_flavors_detailed_using_marker): 200 GET https://dal-iaas-001-api-endpoint.prod.walmart.com:8774/v2/94a6e32bbc8b407a9f02d0557c4024ce/flavors/3 0.302s
2016-08-12 22:30:34.287 4775 INFO tempest.lib.common.rest_client [req-8898309c-bd04-46f4-a88f-418f0869a467 ] Request (FlavorsV2TestJSON:test_list_flavors_detailed_using_marker): 200 GET https://dal-iaas-001-api-endpoint.prod.walmart.com:8774/v2/94a6e32bbc8b407a9f02d0557c4024ce/flavors/detail?marker=3 0.337s
2016-08-12 22:30:34.326 4777 INFO tempest.lib.common.rest_client [req-53f2a3e0-1093-4086-959e-cde5f4376492 ] Request (ServersWithSpecificFlavorTestJSON:setUpClass): 200 POST https://dal-iaas-001-api-endpoint.prod.walmart.com:5443/v2.0/tokens
2016-08-12 22:30:34.364 4778 INFO tempest.lib.common.rest_client [req-c20569a6-58d7-49a7-bc95-1eef4a223a48 ] Request (ImagesNegativeTestJSON:test_create_image_from_deleted_server): 200 GET https://dal-iaas-001-api-endpoint.prod.walmart.com:8774/v2/a9e1a503f1c84cb0861b5c8a2cff966e/servers/4707a3d1-4eec-46e5-be32-aafc215924db 0.451s
2016-08-12 22:30:34.373 4778 INFO tempest.common.waiters [-] State transition "BUILD/spawning" ==> "ERROR/None" after 16 second wait
2016-08-12 22:30:34.514 4781 INFO tempest.lib.common.rest_client [req-0a2971a0-439a-4f5c-97ad-69a87ef382a7 ] Request (ServersAdminTestJSON:setUpClass): 200 GET https://dal-iaas-001-api-endpoint.prod.walmart.com:8774/v2/692a27a6258742dba65eea27fa87c737/os-networks 1.268s
2016-08-12 22:30:34.515 4774 INFO tempest.lib.common.rest_client [req-5cc915d4-8139-47da-a763-18e4e8d5ae9d ] Request (TestVersions:tearDownClass): 200 GET https://dal-iaas-001-api-endpoint.prod.walmart.com:9696/v2.0/security-groups?tenant_id=fbfdd1dcc2f74f3c92da952dc9730805&name=default 1.336s
2016-08-12 22:30:34.515 4781 INFO tempest.common.fixed_network [-] (ServersAdminTestJSON:setUpClass) Found network {'name': u'net1', u'dns2': None, u'dns1': None, u'cidr': None, u'label': u'net1', u'broadcast': None, u'netmask': None, u'gateway_v6': None, u'id': u'1db35de8-93c8-455c-a1c1-720801bd971a', u'cidr_v6': None, u'gateway': None, u'netmask_v6': None} available for tenant
2016-08-12 22:30:34.540 4779 INFO tempest.lib.common.rest_client [req-110bd2e7-db11-48ac-8b38-558a1abd7f25 ] Request (QuotaClassesAdminTestJSON:tearDownClass): 200 GET https://dal-iaas-001-api-endpoint.prod.walmart.com:9696/v2.0/security-groups?tenant_id=280aa3416f5840119f13dc1db58d6847&name=default 1.279s
2016-08-12 22:30:34.660 4775 INFO tempest.lib.common.rest_client [req-b0e28a05-def8-4f50-b831-a5ff8032058a ] Request (FlavorsV2TestJSON:test_list_flavors_filter_by_min_disk): 200 GET https://dal-iaas-001-api-endpoint.prod.walmart.com:8774/v2/94a6e32bbc8b407a9f02d0557c4024ce/flavors/3 0.367s
2016-08-12 22:30:34.681 4776 INFO tempest.lib.common.rest_client [req-19cea611-6afb-43cd-bc97-ca657fc593c7 ] Request (DeleteServersTestJSON:test_delete_active_server): 200 GET https://dal-iaas-001-api-endpoint.prod.walmart.com:8774/v2/d172424f9a6942aa99b8e0d77cdc201f/servers/6dad77d2-01e2-4950-af17-b73ee7cb55d5 0.490s
2016-08-12 22:30:34.688 4776 INFO tempest.common.waiters [-] State transition "BUILD/scheduling" ==> "BUILD/networking" after 10 second wait
2016-08-12 22:30:34.855 4774 INFO tempest.lib.common.rest_client [req-be2503ba-7e2d-46bc-b62c-249ccaf312bf ] Request (TestVersions:tearDownClass): 204 DELETE https://dal-iaas-001-api-endpoint.prod.walmart.com:9696/v2.0/security-groups/48aee44e-5d8e-423f-90a7-39e305b95068 0.339s
2016-08-12 22:30:34.858 4779 INFO tempest.lib.common.rest_client [req-5839c1f6-2dab-4bba-b23c-3b0bc2da9132 ] Request (QuotaClassesAdminTestJSON:tearDownClass): 204 DELETE https://dal-iaas-001-api-endpoint.prod.walmart.com:9696/v2.0/security-groups/562b6066-73d8-463a-a5e5-73140a559e4c 0.318s
2016-08-12 22:30:34.933 4775 INFO tempest.lib.common.rest_client [req-51001851-48fb-4988-b13f-b881468ba2b1 ] Request (FlavorsV2TestJSON:test_list_flavors_filter_by_min_disk): 200 GET https://dal-iaas-001-api-endpoint.prod.walmart.com:8774/v2/94a6e32bbc8b407a9f02d0557c4024ce/flavors?minDisk=11 0.270s
2016-08-12 22:30:34.980 4781 INFO tempest.lib.common.rest_client [req-15b79ba6-13ca-49a4-bd10-961df3ea113c ] Request (ServersAdminTestJSON:setUpClass): 200 POST https://dal-iaas-001-api-endpoint.prod.walmart.com:5443/v2.0/tokens
2016-08-12 22:30:35.047 4780 INFO tempest.lib.common.rest_client [req-7cb4009d-aeee-41b2-8329-debce7c8f169 ] Request (ImagesTestJSON:test_create_image_from_stopped_server): 200 GET https://dal-iaas-001-api-endpoint.prod.walmart.com:8774/v2/e943654eef534b1c83998fd8e3e46b05/servers/824e2ebc-324b-4a72-a954-0dcff3bb3210 0.494s
2016-08-12 22:30:35.054 4780 INFO tempest.common.waiters [-] State transition "BUILD/block_device_mapping" ==> "BUILD/scheduling" after 6 second wait
2016-08-12 22:30:35.093 4778 INFO tempest.lib.common.rest_client [req-fdb7b417-b7c0-44d3-af5a-3a7acc934c5b ] Request (ImagesNegativeTestJSON:test_create_image_from_deleted_server): 204 DELETE https://dal-iaas-001-api-endpoint.prod.walmart.com:8774/v2/a9e1a503f1c84cb0861b5c8a2cff966e/servers/4707a3d1-4eec-46e5-be32-aafc215924db 0.720s
2016-08-12 22:30:35.220 4775 INFO tempest.lib.common.rest_client [req-79963b43-4369-44ff-845b-3e18e5a25d9d ] Request (FlavorsV2TestJSON:test_list_flavors_filter_by_min_ram): 200 GET https://dal-iaas-001-api-endpoint.prod.walmart.com:8774/v2/94a6e32bbc8b407a9f02d0557c4024ce/flavors/3 0.282s
2016-08-12 22:30:35.365 4778 INFO tempest.lib.common.rest_client [req-7a004cec-de20-46f2-9b49-0bf3ef4c039f ] Request (ImagesNegativeTestJSON:test_create_image_from_invalid_server): 404 POST https://dal-iaas-001-api-endpoint.prod.walmart.com:8774/v2/a9e1a503f1c84cb0861b5c8a2cff966e/servers/!@$^&*()/action 0.267s
2016-08-12 22:30:35.480 4779 INFO tempest.lib.common.rest_client [req-1b576af0-9c9c-4f27-9333-3571781b40e1 ] Request (QuotaClassesAdminTestJSON:tearDownClass): 204 DELETE https://dal-iaas-001-api-endpoint.prod.walmart.com:35357/v2.0/tenants/280aa3416f5840119f13dc1db58d6847 0.620s
2016-08-12 22:30:35.500 4775 INFO tempest.lib.common.rest_client [req-5d70701b-c3f8-4225-a059-3cc2fa3fd442 ] Request (FlavorsV2TestJSON:test_list_flavors_filter_by_min_ram): 200 GET https://dal-iaas-001-api-endpoint.prod.walmart.com:8774/v2/94a6e32bbc8b407a9f02d0557c4024ce/flavors?minRam=4097 0.277s
2016-08-12 22:30:35.625 4778 INFO tempest.lib.common.rest_client [req-9931984e-4801-411a-8a6f-2272d1d850b6 ] Request (ImagesNegativeTestJSON:test_create_image_specify_uuid_35_characters_or_less): 404 POST https://dal-iaas-001-api-endpoint.prod.walmart.com:8774/v2/a9e1a503f1c84cb0861b5c8a2cff966e/servers/aaaaaaaaaaaaaaaaaaaaaaaaaaaaaaaaaaa/action 0.258s
2016-08-12 22:30:35.636 4774 INFO tempest.lib.common.rest_client [req-7e32e36e-bbac-4306-a846-7c66a98f2be9 ] Request (TestVersions:tearDownClass): 204 DELETE https://dal-iaas-001-api-endpoint.prod.walmart.com:35357/v2.0/tenants/fbfdd1dcc2f74f3c92da952dc9730805 0.781s
2016-08-12 22:30:35.806 4775 INFO tempest.lib.common.rest_client [req-7f449543-53b5-40df-8ae8-df99a28c3fbd ] Request (FlavorsV2TestJSON:test_list_flavors_limit_results): 200 GET https://dal-iaas-001-api-endpoint.prod.walmart.com:8774/v2/94a6e32bbc8b407a9f02d0557c4024ce/flavors?limit=1 0.302s
2016-08-12 22:30:35.907 4778 INFO tempest.lib.common.rest_client [req-aa2ee19a-c7e2-44be-9bac-e69232bcaa76 ] Request (ImagesNegativeTestJSON:test_create_image_specify_uuid_37_characters_or_more): 404 POST https://dal-iaas-001-api-endpoint.prod.walmart.com:8774/v2/a9e1a503f1c84cb0861b5c8a2cff966e/servers/aaaaaaaaaaaaaaaaaaaaaaaaaaaaaaaaaaaaa/action 0.280s
2016-08-12 22:30:36.059 4779 INFO tempest.lib.common.rest_client [req-73ecbbf4-7d70-498e-bac2-32284d2ff7da ] Request (QuotaClassesAdminTestJSON:tearDownClass): 204 DELETE https://dal-iaas-001-api-endpoint.prod.walmart.com:35357/v2.0/users/1f5846fa8ef74ddea912fa8ad03b6c77 0.578s
2016-08-12 22:30:36.083 4775 INFO tempest.lib.common.rest_client [req-e8363950-d855-482e-83c6-db9ea7dbcf53 ] Request (FlavorsV2TestJSON:test_list_flavors_using_marker): 200 GET https://dal-iaas-001-api-endpoint.prod.walmart.com:8774/v2/94a6e32bbc8b407a9f02d0557c4024ce/flavors/3 0.274s
2016-08-12 22:30:36.112 4774 INFO tempest.lib.common.rest_client [req-04b90615-d59b-487a-99e8-cfdf9105afef ] Request (TestDefaultProjectId:setUpClass): 201 POST https://dal-iaas-001-api-endpoint.prod.walmart.com:35357/v3/auth/tokens
2016-08-12 22:30:36.180 4778 INFO tempest.lib.common.rest_client [req-39f8724f-21c0-43df-8bfd-d58147c48245 ] Request (ImagesNegativeTestJSON:test_delete_image_blank_id): 404 DELETE https://dal-iaas-001-api-endpoint.prod.walmart.com:8774/v2/a9e1a503f1c84cb0861b5c8a2cff966e/images/ 0.271s
2016-08-12 22:30:36.199 4776 INFO tempest.lib.common.rest_client [req-985b2ca1-08d9-4811-b0ca-e8ee119803c6 ] Request (DeleteServersTestJSON:test_delete_active_server): 200 GET https://dal-iaas-001-api-endpoint.prod.walmart.com:8774/v2/d172424f9a6942aa99b8e0d77cdc201f/servers/6dad77d2-01e2-4950-af17-b73ee7cb55d5 0.508s
2016-08-12 22:30:36.205 4776 INFO tempest.common.waiters [-] State transition "BUILD/networking" ==> "BUILD/scheduling" after 12 second wait
2016-08-12 22:30:36.349 4779 INFO tempest.lib.common.rest_client [req-44394f05-423d-4782-ab06-da4988422620 ] Request (QuotaClassesAdminTestJSON:tearDownClass): 200 GET https://dal-iaas-001-api-endpoint.prod.walmart.com:9696/v2.0/security-groups?tenant_id=8fc930b21c404a36b0f9568c1035c416&name=default 0.290s
2016-08-12 22:30:36.398 4775 INFO tempest.lib.common.rest_client [req-53a674af-b98a-4a6c-97dd-8b717794f3ee ] Request (FlavorsV2TestJSON:test_list_flavors_using_marker): 200 GET https://dal-iaas-001-api-endpoint.prod.walmart.com:8774/v2/94a6e32bbc8b407a9f02d0557c4024ce/flavors?marker=3 0.312s
2016-08-12 22:30:36.544 4780 INFO tempest.lib.common.rest_client [req-049a0b56-d8ab-47dd-b8a9-c2cbe033fbc3 ] Request (ImagesTestJSON:test_create_image_from_stopped_server): 200 GET https://dal-iaas-001-api-endpoint.prod.walmart.com:8774/v2/e943654eef534b1c83998fd8e3e46b05/servers/824e2ebc-324b-4a72-a954-0dcff3bb3210 0.486s
2016-08-12 22:30:36.546 4778 INFO tempest.lib.common.rest_client [req-8ff9fe32-13ed-4005-876f-6bd6b1f4aa37 ] Request (ImagesNegativeTestJSON:test_delete_image_id_is_over_35_character_limit): 404 DELETE https://dal-iaas-001-api-endpoint.prod.walmart.com:8774/v2/a9e1a503f1c84cb0861b5c8a2cff966e/images/11a22b9-12a9-5555-cc11-00ab112223fa-3fac 0.365s
2016-08-12 22:30:36.551 4780 INFO tempest.common.waiters [-] State transition "BUILD/scheduling" ==> "BUILD/block_device_mapping" after 7 second wait
2016-08-12 22:30:36.700 4779 INFO tempest.lib.common.rest_client [req-d430ad7a-3261-4d99-8b08-93472e2f1462 ] Request (QuotaClassesAdminTestJSON:tearDownClass): 204 DELETE https://dal-iaas-001-api-endpoint.prod.walmart.com:9696/v2.0/security-groups/1dc7ac17-28f1-4490-873b-48aa7288b925 0.350s
2016-08-12 22:30:36.709 4775 INFO tempest.lib.common.rest_client [req-0afff7f0-6788-4f68-b6e3-d0dbd335e3cc ] Request (FlavorsV2TestJSON:test_list_flavors_with_detail): 200 GET https://dal-iaas-001-api-endpoint.prod.walmart.com:8774/v2/94a6e32bbc8b407a9f02d0557c4024ce/flavors/detail 0.307s
2016-08-12 22:30:36.710 4774 INFO tempest.lib.common.rest_client [req-67f6d835-29ca-4a7f-a97a-501697ff94cd ] Request (TestDefaultProjectId:setUpClass): 201 POST https://dal-iaas-001-api-endpoint.prod.walmart.com:35357/v3/auth/tokens
2016-08-12 22:30:36.947 4777 INFO tempest.lib.common.rest_client [req-fbf8056c-6d9c-47f1-b68c-b1ca000efa4d ] Request (ServersWithSpecificFlavorTestJSON:setUpClass): 200 POST https://dal-iaas-001-api-endpoint.prod.walmart.com:8774/v2/a8e0c2dda2484b678c016ae4272e86a8/os-keypairs 2.621s
2016-08-12 22:30:36.949 4778 INFO tempest.lib.common.rest_client [req-2470401f-5f6f-4f22-84b4-da082c6e3131 ] Request (ImagesNegativeTestJSON:test_delete_image_negative_image_id): 404 DELETE https://dal-iaas-001-api-endpoint.prod.walmart.com:8774/v2/a9e1a503f1c84cb0861b5c8a2cff966e/images/-1 0.401s
2016-08-12 22:30:36.981 4781 INFO tempest.lib.common.rest_client [req-c417d5f4-6a5f-40fa-9b02-95c40a7bbef8 ] Request (ServersAdminTestJSON:setUpClass): 202 POST https://dal-iaas-001-api-endpoint.prod.walmart.com:8774/v2/692a27a6258742dba65eea27fa87c737/servers 2.001s
2016-08-12 22:30:37.033 4775 INFO tempest.lib.common.rest_client [req-f8be49e8-1dce-4dd6-b4fe-25f60b5f605b ] Request (FlavorsV2TestJSON:test_list_flavors_with_detail): 200 GET https://dal-iaas-001-api-endpoint.prod.walmart.com:8774/v2/94a6e32bbc8b407a9f02d0557c4024ce/flavors/3 0.318s
2016-08-12 22:30:37.275 4779 INFO tempest.lib.common.rest_client [req-da605bb6-3c30-434f-8f06-7a55f4777453 ] Request (QuotaClassesAdminTestJSON:tearDownClass): 204 DELETE https://dal-iaas-001-api-endpoint.prod.walmart.com:35357/v2.0/tenants/8fc930b21c404a36b0f9568c1035c416 0.574s
2016-08-12 22:30:37.362 4778 INFO tempest.lib.common.rest_client [req-320165ec-2043-445d-8222-6f5b9fabe764 ] Request (ImagesNegativeTestJSON:test_delete_image_non_hex_string_id): 404 DELETE https://dal-iaas-001-api-endpoint.prod.walmart.com:8774/v2/a9e1a503f1c84cb0861b5c8a2cff966e/images/11a22b9-120q-5555-cc11-00ab112223gj 0.410s
2016-08-12 22:30:37.362 4777 INFO tempest.lib.common.rest_client [req-0718e582-3f58-40e2-beec-48a3c8e76f7e ] Request (ServersWithSpecificFlavorTestJSON:setUpClass): 200 POST https://dal-iaas-001-api-endpoint.prod.walmart.com:8774/v2/a8e0c2dda2484b678c016ae4272e86a8/os-security-groups 0.412s
2016-08-12 22:30:37.365 4774 INFO tempest.lib.common.rest_client [req-58e4f2dc-cc5c-4254-a8f3-928a2f8d8008 ] Request (TestDefaultProjectId:setUpClass): 200 GET https://dal-iaas-001-api-endpoint.prod.walmart.com:35357/v3/domains?name=Default 0.654s
2016-08-12 22:30:37.665 4776 INFO tempest.lib.common.rest_client [req-94137e82-2946-4996-8d4c-039eadc6d5eb ] Request (DeleteServersTestJSON:test_delete_active_server): 200 GET https://dal-iaas-001-api-endpoint.prod.walmart.com:8774/v2/d172424f9a6942aa99b8e0d77cdc201f/servers/6dad77d2-01e2-4950-af17-b73ee7cb55d5 0.456s
2016-08-12 22:30:37.674 4776 INFO tempest.common.waiters [-] State transition "BUILD/scheduling" ==> "BUILD/block_device_mapping" after 13 second wait
2016-08-12 22:30:37.677 4781 INFO tempest.lib.common.rest_client [req-69efdd8f-909d-403b-8570-919d5e67616a ] Request (ServersAdminTestJSON:setUpClass): 200 GET https://dal-iaas-001-api-endpoint.prod.walmart.com:8774/v2/692a27a6258742dba65eea27fa87c737/servers/36afb879-ba81-495b-923a-bf8c6513ed48 0.691s
2016-08-12 22:30:37.684 4775 INFO tempest.lib.common.rest_client [req-a068b12f-5da5-4e64-bd2e-9ec2677f3037 ] Request (FlavorsV2TestJSON:tearDownClass): 204 DELETE https://dal-iaas-001-api-endpoint.prod.walmart.com:35357/v2.0/users/b45d4a5b6ef145028818e996bf0ff5a1 0.648s
2016-08-12 22:30:37.776 4777 INFO tempest.lib.common.rest_client [req-3b744e20-9599-4306-b5c1-12f0ef929426 ] Request (ServersWithSpecificFlavorTestJSON:setUpClass): 201 POST https://dal-iaas-001-api-endpoint.prod.walmart.com:9696/v2.0/security-group-rules 0.409s
2016-08-12 22:30:37.779 4778 INFO tempest.lib.common.rest_client [req-a21716dd-3c9f-4fb4-801e-f671da1b2257 ] Request (ImagesNegativeTestJSON:test_delete_image_with_invalid_image_id): 404 DELETE https://dal-iaas-001-api-endpoint.prod.walmart.com:8774/v2/a9e1a503f1c84cb0861b5c8a2cff966e/images/!@$^&*() 0.415s
2016-08-12 22:30:37.835 4779 INFO tempest.lib.common.rest_client [req-5a4afaf9-8499-48a4-b691-8f41b2483556 ] Request (ImagesMetadataTestJSON:setUpClass): 200 POST https://dal-iaas-001-api-endpoint.prod.walmart.com:5443/v2.0/tokens
2016-08-12 22:30:37.986 4774 INFO tempest.lib.common.rest_client [req-853cee39-3e2d-4963-8bf5-2e8dd8f19859 ] Request (TestDefaultProjectId:setUpClass): 201 POST https://dal-iaas-001-api-endpoint.prod.walmart.com:35357/v3/projects 0.620s
2016-08-12 22:30:38.047 4780 INFO tempest.lib.common.rest_client [req-7d47ff27-8784-4e3c-a80c-1df04e15d8ef ] Request (ImagesTestJSON:test_create_image_from_stopped_server): 200 GET https://dal-iaas-001-api-endpoint.prod.walmart.com:8774/v2/e943654eef534b1c83998fd8e3e46b05/servers/824e2ebc-324b-4a72-a954-0dcff3bb3210 0.491s
2016-08-12 22:30:38.054 4780 INFO tempest.common.waiters [-] State transition "BUILD/block_device_mapping" ==> "BUILD/scheduling" after 9 second wait
2016-08-12 22:30:38.151 4777 INFO tempest.lib.common.rest_client [req-eca6579f-08f8-418c-a65e-b11b927f90eb ] Request (ServersWithSpecificFlavorTestJSON:setUpClass): 201 POST https://dal-iaas-001-api-endpoint.prod.walmart.com:9696/v2.0/security-group-rules 0.374s
2016-08-12 22:30:38.163 4778 INFO tempest.lib.common.rest_client [req-9cd46a62-9180-4467-96bc-660c8cccb2df ] Request (ImagesNegativeTestJSON:test_delete_non_existent_image): 404 DELETE https://dal-iaas-001-api-endpoint.prod.walmart.com:8774/v2/a9e1a503f1c84cb0861b5c8a2cff966e/images/11a22b9-12a9-5555-cc11-00ab112223fa 0.381s
2016-08-12 22:30:38.413 4779 INFO tempest.lib.common.rest_client [req-b87cfc0f-42f7-4be4-8fee-b6595115f86c ] Request (ImagesMetadataTestJSON:setUpClass): 200 POST https://dal-iaas-001-api-endpoint.prod.walmart.com:5443/v2.0/tokens
2016-08-12 22:30:38.498 4777 INFO tempest.lib.common.rest_client [req-1693210d-ee87-43b5-ac55-4f7fc4b5506f ] Request (ServersWithSpecificFlavorTestJSON:setUpClass): 404 POST https://dal-iaas-001-api-endpoint.prod.walmart.com:8774/v2/a8e0c2dda2484b678c016ae4272e86a8/os-floating-ips 0.346s
2016-08-12 22:30:38.498 4777 INFO tempest.test [-] <class 'tempest.lib.exceptions.NotFound'> raised in ServersWithSpecificFlavorTestJSON.setUpClass. Invoking tearDownClass.
2016-08-12 22:30:38.498 4777 INFO tempest.test [-] tearDownClass of resources failed: type object 'ServersWithSpecificFlavorTestJSON' has no attribute 'images'
2016-08-12 22:30:38.576 4774 INFO tempest.lib.common.rest_client [req-bd48a7fb-56cc-4f43-9e60-38295b145fae ] Request (TestDefaultProjectId:setUpClass): 201 POST https://dal-iaas-001-api-endpoint.prod.walmart.com:35357/v3/users 0.588s
2016-08-12 22:30:38.806 4778 INFO tempest.lib.common.rest_client [req-9a1a3f76-b934-4e21-9eef-da66129a768e ] Request (ImagesNegativeTestJSON:tearDownClass): 204 DELETE https://dal-iaas-001-api-endpoint.prod.walmart.com:35357/v2.0/users/d58a94249c584c518a9fabf45f813815 0.642s
2016-08-12 22:30:38.998 4779 INFO tempest.lib.common.rest_client [req-35d53542-1742-4a5f-a8d7-38ae1ab137b0 ] Request (ImagesMetadataTestJSON:setUpClass): 200 POST https://dal-iaas-001-api-endpoint.prod.walmart.com:35357/v2.0/tenants 0.584s
2016-08-12 22:30:38.999 4775 INFO tempest.lib.common.rest_client [req-7be0c7e8-6507-4209-8f79-c9ee5d91ef11 ] Request (FlavorsV2TestJSON:tearDownClass): 200 GET https://dal-iaas-001-api-endpoint.prod.walmart.com:9696/v2.0/security-groups?tenant_id=94a6e32bbc8b407a9f02d0557c4024ce&name=default 1.314s
2016-08-12 22:30:39.102 4781 INFO tempest.lib.common.rest_client [req-2b36c83a-2e6a-4504-a1ca-580798b6521e ] Request (ServersAdminTestJSON:setUpClass): 200 GET https://dal-iaas-001-api-endpoint.prod.walmart.com:8774/v2/692a27a6258742dba65eea27fa87c737/servers/36afb879-ba81-495b-923a-bf8c6513ed48 0.415s
2016-08-12 22:30:39.109 4781 INFO tempest.common.waiters [-] State transition "BUILD/scheduling" ==> "BUILD/block_device_mapping" after 2 second wait
2016-08-12 22:30:39.135 4774 INFO tempest.lib.common.rest_client [req-53470b42-35f2-4c82-8579-e55b4d8e7671 ] Request (TestDefaultProjectId:setUpClass): 200 GET https://dal-iaas-001-api-endpoint.prod.walmart.com:35357/v3/roles 0.559s
2016-08-12 22:30:39.142 4777 INFO tempest.lib.common.rest_client [req-8bfc05ce-c2ec-4236-95ed-a32105be786d ] Request (ServersWithSpecificFlavorTestJSON:tearDownClass): 204 DELETE https://dal-iaas-001-api-endpoint.prod.walmart.com:35357/v2.0/users/05cab9387d1342ec87025f02e45076d7 0.643s
2016-08-12 22:30:39.405 4776 INFO tempest.lib.common.rest_client [req-5b16ea1f-6c4f-4fe9-b280-7976c9283ec8 ] Request (DeleteServersTestJSON:test_delete_active_server): 200 GET https://dal-iaas-001-api-endpoint.prod.walmart.com:8774/v2/d172424f9a6942aa99b8e0d77cdc201f/servers/6dad77d2-01e2-4950-af17-b73ee7cb55d5 0.728s
2016-08-12 22:30:39.409 4775 INFO tempest.lib.common.rest_client [req-083acdd6-986f-4cfc-9a01-e20409ec77c4 ] Request (FlavorsV2TestJSON:tearDownClass): 204 DELETE https://dal-iaas-001-api-endpoint.prod.walmart.com:9696/v2.0/security-groups/46449d10-769f-40c0-93b5-1595d3d96ab5 0.410s
2016-08-12 22:30:39.412 4776 INFO tempest.common.waiters [-] State transition "BUILD/block_device_mapping" ==> "BUILD/scheduling" after 15 second wait
2016-08-12 22:30:39.578 4780 INFO tempest.lib.common.rest_client [req-b158a07f-47a4-4f60-854e-969a3da657d3 ] Request (ImagesTestJSON:test_create_image_from_stopped_server): 200 GET https://dal-iaas-001-api-endpoint.prod.walmart.com:8774/v2/e943654eef534b1c83998fd8e3e46b05/servers/824e2ebc-324b-4a72-a954-0dcff3bb3210 0.519s
2016-08-12 22:30:39.584 4780 INFO tempest.common.waiters [-] State transition "BUILD/scheduling" ==> "BUILD/networking" after 10 second wait
2016-08-12 22:30:39.753 4779 INFO tempest.lib.common.rest_client [req-86ee76f5-dfe9-4d1e-95bb-76bf1b0ffee2 ] Request (ImagesMetadataTestJSON:setUpClass): 200 POST https://dal-iaas-001-api-endpoint.prod.walmart.com:35357/v2.0/users 0.754s
2016-08-12 22:30:39.836 4774 INFO tempest.lib.common.rest_client [req-7b6d8d7d-3d91-4451-8fe9-95a4b9da709b ] Request (TestDefaultProjectId:setUpClass): 204 PUT https://dal-iaas-001-api-endpoint.prod.walmart.com:35357/v3/projects/74cd03c7b0764940b9ba8f2be6b1fdc5/users/49d468f1f7624cbba107826920bda5ed/roles/9fe2ff9ee4384b1894a90878d3e92bab 0.700s
2016-08-12 22:30:39.837 4774 INFO tempest.common.dynamic_creds [-] Acquired dynamic creds:
 credentials: Credentials: {'username': u'tempest-TestDefaultProjectId-1889888068', 'project_name': u'tempest-TestDefaultProjectId-1889888068', 'project_domain_id': u'default', 'user_domain_id': u'default', 'tenant_id': u'74cd03c7b0764940b9ba8f2be6b1fdc5', 'user_domain_name': u'Default', 'domain_name': u'Default', 'tenant_name': u'tempest-TestDefaultProjectId-1889888068', 'user_id': u'49d468f1f7624cbba107826920bda5ed', 'project_id': u'74cd03c7b0764940b9ba8f2be6b1fdc5', 'domain_id': u'default', 'project_domain_name': u'Default'}, Network: None, Subnet: None, Router: None
2016-08-12 22:30:40.055 4775 INFO tempest.lib.common.rest_client [req-f49285fb-6268-40a7-82a3-942c2a7c35b8 ] Request (FlavorsV2TestJSON:tearDownClass): 204 DELETE https://dal-iaas-001-api-endpoint.prod.walmart.com:35357/v2.0/tenants/94a6e32bbc8b407a9f02d0557c4024ce 0.645s
2016-08-12 22:30:40.236 4778 INFO tempest.lib.common.rest_client [req-16f6e532-7e3c-432a-b339-41a48baf3124 ] Request (ImagesNegativeTestJSON:tearDownClass): 200 GET https://dal-iaas-001-api-endpoint.prod.walmart.com:9696/v2.0/security-groups?tenant_id=a9e1a503f1c84cb0861b5c8a2cff966e&name=default 1.430s
2016-08-12 22:30:40.269 4779 INFO tempest.lib.common.rest_client [req-44b59833-2f75-4a09-92e9-3a4d04309362 ] Request (ImagesMetadataTestJSON:setUpClass): 200 GET https://dal-iaas-001-api-endpoint.prod.walmart.com:35357/v2.0/OS-KSADM/roles 0.514s
2016-08-12 22:30:40.402 4774 INFO tempest.lib.common.rest_client [req-3bcde38e-2215-4955-b79b-a5603a0f35dc ] Request (TestDefaultProjectId:setUpClass): 201 POST https://dal-iaas-001-api-endpoint.prod.walmart.com:35357/v3/projects 0.561s
2016-08-12 22:30:40.419 4777 INFO tempest.lib.common.rest_client [req-115b3598-48e0-484e-bc44-ab1a8c53a5fa ] Request (ServersWithSpecificFlavorTestJSON:tearDownClass): 200 GET https://dal-iaas-001-api-endpoint.prod.walmart.com:9696/v2.0/security-groups?tenant_id=d4690135d543487988c4dd7740713c40&name=default 1.276s
2016-08-12 22:30:40.564 4781 INFO tempest.lib.common.rest_client [req-e4059903-dbc7-480e-97b5-2af718f5b11c ] Request (ServersAdminTestJSON:setUpClass): 200 GET https://dal-iaas-001-api-endpoint.prod.walmart.com:8774/v2/692a27a6258742dba65eea27fa87c737/servers/36afb879-ba81-495b-923a-bf8c6513ed48 0.450s
2016-08-12 22:30:40.571 4781 INFO tempest.common.waiters [-] State transition "BUILD/block_device_mapping" ==> "BUILD/scheduling" after 3 second wait
2016-08-12 22:30:40.611 4778 INFO tempest.lib.common.rest_client [req-43b10b3b-7e60-4d99-8066-1384526080e9 ] Request (ImagesNegativeTestJSON:tearDownClass): 204 DELETE https://dal-iaas-001-api-endpoint.prod.walmart.com:9696/v2.0/security-groups/80369b94-d96a-4bc7-adc6-36a35c080a1e 0.374s
2016-08-12 22:30:40.703 4775 INFO tempest.lib.common.rest_client [req-dcc52b1c-2ec5-4c01-9324-82071ef02758 ] Request (FlavorDetailsNegativeTestJSON:setUpClass): 200 POST https://dal-iaas-001-api-endpoint.prod.walmart.com:5443/v2.0/tokens
2016-08-12 22:30:40.755 4777 INFO tempest.lib.common.rest_client [req-f949650c-3395-4b06-a7b6-24548fac0d00 ] Request (ServersWithSpecificFlavorTestJSON:tearDownClass): 204 DELETE https://dal-iaas-001-api-endpoint.prod.walmart.com:9696/v2.0/security-groups/c4e92f44-f604-41cd-8a70-0f4685ddf9e4 0.335s
2016-08-12 22:30:40.888 4779 INFO tempest.lib.common.rest_client [req-4e009fae-f15f-48d8-840e-02d4a540cd2f ] Request (ImagesMetadataTestJSON:setUpClass): 409 PUT https://dal-iaas-001-api-endpoint.prod.walmart.com:35357/v2.0/tenants/e5ae72f6d444423cb76ccbff7537b6b6/users/270adbbc274c48efa15b71c3a7b1cb25/roles/OS-KSADM/9fe2ff9ee4384b1894a90878d3e92bab 0.619s
2016-08-12 22:30:40.889 4779 INFO tempest.common.dynamic_creds [-] Acquired dynamic creds:
 credentials: Credentials: {'username': u'tempest-ImagesMetadataTestJSON-796936979', 'project_name': u'tempest-ImagesMetadataTestJSON-796936979', 'user_id': u'270adbbc274c48efa15b71c3a7b1cb25', 'tenant_name': u'tempest-ImagesMetadataTestJSON-796936979', 'tenant_id': u'e5ae72f6d444423cb76ccbff7537b6b6', 'project_id': u'e5ae72f6d444423cb76ccbff7537b6b6'}, Network: None, Subnet: None, Router: None
2016-08-12 22:30:40.930 4776 INFO tempest.lib.common.rest_client [req-dc39ea41-ec5e-4348-8638-ae1e8d74ee1d ] Request (DeleteServersTestJSON:test_delete_active_server): 200 GET https://dal-iaas-001-api-endpoint.prod.walmart.com:8774/v2/d172424f9a6942aa99b8e0d77cdc201f/servers/6dad77d2-01e2-4950-af17-b73ee7cb55d5 0.514s
2016-08-12 22:30:40.938 4776 INFO tempest.common.waiters [-] State transition "BUILD/scheduling" ==> "ERROR/None" after 16 second wait
2016-08-12 22:30:41.064 4780 INFO tempest.lib.common.rest_client [req-45658149-b79b-4c8e-9dc6-c25b3d518495 ] Request (ImagesTestJSON:test_create_image_from_stopped_server): 200 GET https://dal-iaas-001-api-endpoint.prod.walmart.com:8774/v2/e943654eef534b1c83998fd8e3e46b05/servers/824e2ebc-324b-4a72-a954-0dcff3bb3210 0.478s
2016-08-12 22:30:41.070 4780 INFO tempest.common.waiters [-] State transition "BUILD/networking" ==> "BUILD/scheduling" after 12 second wait
2016-08-12 22:30:41.162 4774 INFO tempest.lib.common.rest_client [req-da419545-4940-496e-a195-189931ef4071 ] Request (TestDefaultProjectId:setUpClass): 201 POST https://dal-iaas-001-api-endpoint.prod.walmart.com:35357/v3/users 0.760s
2016-08-12 22:30:41.222 4775 INFO tempest.lib.common.rest_client [req-901dcaa7-ef72-4c0b-b76a-1ae5ef71e432 ] Request (FlavorDetailsNegativeTestJSON:setUpClass): 200 POST https://dal-iaas-001-api-endpoint.prod.walmart.com:5443/v2.0/tokens
2016-08-12 22:30:41.293 4778 INFO tempest.lib.common.rest_client [req-2d660098-69eb-46c9-b056-8d8b618f38be ] Request (ImagesNegativeTestJSON:tearDownClass): 204 DELETE https://dal-iaas-001-api-endpoint.prod.walmart.com:35357/v2.0/tenants/a9e1a503f1c84cb0861b5c8a2cff966e 0.681s
2016-08-12 22:30:41.319 4779 INFO tempest.lib.common.rest_client [req-391d92db-9ba7-4693-b1d3-af05015e426d ] Request (ImagesMetadataTestJSON:setUpClass): 200 POST https://dal-iaas-001-api-endpoint.prod.walmart.com:5443/v2.0/tokens
2016-08-12 22:30:41.461 4777 INFO tempest.lib.common.rest_client [req-d3a43dec-b786-48a1-aa2c-bea6f90c7479 ] Request (ServersWithSpecificFlavorTestJSON:tearDownClass): 204 DELETE https://dal-iaas-001-api-endpoint.prod.walmart.com:35357/v2.0/tenants/d4690135d543487988c4dd7740713c40 0.706s
2016-08-12 22:30:41.607 4776 INFO tempest.lib.common.rest_client [req-1d278542-84c2-4488-8368-7a90656439ba ] Request (DeleteServersTestJSON:test_delete_active_server): 204 DELETE https://dal-iaas-001-api-endpoint.prod.walmart.com:8774/v2/d172424f9a6942aa99b8e0d77cdc201f/servers/6dad77d2-01e2-4950-af17-b73ee7cb55d5 0.669s
2016-08-12 22:30:41.810 4775 INFO tempest.lib.common.rest_client [req-378e1311-24ef-46e8-853d-9e44a32ecb7b ] Request (FlavorDetailsNegativeTestJSON:setUpClass): 200 POST https://dal-iaas-001-api-endpoint.prod.walmart.com:35357/v2.0/tenants 0.587s
2016-08-12 22:30:41.889 4774 INFO tempest.lib.common.rest_client [req-d3922667-94fb-4ba4-8fdd-4a918582755f ] Request (TestDefaultProjectId:setUpClass): 200 GET https://dal-iaas-001-api-endpoint.prod.walmart.com:35357/v3/roles 0.726s
2016-08-12 22:30:41.901 4778 INFO tempest.lib.common.rest_client [req-12c78e61-7aca-4eb3-b18b-091a44f23b48 ] Request (ListImageFiltersTestJSON:setUpClass): 200 POST https://dal-iaas-001-api-endpoint.prod.walmart.com:5443/v2.0/tokens
2016-08-12 22:30:42.100 4777 INFO tempest.lib.common.rest_client [req-cdea6ab4-204c-43bb-8415-63db5cd9615f ] Request (ServersWithSpecificFlavorTestJSON:tearDownClass): 204 DELETE https://dal-iaas-001-api-endpoint.prod.walmart.com:35357/v2.0/users/7b8c6e37d16c4e5b8e12061d1ea9a5b4 0.639s
2016-08-12 22:30:42.112 4776 INFO tempest.lib.common.rest_client [req-294b3d7f-4622-4207-8b84-44787a4ec7ca ] Request (DeleteServersTestJSON:test_delete_server_while_in_attached_volume): 200 POST https://dal-iaas-001-api-endpoint.prod.walmart.com:5443/v2.0/tokens
2016-08-12 22:30:42.127 4781 INFO tempest.lib.common.rest_client [req-14f84b14-de2f-466f-9dc6-e4a4b3d9240a ] Request (ServersAdminTestJSON:setUpClass): 200 GET https://dal-iaas-001-api-endpoint.prod.walmart.com:8774/v2/692a27a6258742dba65eea27fa87c737/servers/36afb879-ba81-495b-923a-bf8c6513ed48 0.556s
2016-08-12 22:30:42.134 4781 INFO tempest.common.waiters [-] State transition "BUILD/scheduling" ==> "BUILD/block_device_mapping" after 5 second wait
2016-08-12 22:30:42.371 4777 INFO tempest.lib.common.rest_client [req-58c71e2a-34b6-4730-977b-65ae4e1311b4 ] Request (ServersWithSpecificFlavorTestJSON:tearDownClass): 200 GET https://dal-iaas-001-api-endpoint.prod.walmart.com:9696/v2.0/security-groups?tenant_id=a8e0c2dda2484b678c016ae4272e86a8&name=default 0.270s
2016-08-12 22:30:42.485 4778 INFO tempest.lib.common.rest_client [req-6dbdfd91-6ffc-4706-afc9-a1caa0c77d7b ] Request (ListImageFiltersTestJSON:setUpClass): 200 POST https://dal-iaas-001-api-endpoint.prod.walmart.com:5443/v2.0/tokens
2016-08-12 22:30:42.501 4774 INFO tempest.lib.common.rest_client [req-289b73e0-dc5b-48dd-8869-185ca8da97cc ] Request (TestDefaultProjectId:setUpClass): 204 PUT https://dal-iaas-001-api-endpoint.prod.walmart.com:35357/v3/projects/0d1947cf36da4611b8e4a02046125379/users/c14b4bd68a854ccc92159fa8470bcc32/roles/b5b0387bbe864c43a2999e531988bb8f 0.612s
2016-08-12 22:30:42.554 4780 INFO tempest.lib.common.rest_client [req-b5eda510-e963-45a5-b4fb-3b4baddf71f7 ] Request (ImagesTestJSON:test_create_image_from_stopped_server): 200 GET https://dal-iaas-001-api-endpoint.prod.walmart.com:8774/v2/e943654eef534b1c83998fd8e3e46b05/servers/824e2ebc-324b-4a72-a954-0dcff3bb3210 0.481s
2016-08-12 22:30:42.560 4775 INFO tempest.lib.common.rest_client [req-a7ed78e7-f77d-4507-9957-b9c4add73835 ] Request (FlavorDetailsNegativeTestJSON:setUpClass): 200 POST https://dal-iaas-001-api-endpoint.prod.walmart.com:35357/v2.0/users 0.749s
2016-08-12 22:30:42.561 4780 INFO tempest.common.waiters [-] State transition "BUILD/scheduling" ==> "BUILD/networking" after 13 second wait
2016-08-12 22:30:42.721 4777 INFO tempest.lib.common.rest_client [req-235287cb-e324-4861-8bd4-6ab0d7840716 ] Request (ServersWithSpecificFlavorTestJSON:tearDownClass): 204 DELETE https://dal-iaas-001-api-endpoint.prod.walmart.com:9696/v2.0/security-groups/86ad508e-ca8f-4ba5-925b-8153219e9661 0.349s
2016-08-12 22:30:42.788 4779 INFO tempest.lib.common.rest_client [req-a033bd00-fb03-4fbd-9274-04c942e4b0f9 ] Request (ImagesMetadataTestJSON:setUpClass): 201 POST https://dal-iaas-001-api-endpoint.prod.walmart.com:9292/v1/images 1.467s
2016-08-12 22:30:43.158 4775 INFO tempest.lib.common.rest_client [req-26826832-88e5-472b-8b53-d60973ea5b8b ] Request (FlavorDetailsNegativeTestJSON:setUpClass): 200 GET https://dal-iaas-001-api-endpoint.prod.walmart.com:35357/v2.0/OS-KSADM/roles 0.597s
2016-08-12 22:30:43.170 4774 INFO tempest.lib.common.rest_client [req-9e2b7931-ea6d-4cc5-9cf6-3e4fd4c323df ] Request (TestDefaultProjectId:setUpClass): 200 GET https://dal-iaas-001-api-endpoint.prod.walmart.com:35357/v3/roles 0.668s
2016-08-12 22:30:43.218 4778 INFO tempest.lib.common.rest_client [req-941a8656-9b58-44ef-a5f2-a693a901d865 ] Request (ListImageFiltersTestJSON:setUpClass): 200 POST https://dal-iaas-001-api-endpoint.prod.walmart.com:35357/v2.0/tenants 0.732s
2016-08-12 22:30:43.382 4777 INFO tempest.lib.common.rest_client [req-47304e71-3250-40e9-bfdc-006bce22d4b0 ] Request (ServersWithSpecificFlavorTestJSON:tearDownClass): 204 DELETE https://dal-iaas-001-api-endpoint.prod.walmart.com:35357/v2.0/tenants/a8e0c2dda2484b678c016ae4272e86a8 0.661s
2016-08-12 22:30:43.417 4776 INFO tempest.lib.common.rest_client [req-3c67597a-ce67-4793-a4f3-054e9f9b2096 ] Request (DeleteServersTestJSON:test_delete_server_while_in_attached_volume): 200 GET https://dal-iaas-001-api-endpoint.prod.walmart.com:8774/v2/d172424f9a6942aa99b8e0d77cdc201f/os-networks 1.304s
2016-08-12 22:30:43.418 4776 INFO tempest.common.fixed_network [-] (DeleteServersTestJSON:test_delete_server_while_in_attached_volume) Found network {'name': u'net1', u'dns2': None, u'dns1': None, u'cidr': None, u'label': u'net1', u'broadcast': None, u'netmask': None, u'gateway_v6': None, u'id': u'1db35de8-93c8-455c-a1c1-720801bd971a', u'cidr_v6': None, u'gateway': None, u'netmask_v6': None} available for tenant
2016-08-12 22:30:43.639 4781 INFO tempest.lib.common.rest_client [req-7b325c30-4972-4dba-af9e-393e698ebd07 ] Request (ServersAdminTestJSON:setUpClass): 200 GET https://dal-iaas-001-api-endpoint.prod.walmart.com:8774/v2/692a27a6258742dba65eea27fa87c737/servers/36afb879-ba81-495b-923a-bf8c6513ed48 0.500s
2016-08-12 22:30:43.646 4781 INFO tempest.common.waiters [-] State transition "BUILD/block_device_mapping" ==> "BUILD/scheduling" after 6 second wait
2016-08-12 22:30:43.702 4779 INFO tempest.lib.common.rest_client [req-19c094a7-2791-4d96-a4ba-e2a5484560ba ] Request (ImagesMetadataTestJSON:setUpClass): 200 PUT https://dal-iaas-001-api-endpoint.prod.walmart.com:9292/v1/images/9b4ea077-e06e-45f7-be51-dd885778b5af 0.913s
2016-08-12 22:30:43.800 4774 INFO tempest.lib.common.rest_client [req-a74ded78-7a2b-48cd-9a53-e177c1404e83 ] Request (TestDefaultProjectId:setUpClass): 204 PUT https://dal-iaas-001-api-endpoint.prod.walmart.com:35357/v3/projects/0d1947cf36da4611b8e4a02046125379/users/c14b4bd68a854ccc92159fa8470bcc32/roles/9fe2ff9ee4384b1894a90878d3e92bab 0.628s
2016-08-12 22:30:43.800 4774 INFO tempest.common.dynamic_creds [-] Acquired dynamic creds:
 credentials: Credentials: {'username': u'tempest-TestDefaultProjectId-1606763446', 'project_name': u'tempest-TestDefaultProjectId-1606763446', 'project_domain_id': u'default', 'user_domain_id': u'default', 'tenant_id': u'0d1947cf36da4611b8e4a02046125379', 'user_domain_name': u'Default', 'domain_name': u'Default', 'tenant_name': u'tempest-TestDefaultProjectId-1606763446', 'user_id': u'c14b4bd68a854ccc92159fa8470bcc32', 'project_id': u'0d1947cf36da4611b8e4a02046125379', 'domain_id': u'default', 'project_domain_name': u'Default'}, Network: None, Subnet: None, Router: None
2016-08-12 22:30:43.821 4775 INFO tempest.lib.common.rest_client [req-20e57c40-8330-482f-bdc8-2b2ebac2271c ] Request (FlavorDetailsNegativeTestJSON:setUpClass): 409 PUT https://dal-iaas-001-api-endpoint.prod.walmart.com:35357/v2.0/tenants/36417e9d0b4e49ae81fb11234ce4a0c2/users/b52b38f100354bba8dce259165977a12/roles/OS-KSADM/9fe2ff9ee4384b1894a90878d3e92bab 0.663s
2016-08-12 22:30:43.822 4775 INFO tempest.common.dynamic_creds [-] Acquired dynamic creds:
 credentials: Credentials: {'username': u'tempest-FlavorDetailsNegativeTestJSON-2025313120', 'project_name': u'tempest-FlavorDetailsNegativeTestJSON-2025313120', 'user_id': u'b52b38f100354bba8dce259165977a12', 'tenant_name': u'tempest-FlavorDetailsNegativeTestJSON-2025313120', 'tenant_id': u'36417e9d0b4e49ae81fb11234ce4a0c2', 'project_id': u'36417e9d0b4e49ae81fb11234ce4a0c2'}, Network: None, Subnet: None, Router: None
2016-08-12 22:30:43.830 4775 INFO tempest.test [-] Executing get-flavor-details
2016-08-12 22:30:43.869 4778 INFO tempest.lib.common.rest_client [req-fc7f9bd6-f4b6-4019-81ba-95460ff3e112 ] Request (ListImageFiltersTestJSON:setUpClass): 200 POST https://dal-iaas-001-api-endpoint.prod.walmart.com:35357/v2.0/users 0.651s
2016-08-12 22:30:43.948 4777 INFO tempest.lib.common.rest_client [req-c4a7b662-5a08-459b-8c88-632b991681ff ] Request (InstanceActionsTestJSON:setUpClass): 200 POST https://dal-iaas-001-api-endpoint.prod.walmart.com:5443/v2.0/tokens
2016-08-12 22:30:44.074 4780 INFO tempest.lib.common.rest_client [req-2134a933-0ee0-4f20-8253-754144509dc1 ] Request (ImagesTestJSON:test_create_image_from_stopped_server): 200 GET https://dal-iaas-001-api-endpoint.prod.walmart.com:8774/v2/e943654eef534b1c83998fd8e3e46b05/servers/824e2ebc-324b-4a72-a954-0dcff3bb3210 0.508s
2016-08-12 22:30:44.081 4780 INFO tempest.common.waiters [-] State transition "BUILD/networking" ==> "ERROR/None" after 15 second wait
2016-08-12 22:30:44.097 4779 INFO tempest.lib.common.rest_client [req-482388c3-4f46-4259-ad87-c8aee038a8f4 ] Request (ImagesMetadataTestJSON:setUpClass): 200 GET https://dal-iaas-001-api-endpoint.prod.walmart.com:8774/v2/e5ae72f6d444423cb76ccbff7537b6b6/images/9b4ea077-e06e-45f7-be51-dd885778b5af 0.395s
2016-08-12 22:30:44.248 4774 INFO tempest.lib.common.rest_client [req-164a05bf-77c8-4f66-9b38-c1d262ad3f0b ] Request (TestDefaultProjectId:test_default_project_id): 201 POST https://dal-iaas-001-api-endpoint.prod.walmart.com:35357/v3/auth/tokens
2016-08-12 22:30:44.294 4775 INFO tempest.lib.common.rest_client [req-1754e35c-3b0b-4c29-b90d-b27180c9a776 ] Request (main): 200 POST https://dal-iaas-001-api-endpoint.prod.walmart.com:5443/v2.0/tokens
2016-08-12 22:30:44.336 4776 INFO tempest.lib.common.rest_client [req-cc3926fb-ecda-4d8f-8d28-11b061c9cccd ] Request (DeleteServersTestJSON:test_delete_server_while_in_attached_volume): 202 POST https://dal-iaas-001-api-endpoint.prod.walmart.com:8774/v2/d172424f9a6942aa99b8e0d77cdc201f/servers 0.917s
2016-08-12 22:30:44.497 4778 INFO tempest.lib.common.rest_client [req-a6e55cba-cc3d-4479-a865-a736e4fe44ab ] Request (ListImageFiltersTestJSON:setUpClass): 200 GET https://dal-iaas-001-api-endpoint.prod.walmart.com:35357/v2.0/OS-KSADM/roles 0.628s
2016-08-12 22:30:44.501 4777 INFO tempest.lib.common.rest_client [req-4e8971b9-2215-4b88-abba-c97cb7122a8c ] Request (InstanceActionsTestJSON:setUpClass): 200 POST https://dal-iaas-001-api-endpoint.prod.walmart.com:5443/v2.0/tokens
2016-08-12 22:30:44.789 4776 INFO tempest.lib.common.rest_client [req-56cb7662-be36-4e9c-9369-9eeb5bf9f683 ] Request (DeleteServersTestJSON:test_delete_server_while_in_attached_volume): 200 GET https://dal-iaas-001-api-endpoint.prod.walmart.com:8774/v2/d172424f9a6942aa99b8e0d77cdc201f/servers/68d3d577-2be8-4272-9339-ed8164fc978b 0.451s
2016-08-12 22:30:44.853 4780 INFO tempest.lib.common.rest_client [req-9dad3c24-23c1-449c-8e82-da1c68bc48fa ] Request (ImagesTestJSON:test_create_image_from_stopped_server): 204 DELETE https://dal-iaas-001-api-endpoint.prod.walmart.com:8774/v2/e943654eef534b1c83998fd8e3e46b05/servers/824e2ebc-324b-4a72-a954-0dcff3bb3210 0.771s
2016-08-12 22:30:44.880 4774 INFO tempest.lib.common.rest_client [req-b6976ea7-968a-4272-bacc-bc4ae9e90b1c ] Request (TestDefaultProjectId:test_default_project_id): 201 POST https://dal-iaas-001-api-endpoint.prod.walmart.com:35357/v3/domains 0.631s
2016-08-12 22:30:44.901 4779 INFO tempest.lib.common.rest_client [req-7113eac4-318f-46d0-9080-94ad582e145f ] Request (ImagesMetadataTestJSON:setUp): 200 PUT https://dal-iaas-001-api-endpoint.prod.walmart.com:8774/v2/e5ae72f6d444423cb76ccbff7537b6b6/images/9b4ea077-e06e-45f7-be51-dd885778b5af/metadata 0.800s
2016-08-12 22:30:45.112 4781 INFO tempest.lib.common.rest_client [req-1f56fafe-b32d-4951-b397-9bf27a6bca8d ] Request (ServersAdminTestJSON:setUpClass): 200 GET https://dal-iaas-001-api-endpoint.prod.walmart.com:8774/v2/692a27a6258742dba65eea27fa87c737/servers/36afb879-ba81-495b-923a-bf8c6513ed48 0.461s
2016-08-12 22:30:45.121 4781 INFO tempest.common.waiters [-] State transition "BUILD/scheduling" ==> "BUILD/networking" after 8 second wait
2016-08-12 22:30:45.267 4778 INFO tempest.lib.common.rest_client [req-c61ef2d7-a0e7-49b8-ab1b-7da8943db663 ] Request (ListImageFiltersTestJSON:setUpClass): 409 PUT https://dal-iaas-001-api-endpoint.prod.walmart.com:35357/v2.0/tenants/7cc49cce19e54ba2a9c17570b305a6ae/users/61c031c3efe949148e1b0e47e25f9269/roles/OS-KSADM/9fe2ff9ee4384b1894a90878d3e92bab 0.768s
2016-08-12 22:30:45.267 4778 INFO tempest.common.dynamic_creds [-] Acquired dynamic creds:
 credentials: Credentials: {'username': u'tempest-ListImageFiltersTestJSON-452523448', 'project_name': u'tempest-ListImageFiltersTestJSON-452523448', 'user_id': u'61c031c3efe949148e1b0e47e25f9269', 'tenant_name': u'tempest-ListImageFiltersTestJSON-452523448', 'tenant_id': u'7cc49cce19e54ba2a9c17570b305a6ae', 'project_id': u'7cc49cce19e54ba2a9c17570b305a6ae'}, Network: None, Subnet: None, Router: None
2016-08-12 22:30:45.273 4780 INFO tempest.lib.common.rest_client [req-cd9d1caa-fe82-400a-bf33-49e822db2f70 ] Request (ImagesTestJSON:test_delete_saving_image): 200 POST https://dal-iaas-001-api-endpoint.prod.walmart.com:5443/v2.0/tokens
2016-08-12 22:30:45.345 4777 INFO tempest.lib.common.rest_client [req-16c65856-defc-4ae2-8642-22f421af481a ] Request (InstanceActionsTestJSON:setUpClass): 200 POST https://dal-iaas-001-api-endpoint.prod.walmart.com:35357/v2.0/tenants 0.844s
2016-08-12 22:30:45.429 4774 INFO tempest.lib.common.rest_client [req-f3bf35f1-c5ed-425c-a940-fcaf08998d41 ] Request (TestDefaultProjectId:test_default_project_id): 201 POST https://dal-iaas-001-api-endpoint.prod.walmart.com:35357/v3/projects 0.548s
2016-08-12 22:30:45.693 4779 INFO tempest.lib.common.rest_client [req-dc58df6b-d5bf-4c76-8261-e5483d254cfb ] Request (ImagesMetadataTestJSON:test_delete_image_metadata_item): 204 DELETE https://dal-iaas-001-api-endpoint.prod.walmart.com:8774/v2/e5ae72f6d444423cb76ccbff7537b6b6/images/9b4ea077-e06e-45f7-be51-dd885778b5af/metadata/os_version 0.790s
2016-08-12 22:30:45.760 4778 INFO tempest.lib.common.rest_client [req-d9d7d36d-3d49-40a6-a72c-c8c9a86a2c88 ] Request (ListImageFiltersTestJSON:setUpClass): 200 POST https://dal-iaas-001-api-endpoint.prod.walmart.com:5443/v2.0/tokens
2016-08-12 22:30:45.761 4775 INFO tempest.lib.common.rest_client [req-b6631668-bdf9-4693-abbd-edb55419a592 ] Request (main): 404 GET https://dal-iaas-001-api-endpoint.prod.walmart.com:8774/v2/36417e9d0b4e49ae81fb11234ce4a0c2/flavors/daed75e5-9be4-45f7-9bd0-ef71311ec98c 1.466s
2016-08-12 22:30:46.034 4777 INFO tempest.lib.common.rest_client [req-e79be804-6360-49a8-963e-189659be60e4 ] Request (InstanceActionsTestJSON:setUpClass): 200 POST https://dal-iaas-001-api-endpoint.prod.walmart.com:35357/v2.0/users 0.688s
2016-08-12 22:30:46.082 4774 INFO tempest.lib.common.rest_client [req-0bad16ca-b19c-4974-8fca-cd6aca7d5c36 ] Request (TestDefaultProjectId:test_default_project_id): 201 POST https://dal-iaas-001-api-endpoint.prod.walmart.com:35357/v3/users 0.651s
2016-08-12 22:30:46.150 4779 INFO tempest.lib.common.rest_client [req-5a19445b-d4d1-4faf-b689-3a4a47b68d69 ] Request (ImagesMetadataTestJSON:test_delete_image_metadata_item): 200 GET https://dal-iaas-001-api-endpoint.prod.walmart.com:8774/v2/e5ae72f6d444423cb76ccbff7537b6b6/images/9b4ea077-e06e-45f7-be51-dd885778b5af/metadata 0.457s
2016-08-12 22:30:46.310 4776 INFO tempest.lib.common.rest_client [req-ff2416bd-05cf-400d-8556-a6d7ebb5ba9d ] Request (DeleteServersTestJSON:test_delete_server_while_in_attached_volume): 200 GET https://dal-iaas-001-api-endpoint.prod.walmart.com:8774/v2/d172424f9a6942aa99b8e0d77cdc201f/servers/68d3d577-2be8-4272-9339-ed8164fc978b 0.509s
2016-08-12 22:30:46.318 4776 INFO tempest.common.waiters [-] State transition "BUILD/scheduling" ==> "BUILD/block_device_mapping" after 2 second wait
2016-08-12 22:30:46.457 4775 INFO tempest.lib.common.rest_client [req-0c2102e3-336d-49c7-b18e-1d46d00aab8e ] Request (FlavorDetailsNegativeTestJSON:tearDownClass): 204 DELETE https://dal-iaas-001-api-endpoint.prod.walmart.com:35357/v2.0/users/b52b38f100354bba8dce259165977a12 0.694s
2016-08-12 22:30:46.589 4781 INFO tempest.lib.common.rest_client [req-ded0c74d-a70a-446a-b69c-78b2280bda61 ] Request (ServersAdminTestJSON:setUpClass): 200 GET https://dal-iaas-001-api-endpoint.prod.walmart.com:8774/v2/692a27a6258742dba65eea27fa87c737/servers/36afb879-ba81-495b-923a-bf8c6513ed48 0.463s
2016-08-12 22:30:46.596 4781 INFO tempest.common.waiters [-] State transition "BUILD/networking" ==> "BUILD/scheduling" after 9 second wait
2016-08-12 22:30:46.679 4777 INFO tempest.lib.common.rest_client [req-67ecacfa-f9cd-4494-baf9-6bdbcb1100fc ] Request (InstanceActionsTestJSON:setUpClass): 200 GET https://dal-iaas-001-api-endpoint.prod.walmart.com:35357/v2.0/OS-KSADM/roles 0.644s
2016-08-12 22:30:46.775 4780 INFO tempest.lib.common.rest_client [req-e3c1fade-4e8d-4bd9-8514-794a80b1d679 ] Request (ImagesTestJSON:test_delete_saving_image): 200 GET https://dal-iaas-001-api-endpoint.prod.walmart.com:8774/v2/e943654eef534b1c83998fd8e3e46b05/os-networks 1.501s
2016-08-12 22:30:46.776 4780 INFO tempest.common.fixed_network [-] (ImagesTestJSON:test_delete_saving_image) Found network {'name': u'net1', u'dns2': None, u'dns1': None, u'cidr': None, u'label': u'net1', u'broadcast': None, u'netmask': None, u'gateway_v6': None, u'id': u'1db35de8-93c8-455c-a1c1-720801bd971a', u'cidr_v6': None, u'gateway': None, u'netmask_v6': None} available for tenant
2016-08-12 22:30:46.778 4774 INFO tempest.lib.common.rest_client [req-527fdd33-c1c4-4954-9dc7-8bc45b0b2a93 ] Request (TestDefaultProjectId:test_default_project_id): 200 GET https://dal-iaas-001-api-endpoint.prod.walmart.com:35357/v3/roles 0.695s
2016-08-12 22:30:46.973 4779 INFO tempest.lib.common.rest_client [req-69fea36f-fdc8-4355-a632-d1a609aa9976 ] Request (ImagesMetadataTestJSON:setUp): 200 PUT https://dal-iaas-001-api-endpoint.prod.walmart.com:8774/v2/e5ae72f6d444423cb76ccbff7537b6b6/images/9b4ea077-e06e-45f7-be51-dd885778b5af/metadata 0.820s
2016-08-12 22:30:47.062 4778 INFO tempest.lib.common.rest_client [req-9eaeb3ac-f92e-470a-9fc7-33ec140211de ] Request (ListImageFiltersTestJSON:setUpClass): 201 POST https://dal-iaas-001-api-endpoint.prod.walmart.com:9292/v1/images 1.301s
