2016-08-11 02:28:21.064 30145 INFO tempest.lib.common.rest_client [req-e5c7c296-c638-4a51-b8cd-326c12fb7c74 ] Request (ServersWithSpecificFlavorTestJSON:tearDownClass): 204 DELETE https://dal-iaas-001-api-endpoint.prod.walmart.com:35357/v2.0/tenants/2c2dd70b82fb40789d890023f47bac6c 1.087s
2016-08-11 02:28:21.131 30146 INFO tempest.lib.common.rest_client [req-1c6e9d70-e3a4-40b8-befe-021fa750ca6d ] Request (FloatingIPsBulkAdminTestJSON:test_create_list_delete_floating_ips_bulk): 200 POST https://dal-iaas-001-api-endpoint.prod.walmart.com:8774/v2/4b16bdfc32414302b91112b781538550/os-floating-ips-bulk 0.261s
2016-08-11 02:28:21.349 30152 INFO tempest.lib.common.rest_client [req-74de8c52-d78d-41e1-838a-a29ee022e22a ] Request (ImagesOneServerNegativeTestJSON:setUpClass): 200 GET https://dal-iaas-001-api-endpoint.prod.walmart.com:8774/v2/be52761d99c44edca859583c648e7f47/servers/bbaa4f04-7b70-4d32-95f3-e91c7ae08605 0.542s
2016-08-11 02:28:21.357 30152 INFO tempest.common.waiters [-] State transition "BUILD/None" ==> "BUILD/scheduling" after 8 second wait
2016-08-11 02:28:21.420 30146 INFO tempest.lib.common.rest_client [req-a89ffc35-d9b1-43f2-9898-f005d85d217c ] Request (FloatingIPsBulkAdminTestJSON:test_create_list_delete_floating_ips_bulk): 200 GET https://dal-iaas-001-api-endpoint.prod.walmart.com:8774/v2/4b16bdfc32414302b91112b781538550/os-floating-ips-bulk 0.287s
2016-08-11 02:28:21.601 30151 INFO tempest.lib.common.rest_client [req-5e445e19-1e76-4f3a-99ac-4d9e4e1cb996 ] Request (ImagesOneServerTestJSON:tearDownClass): 200 GET https://dal-iaas-001-api-endpoint.prod.walmart.com:9696/v2.0/security-groups?tenant_id=29c1fa762c2541c3b735070704292eca&name=default 2.294s
2016-08-11 02:28:21.634 30150 INFO tempest.lib.common.rest_client [req-478cc86a-c28f-49cc-ac8e-badce03c1918 ] Request (InstanceUsageAuditLogTestJSON:setUpClass): 200 POST https://dal-iaas-001-api-endpoint.prod.walmart.com:35357/v2.0/tenants 0.925s
2016-08-11 02:28:21.650 30147 INFO tempest.lib.common.rest_client [req-4c5200a0-b404-43de-9cab-282535a3c718 ] Request (HypervisorAdminNegativeTestJSON:tearDownClass): 204 DELETE https://dal-iaas-001-api-endpoint.prod.walmart.com:35357/v2.0/tenants/738e0b4f1dd84b7da9217d1a04acfdb8 0.974s
2016-08-11 02:28:21.671 30148 INFO tempest.lib.common.rest_client [req-9b06126a-6cb7-44a2-b889-70dd616791b6 ] Request (FloatingIPsTestJSON:setUpClass): 200 GET https://dal-iaas-001-api-endpoint.prod.walmart.com:8774/v2/b0ff48e6ceeb4315a6eb360b7f7de37c/os-networks 2.300s
2016-08-11 02:28:21.672 30148 WARNING tempest.common.fixed_network [-] (FloatingIPsTestJSON:setUpClass) Network with name: jhd-network not found
2016-08-11 02:28:21.672 30148 INFO tempest.common.fixed_network [-] (FloatingIPsTestJSON:setUpClass) Found network {} available for tenant
2016-08-11 02:28:21.876 30146 INFO tempest.lib.common.rest_client [req-8fc55336-06ff-4ae6-9c5f-940eb5859721 ] Request (FloatingIPsBulkAdminTestJSON:test_create_list_delete_floating_ips_bulk): 200 PUT https://dal-iaas-001-api-endpoint.prod.walmart.com:8774/v2/4b16bdfc32414302b91112b781538550/os-floating-ips-bulk/delete 0.450s
2016-08-11 02:28:21.883 30151 INFO tempest.lib.common.rest_client [req-8716f3ad-a299-430a-a76e-2b3ed8d3b775 ] Request (ImagesOneServerTestJSON:tearDownClass): 409 DELETE https://dal-iaas-001-api-endpoint.prod.walmart.com:9696/v2.0/security-groups/77018f2f-32cb-4926-85b4-5655052121b0 0.282s
2016-08-11 02:28:21.884 30151 ERROR tempest.test [-] teardown of credentials failed: An object with that identifier already exists
Details: {u'message': u'Security Group 77018f2f-32cb-4926-85b4-5655052121b0 in use.', u'type': u'SecurityGroupInUse', u'detail': u''}
2016-08-11 02:28:21.884 30151 ERROR tempest.test Traceback (most recent call last):
2016-08-11 02:28:21.884 30151 ERROR tempest.test   File "/Users/vktiwar/openstack/git-clone/daliaas1/tempest/test.py", line 294, in tearDownClass
2016-08-11 02:28:21.884 30151 ERROR tempest.test     teardown()
2016-08-11 02:28:21.884 30151 ERROR tempest.test   File "/Users/vktiwar/openstack/git-clone/daliaas1/tempest/test.py", line 546, in clear_credentials
2016-08-11 02:28:21.884 30151 ERROR tempest.test     cls._creds_provider.clear_creds()
2016-08-11 02:28:21.884 30151 ERROR tempest.test   File "/Users/vktiwar/openstack/git-clone/daliaas1/tempest/common/dynamic_creds.py", line 406, in clear_creds
2016-08-11 02:28:21.884 30151 ERROR tempest.test     self._cleanup_default_secgroup(creds.tenant_id)
2016-08-11 02:28:21.884 30151 ERROR tempest.test   File "/Users/vktiwar/openstack/git-clone/daliaas1/tempest/common/dynamic_creds.py", line 358, in _cleanup_default_secgroup
2016-08-11 02:28:21.884 30151 ERROR tempest.test     nsg_client.delete_security_group(secgroup['id'])
2016-08-11 02:28:21.884 30151 ERROR tempest.test   File "/Users/vktiwar/openstack/git-clone/daliaas1/tempest/lib/services/network/security_groups_client.py", line 54, in delete_security_group
2016-08-11 02:28:21.884 30151 ERROR tempest.test     return self.delete_resource(uri)
2016-08-11 02:28:21.884 30151 ERROR tempest.test   File "/Users/vktiwar/openstack/git-clone/daliaas1/tempest/lib/services/network/base.py", line 41, in delete_resource
2016-08-11 02:28:21.884 30151 ERROR tempest.test     resp, body = self.delete(req_uri)
2016-08-11 02:28:21.884 30151 ERROR tempest.test   File "/Users/vktiwar/openstack/git-clone/daliaas1/tempest/lib/common/rest_client.py", line 304, in delete
2016-08-11 02:28:21.884 30151 ERROR tempest.test     return self.request('DELETE', url, extra_headers, headers, body)
2016-08-11 02:28:21.884 30151 ERROR tempest.test   File "/Users/vktiwar/openstack/git-clone/daliaas1/tempest/lib/common/rest_client.py", line 667, in request
2016-08-11 02:28:21.884 30151 ERROR tempest.test     resp, resp_body)
2016-08-11 02:28:21.884 30151 ERROR tempest.test   File "/Users/vktiwar/openstack/git-clone/daliaas1/tempest/lib/common/rest_client.py", line 780, in _error_checker
2016-08-11 02:28:21.884 30151 ERROR tempest.test     raise exceptions.Conflict(resp_body, resp=resp)
2016-08-11 02:28:21.884 30151 ERROR tempest.test Conflict: An object with that identifier already exists
2016-08-11 02:28:21.884 30151 ERROR tempest.test Details: {u'message': u'Security Group 77018f2f-32cb-4926-85b4-5655052121b0 in use.', u'type': u'SecurityGroupInUse', u'detail': u''}
2016-08-11 02:28:21.884 30151 ERROR tempest.test 
2016-08-11 02:28:22.094 30145 INFO tempest.lib.common.rest_client [req-486cd0ea-d139-4464-bbda-573781a1cbb7 ] Request (ServersWithSpecificFlavorTestJSON:tearDownClass): 204 DELETE https://dal-iaas-001-api-endpoint.prod.walmart.com:35357/v2.0/users/6dfcf0789b534d298345b2d8eacf9d21 1.030s
2016-08-11 02:28:22.126 30148 INFO tempest.lib.common.rest_client [req-6fc4fb89-35ec-426c-8421-f5b6e9698661 ] Request (FloatingIPsTestJSON:setUpClass): 200 POST https://dal-iaas-001-api-endpoint.prod.walmart.com:5443/v2.0/tokens
2016-08-11 02:28:22.146 30146 INFO tempest.lib.common.rest_client [req-02c3f6e1-8a1e-4065-9148-58ed5698cc34 ] Request (FloatingIPsBulkAdminTestJSON:_run_cleanups): 200 PUT https://dal-iaas-001-api-endpoint.prod.walmart.com:8774/v2/4b16bdfc32414302b91112b781538550/os-floating-ips-bulk/delete 0.269s
2016-08-11 02:28:22.383 30145 INFO tempest.lib.common.rest_client [req-347a2cfb-90b7-4f24-8bf6-f4f5a5e48103 ] Request (ServersWithSpecificFlavorTestJSON:tearDownClass): 200 GET https://dal-iaas-001-api-endpoint.prod.walmart.com:9696/v2.0/security-groups?tenant_id=e6a63a4976354b5f81b5ef71340dfa0e&name=default 0.288s
2016-08-11 02:28:22.444 30151 INFO tempest.lib.common.rest_client [req-5fecdc10-022d-47a7-875e-4430408c895c ] Request (AZV2TestJSON:setUpClass): 200 POST https://dal-iaas-001-api-endpoint.prod.walmart.com:5443/v2.0/tokens
2016-08-11 02:28:22.707 30145 INFO tempest.lib.common.rest_client [req-b65a488e-8db7-4c29-8fbb-cd973693f4ae ] Request (ServersWithSpecificFlavorTestJSON:tearDownClass): 204 DELETE https://dal-iaas-001-api-endpoint.prod.walmart.com:9696/v2.0/security-groups/97cb0cbd-76e9-4d0c-9d43-c98d2e506316 0.323s
2016-08-11 02:28:22.737 30150 INFO tempest.lib.common.rest_client [req-d4e63af1-21f4-4edc-bab6-5a902347320e ] Request (InstanceUsageAuditLogTestJSON:setUpClass): 200 POST https://dal-iaas-001-api-endpoint.prod.walmart.com:35357/v2.0/users 1.101s
2016-08-11 02:28:22.752 30147 INFO tempest.lib.common.rest_client [req-8f7a897c-ed5a-431d-86a5-b992deb58dfd ] Request (HypervisorAdminNegativeTestJSON:tearDownClass): 204 DELETE https://dal-iaas-001-api-endpoint.prod.walmart.com:35357/v2.0/users/fd77d2011fb5434098a46597f2a4d4ca 1.101s
2016-08-11 02:28:22.879 30152 INFO tempest.lib.common.rest_client [req-d1da80cb-364b-48d3-8f52-829711f1b934 ] Request (ImagesOneServerNegativeTestJSON:setUpClass): 200 GET https://dal-iaas-001-api-endpoint.prod.walmart.com:8774/v2/be52761d99c44edca859583c648e7f47/servers/bbaa4f04-7b70-4d32-95f3-e91c7ae08605 0.518s
2016-08-11 02:28:22.887 30152 INFO tempest.common.waiters [-] State transition "BUILD/scheduling" ==> "BUILD/None" after 9 second wait
2016-08-11 02:28:23.056 30147 INFO tempest.lib.common.rest_client [req-3d4bbc05-f5f5-4491-b3b6-758f9efbb7c1 ] Request (HypervisorAdminNegativeTestJSON:tearDownClass): 200 GET https://dal-iaas-001-api-endpoint.prod.walmart.com:9696/v2.0/security-groups?tenant_id=9774ee879cf246ac892dbcea2bbcd674&name=default 0.304s
2016-08-11 02:28:23.088 30151 INFO tempest.lib.common.rest_client [req-4cd848a4-7671-4b73-a129-2c9e180fec91 ] Request (AZV2TestJSON:setUpClass): 200 POST https://dal-iaas-001-api-endpoint.prod.walmart.com:5443/v2.0/tokens
2016-08-11 02:28:23.150 30146 INFO tempest.lib.common.rest_client [req-2669f5b9-1344-4dbc-a9b8-b0110a0cf2d0 ] Request (FloatingIPsBulkAdminTestJSON:tearDownClass): 204 DELETE https://dal-iaas-001-api-endpoint.prod.walmart.com:35357/v2.0/users/195b2c12c6fe4b5d81f8e0d62b6e06f2 1.001s
2016-08-11 02:28:23.397 30147 INFO tempest.lib.common.rest_client [req-f729fd1a-49df-48a4-a8d2-ccdf96f761d2 ] Request (HypervisorAdminNegativeTestJSON:tearDownClass): 204 DELETE https://dal-iaas-001-api-endpoint.prod.walmart.com:9696/v2.0/security-groups/ef6264ba-0d67-4abf-b539-7b8b43b2b7ad 0.339s
2016-08-11 02:28:23.555 30150 INFO tempest.lib.common.rest_client [req-0f06accc-2224-4c2e-8bf3-3b5bf11b45a1 ] Request (InstanceUsageAuditLogTestJSON:setUpClass): 200 GET https://dal-iaas-001-api-endpoint.prod.walmart.com:35357/v2.0/OS-KSADM/roles 0.817s
2016-08-11 02:28:23.812 30145 INFO tempest.lib.common.rest_client [req-7fc6c2be-17a2-45d2-948e-df165f341053 ] Request (ServersWithSpecificFlavorTestJSON:tearDownClass): 204 DELETE https://dal-iaas-001-api-endpoint.prod.walmart.com:35357/v2.0/tenants/e6a63a4976354b5f81b5ef71340dfa0e 1.104s
2016-08-11 02:28:24.024 30151 INFO tempest.lib.common.rest_client [req-feb4cd04-cf6e-41a7-920e-5d4fbe081d9b ] Request (AZV2TestJSON:setUpClass): 200 POST https://dal-iaas-001-api-endpoint.prod.walmart.com:35357/v2.0/tenants 0.936s
2016-08-11 02:28:24.371 30145 INFO tempest.lib.common.rest_client [req-a31c71e7-c63a-435d-836f-678fee59268d ] Request (InstanceActionsTestJSON:setUpClass): 200 POST https://dal-iaas-001-api-endpoint.prod.walmart.com:5443/v2.0/tokens
2016-08-11 02:28:24.380 30152 INFO tempest.lib.common.rest_client [req-9e8db09f-d19f-4bde-b627-671271475f0c ] Request (ImagesOneServerNegativeTestJSON:setUpClass): 200 GET https://dal-iaas-001-api-endpoint.prod.walmart.com:8774/v2/be52761d99c44edca859583c648e7f47/servers/bbaa4f04-7b70-4d32-95f3-e91c7ae08605 0.490s
2016-08-11 02:28:24.390 30152 INFO tempest.common.waiters [-] State transition "BUILD/None" ==> "BUILD/spawning" after 11 second wait
2016-08-11 02:28:24.476 30147 INFO tempest.lib.common.rest_client [req-1e937064-8e61-40fc-8764-5d044b66e2dd ] Request (HypervisorAdminNegativeTestJSON:tearDownClass): 204 DELETE https://dal-iaas-001-api-endpoint.prod.walmart.com:35357/v2.0/tenants/9774ee879cf246ac892dbcea2bbcd674 1.079s
2016-08-11 02:28:24.476 30150 INFO tempest.lib.common.rest_client [req-ef4a5f6c-0cb7-4e42-a87a-9ebb2b747d2d ] Request (InstanceUsageAuditLogTestJSON:setUpClass): 200 PUT https://dal-iaas-001-api-endpoint.prod.walmart.com:35357/v2.0/tenants/99a0d36b78364e56bf2b0207ddddb00a/users/acfdd86d9f704569b2a1a9c9c33a6378/roles/OS-KSADM/b5b0387bbe864c43a2999e531988bb8f 0.921s
2016-08-11 02:28:24.849 30145 INFO tempest.lib.common.rest_client [req-f63cf227-ae1c-4561-9a2b-4409ba207a0c ] Request (InstanceActionsTestJSON:setUpClass): 200 POST https://dal-iaas-001-api-endpoint.prod.walmart.com:5443/v2.0/tokens
2016-08-11 02:28:24.997 30147 INFO tempest.lib.common.rest_client [req-db94adc9-0db3-425a-b3b0-87bce7b68f56 ] Request (ServicesAdminTestJSON:setUpClass): 200 POST https://dal-iaas-001-api-endpoint.prod.walmart.com:5443/v2.0/tokens
2016-08-11 02:28:25.043 30151 INFO tempest.lib.common.rest_client [req-9887ece4-5ee9-46c4-88dd-9d4e084bd0c8 ] Request (AZV2TestJSON:setUpClass): 200 POST https://dal-iaas-001-api-endpoint.prod.walmart.com:35357/v2.0/users 1.018s
2016-08-11 02:28:25.273 30148 INFO tempest.lib.common.rest_client [req-19cc1919-2f39-45e1-b1ca-a5ed89b2384a ] Request (FloatingIPsTestJSON:setUpClass): 202 POST https://dal-iaas-001-api-endpoint.prod.walmart.com:8774/v2/b0ff48e6ceeb4315a6eb360b7f7de37c/servers 3.146s
2016-08-11 02:28:25.368 30150 INFO tempest.lib.common.rest_client [req-f657bc8f-c420-4f81-ac2d-a2819edd648a ] Request (InstanceUsageAuditLogTestJSON:setUpClass): 200 GET https://dal-iaas-001-api-endpoint.prod.walmart.com:35357/v2.0/OS-KSADM/roles 0.891s
2016-08-11 02:28:25.405 30146 INFO tempest.lib.common.rest_client [req-5323ef44-965f-46f7-a113-ea07325c41c3 ] Request (FloatingIPsBulkAdminTestJSON:tearDownClass): 200 GET https://dal-iaas-001-api-endpoint.prod.walmart.com:9696/v2.0/security-groups?tenant_id=4b16bdfc32414302b91112b781538550&name=default 2.255s
2016-08-11 02:28:25.545 30147 INFO tempest.lib.common.rest_client [req-7db8ce59-bfee-4024-a438-e26d45ab77d9 ] Request (ServicesAdminTestJSON:setUpClass): 200 POST https://dal-iaas-001-api-endpoint.prod.walmart.com:5443/v2.0/tokens
2016-08-11 02:28:25.717 30148 INFO tempest.lib.common.rest_client [req-de1fc67a-2ae5-4ac1-8141-1564d8954b7f ] Request (FloatingIPsTestJSON:setUpClass): 200 GET https://dal-iaas-001-api-endpoint.prod.walmart.com:8774/v2/b0ff48e6ceeb4315a6eb360b7f7de37c/servers/53e90688-d331-4978-8e9f-38e877163400 0.441s
2016-08-11 02:28:25.762 30146 INFO tempest.lib.common.rest_client [req-ac5592b7-3833-43c3-b0a8-3c71131b9730 ] Request (FloatingIPsBulkAdminTestJSON:tearDownClass): 204 DELETE https://dal-iaas-001-api-endpoint.prod.walmart.com:9696/v2.0/security-groups/8019344f-5ffe-482b-a694-bd160db80a2c 0.356s
2016-08-11 02:28:25.834 30145 INFO tempest.lib.common.rest_client [req-4fdb17f9-31ae-46a9-918e-08c18f01ae53 ] Request (InstanceActionsTestJSON:setUpClass): 200 POST https://dal-iaas-001-api-endpoint.prod.walmart.com:35357/v2.0/tenants 0.984s
2016-08-11 02:28:25.855 30152 INFO tempest.lib.common.rest_client [req-c7f6045e-6787-4aa8-a386-6ec1952e9249 ] Request (ImagesOneServerNegativeTestJSON:setUpClass): 200 GET https://dal-iaas-001-api-endpoint.prod.walmart.com:8774/v2/be52761d99c44edca859583c648e7f47/servers/bbaa4f04-7b70-4d32-95f3-e91c7ae08605 0.463s
2016-08-11 02:28:25.864 30152 INFO tempest.common.waiters [-] State transition "BUILD/spawning" ==> "BUILD/None" after 12 second wait
2016-08-11 02:28:25.991 30151 INFO tempest.lib.common.rest_client [req-aedc1ab8-06f6-4767-af23-ef4cadeabb8d ] Request (AZV2TestJSON:setUpClass): 200 GET https://dal-iaas-001-api-endpoint.prod.walmart.com:35357/v2.0/OS-KSADM/roles 0.947s
2016-08-11 02:28:26.283 30150 INFO tempest.lib.common.rest_client [req-cecad321-0524-48be-89b5-94caa3901b52 ] Request (InstanceUsageAuditLogTestJSON:setUpClass): 409 PUT https://dal-iaas-001-api-endpoint.prod.walmart.com:35357/v2.0/tenants/99a0d36b78364e56bf2b0207ddddb00a/users/acfdd86d9f704569b2a1a9c9c33a6378/roles/OS-KSADM/9fe2ff9ee4384b1894a90878d3e92bab 0.914s
2016-08-11 02:28:26.284 30150 INFO tempest.common.dynamic_creds [-] Acquired dynamic creds:
 credentials: Credentials: {'username': u'tempest-InstanceUsageAuditLogTestJSON-2006457704', 'project_name': u'tempest-InstanceUsageAuditLogTestJSON-2006457704', 'user_id': u'acfdd86d9f704569b2a1a9c9c33a6378', 'tenant_name': u'tempest-InstanceUsageAuditLogTestJSON-2006457704', 'tenant_id': u'99a0d36b78364e56bf2b0207ddddb00a', 'project_id': u'99a0d36b78364e56bf2b0207ddddb00a'}, Network: None, Subnet: None, Router: None
2016-08-11 02:28:26.616 30147 INFO tempest.lib.common.rest_client [req-a9642469-5a41-4198-aab9-25e30051f4f7 ] Request (ServicesAdminTestJSON:setUpClass): 200 POST https://dal-iaas-001-api-endpoint.prod.walmart.com:35357/v2.0/tenants 1.070s
2016-08-11 02:28:26.726 30150 INFO tempest.lib.common.rest_client [req-5de00eec-96c3-4ae2-a6ec-a3a10adac600 ] Request (InstanceUsageAuditLogTestJSON:test_get_instance_usage_audit_log): 200 POST https://dal-iaas-001-api-endpoint.prod.walmart.com:5443/v2.0/tokens
2016-08-11 02:28:26.883 30151 INFO tempest.lib.common.rest_client [req-310a7e62-b84d-4c3a-8ca7-c3ef645aa76b ] Request (AZV2TestJSON:setUpClass): 409 PUT https://dal-iaas-001-api-endpoint.prod.walmart.com:35357/v2.0/tenants/400b1e8bafdf4f4aa7d7ad55b833f3dd/users/908b2ffc8cf948e29e2264d5f7b54c8b/roles/OS-KSADM/9fe2ff9ee4384b1894a90878d3e92bab 0.891s
2016-08-11 02:28:26.883 30151 INFO tempest.common.dynamic_creds [-] Acquired dynamic creds:
 credentials: Credentials: {'username': u'tempest-AZV2TestJSON-1500953684', 'project_name': u'tempest-AZV2TestJSON-1500953684', 'user_id': u'908b2ffc8cf948e29e2264d5f7b54c8b', 'tenant_name': u'tempest-AZV2TestJSON-1500953684', 'tenant_id': u'400b1e8bafdf4f4aa7d7ad55b833f3dd', 'project_id': u'400b1e8bafdf4f4aa7d7ad55b833f3dd'}, Network: None, Subnet: None, Router: None
2016-08-11 02:28:27.034 30145 INFO tempest.lib.common.rest_client [req-496e955c-8aa9-4f64-9d40-5283d30624ce ] Request (InstanceActionsTestJSON:setUpClass): 200 POST https://dal-iaas-001-api-endpoint.prod.walmart.com:35357/v2.0/users 1.199s
2016-08-11 02:28:27.076 30146 INFO tempest.lib.common.rest_client [req-e3899f9b-c411-4ea9-996a-255d840acdd9 ] Request (FloatingIPsBulkAdminTestJSON:tearDownClass): 204 DELETE https://dal-iaas-001-api-endpoint.prod.walmart.com:35357/v2.0/tenants/4b16bdfc32414302b91112b781538550 1.313s
2016-08-11 02:28:27.296 30148 INFO tempest.lib.common.rest_client [req-3fb68144-2a0d-4aba-a51b-0a40e14f4dc0 ] Request (FloatingIPsTestJSON:setUpClass): 200 GET https://dal-iaas-001-api-endpoint.prod.walmart.com:8774/v2/b0ff48e6ceeb4315a6eb360b7f7de37c/servers/53e90688-d331-4978-8e9f-38e877163400 0.568s
2016-08-11 02:28:27.303 30148 INFO tempest.common.waiters [-] State transition "BUILD/scheduling" ==> "BUILD/block_device_mapping" after 2 second wait
2016-08-11 02:28:27.353 30151 INFO tempest.lib.common.rest_client [req-d2b54fff-9c35-4ccd-8853-8284bd5eed64 ] Request (AZV2TestJSON:test_get_availability_zone_list_with_non_admin_user): 200 POST https://dal-iaas-001-api-endpoint.prod.walmart.com:5443/v2.0/tokens
2016-08-11 02:28:27.369 30152 INFO tempest.lib.common.rest_client [req-f4c7e542-31bd-494c-806d-375728d1d41b ] Request (ImagesOneServerNegativeTestJSON:setUpClass): 200 GET https://dal-iaas-001-api-endpoint.prod.walmart.com:8774/v2/be52761d99c44edca859583c648e7f47/servers/bbaa4f04-7b70-4d32-95f3-e91c7ae08605 0.502s
2016-08-11 02:28:27.376 30152 INFO tempest.common.waiters [-] State transition "BUILD/None" ==> "BUILD/block_device_mapping" after 14 second wait
2016-08-11 02:28:27.553 30147 INFO tempest.lib.common.rest_client [req-31441e4d-a03e-478f-b9d2-e5cd20ddf2de ] Request (ServicesAdminTestJSON:setUpClass): 200 POST https://dal-iaas-001-api-endpoint.prod.walmart.com:35357/v2.0/users 0.937s
2016-08-11 02:28:27.756 30149 INFO tempest.lib.common.rest_client [req-7d183e5a-1d1e-4404-a225-45ba5b6604bb ] Request (SecurityGroupsTestAdminJSON:test_list_security_groups_list_all_tenants_filter): 200 GET https://dal-iaas-001-api-endpoint.prod.walmart.com:8774/v2/71b7a4bb52164eed8eb4aba1293d0fe4/os-security-groups?all_tenants=true 23.806s
2016-08-11 02:28:28.043 30145 INFO tempest.lib.common.rest_client [req-cc814369-4f46-44d7-b78d-dfa6ef06e24f ] Request (InstanceActionsTestJSON:setUpClass): 200 GET https://dal-iaas-001-api-endpoint.prod.walmart.com:35357/v2.0/OS-KSADM/roles 1.008s
2016-08-11 02:28:28.174 30146 INFO tempest.lib.common.rest_client [req-dd452e76-5e6b-45f4-be0f-150b8e86361e ] Request (FloatingIPsBulkAdminTestJSON:tearDownClass): 204 DELETE https://dal-iaas-001-api-endpoint.prod.walmart.com:35357/v2.0/users/4e1b21c35aeb4b0a94425ce8626b05bc 1.097s
2016-08-11 02:28:28.297 30149 INFO tempest.lib.common.rest_client [req-120bdc6d-3dc2-4f8f-b4fc-5b19c2c2b1c4 ] Request (SecurityGroupsTestAdminJSON:test_list_security_groups_list_all_tenants_filter): 200 GET https://dal-iaas-001-api-endpoint.prod.walmart.com:8774/v2/b361131c46af4ccba8531d462957053a/os-security-groups?all_tenants=true 0.402s
2016-08-11 02:28:28.437 30147 INFO tempest.lib.common.rest_client [req-94a6333f-59b9-44f0-bff6-4fd2aed8e7e7 ] Request (ServicesAdminTestJSON:setUpClass): 200 GET https://dal-iaas-001-api-endpoint.prod.walmart.com:35357/v2.0/OS-KSADM/roles 0.883s
2016-08-11 02:28:28.510 30146 INFO tempest.lib.common.rest_client [req-ea493bcd-a5f6-45cb-a412-9a7d56c1749c ] Request (FloatingIPsBulkAdminTestJSON:tearDownClass): 200 GET https://dal-iaas-001-api-endpoint.prod.walmart.com:9696/v2.0/security-groups?tenant_id=dd6ddc6eb71f4cbba5cfe698e9254b70&name=default 0.336s
2016-08-11 02:28:28.726 30149 INFO tempest.lib.common.rest_client [req-6b925977-2407-4f2f-9c1b-94ec5fb94560 ] Request (SecurityGroupsTestAdminJSON:_run_cleanups): 202 DELETE https://dal-iaas-001-api-endpoint.prod.walmart.com:8774/v2/71b7a4bb52164eed8eb4aba1293d0fe4/os-security-groups/0e676850-b2c2-4196-918c-d66f3ade4ef8 0.424s
2016-08-11 02:28:28.818 30148 INFO tempest.lib.common.rest_client [req-5f2219e4-4801-4bb4-aea5-6256d8fa4e4d ] Request (FloatingIPsTestJSON:setUpClass): 200 GET https://dal-iaas-001-api-endpoint.prod.walmart.com:8774/v2/b0ff48e6ceeb4315a6eb360b7f7de37c/servers/53e90688-d331-4978-8e9f-38e877163400 0.513s
2016-08-11 02:28:28.826 30148 INFO tempest.common.waiters [-] State transition "BUILD/block_device_mapping" ==> "BUILD/spawning" after 3 second wait
2016-08-11 02:28:28.833 30146 INFO tempest.lib.common.rest_client [req-6ebbb185-8eb0-4b81-a7d9-a0efd4d96161 ] Request (FloatingIPsBulkAdminTestJSON:tearDownClass): 204 DELETE https://dal-iaas-001-api-endpoint.prod.walmart.com:9696/v2.0/security-groups/493845ca-fa7f-45f7-9448-e346275699d5 0.321s
2016-08-11 02:28:28.884 30152 INFO tempest.lib.common.rest_client [req-a7379403-d56b-4414-ad81-1badf32871b1 ] Request (ImagesOneServerNegativeTestJSON:setUpClass): 200 GET https://dal-iaas-001-api-endpoint.prod.walmart.com:8774/v2/be52761d99c44edca859583c648e7f47/servers/bbaa4f04-7b70-4d32-95f3-e91c7ae08605 0.506s
2016-08-11 02:28:28.891 30152 INFO tempest.common.waiters [-] State transition "BUILD/block_device_mapping" ==> "BUILD/scheduling" after 15 second wait
2016-08-11 02:28:28.979 30145 INFO tempest.lib.common.rest_client [req-5dbcb939-9f11-4e49-aa83-6c3954d300bd ] Request (InstanceActionsTestJSON:setUpClass): 409 PUT https://dal-iaas-001-api-endpoint.prod.walmart.com:35357/v2.0/tenants/7bd54bea20f74d74a484e7172e91fb40/users/b97629bda1f1490ca845ef00c24bfb52/roles/OS-KSADM/9fe2ff9ee4384b1894a90878d3e92bab 0.935s
2016-08-11 02:28:28.979 30145 INFO tempest.common.dynamic_creds [-] Acquired dynamic creds:
 credentials: Credentials: {'username': u'tempest-InstanceActionsTestJSON-986725975', 'project_name': u'tempest-InstanceActionsTestJSON-986725975', 'user_id': u'b97629bda1f1490ca845ef00c24bfb52', 'tenant_name': u'tempest-InstanceActionsTestJSON-986725975', 'tenant_id': u'7bd54bea20f74d74a484e7172e91fb40', 'project_id': u'7bd54bea20f74d74a484e7172e91fb40'}, Network: None, Subnet: None, Router: None
2016-08-11 02:28:29.076 30150 INFO tempest.lib.common.rest_client [req-73575e5a-d2d2-4299-a4ca-1505054501f7 ] Request (InstanceUsageAuditLogTestJSON:test_get_instance_usage_audit_log): 200 GET https://dal-iaas-001-api-endpoint.prod.walmart.com:8774/v2/99a0d36b78364e56bf2b0207ddddb00a/os-instance_usage_audit_log/2016-08-11%2002%3A28%3A26 2.349s
2016-08-11 02:28:29.124 30149 INFO tempest.lib.common.rest_client [req-df4f40da-d636-48fc-9e84-669bf3d4d0bb ] Request (SecurityGroupsTestAdminJSON:_run_cleanups): 202 DELETE https://dal-iaas-001-api-endpoint.prod.walmart.com:8774/v2/71b7a4bb52164eed8eb4aba1293d0fe4/os-security-groups/c247206b-2ff8-432b-81ee-4d9cd3fec01f 0.397s
2016-08-11 02:28:29.365 30147 INFO tempest.lib.common.rest_client [req-14759cc1-0900-46e3-9b73-dc56913110d4 ] Request (ServicesAdminTestJSON:setUpClass): 409 PUT https://dal-iaas-001-api-endpoint.prod.walmart.com:35357/v2.0/tenants/61a93561a39e4fa19ed64c6125af8600/users/049e7a6ea8b0454aa9c39a39189870e7/roles/OS-KSADM/9fe2ff9ee4384b1894a90878d3e92bab 0.927s
2016-08-11 02:28:29.366 30147 INFO tempest.common.dynamic_creds [-] Acquired dynamic creds:
 credentials: Credentials: {'username': u'tempest-ServicesAdminTestJSON-860363552', 'project_name': u'tempest-ServicesAdminTestJSON-860363552', 'user_id': u'049e7a6ea8b0454aa9c39a39189870e7', 'tenant_name': u'tempest-ServicesAdminTestJSON-860363552', 'tenant_id': u'61a93561a39e4fa19ed64c6125af8600', 'project_id': u'61a93561a39e4fa19ed64c6125af8600'}, Network: None, Subnet: None, Router: None
2016-08-11 02:28:29.384 30150 INFO tempest.lib.common.rest_client [req-7d4248cc-aef8-4e35-adf0-9cb207dc42d4 ] Request (InstanceUsageAuditLogTestJSON:test_list_instance_usage_audit_logs): 200 GET https://dal-iaas-001-api-endpoint.prod.walmart.com:8774/v2/99a0d36b78364e56bf2b0207ddddb00a/os-instance_usage_audit_log 0.303s
2016-08-11 02:28:29.417 30145 INFO tempest.lib.common.rest_client [req-0ddc2fc5-0681-448c-b70a-5806de2c8303 ] Request (InstanceActionsTestJSON:setUpClass): 200 POST https://dal-iaas-001-api-endpoint.prod.walmart.com:5443/v2.0/tokens
2016-08-11 02:28:29.535 30149 INFO tempest.lib.common.rest_client [req-220f6409-a271-4218-928d-0d8d65ca784a ] Request (SecurityGroupsTestAdminJSON:_run_cleanups): 202 DELETE https://dal-iaas-001-api-endpoint.prod.walmart.com:8774/v2/b361131c46af4ccba8531d462957053a/os-security-groups/79f470da-6a20-4770-accf-91d0fddcfceb 0.410s
2016-08-11 02:28:29.760 30151 INFO tempest.lib.common.rest_client [req-cd9d1752-04b8-49ff-a3ae-388d2c02ed6e ] Request (AZV2TestJSON:test_get_availability_zone_list_with_non_admin_user): 200 GET https://dal-iaas-001-api-endpoint.prod.walmart.com:8774/v2/400b1e8bafdf4f4aa7d7ad55b833f3dd/os-availability-zone 2.405s
2016-08-11 02:28:29.980 30146 INFO tempest.lib.common.rest_client [req-e2a73adb-01da-46b3-be16-ded560954478 ] Request (FloatingIPsBulkAdminTestJSON:tearDownClass): 204 DELETE https://dal-iaas-001-api-endpoint.prod.walmart.com:35357/v2.0/tenants/dd6ddc6eb71f4cbba5cfe698e9254b70 1.147s
2016-08-11 02:28:30.113 30149 INFO tempest.lib.common.rest_client [req-385699d1-aa12-4886-a503-5ab08b95771c ] Request (SecurityGroupsTestAdminJSON:_run_cleanups): 202 DELETE https://dal-iaas-001-api-endpoint.prod.walmart.com:8774/v2/b361131c46af4ccba8531d462957053a/os-security-groups/feb358ea-15e9-4865-ba6a-47a9d18483bb 0.467s
2016-08-11 02:28:30.265 30147 INFO tempest.lib.common.rest_client [req-5e013ced-9cca-4fb0-98b7-39c42e286b5a ] Request (ServicesAdminTestJSON:setUpClass): 200 POST https://dal-iaas-001-api-endpoint.prod.walmart.com:35357/v2.0/tenants 0.894s
2016-08-11 02:28:30.355 30150 INFO tempest.lib.common.rest_client [req-b9f933e8-121c-477d-a88e-6beda7e06cd5 ] Request (InstanceUsageAuditLogTestJSON:tearDownClass): 204 DELETE https://dal-iaas-001-api-endpoint.prod.walmart.com:35357/v2.0/users/acfdd86d9f704569b2a1a9c9c33a6378 0.965s
2016-08-11 02:28:30.380 30148 INFO tempest.lib.common.rest_client [req-6a2c9bc1-1db2-4ce9-99eb-f0d5d3bbe1cb ] Request (FloatingIPsTestJSON:setUpClass): 200 GET https://dal-iaas-001-api-endpoint.prod.walmart.com:8774/v2/b0ff48e6ceeb4315a6eb360b7f7de37c/servers/53e90688-d331-4978-8e9f-38e877163400 0.550s
2016-08-11 02:28:30.389 30148 INFO tempest.common.waiters [-] State transition "BUILD/spawning" ==> "BUILD/None" after 5 second wait
2016-08-11 02:28:30.436 30152 INFO tempest.lib.common.rest_client [req-af6efdbc-171e-4e12-840e-0df52455b813 ] Request (ImagesOneServerNegativeTestJSON:setUpClass): 200 GET https://dal-iaas-001-api-endpoint.prod.walmart.com:8774/v2/be52761d99c44edca859583c648e7f47/servers/bbaa4f04-7b70-4d32-95f3-e91c7ae08605 0.539s
2016-08-11 02:28:30.445 30152 INFO tempest.common.waiters [-] State transition "BUILD/scheduling" ==> "BUILD/None" after 17 second wait
2016-08-11 02:28:30.536 30146 INFO tempest.lib.common.rest_client [req-331b9e0a-172a-4f0f-9f60-8cc5e8877050 ] Request (NetworksTest:setUpClass): 200 POST https://dal-iaas-001-api-endpoint.prod.walmart.com:5443/v2.0/tokens
2016-08-11 02:28:30.866 30151 INFO tempest.lib.common.rest_client [req-0860a22e-d57f-4277-86b3-4d079415bf43 ] Request (AZV2TestJSON:tearDownClass): 204 DELETE https://dal-iaas-001-api-endpoint.prod.walmart.com:35357/v2.0/users/908b2ffc8cf948e29e2264d5f7b54c8b 1.103s
2016-08-11 02:28:31.097 30146 INFO tempest.lib.common.rest_client [req-326fa4ee-41f4-405c-a55c-932421c9c7cf ] Request (NetworksTest:setUpClass): 200 POST https://dal-iaas-001-api-endpoint.prod.walmart.com:5443/v2.0/tokens
2016-08-11 02:28:31.183 30147 INFO tempest.lib.common.rest_client [req-aaa55e82-8755-4175-a9cc-fc5eee0fddef ] Request (ServicesAdminTestJSON:setUpClass): 200 POST https://dal-iaas-001-api-endpoint.prod.walmart.com:35357/v2.0/users 0.917s
2016-08-11 02:28:31.221 30149 INFO tempest.lib.common.rest_client [req-5704fb51-9962-4733-a1b3-6a710260e1e6 ] Request (SecurityGroupsTestAdminJSON:tearDownClass): 204 DELETE https://dal-iaas-001-api-endpoint.prod.walmart.com:35357/v2.0/users/503669262cac4e67b21e569073568c75 1.105s
2016-08-11 02:28:31.749 30145 INFO tempest.lib.common.rest_client [req-c44dd453-e927-4601-ab08-e02440793c4e ] Request (InstanceActionsTestJSON:setUpClass): 200 GET https://dal-iaas-001-api-endpoint.prod.walmart.com:8774/v2/7bd54bea20f74d74a484e7172e91fb40/os-networks 2.331s
2016-08-11 02:28:31.750 30145 WARNING tempest.common.fixed_network [-] (InstanceActionsTestJSON:setUpClass) Network with name: jhd-network not found
2016-08-11 02:28:31.750 30145 INFO tempest.common.fixed_network [-] (InstanceActionsTestJSON:setUpClass) Found network {} available for tenant
2016-08-11 02:28:31.864 30148 INFO tempest.lib.common.rest_client [req-6e30f879-cdb7-46b3-88c7-370fbc702bcb ] Request (FloatingIPsTestJSON:setUpClass): 200 GET https://dal-iaas-001-api-endpoint.prod.walmart.com:8774/v2/b0ff48e6ceeb4315a6eb360b7f7de37c/servers/53e90688-d331-4978-8e9f-38e877163400 0.470s
2016-08-11 02:28:31.872 30148 INFO tempest.common.waiters [-] State transition "BUILD/None" ==> "BUILD/block_device_mapping" after 6 second wait
2016-08-11 02:28:31.919 30152 INFO tempest.lib.common.rest_client [req-dd07221e-4eed-4973-8af9-a9b78949666a ] Request (ImagesOneServerNegativeTestJSON:setUpClass): 200 GET https://dal-iaas-001-api-endpoint.prod.walmart.com:8774/v2/be52761d99c44edca859583c648e7f47/servers/bbaa4f04-7b70-4d32-95f3-e91c7ae08605 0.469s
2016-08-11 02:28:31.927 30152 INFO tempest.common.waiters [-] State transition "BUILD/None" ==> "BUILD/spawning" after 18 second wait
2016-08-11 02:28:32.053 30147 INFO tempest.lib.common.rest_client [req-d2c7593f-402e-457e-9a94-d9f86482c45c ] Request (ServicesAdminTestJSON:setUpClass): 200 GET https://dal-iaas-001-api-endpoint.prod.walmart.com:35357/v2.0/OS-KSADM/roles 0.868s
2016-08-11 02:28:32.126 30146 INFO tempest.lib.common.rest_client [req-cc714045-445c-4637-b019-67667f201b1a ] Request (NetworksTest:setUpClass): 200 POST https://dal-iaas-001-api-endpoint.prod.walmart.com:35357/v2.0/tenants 1.028s
2016-08-11 02:28:32.186 30145 INFO tempest.lib.common.rest_client [req-7160f659-ae23-4998-80a4-fbd456dc44d1 ] Request (InstanceActionsTestJSON:setUpClass): 200 POST https://dal-iaas-001-api-endpoint.prod.walmart.com:5443/v2.0/tokens
2016-08-11 02:28:32.764 30150 INFO tempest.lib.common.rest_client [req-f5a7f1e6-f7ee-48e0-849b-ae7d965b15f5 ] Request (InstanceUsageAuditLogTestJSON:tearDownClass): 200 GET https://dal-iaas-001-api-endpoint.prod.walmart.com:9696/v2.0/security-groups?tenant_id=99a0d36b78364e56bf2b0207ddddb00a&name=default 2.409s
2016-08-11 02:28:32.967 30147 INFO tempest.lib.common.rest_client [req-3cf9a23d-1831-473b-ba2b-9f3f9eba118e ] Request (ServicesAdminTestJSON:setUpClass): 200 PUT https://dal-iaas-001-api-endpoint.prod.walmart.com:35357/v2.0/tenants/0e0c6ee2e1874c71a8352d8047d98be2/users/a5183bcdc0bc403c944c8b84c317fe88/roles/OS-KSADM/b5b0387bbe864c43a2999e531988bb8f 0.913s
2016-08-11 02:28:33.123 30146 INFO tempest.lib.common.rest_client [req-ec0ffc11-33bd-4e22-8391-cad73506e8a1 ] Request (NetworksTest:setUpClass): 200 POST https://dal-iaas-001-api-endpoint.prod.walmart.com:35357/v2.0/users 0.997s
2016-08-11 02:28:33.132 30150 INFO tempest.lib.common.rest_client [req-14fe87ed-dfb1-488c-a4c0-d80e67c05934 ] Request (InstanceUsageAuditLogTestJSON:tearDownClass): 204 DELETE https://dal-iaas-001-api-endpoint.prod.walmart.com:9696/v2.0/security-groups/7ea48d25-5a0b-43be-832c-537c138fd38e 0.367s
2016-08-11 02:28:33.276 30151 INFO tempest.lib.common.rest_client [req-4cf68275-e894-4e84-9ba0-6844e1914680 ] Request (AZV2TestJSON:tearDownClass): 200 GET https://dal-iaas-001-api-endpoint.prod.walmart.com:9696/v2.0/security-groups?tenant_id=400b1e8bafdf4f4aa7d7ad55b833f3dd&name=default 2.408s
2016-08-11 02:28:33.429 30148 INFO tempest.lib.common.rest_client [req-8a970422-76ca-4dfd-9130-ea5c4578cd4e ] Request (FloatingIPsTestJSON:setUpClass): 200 GET https://dal-iaas-001-api-endpoint.prod.walmart.com:8774/v2/b0ff48e6ceeb4315a6eb360b7f7de37c/servers/53e90688-d331-4978-8e9f-38e877163400 0.553s
2016-08-11 02:28:33.437 30148 INFO tempest.common.waiters [-] State transition "BUILD/block_device_mapping" ==> "BUILD/scheduling" after 8 second wait
2016-08-11 02:28:33.479 30152 INFO tempest.lib.common.rest_client [req-1c5c849a-d955-4dd6-ae02-128788777ed3 ] Request (ImagesOneServerNegativeTestJSON:setUpClass): 200 GET https://dal-iaas-001-api-endpoint.prod.walmart.com:8774/v2/be52761d99c44edca859583c648e7f47/servers/bbaa4f04-7b70-4d32-95f3-e91c7ae08605 0.549s
2016-08-11 02:28:33.487 30152 INFO tempest.common.waiters [-] State transition "BUILD/spawning" ==> "ERROR/None" after 20 second wait
2016-08-11 02:28:33.613 30151 INFO tempest.lib.common.rest_client [req-cf5700ec-4f39-4521-bf6d-93a341d436e8 ] Request (AZV2TestJSON:tearDownClass): 204 DELETE https://dal-iaas-001-api-endpoint.prod.walmart.com:9696/v2.0/security-groups/9eea8796-9d15-43fb-9303-47a897f9b781 0.337s
2016-08-11 02:28:33.634 30149 INFO tempest.lib.common.rest_client [req-63f74b5d-7627-4836-8e0c-041eaf5dd27c ] Request (SecurityGroupsTestAdminJSON:tearDownClass): 200 GET https://dal-iaas-001-api-endpoint.prod.walmart.com:9696/v2.0/security-groups?tenant_id=71b7a4bb52164eed8eb4aba1293d0fe4&name=default 2.413s
2016-08-11 02:28:33.873 30147 INFO tempest.lib.common.rest_client [req-5a43db04-0fca-47d9-a426-8ab9112958f6 ] Request (ServicesAdminTestJSON:setUpClass): 200 GET https://dal-iaas-001-api-endpoint.prod.walmart.com:35357/v2.0/OS-KSADM/roles 0.905s
2016-08-11 02:28:33.942 30149 INFO tempest.lib.common.rest_client [req-701f9273-f94e-4cba-b4a0-3a683705a04a ] Request (SecurityGroupsTestAdminJSON:tearDownClass): 204 DELETE https://dal-iaas-001-api-endpoint.prod.walmart.com:9696/v2.0/security-groups/bf2b61a1-16c8-4cad-a71b-16a0e0eff73f 0.307s
2016-08-11 02:28:34.072 30146 INFO tempest.lib.common.rest_client [req-a958f980-0cbc-4ad3-97c9-0d894059e839 ] Request (NetworksTest:setUpClass): 200 GET https://dal-iaas-001-api-endpoint.prod.walmart.com:35357/v2.0/OS-KSADM/roles 0.948s
2016-08-11 02:28:34.164 30152 INFO tempest.lib.common.rest_client [req-2e11b84b-5462-40a8-a41c-c56d50d84500 ] Request (ImagesOneServerNegativeTestJSON:setUpClass): 204 DELETE https://dal-iaas-001-api-endpoint.prod.walmart.com:8774/v2/be52761d99c44edca859583c648e7f47/servers/bbaa4f04-7b70-4d32-95f3-e91c7ae08605 0.676s
2016-08-11 02:28:34.164 30152 INFO tempest.test [-] <class 'tempest.exceptions.BuildErrorException'> raised in ImagesOneServerNegativeTestJSON.setUpClass. Invoking tearDownClass.
2016-08-11 02:28:34.193 30150 INFO tempest.lib.common.rest_client [req-fbd3a9c3-bd82-4635-b372-a2e1c2bb38e2 ] Request (InstanceUsageAuditLogTestJSON:tearDownClass): 204 DELETE https://dal-iaas-001-api-endpoint.prod.walmart.com:35357/v2.0/tenants/99a0d36b78364e56bf2b0207ddddb00a 1.060s
2016-08-11 02:28:34.547 30151 INFO tempest.lib.common.rest_client [req-b04c5fd8-6e3a-4c6a-80a8-c93532494231 ] Request (AZV2TestJSON:tearDownClass): 204 DELETE https://dal-iaas-001-api-endpoint.prod.walmart.com:35357/v2.0/tenants/400b1e8bafdf4f4aa7d7ad55b833f3dd 0.933s
2016-08-11 02:28:34.718 30147 INFO tempest.lib.common.rest_client [req-58c81e96-5e50-43f8-863f-658104c92d5d ] Request (ServicesAdminTestJSON:setUpClass): 409 PUT https://dal-iaas-001-api-endpoint.prod.walmart.com:35357/v2.0/tenants/0e0c6ee2e1874c71a8352d8047d98be2/users/a5183bcdc0bc403c944c8b84c317fe88/roles/OS-KSADM/9fe2ff9ee4384b1894a90878d3e92bab 0.844s
2016-08-11 02:28:34.719 30147 INFO tempest.common.dynamic_creds [-] Acquired dynamic creds:
 credentials: Credentials: {'username': u'tempest-ServicesAdminTestJSON-177914370', 'project_name': u'tempest-ServicesAdminTestJSON-177914370', 'user_id': u'a5183bcdc0bc403c944c8b84c317fe88', 'tenant_name': u'tempest-ServicesAdminTestJSON-177914370', 'tenant_id': u'0e0c6ee2e1874c71a8352d8047d98be2', 'project_id': u'0e0c6ee2e1874c71a8352d8047d98be2'}, Network: None, Subnet: None, Router: None
2016-08-11 02:28:34.844 30149 INFO tempest.lib.common.rest_client [req-cf0d0793-d64f-4d93-ae6b-740ed178414a ] Request (SecurityGroupsTestAdminJSON:tearDownClass): 204 DELETE https://dal-iaas-001-api-endpoint.prod.walmart.com:35357/v2.0/tenants/71b7a4bb52164eed8eb4aba1293d0fe4 0.901s
2016-08-11 02:28:34.863 30145 INFO tempest.lib.common.rest_client [req-b6ad8109-815f-410e-915b-63577cdafc11 ] Request (InstanceActionsTestJSON:setUpClass): 202 POST https://dal-iaas-001-api-endpoint.prod.walmart.com:8774/v2/7bd54bea20f74d74a484e7172e91fb40/servers 2.677s
2016-08-11 02:28:35.001 30146 INFO tempest.lib.common.rest_client [req-a6e5ec7c-cf9f-4773-a8d4-4bad4dae4c9d ] Request (NetworksTest:setUpClass): 409 PUT https://dal-iaas-001-api-endpoint.prod.walmart.com:35357/v2.0/tenants/dcb67a420481427faa8d2f11129bc6e1/users/a035d7a84df04864be6a64929af86391/roles/OS-KSADM/9fe2ff9ee4384b1894a90878d3e92bab 0.928s
2016-08-11 02:28:35.001 30146 INFO tempest.common.dynamic_creds [-] Acquired dynamic creds:
 credentials: Credentials: {'username': u'tempest-NetworksTest-1469777161', 'project_name': u'tempest-NetworksTest-1469777161', 'user_id': u'a035d7a84df04864be6a64929af86391', 'tenant_name': u'tempest-NetworksTest-1469777161', 'tenant_id': u'dcb67a420481427faa8d2f11129bc6e1', 'project_id': u'dcb67a420481427faa8d2f11129bc6e1'}, Network: None, Subnet: None, Router: None
2016-08-11 02:28:35.011 30152 INFO tempest.lib.common.rest_client [req-1acadfd9-1264-4393-8915-ebcaf0b7b44b ] Request (ImagesOneServerNegativeTestJSON:tearDownClass): 204 DELETE https://dal-iaas-001-api-endpoint.prod.walmart.com:35357/v2.0/users/8e90508011f94df78c90e4e172337e70 0.847s
2016-08-11 02:28:35.083 30148 INFO tempest.lib.common.rest_client [req-4889b323-4336-49ea-86f4-ef5ae8d5818e ] Request (FloatingIPsTestJSON:setUpClass): 200 GET https://dal-iaas-001-api-endpoint.prod.walmart.com:8774/v2/b0ff48e6ceeb4315a6eb360b7f7de37c/servers/53e90688-d331-4978-8e9f-38e877163400 0.641s
2016-08-11 02:28:35.090 30148 INFO tempest.common.waiters [-] State transition "BUILD/scheduling" ==> "BUILD/None" after 10 second wait
2016-08-11 02:28:35.099 30151 INFO tempest.lib.common.rest_client [req-59d712bf-6739-4864-a2b6-8f9b245331eb ] Request (ListServersNegativeTestJSON:setUpClass): 200 POST https://dal-iaas-001-api-endpoint.prod.walmart.com:5443/v2.0/tokens
2016-08-11 02:28:35.100 30150 INFO tempest.lib.common.rest_client [req-97d5094d-a9f1-4707-876f-1819f73445ee ] Request (InstanceUsageAuditLogTestJSON:tearDownClass): 204 DELETE https://dal-iaas-001-api-endpoint.prod.walmart.com:35357/v2.0/users/eb33e58aa7c24c959de755ad9f1a5f5b 0.906s
2016-08-11 02:28:35.180 30147 INFO tempest.lib.common.rest_client [req-1606daf0-0cea-4a2a-95e1-0050ca1a87e0 ] Request (ServicesAdminTestJSON:test_get_service_by_host_name): 200 POST https://dal-iaas-001-api-endpoint.prod.walmart.com:5443/v2.0/tokens
2016-08-11 02:28:35.410 30150 INFO tempest.lib.common.rest_client [req-b5971206-8391-422a-ae7d-72cb5dc06c16 ] Request (InstanceUsageAuditLogTestJSON:tearDownClass): 200 GET https://dal-iaas-001-api-endpoint.prod.walmart.com:9696/v2.0/security-groups?tenant_id=2bfbfd60c17e45feb3f5a1b496bd78a7&name=default 0.309s
2016-08-11 02:28:35.410 30145 INFO tempest.lib.common.rest_client [req-bb119213-dfdb-49c4-a43e-d8445064af50 ] Request (InstanceActionsTestJSON:setUpClass): 200 GET https://dal-iaas-001-api-endpoint.prod.walmart.com:8774/v2/7bd54bea20f74d74a484e7172e91fb40/servers/d00af942-f685-4b06-a0d0-8484c5ce907a 0.545s
2016-08-11 02:28:35.662 30151 INFO tempest.lib.common.rest_client [req-1c2d3619-92fc-4f20-b0a8-ed6f685140be ] Request (ListServersNegativeTestJSON:setUpClass): 200 POST https://dal-iaas-001-api-endpoint.prod.walmart.com:5443/v2.0/tokens
2016-08-11 02:28:35.735 30150 INFO tempest.lib.common.rest_client [req-20f15036-87eb-4778-af01-3a64a9788a70 ] Request (InstanceUsageAuditLogTestJSON:tearDownClass): 204 DELETE https://dal-iaas-001-api-endpoint.prod.walmart.com:9696/v2.0/security-groups/6bc9fafa-0cd4-4e14-acea-c62bcd3c0c7c 0.324s
2016-08-11 02:28:35.895 30149 INFO tempest.lib.common.rest_client [req-ade20077-e19c-40c7-a793-42af950f47e4 ] Request (SecurityGroupsTestAdminJSON:tearDownClass): 204 DELETE https://dal-iaas-001-api-endpoint.prod.walmart.com:35357/v2.0/users/65de6b60de7f49e6a30da8a900e6e360 1.050s
2016-08-11 02:28:36.031 30146 INFO tempest.lib.common.rest_client [req-325ae774-97c3-41d9-a1a4-27a512cb5e14 ] Request (NetworksTest:setUpClass): 200 POST https://dal-iaas-001-api-endpoint.prod.walmart.com:35357/v2.0/tenants 1.025s
2016-08-11 02:28:36.180 30149 INFO tempest.lib.common.rest_client [req-ad002bb1-e838-46bd-a924-d8eb8028f77e ] Request (SecurityGroupsTestAdminJSON:tearDownClass): 200 GET https://dal-iaas-001-api-endpoint.prod.walmart.com:9696/v2.0/security-groups?tenant_id=b361131c46af4ccba8531d462957053a&name=default 0.284s
2016-08-11 02:28:36.491 30151 INFO tempest.lib.common.rest_client [req-232ff319-da6f-44cd-b8b5-6b8ffb50db5b ] Request (ListServersNegativeTestJSON:setUpClass): 200 POST https://dal-iaas-001-api-endpoint.prod.walmart.com:35357/v2.0/tenants 0.828s
2016-08-11 02:28:36.543 30149 INFO tempest.lib.common.rest_client [req-30d5261c-8d8f-4352-a30f-5e2adfc3fb6c ] Request (SecurityGroupsTestAdminJSON:tearDownClass): 204 DELETE https://dal-iaas-001-api-endpoint.prod.walmart.com:9696/v2.0/security-groups/951b13b5-74e0-4b1b-8544-f0601c97880f 0.362s
2016-08-11 02:28:36.617 30148 INFO tempest.lib.common.rest_client [req-5e54572f-c443-4348-86ac-f41f67cdb878 ] Request (FloatingIPsTestJSON:setUpClass): 200 GET https://dal-iaas-001-api-endpoint.prod.walmart.com:8774/v2/b0ff48e6ceeb4315a6eb360b7f7de37c/servers/53e90688-d331-4978-8e9f-38e877163400 0.521s
2016-08-11 02:28:36.624 30148 INFO tempest.common.waiters [-] State transition "BUILD/None" ==> "BUILD/scheduling" after 11 second wait
2016-08-11 02:28:36.916 30145 INFO tempest.lib.common.rest_client [req-4973cf3d-1f7a-4e11-a798-4670b6be4897 ] Request (InstanceActionsTestJSON:setUpClass): 200 GET https://dal-iaas-001-api-endpoint.prod.walmart.com:8774/v2/7bd54bea20f74d74a484e7172e91fb40/servers/d00af942-f685-4b06-a0d0-8484c5ce907a 0.494s
2016-08-11 02:28:36.924 30145 INFO tempest.common.waiters [-] State transition "BUILD/scheduling" ==> "BUILD/block_device_mapping" after 1 second wait
2016-08-11 02:28:36.994 30150 INFO tempest.lib.common.rest_client [req-05395496-d6a2-45ed-a05c-f173440deac9 ] Request (InstanceUsageAuditLogTestJSON:tearDownClass): 204 DELETE https://dal-iaas-001-api-endpoint.prod.walmart.com:35357/v2.0/tenants/2bfbfd60c17e45feb3f5a1b496bd78a7 1.259s
2016-08-11 02:28:37.112 30146 INFO tempest.lib.common.rest_client [req-5fee826d-265f-4d5d-aeb7-24364721bbb9 ] Request (NetworksTest:setUpClass): 200 POST https://dal-iaas-001-api-endpoint.prod.walmart.com:35357/v2.0/users 1.080s
2016-08-11 02:28:37.341 30152 INFO tempest.lib.common.rest_client [req-3caa227b-2cd0-46b7-967f-059a92365223 ] Request (ImagesOneServerNegativeTestJSON:tearDownClass): 200 GET https://dal-iaas-001-api-endpoint.prod.walmart.com:9696/v2.0/security-groups?tenant_id=be52761d99c44edca859583c648e7f47&name=default 2.329s
2016-08-11 02:28:37.468 30151 INFO tempest.lib.common.rest_client [req-d4041800-a177-426c-b4f9-8659ed97dea8 ] Request (ListServersNegativeTestJSON:setUpClass): 200 POST https://dal-iaas-001-api-endpoint.prod.walmart.com:35357/v2.0/users 0.976s
2016-08-11 02:28:37.523 30149 INFO tempest.lib.common.rest_client [req-43b8b20f-4e88-4ece-ae32-92952d2aaed1 ] Request (SecurityGroupsTestAdminJSON:tearDownClass): 204 DELETE https://dal-iaas-001-api-endpoint.prod.walmart.com:35357/v2.0/tenants/b361131c46af4ccba8531d462957053a 0.979s
2016-08-11 02:28:37.559 30147 INFO tempest.lib.common.rest_client [req-24a3cdb0-634b-4028-8901-d129fa62edfb ] Request (ServicesAdminTestJSON:test_get_service_by_host_name): 200 GET https://dal-iaas-001-api-endpoint.prod.walmart.com:8774/v2/0e0c6ee2e1874c71a8352d8047d98be2/os-services 2.378s
2016-08-11 02:28:37.611 30152 INFO tempest.lib.common.rest_client [req-2df15ef2-97a6-4bd9-be43-7c662634a916 ] Request (ImagesOneServerNegativeTestJSON:tearDownClass): 409 DELETE https://dal-iaas-001-api-endpoint.prod.walmart.com:9696/v2.0/security-groups/e9ada6fb-97c8-420d-9235-369ad689c537 0.269s
2016-08-11 02:28:37.611 30152 ERROR tempest.test [-] teardown of credentials failed: An object with that identifier already exists
Details: {u'message': u'Security Group e9ada6fb-97c8-420d-9235-369ad689c537 in use.', u'type': u'SecurityGroupInUse', u'detail': u''}
2016-08-11 02:28:37.611 30152 ERROR tempest.test Traceback (most recent call last):
2016-08-11 02:28:37.611 30152 ERROR tempest.test   File "/Users/vktiwar/openstack/git-clone/daliaas1/tempest/test.py", line 294, in tearDownClass
2016-08-11 02:28:37.611 30152 ERROR tempest.test     teardown()
2016-08-11 02:28:37.611 30152 ERROR tempest.test   File "/Users/vktiwar/openstack/git-clone/daliaas1/tempest/test.py", line 546, in clear_credentials
2016-08-11 02:28:37.611 30152 ERROR tempest.test     cls._creds_provider.clear_creds()
2016-08-11 02:28:37.611 30152 ERROR tempest.test   File "/Users/vktiwar/openstack/git-clone/daliaas1/tempest/common/dynamic_creds.py", line 406, in clear_creds
2016-08-11 02:28:37.611 30152 ERROR tempest.test     self._cleanup_default_secgroup(creds.tenant_id)
2016-08-11 02:28:37.611 30152 ERROR tempest.test   File "/Users/vktiwar/openstack/git-clone/daliaas1/tempest/common/dynamic_creds.py", line 358, in _cleanup_default_secgroup
2016-08-11 02:28:37.611 30152 ERROR tempest.test     nsg_client.delete_security_group(secgroup['id'])
2016-08-11 02:28:37.611 30152 ERROR tempest.test   File "/Users/vktiwar/openstack/git-clone/daliaas1/tempest/lib/services/network/security_groups_client.py", line 54, in delete_security_group
2016-08-11 02:28:37.611 30152 ERROR tempest.test     return self.delete_resource(uri)
2016-08-11 02:28:37.611 30152 ERROR tempest.test   File "/Users/vktiwar/openstack/git-clone/daliaas1/tempest/lib/services/network/base.py", line 41, in delete_resource
2016-08-11 02:28:37.611 30152 ERROR tempest.test     resp, body = self.delete(req_uri)
2016-08-11 02:28:37.611 30152 ERROR tempest.test   File "/Users/vktiwar/openstack/git-clone/daliaas1/tempest/lib/common/rest_client.py", line 304, in delete
2016-08-11 02:28:37.611 30152 ERROR tempest.test     return self.request('DELETE', url, extra_headers, headers, body)
2016-08-11 02:28:37.611 30152 ERROR tempest.test   File "/Users/vktiwar/openstack/git-clone/daliaas1/tempest/lib/common/rest_client.py", line 667, in request
2016-08-11 02:28:37.611 30152 ERROR tempest.test     resp, resp_body)
2016-08-11 02:28:37.611 30152 ERROR tempest.test   File "/Users/vktiwar/openstack/git-clone/daliaas1/tempest/lib/common/rest_client.py", line 780, in _error_checker
2016-08-11 02:28:37.611 30152 ERROR tempest.test     raise exceptions.Conflict(resp_body, resp=resp)
2016-08-11 02:28:37.611 30152 ERROR tempest.test Conflict: An object with that identifier already exists
2016-08-11 02:28:37.611 30152 ERROR tempest.test Details: {u'message': u'Security Group e9ada6fb-97c8-420d-9235-369ad689c537 in use.', u'type': u'SecurityGroupInUse', u'detail': u''}
2016-08-11 02:28:37.611 30152 ERROR tempest.test 
2016-08-11 02:28:37.661 30150 INFO tempest.lib.common.rest_client [req-91ff2d3e-6bca-4250-a32a-9d3b52bb17e6 ] Request (MigrationsAdminTest:setUpClass): 200 POST https://dal-iaas-001-api-endpoint.prod.walmart.com:5443/v2.0/tokens
2016-08-11 02:28:37.908 30147 INFO tempest.lib.common.rest_client [req-9bbd1b68-74c2-48a1-9197-5a595af17c81 ] Request (ServicesAdminTestJSON:test_get_service_by_host_name): 200 GET https://dal-iaas-001-api-endpoint.prod.walmart.com:8774/v2/0e0c6ee2e1874c71a8352d8047d98be2/os-services?host=dal-appblx061-01_nova_scheduler_container-e75090e6 0.340s
2016-08-11 02:28:38.050 30146 INFO tempest.lib.common.rest_client [req-9a298e9c-002c-4934-86a3-2a293d14a699 ] Request (NetworksTest:setUpClass): 200 GET https://dal-iaas-001-api-endpoint.prod.walmart.com:35357/v2.0/OS-KSADM/roles 0.938s
2016-08-11 02:28:38.129 30149 INFO tempest.lib.common.rest_client [req-12a680a1-4917-4a99-967d-b8c59fbc06ff ] Request (TenantUsagesTestJSON:setUpClass): 200 POST https://dal-iaas-001-api-endpoint.prod.walmart.com:5443/v2.0/tokens
