2016-08-15 09:06:07.081 83533 INFO tempest.lib.common.rest_client [req-f5ecf2d3-7cf8-41e6-8f8b-82a56dcdfd99 ] Request (ServerMetadataTestJSON:setUp): 200 PUT https://dal-iaas-001-api-endpoint.prod.walmart.com:8774/v2/2cc1a8b2d5e0472692d667edd7a0d6d8/servers/7a5ae0c8-540e-41af-8484-66e05299a740/metadata 0.764s
2016-08-15 09:06:07.386 83535 INFO tempest.lib.common.rest_client [req-3ee430f4-0061-4396-b4c7-6c7c792e8721 ] Request (HypervisorAdminTestJSON:test_get_hypervisor_uptime): 200 GET https://dal-iaas-001-api-endpoint.prod.walmart.com:8774/v2/bd7a2648cc2040ce91ac03c998528f77/os-hypervisors/5 0.445s
2016-08-15 09:06:07.437 83536 INFO tempest.lib.common.rest_client [req-74a14ca6-de2e-4cbe-bb54-c90ec733f068 ] Request (QuotasAdminNegativeTestJSON:setUpClass): 409 PUT https://dal-iaas-001-api-endpoint.prod.walmart.com:35357/v2.0/tenants/1a984aacb9d541639d6f6a99b9ec326d/users/3158fe15f9a8454da3b799249521d98a/roles/OS-KSADM/b5b0387bbe864c43a2999e531988bb8f 0.722s
2016-08-15 09:06:07.438 83536 INFO tempest.common.dynamic_creds [-] Acquired dynamic creds:
 credentials: Credentials: {'username': u'tempest-QuotasAdminNegativeTestJSON-1602555319', 'project_name': u'tempest-QuotasAdminNegativeTestJSON-1602555319', 'user_id': u'3158fe15f9a8454da3b799249521d98a', 'tenant_name': u'tempest-QuotasAdminNegativeTestJSON-1602555319', 'tenant_id': u'1a984aacb9d541639d6f6a99b9ec326d', 'project_id': u'1a984aacb9d541639d6f6a99b9ec326d'}, Network: None, Subnet: None, Router: None
2016-08-15 09:06:07.757 83534 INFO tempest.lib.common.rest_client [req-e984ba67-9134-4010-8bd1-1d8eea3d0dbd ] Request (InstanceUsageAuditLogNegativeTestJSON:test_get_instance_usage_audit_logs_with_invalid_time): 200 POST https://dal-iaas-001-api-endpoint.prod.walmart.com:5443/v2.0/tokens
2016-08-15 09:06:07.830 83535 INFO tempest.lib.common.rest_client [req-56ba38d3-4ba6-43f6-81c4-d8d8edb9e519 ] Request (HypervisorAdminTestJSON:test_get_hypervisor_uptime): 200 GET https://dal-iaas-001-api-endpoint.prod.walmart.com:8774/v2/bd7a2648cc2040ce91ac03c998528f77/os-hypervisors/5 0.439s
2016-08-15 09:06:07.842 83533 INFO tempest.lib.common.rest_client [req-a3de823a-4efa-4435-9fdb-726606a278ab ] Request (ServerMetadataTestJSON:test_update_server_metadata): 200 POST https://dal-iaas-001-api-endpoint.prod.walmart.com:8774/v2/2cc1a8b2d5e0472692d667edd7a0d6d8/servers/7a5ae0c8-540e-41af-8484-66e05299a740/metadata 0.760s
2016-08-15 09:06:08.109 83536 INFO tempest.lib.common.rest_client [req-08a0fc86-6720-4e39-816e-baa4cb17d98c ] Request (QuotasAdminNegativeTestJSON:test_create_server_when_cpu_quota_is_full): 200 POST https://dal-iaas-001-api-endpoint.prod.walmart.com:5443/v2.0/tokens
2016-08-15 09:06:08.186 83538 INFO tempest.lib.common.rest_client [req-4ae0e4fa-3c45-4365-8314-9b9abef2668c ] Request (ServersAdminTestJSON:test_list_servers_filter_by_exist_host): 200 GET https://dal-iaas-001-api-endpoint.prod.walmart.com:8774/v2/7f3b61c5c68f42cc92da8f2ace7f25a6/os-networks 1.494s
2016-08-15 09:06:08.187 83538 INFO tempest.common.fixed_network [-] (ServersAdminTestJSON:test_list_servers_filter_by_exist_host) Found network {u'bridge': None, u'vpn_public_port': None, u'dhcp_start': None, u'bridge_interface': None, u'share_address': None, u'updated_at': None, u'id': u'1db35de8-93c8-455c-a1c1-720801bd971a', u'cidr_v6': None, u'deleted_at': None, u'gateway': None, u'rxtx_base': None, u'label': u'net1', u'priority': None, u'project_id': None, u'vpn_private_address': None, u'deleted': None, u'vlan': None, u'broadcast': None, u'netmask': None, u'injected': None, u'cidr': None, u'vpn_public_address': None, u'multi_host': None, 'name': u'net1', u'enable_dhcp': None, u'dns2': None, u'created_at': None, u'host': None, u'mtu': None, u'gateway_v6': None, u'netmask_v6': None, u'dhcp_server': None, u'dns1': None} available for tenant
2016-08-15 09:06:08.287 83535 INFO tempest.lib.common.rest_client [req-299e03df-9cf8-459b-8ee4-b488e8b78769 ] Request (HypervisorAdminTestJSON:test_get_hypervisor_uptime): 200 GET https://dal-iaas-001-api-endpoint.prod.walmart.com:8774/v2/bd7a2648cc2040ce91ac03c998528f77/os-hypervisors/5 0.452s
2016-08-15 09:06:08.339 83533 INFO tempest.lib.common.rest_client [req-6cfba46e-fb66-45dc-8983-370e01cb1133 ] Request (ServerMetadataTestJSON:test_update_server_metadata): 200 GET https://dal-iaas-001-api-endpoint.prod.walmart.com:8774/v2/2cc1a8b2d5e0472692d667edd7a0d6d8/servers/7a5ae0c8-540e-41af-8484-66e05299a740/metadata 0.495s
2016-08-15 09:06:08.741 83535 INFO tempest.lib.common.rest_client [req-e592b6c9-7595-4ee5-954f-525d78dc6033 ] Request (HypervisorAdminTestJSON:test_get_hypervisor_uptime): 200 GET https://dal-iaas-001-api-endpoint.prod.walmart.com:8774/v2/bd7a2648cc2040ce91ac03c998528f77/os-hypervisors/5 0.448s
2016-08-15 09:06:09.065 83533 INFO tempest.lib.common.rest_client [req-71fce094-03ed-4e63-9c40-94cbd9aa4254 ] Request (ServerMetadataTestJSON:tearDownClass): 204 DELETE https://dal-iaas-001-api-endpoint.prod.walmart.com:8774/v2/2cc1a8b2d5e0472692d667edd7a0d6d8/servers/7a5ae0c8-540e-41af-8484-66e05299a740 0.722s
2016-08-15 09:06:09.178 83535 INFO tempest.lib.common.rest_client [req-c1ac779e-5945-4711-9f0c-1158474d300f ] Request (HypervisorAdminTestJSON:test_get_hypervisor_uptime): 200 GET https://dal-iaas-001-api-endpoint.prod.walmart.com:8774/v2/bd7a2648cc2040ce91ac03c998528f77/os-hypervisors/5 0.432s
2016-08-15 09:06:09.190 83538 INFO tempest.lib.common.rest_client [req-ec4b5985-84c1-433a-85be-5d7f4ee1b430 ] Request (ServersAdminTestJSON:test_list_servers_filter_by_exist_host): 202 POST https://dal-iaas-001-api-endpoint.prod.walmart.com:8774/v2/884865f500cd482c85d3ab12c213a8e5/servers 1.002s
2016-08-15 09:06:09.226 83534 INFO tempest.lib.common.rest_client [req-fd542f0b-d6b1-4c9f-9ac4-b2d6bd91cd7c ] Request (InstanceUsageAuditLogNegativeTestJSON:test_get_instance_usage_audit_logs_with_invalid_time): 400 GET https://dal-iaas-001-api-endpoint.prod.walmart.com:8774/v2/189b135e1247429085f3318db8c8e26d/os-instance_usage_audit_log/invalid_time 1.468s
2016-08-15 09:06:09.435 83536 INFO tempest.lib.common.rest_client [req-4941538f-17af-4de4-b837-f1db5eede695 ] Request (QuotasAdminNegativeTestJSON:test_create_server_when_cpu_quota_is_full): 200 GET https://dal-iaas-001-api-endpoint.prod.walmart.com:8774/v2/1a984aacb9d541639d6f6a99b9ec326d/os-quota-sets/ed133c9b89214be4871e52c6749b7299 1.325s
2016-08-15 09:06:09.623 83535 INFO tempest.lib.common.rest_client [req-e2b7c9be-945c-4777-ad07-3134acafe86d ] Request (HypervisorAdminTestJSON:test_get_hypervisor_uptime): 200 GET https://dal-iaas-001-api-endpoint.prod.walmart.com:8774/v2/bd7a2648cc2040ce91ac03c998528f77/os-hypervisors/5 0.442s
2016-08-15 09:06:09.710 83533 INFO tempest.lib.common.rest_client [req-c27900ea-0c26-4caa-aeed-e0b3bec63734 ] Request (ServerMetadataTestJSON:tearDownClass): 200 GET https://dal-iaas-001-api-endpoint.prod.walmart.com:8774/v2/2cc1a8b2d5e0472692d667edd7a0d6d8/servers/7a5ae0c8-540e-41af-8484-66e05299a740 0.645s
2016-08-15 09:06:09.805 83538 INFO tempest.lib.common.rest_client [req-af7b9c99-a4da-4b95-ba10-89772a76d9e6 ] Request (ServersAdminTestJSON:test_list_servers_filter_by_exist_host): 200 GET https://dal-iaas-001-api-endpoint.prod.walmart.com:8774/v2/884865f500cd482c85d3ab12c213a8e5/servers/f6225e8f-e740-4df9-9cc4-d5f39198ce63 0.613s
2016-08-15 09:06:09.806 83534 INFO tempest.lib.common.rest_client [req-3ef8d023-3133-445c-8fc9-f1bf19c2b115 ] Request (InstanceUsageAuditLogNegativeTestJSON:test_instance_usage_audit_logs_with_nonadmin_user): 200 POST https://dal-iaas-001-api-endpoint.prod.walmart.com:5443/v2.0/tokens
2016-08-15 09:06:09.938 83536 INFO tempest.lib.common.rest_client [req-865b7245-12be-436c-88f0-11abe41704cd ] Request (QuotasAdminNegativeTestJSON:test_create_server_when_cpu_quota_is_full): 200 PUT https://dal-iaas-001-api-endpoint.prod.walmart.com:8774/v2/1a984aacb9d541639d6f6a99b9ec326d/os-quota-sets/ed133c9b89214be4871e52c6749b7299 0.500s
2016-08-15 09:06:10.077 83535 INFO tempest.lib.common.rest_client [req-c41314d8-8660-429f-8761-86db771f0612 ] Request (HypervisorAdminTestJSON:test_get_hypervisor_uptime): 200 GET https://dal-iaas-001-api-endpoint.prod.walmart.com:8774/v2/bd7a2648cc2040ce91ac03c998528f77/os-hypervisors/5 0.449s
2016-08-15 09:06:10.521 83535 INFO tempest.lib.common.rest_client [req-d9a5cb0f-a1a1-4490-8800-138f8c93d034 ] Request (HypervisorAdminTestJSON:test_get_hypervisor_uptime): 200 GET https://dal-iaas-001-api-endpoint.prod.walmart.com:8774/v2/bd7a2648cc2040ce91ac03c998528f77/os-hypervisors/5 0.439s
2016-08-15 09:06:10.607 83536 INFO tempest.lib.common.rest_client [req-c534bae9-1f35-43b1-911c-a3a8d8e6e40b ] Request (QuotasAdminNegativeTestJSON:test_create_server_when_cpu_quota_is_full): 200 POST https://dal-iaas-001-api-endpoint.prod.walmart.com:5443/v2.0/tokens
2016-08-15 09:06:11.012 83535 INFO tempest.lib.common.rest_client [req-bee9fa99-8d1c-49d2-97f2-24b4234a01cd ] Request (HypervisorAdminTestJSON:test_get_hypervisor_uptime): 200 GET https://dal-iaas-001-api-endpoint.prod.walmart.com:8774/v2/bd7a2648cc2040ce91ac03c998528f77/os-hypervisors/5 0.486s
2016-08-15 09:06:11.228 83533 INFO tempest.lib.common.rest_client [req-49119be7-5794-41d4-a247-6287f110134f ] Request (ServerMetadataTestJSON:tearDownClass): 404 GET https://dal-iaas-001-api-endpoint.prod.walmart.com:8774/v2/2cc1a8b2d5e0472692d667edd7a0d6d8/servers/7a5ae0c8-540e-41af-8484-66e05299a740 0.505s
2016-08-15 09:06:11.267 83534 INFO tempest.lib.common.rest_client [req-2c6a1130-5728-4753-9450-de078e048ce4 ] Request (InstanceUsageAuditLogNegativeTestJSON:test_instance_usage_audit_logs_with_nonadmin_user): 200 GET https://dal-iaas-001-api-endpoint.prod.walmart.com:8774/v2/8fc48d2fd657476ea241801667de1ac1/os-instance_usage_audit_log 1.460s
2016-08-15 09:06:11.494 83535 INFO tempest.lib.common.rest_client [req-784def11-4bdd-412a-9512-3c3cf6e57acb ] Request (HypervisorAdminTestJSON:test_get_hypervisor_uptime): 200 GET https://dal-iaas-001-api-endpoint.prod.walmart.com:8774/v2/bd7a2648cc2040ce91ac03c998528f77/os-hypervisors/5 0.477s
2016-08-15 09:06:11.533 83538 INFO tempest.lib.common.rest_client [req-ee0e9a77-9d08-4ca5-afe2-32b144ec8c4c ] Request (ServersAdminTestJSON:test_list_servers_filter_by_exist_host): 200 GET https://dal-iaas-001-api-endpoint.prod.walmart.com:8774/v2/884865f500cd482c85d3ab12c213a8e5/servers/f6225e8f-e740-4df9-9cc4-d5f39198ce63 0.717s
2016-08-15 09:06:11.539 83538 INFO tempest.common.waiters [-] State transition "BUILD/scheduling" ==> "BUILD/spawning" after 2 second wait
2016-08-15 09:06:11.926 83535 INFO tempest.lib.common.rest_client [req-e8135081-3078-46e2-a997-f4acc9ffd150 ] Request (HypervisorAdminTestJSON:test_get_hypervisor_uptime): 200 GET https://dal-iaas-001-api-endpoint.prod.walmart.com:8774/v2/bd7a2648cc2040ce91ac03c998528f77/os-hypervisors/5 0.428s
2016-08-15 09:06:12.002 83533 INFO tempest.lib.common.rest_client [req-3075cd0c-e4cf-4e93-ae75-a25cc0faf5f9 ] Request (ServerMetadataTestJSON:tearDownClass): 204 DELETE https://dal-iaas-001-api-endpoint.prod.walmart.com:35357/v2.0/users/c4d803f7f98844edb9e614207f6088ad 0.773s
2016-08-15 09:06:12.073 83536 INFO tempest.lib.common.rest_client [req-5556d399-94f6-446b-888b-04655fed683a ] Request (QuotasAdminNegativeTestJSON:test_create_server_when_cpu_quota_is_full): 200 GET https://dal-iaas-001-api-endpoint.prod.walmart.com:8774/v2/ed133c9b89214be4871e52c6749b7299/os-networks 1.465s
2016-08-15 09:06:12.074 83536 INFO tempest.common.fixed_network [-] (QuotasAdminNegativeTestJSON:test_create_server_when_cpu_quota_is_full) Found network {u'bridge': None, u'vpn_public_port': None, u'dhcp_start': None, u'bridge_interface': None, u'share_address': None, u'updated_at': None, u'id': u'1db35de8-93c8-455c-a1c1-720801bd971a', u'cidr_v6': None, u'deleted_at': None, u'gateway': None, u'rxtx_base': None, u'label': u'net1', u'priority': None, u'project_id': None, u'vpn_private_address': None, u'deleted': None, u'vlan': None, u'broadcast': None, u'netmask': None, u'injected': None, u'cidr': None, u'vpn_public_address': None, u'multi_host': None, 'name': u'net1', u'enable_dhcp': None, u'dns2': None, u'created_at': None, u'host': None, u'mtu': None, u'gateway_v6': None, u'netmask_v6': None, u'dhcp_server': None, u'dns1': None} available for tenant
2016-08-15 09:06:12.132 83534 INFO tempest.lib.common.rest_client [req-91d04554-5268-4a14-badc-6e322dd0a9be ] Request (InstanceUsageAuditLogNegativeTestJSON:tearDownClass): 204 DELETE https://dal-iaas-001-api-endpoint.prod.walmart.com:35357/v2.0/users/7ac9b115b7e44dd2a1d151d7568afb1c 0.857s
2016-08-15 09:06:12.380 83535 INFO tempest.lib.common.rest_client [req-eb49d99a-1bd5-45ca-8a08-8220de593044 ] Request (HypervisorAdminTestJSON:test_get_hypervisor_uptime): 200 GET https://dal-iaas-001-api-endpoint.prod.walmart.com:8774/v2/bd7a2648cc2040ce91ac03c998528f77/os-hypervisors/5 0.450s
2016-08-15 09:06:12.734 83536 INFO tempest.lib.common.rest_client [req-a395a8bf-e5bc-46b8-b08a-31cbb837565c ] Request (QuotasAdminNegativeTestJSON:test_create_server_when_cpu_quota_is_full): 200 POST https://dal-iaas-001-api-endpoint.prod.walmart.com:5443/v2.0/tokens
2016-08-15 09:06:12.833 83535 INFO tempest.lib.common.rest_client [req-f237d99e-9ac1-430a-9164-5645667332ae ] Request (HypervisorAdminTestJSON:test_get_hypervisor_uptime): 200 GET https://dal-iaas-001-api-endpoint.prod.walmart.com:8774/v2/bd7a2648cc2040ce91ac03c998528f77/os-hypervisors/5 0.447s
2016-08-15 09:06:13.205 83538 INFO tempest.lib.common.rest_client [req-cb500565-9c11-4e81-ad29-be29e1af53d2 ] Request (ServersAdminTestJSON:test_list_servers_filter_by_exist_host): 200 GET https://dal-iaas-001-api-endpoint.prod.walmart.com:8774/v2/884865f500cd482c85d3ab12c213a8e5/servers/f6225e8f-e740-4df9-9cc4-d5f39198ce63 0.660s
2016-08-15 09:06:13.257 83533 INFO tempest.lib.common.rest_client [req-6d3e0249-d7fa-421d-a246-b7efa8fb09af ] Request (ServerMetadataTestJSON:tearDownClass): 200 GET https://dal-iaas-001-api-endpoint.prod.walmart.com:9696/v2.0/security-groups?tenant_id=2cc1a8b2d5e0472692d667edd7a0d6d8&name=default 1.254s
2016-08-15 09:06:13.292 83535 INFO tempest.lib.common.rest_client [req-6bf60569-010c-4d92-a8f4-30742a3a1090 ] Request (HypervisorAdminTestJSON:test_get_hypervisor_uptime): 200 GET https://dal-iaas-001-api-endpoint.prod.walmart.com:8774/v2/bd7a2648cc2040ce91ac03c998528f77/os-hypervisors/5 0.454s
2016-08-15 09:06:13.521 83534 INFO tempest.lib.common.rest_client [req-211c8df1-cb13-4b3a-b12d-eb91fedb8d71 ] Request (InstanceUsageAuditLogNegativeTestJSON:tearDownClass): 200 GET https://dal-iaas-001-api-endpoint.prod.walmart.com:9696/v2.0/security-groups?tenant_id=189b135e1247429085f3318db8c8e26d&name=default 1.388s
2016-08-15 09:06:13.731 83533 INFO tempest.lib.common.rest_client [req-6e75719e-8655-488c-ab45-2649612663a3 ] Request (ServerMetadataTestJSON:tearDownClass): 204 DELETE https://dal-iaas-001-api-endpoint.prod.walmart.com:9696/v2.0/security-groups/dd371cee-3e26-4e0f-bcbb-e4a2b92a844d 0.473s
2016-08-15 09:06:13.753 83535 INFO tempest.lib.common.rest_client [req-77476e39-6e12-4cbb-a439-925a9e49a3ce ] Request (HypervisorAdminTestJSON:test_get_hypervisor_uptime): 200 GET https://dal-iaas-001-api-endpoint.prod.walmart.com:8774/v2/bd7a2648cc2040ce91ac03c998528f77/os-hypervisors/5 0.457s
2016-08-15 09:06:14.010 83534 INFO tempest.lib.common.rest_client [req-d6948ac2-02fb-488e-bf2a-32ffd5ce0e34 ] Request (InstanceUsageAuditLogNegativeTestJSON:tearDownClass): 204 DELETE https://dal-iaas-001-api-endpoint.prod.walmart.com:9696/v2.0/security-groups/f51d8ede-a904-4d12-92b1-cb9c2094cce2 0.489s
2016-08-15 09:06:14.224 83535 INFO tempest.lib.common.rest_client [req-1be4d5f5-0b67-405f-875f-2bf8a3e98fad ] Request (HypervisorAdminTestJSON:test_get_hypervisor_uptime): 200 GET https://dal-iaas-001-api-endpoint.prod.walmart.com:8774/v2/bd7a2648cc2040ce91ac03c998528f77/os-hypervisors/5 0.466s
2016-08-15 09:06:14.474 83533 INFO tempest.lib.common.rest_client [req-2f2a0a8e-a869-4a01-aaea-43d633fd03d5 ] Request (ServerMetadataTestJSON:tearDownClass): 204 DELETE https://dal-iaas-001-api-endpoint.prod.walmart.com:35357/v2.0/tenants/2cc1a8b2d5e0472692d667edd7a0d6d8 0.743s
2016-08-15 09:06:14.493 83536 INFO tempest.lib.common.rest_client [req-4e889c05-cb89-4e98-a9cf-ea484f237fa3 ] Request (QuotasAdminNegativeTestJSON:test_create_server_when_cpu_quota_is_full): 403 POST https://dal-iaas-001-api-endpoint.prod.walmart.com:8774/v2/ed133c9b89214be4871e52c6749b7299/servers 1.758s
2016-08-15 09:06:14.708 83535 INFO tempest.lib.common.rest_client [req-e7ef3fd1-69a7-4c30-a621-9035d886c52e ] Request (HypervisorAdminTestJSON:test_get_hypervisor_uptime): 200 GET https://dal-iaas-001-api-endpoint.prod.walmart.com:8774/v2/bd7a2648cc2040ce91ac03c998528f77/os-hypervisors/5 0.481s
2016-08-15 09:06:14.756 83534 INFO tempest.lib.common.rest_client [req-61d580d1-f42f-4ee9-985a-34e3c9b6e671 ] Request (InstanceUsageAuditLogNegativeTestJSON:tearDownClass): 204 DELETE https://dal-iaas-001-api-endpoint.prod.walmart.com:35357/v2.0/tenants/189b135e1247429085f3318db8c8e26d 0.745s
2016-08-15 09:06:14.850 83538 INFO tempest.lib.common.rest_client [req-413f56b2-67c5-432f-a127-d51a93f59ae2 ] Request (ServersAdminTestJSON:test_list_servers_filter_by_exist_host): 200 GET https://dal-iaas-001-api-endpoint.prod.walmart.com:8774/v2/884865f500cd482c85d3ab12c213a8e5/servers/f6225e8f-e740-4df9-9cc4-d5f39198ce63 0.632s
2016-08-15 09:06:14.962 83536 INFO tempest.lib.common.rest_client [req-e1feea66-ecd1-423e-b17c-ebd432d039af ] Request (QuotasAdminNegativeTestJSON:_run_cleanups): 200 PUT https://dal-iaas-001-api-endpoint.prod.walmart.com:8774/v2/1a984aacb9d541639d6f6a99b9ec326d/os-quota-sets/ed133c9b89214be4871e52c6749b7299 0.468s
2016-08-15 09:06:15.180 83535 INFO tempest.lib.common.rest_client [req-4dea6ff5-258d-4ff7-9648-7c6b3498e001 ] Request (HypervisorAdminTestJSON:test_get_hypervisor_uptime): 200 GET https://dal-iaas-001-api-endpoint.prod.walmart.com:8774/v2/bd7a2648cc2040ce91ac03c998528f77/os-hypervisors/5 0.467s
2016-08-15 09:06:15.203 83533 INFO tempest.lib.common.rest_client [req-962a5820-f29c-4bea-9442-065b278750e5 ] Request (VirtualInterfacesNegativeTestJSON:setUpClass): 200 POST https://dal-iaas-001-api-endpoint.prod.walmart.com:5443/v2.0/tokens
2016-08-15 09:06:15.447 83536 INFO tempest.lib.common.rest_client [req-9144f149-8531-4ee8-be84-b4ed190dcd0d ] Request (QuotasAdminNegativeTestJSON:test_create_server_when_instances_quota_is_full): 200 GET https://dal-iaas-001-api-endpoint.prod.walmart.com:8774/v2/1a984aacb9d541639d6f6a99b9ec326d/os-quota-sets/ed133c9b89214be4871e52c6749b7299 0.482s
2016-08-15 09:06:15.499 83534 INFO tempest.lib.common.rest_client [req-bb8c21c2-0a3a-4c1a-8c3e-6a8fec8b14e2 ] Request (InstanceUsageAuditLogNegativeTestJSON:tearDownClass): 204 DELETE https://dal-iaas-001-api-endpoint.prod.walmart.com:35357/v2.0/users/5ee542ed22e04cb58d604a7f8606dfd0 0.743s
2016-08-15 09:06:15.711 83535 INFO tempest.lib.common.rest_client [req-c1857afb-5f37-4b28-b183-d9bd20ff075f ] Request (HypervisorAdminTestJSON:test_get_hypervisor_uptime): 200 GET https://dal-iaas-001-api-endpoint.prod.walmart.com:8774/v2/bd7a2648cc2040ce91ac03c998528f77/os-hypervisors/5 0.527s
2016-08-15 09:06:15.913 83536 INFO tempest.lib.common.rest_client [req-3e39f79b-67ef-4d50-971d-c0e7fe567454 ] Request (QuotasAdminNegativeTestJSON:test_create_server_when_instances_quota_is_full): 200 PUT https://dal-iaas-001-api-endpoint.prod.walmart.com:8774/v2/1a984aacb9d541639d6f6a99b9ec326d/os-quota-sets/ed133c9b89214be4871e52c6749b7299 0.463s
2016-08-15 09:06:15.971 83533 INFO tempest.lib.common.rest_client [req-d9209c73-4364-49e7-9209-617365939b63 ] Request (VirtualInterfacesNegativeTestJSON:setUpClass): 200 POST https://dal-iaas-001-api-endpoint.prod.walmart.com:5443/v2.0/tokens
2016-08-15 09:06:15.983 83534 INFO tempest.lib.common.rest_client [req-b2a76d8e-ebc5-4129-9ed8-a77cab53e10f ] Request (InstanceUsageAuditLogNegativeTestJSON:tearDownClass): 200 GET https://dal-iaas-001-api-endpoint.prod.walmart.com:9696/v2.0/security-groups?tenant_id=8fc48d2fd657476ea241801667de1ac1&name=default 0.483s
2016-08-15 09:06:16.496 83535 INFO tempest.lib.common.rest_client [req-91a890fd-f0c5-4b43-9841-08e95d75fe3f ] Request (HypervisorAdminTestJSON:test_get_hypervisor_uptime): 200 GET https://dal-iaas-001-api-endpoint.prod.walmart.com:8774/v2/bd7a2648cc2040ce91ac03c998528f77/os-hypervisors/5 0.781s
2016-08-15 09:06:16.574 83534 INFO tempest.lib.common.rest_client [req-65dfbf8f-ee25-40ca-90fd-018f8c20b6e3 ] Request (InstanceUsageAuditLogNegativeTestJSON:tearDownClass): 204 DELETE https://dal-iaas-001-api-endpoint.prod.walmart.com:9696/v2.0/security-groups/ede2893d-cca1-45fa-9db1-34d33eecc57b 0.591s
2016-08-15 09:06:16.580 83536 INFO tempest.lib.common.rest_client [req-8dc4cc3b-427f-4643-b3c0-55be1497abfd ] Request (QuotasAdminNegativeTestJSON:test_create_server_when_instances_quota_is_full): 200 POST https://dal-iaas-001-api-endpoint.prod.walmart.com:5443/v2.0/tokens
2016-08-15 09:06:16.597 83537 INFO tempest.lib.common.rest_client [req-c7b3fcb9-5f75-4b45-ad88-0a89ce7c7f19 ] Request (SecurityGroupsTestAdminJSON:test_list_security_groups_list_all_tenants_filter): 200 GET https://dal-iaas-001-api-endpoint.prod.walmart.com:8774/v2/b9222244fb40448688b97d83064d856b/os-security-groups?all_tenants=true 27.298s
2016-08-15 09:06:16.612 83538 INFO tempest.lib.common.rest_client [req-1788550f-26e6-4e64-adec-c2df44215a40 ] Request (ServersAdminTestJSON:test_list_servers_filter_by_exist_host): 200 GET https://dal-iaas-001-api-endpoint.prod.walmart.com:8774/v2/884865f500cd482c85d3ab12c213a8e5/servers/f6225e8f-e740-4df9-9cc4-d5f39198ce63 0.750s
2016-08-15 09:06:16.751 83533 INFO tempest.lib.common.rest_client [req-35fae740-43ee-47ad-aa54-85fbff71c75f ] Request (VirtualInterfacesNegativeTestJSON:setUpClass): 200 POST https://dal-iaas-001-api-endpoint.prod.walmart.com:35357/v2.0/tenants 0.779s
2016-08-15 09:06:16.992 83535 INFO tempest.lib.common.rest_client [req-fcc843cb-cb98-485f-ac16-0aebfddb4a4d ] Request (HypervisorAdminTestJSON:test_get_hypervisor_uptime): 200 GET https://dal-iaas-001-api-endpoint.prod.walmart.com:8774/v2/bd7a2648cc2040ce91ac03c998528f77/os-hypervisors/5 0.492s
2016-08-15 09:06:17.355 83534 INFO tempest.lib.common.rest_client [req-2420712c-7616-4e09-b82f-b73f04987b3b ] Request (InstanceUsageAuditLogNegativeTestJSON:tearDownClass): 204 DELETE https://dal-iaas-001-api-endpoint.prod.walmart.com:35357/v2.0/tenants/8fc48d2fd657476ea241801667de1ac1 0.780s
2016-08-15 09:06:17.423 83535 INFO tempest.lib.common.rest_client [req-6f1983e4-f720-4a50-ae59-1edc5cab1974 ] Request (HypervisorAdminTestJSON:test_get_hypervisor_uptime): 200 GET https://dal-iaas-001-api-endpoint.prod.walmart.com:8774/v2/bd7a2648cc2040ce91ac03c998528f77/os-hypervisors/5 0.427s
2016-08-15 09:06:17.484 83533 INFO tempest.lib.common.rest_client [req-3e75623c-aed1-422b-8896-96db9dce2768 ] Request (VirtualInterfacesNegativeTestJSON:setUpClass): 200 POST https://dal-iaas-001-api-endpoint.prod.walmart.com:35357/v2.0/users 0.732s
2016-08-15 09:06:17.861 83535 INFO tempest.lib.common.rest_client [req-593431b2-30ee-4d8d-a8b3-c2635af7499e ] Request (HypervisorAdminTestJSON:test_get_hypervisor_uptime): 200 GET https://dal-iaas-001-api-endpoint.prod.walmart.com:8774/v2/bd7a2648cc2040ce91ac03c998528f77/os-hypervisors/5 0.433s
2016-08-15 09:06:17.999 83536 INFO tempest.lib.common.rest_client [req-49402419-e6c3-4636-896d-0ff36d70341e ] Request (QuotasAdminNegativeTestJSON:test_create_server_when_instances_quota_is_full): 200 GET https://dal-iaas-001-api-endpoint.prod.walmart.com:8774/v2/ed133c9b89214be4871e52c6749b7299/os-networks 1.419s
2016-08-15 09:06:17.999 83536 INFO tempest.common.fixed_network [-] (QuotasAdminNegativeTestJSON:test_create_server_when_instances_quota_is_full) Found network {u'bridge': None, u'vpn_public_port': None, u'dhcp_start': None, u'bridge_interface': None, u'share_address': None, u'updated_at': None, u'id': u'1db35de8-93c8-455c-a1c1-720801bd971a', u'cidr_v6': None, u'deleted_at': None, u'gateway': None, u'rxtx_base': None, u'label': u'net1', u'priority': None, u'project_id': None, u'vpn_private_address': None, u'deleted': None, u'vlan': None, u'broadcast': None, u'netmask': None, u'injected': None, u'cidr': None, u'vpn_public_address': None, u'multi_host': None, 'name': u'net1', u'enable_dhcp': None, u'dns2': None, u'created_at': None, u'host': None, u'mtu': None, u'gateway_v6': None, u'netmask_v6': None, u'dhcp_server': None, u'dns1': None} available for tenant
2016-08-15 09:06:18.009 83534 INFO tempest.lib.common.rest_client [req-9d3313ca-fb12-4771-b9ab-925d8a61bd42 ] Request (FlavorsV2TestJSON:setUpClass): 200 POST https://dal-iaas-001-api-endpoint.prod.walmart.com:5443/v2.0/tokens
2016-08-15 09:06:18.218 83533 INFO tempest.lib.common.rest_client [req-5655993b-4bdc-47c2-bf49-eca56c3a665c ] Request (VirtualInterfacesNegativeTestJSON:setUpClass): 200 GET https://dal-iaas-001-api-endpoint.prod.walmart.com:35357/v2.0/OS-KSADM/roles 0.732s
2016-08-15 09:06:18.308 83535 INFO tempest.lib.common.rest_client [req-9ac2a1fc-708a-4cf6-9d64-7ccd94d94387 ] Request (HypervisorAdminTestJSON:test_get_hypervisor_uptime): 200 GET https://dal-iaas-001-api-endpoint.prod.walmart.com:8774/v2/bd7a2648cc2040ce91ac03c998528f77/os-hypervisors/5 0.443s
2016-08-15 09:06:18.391 83538 INFO tempest.lib.common.rest_client [req-a82c98a4-de8b-45dc-a31d-727c1e677ad6 ] Request (ServersAdminTestJSON:test_list_servers_filter_by_exist_host): 200 GET https://dal-iaas-001-api-endpoint.prod.walmart.com:8774/v2/884865f500cd482c85d3ab12c213a8e5/servers/f6225e8f-e740-4df9-9cc4-d5f39198ce63 0.769s
2016-08-15 09:06:18.709 83534 INFO tempest.lib.common.rest_client [req-e0183795-713a-4403-93d1-08b5b929d17a ] Request (FlavorsV2TestJSON:setUpClass): 200 POST https://dal-iaas-001-api-endpoint.prod.walmart.com:5443/v2.0/tokens
2016-08-15 09:06:18.782 83535 INFO tempest.lib.common.rest_client [req-bd79560e-feb7-44c3-8255-3df7a2c79723 ] Request (HypervisorAdminTestJSON:test_get_hypervisor_uptime): 200 GET https://dal-iaas-001-api-endpoint.prod.walmart.com:8774/v2/bd7a2648cc2040ce91ac03c998528f77/os-hypervisors/5 0.469s
2016-08-15 09:06:18.802 83536 INFO tempest.lib.common.rest_client [req-b4165229-d571-486d-906c-2ab7f75515f7 ] Request (QuotasAdminNegativeTestJSON:test_create_server_when_instances_quota_is_full): 403 POST https://dal-iaas-001-api-endpoint.prod.walmart.com:8774/v2/ed133c9b89214be4871e52c6749b7299/servers 0.802s
2016-08-15 09:06:19.039 83533 INFO tempest.lib.common.rest_client [req-37371343-c840-4f3c-9190-95f90df52e34 ] Request (VirtualInterfacesNegativeTestJSON:setUpClass): 200 PUT https://dal-iaas-001-api-endpoint.prod.walmart.com:35357/v2.0/tenants/a0db469d71524b5b8dc827ae2270dae3/users/73880680f961485ebb07d948dcb44b85/roles/OS-KSADM/b5b0387bbe864c43a2999e531988bb8f 0.820s
2016-08-15 09:06:19.039 83533 INFO tempest.common.dynamic_creds [-] Acquired dynamic creds:
 credentials: Credentials: {'username': u'tempest-VirtualInterfacesNegativeTestJSON-2024372722', 'project_name': u'tempest-VirtualInterfacesNegativeTestJSON-2024372722', 'user_id': u'73880680f961485ebb07d948dcb44b85', 'tenant_name': u'tempest-VirtualInterfacesNegativeTestJSON-2024372722', 'tenant_id': u'a0db469d71524b5b8dc827ae2270dae3', 'project_id': u'a0db469d71524b5b8dc827ae2270dae3'}, Network: None, Subnet: None, Router: None
2016-08-15 09:06:19.257 83535 INFO tempest.lib.common.rest_client [req-d53169cb-90db-4206-a621-4f5e84bf9e10 ] Request (HypervisorAdminTestJSON:test_get_hypervisor_uptime): 200 GET https://dal-iaas-001-api-endpoint.prod.walmart.com:8774/v2/bd7a2648cc2040ce91ac03c998528f77/os-hypervisors/5 0.469s
2016-08-15 09:06:19.302 83536 INFO tempest.lib.common.rest_client [req-2f60976a-6799-43c5-95c5-23f4e286a51e ] Request (QuotasAdminNegativeTestJSON:_run_cleanups): 200 PUT https://dal-iaas-001-api-endpoint.prod.walmart.com:8774/v2/1a984aacb9d541639d6f6a99b9ec326d/os-quota-sets/ed133c9b89214be4871e52c6749b7299 0.499s
2016-08-15 09:06:19.454 83534 INFO tempest.lib.common.rest_client [req-1fa1ecb8-fe95-459e-9a17-46c12a02acf9 ] Request (FlavorsV2TestJSON:setUpClass): 200 POST https://dal-iaas-001-api-endpoint.prod.walmart.com:35357/v2.0/tenants 0.743s
2016-08-15 09:06:19.684 83533 INFO tempest.lib.common.rest_client [req-675a73fa-59b9-42d1-8e06-8fbcaa28c1ef ] Request (VirtualInterfacesNegativeTestJSON:test_list_virtual_interfaces_invalid_server_id): 200 POST https://dal-iaas-001-api-endpoint.prod.walmart.com:5443/v2.0/tokens
2016-08-15 09:06:19.763 83536 INFO tempest.lib.common.rest_client [req-f7a45de7-6324-4112-8c32-f43c0e05478c ] Request (QuotasAdminNegativeTestJSON:test_create_server_when_memory_quota_is_full): 200 GET https://dal-iaas-001-api-endpoint.prod.walmart.com:8774/v2/1a984aacb9d541639d6f6a99b9ec326d/os-quota-sets/ed133c9b89214be4871e52c6749b7299 0.456s
2016-08-15 09:06:19.763 83535 INFO tempest.lib.common.rest_client [req-cbe72102-e76f-4728-935c-6dc02e65702f ] Request (HypervisorAdminTestJSON:test_get_hypervisor_uptime): 200 GET https://dal-iaas-001-api-endpoint.prod.walmart.com:8774/v2/bd7a2648cc2040ce91ac03c998528f77/os-hypervisors/5 0.503s
2016-08-15 09:06:20.075 83538 INFO tempest.lib.common.rest_client [req-0acde25f-b88e-4015-bc45-37b049295f13 ] Request (ServersAdminTestJSON:test_list_servers_filter_by_exist_host): 200 GET https://dal-iaas-001-api-endpoint.prod.walmart.com:8774/v2/884865f500cd482c85d3ab12c213a8e5/servers/f6225e8f-e740-4df9-9cc4-d5f39198ce63 0.670s
2016-08-15 09:06:20.081 83538 INFO tempest.common.waiters [-] State transition "BUILD/spawning" ==> "ACTIVE/None" after 11 second wait
2016-08-15 09:06:20.216 83534 INFO tempest.lib.common.rest_client [req-d4d3a300-e1d2-4a7a-ad16-0142621d24f4 ] Request (FlavorsV2TestJSON:setUpClass): 200 POST https://dal-iaas-001-api-endpoint.prod.walmart.com:35357/v2.0/users 0.761s
2016-08-15 09:06:20.246 83535 INFO tempest.lib.common.rest_client [req-86e5432c-c7cf-45b3-8dcb-f3fcc66e81d2 ] Request (HypervisorAdminTestJSON:test_get_hypervisor_uptime): 200 GET https://dal-iaas-001-api-endpoint.prod.walmart.com:8774/v2/bd7a2648cc2040ce91ac03c998528f77/os-hypervisors/5 0.479s
2016-08-15 09:06:20.506 83536 INFO tempest.lib.common.rest_client [req-8766c37d-25fd-4ba3-8425-7184269011a7 ] Request (QuotasAdminNegativeTestJSON:test_create_server_when_memory_quota_is_full): 200 PUT https://dal-iaas-001-api-endpoint.prod.walmart.com:8774/v2/1a984aacb9d541639d6f6a99b9ec326d/os-quota-sets/ed133c9b89214be4871e52c6749b7299 0.740s
2016-08-15 09:06:20.716 83535 INFO tempest.lib.common.rest_client [req-5264d54c-7a4d-41da-91af-46b77afd9eb2 ] Request (HypervisorAdminTestJSON:test_get_hypervisor_uptime): 200 GET https://dal-iaas-001-api-endpoint.prod.walmart.com:8774/v2/bd7a2648cc2040ce91ac03c998528f77/os-hypervisors/5 0.466s
2016-08-15 09:06:20.729 83538 INFO tempest.lib.common.rest_client [req-f5e91914-e110-4922-8f09-bda00d0b795c ] Request (ServersAdminTestJSON:test_list_servers_filter_by_exist_host): 200 GET https://dal-iaas-001-api-endpoint.prod.walmart.com:8774/v2/884865f500cd482c85d3ab12c213a8e5/servers/f6225e8f-e740-4df9-9cc4-d5f39198ce63 0.647s
2016-08-15 09:06:21.013 83534 INFO tempest.lib.common.rest_client [req-e174ccd7-f015-4c3c-85a4-c384932a3bee ] Request (FlavorsV2TestJSON:setUpClass): 200 GET https://dal-iaas-001-api-endpoint.prod.walmart.com:35357/v2.0/OS-KSADM/roles 0.796s
2016-08-15 09:06:21.057 83533 INFO tempest.lib.common.rest_client [req-a99de30a-8945-41b7-9342-c0ab16ad6ed9 ] Request (VirtualInterfacesNegativeTestJSON:test_list_virtual_interfaces_invalid_server_id): 404 GET https://dal-iaas-001-api-endpoint.prod.walmart.com:8774/v2/a0db469d71524b5b8dc827ae2270dae3/servers/063cc08d-1968-40ee-bfc5-fc4c845e5994/os-virtual-interfaces 1.372s
2016-08-15 09:06:21.139 83536 INFO tempest.lib.common.rest_client [req-a5239e5e-7c12-48d6-ba71-933969f01ddd ] Request (QuotasAdminNegativeTestJSON:test_create_server_when_memory_quota_is_full): 200 POST https://dal-iaas-001-api-endpoint.prod.walmart.com:5443/v2.0/tokens
2016-08-15 09:06:21.181 83535 INFO tempest.lib.common.rest_client [req-e02dbb73-4aa8-4440-8606-284947e8c487 ] Request (HypervisorAdminTestJSON:test_get_hypervisor_uptime): 200 GET https://dal-iaas-001-api-endpoint.prod.walmart.com:8774/v2/bd7a2648cc2040ce91ac03c998528f77/os-hypervisors/5 0.460s
2016-08-15 09:06:21.247 83538 INFO tempest.lib.common.rest_client [req-c4aa77f6-0bd5-4ed3-8513-9bb8fdad7e82 ] Request (ServersAdminTestJSON:test_list_servers_filter_by_exist_host): 200 GET https://dal-iaas-001-api-endpoint.prod.walmart.com:8774/v2/884865f500cd482c85d3ab12c213a8e5/servers?host=dal-appblx062-03.prod.walmart.com 0.509s
2016-08-15 09:06:21.612 83535 INFO tempest.lib.common.rest_client [req-60fb72b3-1538-4eb5-8244-0798f307d34a ] Request (HypervisorAdminTestJSON:test_get_hypervisor_uptime): 200 GET https://dal-iaas-001-api-endpoint.prod.walmart.com:8774/v2/bd7a2648cc2040ce91ac03c998528f77/os-hypervisors/5 0.426s
2016-08-15 09:06:21.722 83538 INFO tempest.lib.common.rest_client [req-b20bc1f1-4546-40f0-8894-105bd148dd31 ] Request (ServersAdminTestJSON:test_list_servers_filter_by_exist_host): 200 GET https://dal-iaas-001-api-endpoint.prod.walmart.com:8774/v2/884865f500cd482c85d3ab12c213a8e5/servers?host=nonexistent_host 0.472s
2016-08-15 09:06:21.801 83533 INFO tempest.lib.common.rest_client [req-04dad113-bc74-4b92-9171-ee9ffb80c014 ] Request (VirtualInterfacesNegativeTestJSON:tearDownClass): 204 DELETE https://dal-iaas-001-api-endpoint.prod.walmart.com:35357/v2.0/users/73880680f961485ebb07d948dcb44b85 0.741s
2016-08-15 09:06:21.881 83534 INFO tempest.lib.common.rest_client [req-6c054d31-ccd5-4b4f-a81e-e6ac223b4203 ] Request (FlavorsV2TestJSON:setUpClass): 200 PUT https://dal-iaas-001-api-endpoint.prod.walmart.com:35357/v2.0/tenants/30567be06c464292bee1b247efbb3093/users/1daf1e1bbdfc43f7b442fe408098483e/roles/OS-KSADM/b5b0387bbe864c43a2999e531988bb8f 0.867s
2016-08-15 09:06:21.882 83534 INFO tempest.common.dynamic_creds [-] Acquired dynamic creds:
 credentials: Credentials: {'username': u'tempest-FlavorsV2TestJSON-140232406', 'project_name': u'tempest-FlavorsV2TestJSON-140232406', 'user_id': u'1daf1e1bbdfc43f7b442fe408098483e', 'tenant_name': u'tempest-FlavorsV2TestJSON-140232406', 'tenant_id': u'30567be06c464292bee1b247efbb3093', 'project_id': u'30567be06c464292bee1b247efbb3093'}, Network: None, Subnet: None, Router: None
2016-08-15 09:06:22.087 83535 INFO tempest.lib.common.rest_client [req-65326205-b5a2-4f99-a3e2-306a60c63229 ] Request (HypervisorAdminTestJSON:test_get_hypervisor_uptime): 200 GET https://dal-iaas-001-api-endpoint.prod.walmart.com:8774/v2/bd7a2648cc2040ce91ac03c998528f77/os-hypervisors/5 0.470s
2016-08-15 09:06:22.480 83538 INFO tempest.lib.common.rest_client [req-5b9ac553-b09a-4073-bb1d-6737db62a2e1 ] Request (ServersAdminTestJSON:_run_cleanups): 204 DELETE https://dal-iaas-001-api-endpoint.prod.walmart.com:8774/v2/884865f500cd482c85d3ab12c213a8e5/servers/f6225e8f-e740-4df9-9cc4-d5f39198ce63 0.755s
2016-08-15 09:06:22.519 83534 INFO tempest.lib.common.rest_client [req-d9b2ec1b-6a8c-4257-8399-9500e16dcc81 ] Request (FlavorsV2TestJSON:test_get_flavor): 200 POST https://dal-iaas-001-api-endpoint.prod.walmart.com:5443/v2.0/tokens
2016-08-15 09:06:22.524 83535 INFO tempest.lib.common.rest_client [req-b1757b1a-720b-433f-86c9-b357d478660d ] Request (HypervisorAdminTestJSON:test_get_hypervisor_uptime): 200 GET https://dal-iaas-001-api-endpoint.prod.walmart.com:8774/v2/bd7a2648cc2040ce91ac03c998528f77/os-hypervisors/5 0.433s
2016-08-15 09:06:22.642 83536 INFO tempest.lib.common.rest_client [req-5b578dd5-9fef-44e8-8fcd-3e46f1b4a8d2 ] Request (QuotasAdminNegativeTestJSON:test_create_server_when_memory_quota_is_full): 200 GET https://dal-iaas-001-api-endpoint.prod.walmart.com:8774/v2/ed133c9b89214be4871e52c6749b7299/os-networks 1.502s
2016-08-15 09:06:22.643 83536 INFO tempest.common.fixed_network [-] (QuotasAdminNegativeTestJSON:test_create_server_when_memory_quota_is_full) Found network {u'bridge': None, u'vpn_public_port': None, u'dhcp_start': None, u'bridge_interface': None, u'share_address': None, u'updated_at': None, u'id': u'1db35de8-93c8-455c-a1c1-720801bd971a', u'cidr_v6': None, u'deleted_at': None, u'gateway': None, u'rxtx_base': None, u'label': u'net1', u'priority': None, u'project_id': None, u'vpn_private_address': None, u'deleted': None, u'vlan': None, u'broadcast': None, u'netmask': None, u'injected': None, u'cidr': None, u'vpn_public_address': None, u'multi_host': None, 'name': u'net1', u'enable_dhcp': None, u'dns2': None, u'created_at': None, u'host': None, u'mtu': None, u'gateway_v6': None, u'netmask_v6': None, u'dhcp_server': None, u'dns1': None} available for tenant
2016-08-15 09:06:22.987 83535 INFO tempest.lib.common.rest_client [req-60fac7ae-7963-4a04-b722-c91b7be7a0d6 ] Request (HypervisorAdminTestJSON:test_get_hypervisor_uptime): 200 GET https://dal-iaas-001-api-endpoint.prod.walmart.com:8774/v2/bd7a2648cc2040ce91ac03c998528f77/os-hypervisors/5 0.459s
2016-08-15 09:06:23.143 83538 INFO tempest.lib.common.rest_client [req-0716dd4e-ce14-43b1-b660-03f981260cb2 ] Request (ServersAdminTestJSON:test_rebuild_server_in_error_state): 202 POST https://dal-iaas-001-api-endpoint.prod.walmart.com:8774/v2/884865f500cd482c85d3ab12c213a8e5/servers/f08414e2-10af-424d-9564-a66d9c0f8d4c/action 0.660s
2016-08-15 09:06:23.361 83533 INFO tempest.lib.common.rest_client [req-1f104846-f8e9-458b-9df2-a81f58e6a43c ] Request (VirtualInterfacesNegativeTestJSON:tearDownClass): 200 GET https://dal-iaas-001-api-endpoint.prod.walmart.com:9696/v2.0/security-groups?tenant_id=a0db469d71524b5b8dc827ae2270dae3&name=default 1.559s
2016-08-15 09:06:23.425 83535 INFO tempest.lib.common.rest_client [req-7e7c8210-a9b5-4a62-a277-8aa7fc036d08 ] Request (HypervisorAdminTestJSON:test_get_hypervisor_uptime): 200 GET https://dal-iaas-001-api-endpoint.prod.walmart.com:8774/v2/bd7a2648cc2040ce91ac03c998528f77/os-hypervisors/5 0.433s
2016-08-15 09:06:23.859 83533 INFO tempest.lib.common.rest_client [req-3255911a-ccea-41e7-8fab-2c58c7cd98c7 ] Request (VirtualInterfacesNegativeTestJSON:tearDownClass): 204 DELETE https://dal-iaas-001-api-endpoint.prod.walmart.com:9696/v2.0/security-groups/9d8c3cbe-2aae-4d9c-87b3-139ef45ff01c 0.497s
2016-08-15 09:06:23.891 83535 INFO tempest.lib.common.rest_client [req-f8a979c9-6bc1-49d5-811a-033c2bc8301a ] Request (HypervisorAdminTestJSON:test_get_hypervisor_uptime): 200 GET https://dal-iaas-001-api-endpoint.prod.walmart.com:8774/v2/bd7a2648cc2040ce91ac03c998528f77/os-hypervisors/5 0.460s
2016-08-15 09:06:23.938 83536 INFO tempest.lib.common.rest_client [req-e2226cc5-2dab-480b-b4eb-3cae06059fc0 ] Request (QuotasAdminNegativeTestJSON:test_create_server_when_memory_quota_is_full): 403 POST https://dal-iaas-001-api-endpoint.prod.walmart.com:8774/v2/ed133c9b89214be4871e52c6749b7299/servers 1.293s
2016-08-15 09:06:24.018 83534 INFO tempest.lib.common.rest_client [req-bce8395b-cf4a-452e-be58-8745d23f0980 ] Request (FlavorsV2TestJSON:test_get_flavor): 200 GET https://dal-iaas-001-api-endpoint.prod.walmart.com:8774/v2/30567be06c464292bee1b247efbb3093/flavors/3 1.498s
2016-08-15 09:06:24.365 83535 INFO tempest.lib.common.rest_client [req-e5f3e971-a765-4f15-b344-50a5203bce26 ] Request (HypervisorAdminTestJSON:test_get_hypervisor_uptime): 200 GET https://dal-iaas-001-api-endpoint.prod.walmart.com:8774/v2/bd7a2648cc2040ce91ac03c998528f77/os-hypervisors/5 0.469s
2016-08-15 09:06:24.449 83536 INFO tempest.lib.common.rest_client [req-a101a113-98c9-4717-b767-67bf428471c1 ] Request (QuotasAdminNegativeTestJSON:_run_cleanups): 200 PUT https://dal-iaas-001-api-endpoint.prod.walmart.com:8774/v2/1a984aacb9d541639d6f6a99b9ec326d/os-quota-sets/ed133c9b89214be4871e52c6749b7299 0.510s
2016-08-15 09:06:24.471 83538 INFO tempest.lib.common.rest_client [req-9675d22e-2daa-450f-b969-9a872d9fd957 ] Request (ServersAdminTestJSON:test_rebuild_server_in_error_state): 202 POST https://dal-iaas-001-api-endpoint.prod.walmart.com:8774/v2/7f3b61c5c68f42cc92da8f2ace7f25a6/servers/f08414e2-10af-424d-9564-a66d9c0f8d4c/action 1.327s
2016-08-15 09:06:24.482 83534 INFO tempest.lib.common.rest_client [req-9c03c377-5de1-47f0-9b2a-98eecc29894a ] Request (FlavorsV2TestJSON:test_list_flavors): 200 GET https://dal-iaas-001-api-endpoint.prod.walmart.com:8774/v2/30567be06c464292bee1b247efbb3093/flavors 0.460s
2016-08-15 09:06:24.736 83533 INFO tempest.lib.common.rest_client [req-a2e3e4b2-8018-44c3-a684-d4870519a6f3 ] Request (VirtualInterfacesNegativeTestJSON:tearDownClass): 204 DELETE https://dal-iaas-001-api-endpoint.prod.walmart.com:35357/v2.0/tenants/a0db469d71524b5b8dc827ae2270dae3 0.876s
2016-08-15 09:06:24.822 83535 INFO tempest.lib.common.rest_client [req-7d213965-4753-42d1-b6e1-b0d0d1838185 ] Request (HypervisorAdminTestJSON:test_get_hypervisor_uptime): 500 GET https://dal-iaas-001-api-endpoint.prod.walmart.com:8774/v2/bd7a2648cc2040ce91ac03c998528f77/os-hypervisors/5/uptime 0.452s
2016-08-15 09:06:24.950 83534 INFO tempest.lib.common.rest_client [req-de0f9134-14e4-4054-9d41-8d119f6be09f ] Request (FlavorsV2TestJSON:test_list_flavors): 200 GET https://dal-iaas-001-api-endpoint.prod.walmart.com:8774/v2/30567be06c464292bee1b247efbb3093/flavors/3 0.463s
2016-08-15 09:06:24.952 83536 INFO tempest.lib.common.rest_client [req-9fc06079-f717-404c-8c4b-52c5913019eb ] Request (QuotasAdminNegativeTestJSON:test_update_quota_normal_user): 200 PUT https://dal-iaas-001-api-endpoint.prod.walmart.com:8774/v2/ed133c9b89214be4871e52c6749b7299/os-quota-sets/ed133c9b89214be4871e52c6749b7299 0.496s
2016-08-15 09:06:25.128 83538 INFO tempest.lib.common.rest_client [req-7274dc26-8bd2-49cf-bf9c-a9602744fbad ] Request (ServersAdminTestJSON:test_rebuild_server_in_error_state): 200 GET https://dal-iaas-001-api-endpoint.prod.walmart.com:8774/v2/7f3b61c5c68f42cc92da8f2ace7f25a6/servers/f08414e2-10af-424d-9564-a66d9c0f8d4c 0.652s
2016-08-15 09:06:25.293 83535 INFO tempest.lib.common.rest_client [req-22dcad06-f0c8-4b1d-b0b1-991e487d4c54 ] Request (HypervisorAdminTestJSON:test_get_hypervisor_uptime): 200 GET https://dal-iaas-001-api-endpoint.prod.walmart.com:8774/v2/bd7a2648cc2040ce91ac03c998528f77/os-hypervisors/8/uptime 0.470s
2016-08-15 09:06:25.387 83533 INFO tempest.lib.common.rest_client [req-10be20da-9ae4-49ad-81e2-9d3045b49c10 ] Request (PoliciesTestJSON:setUpClass): 201 POST https://dal-iaas-001-api-endpoint.prod.walmart.com:35357/v3/auth/tokens
2016-08-15 09:06:25.391 83534 INFO tempest.lib.common.rest_client [req-7eb7f499-5342-4c13-a2d5-b749cc6eeb8a ] Request (FlavorsV2TestJSON:test_list_flavors_detailed_filter_by_min_disk): 200 GET https://dal-iaas-001-api-endpoint.prod.walmart.com:8774/v2/30567be06c464292bee1b247efbb3093/flavors/3 0.437s
2016-08-15 09:06:25.682 83536 INFO tempest.lib.common.rest_client [req-4ec2abc9-c4a4-4758-a715-6458786489f8 ] Request (QuotasAdminNegativeTestJSON:tearDownClass): 204 DELETE https://dal-iaas-001-api-endpoint.prod.walmart.com:35357/v2.0/users/3158fe15f9a8454da3b799249521d98a 0.724s
2016-08-15 09:06:25.875 83534 INFO tempest.lib.common.rest_client [req-ce437e2a-8d39-48a7-a31d-79acfe617387 ] Request (FlavorsV2TestJSON:test_list_flavors_detailed_filter_by_min_disk): 200 GET https://dal-iaas-001-api-endpoint.prod.walmart.com:8774/v2/30567be06c464292bee1b247efbb3093/flavors/detail?minDisk=11 0.481s
2016-08-15 09:06:26.008 83533 INFO tempest.lib.common.rest_client [req-20b85d29-295d-4542-843c-122edb6b7bd5 ] Request (PoliciesTestJSON:setUpClass): 201 POST https://dal-iaas-001-api-endpoint.prod.walmart.com:35357/v3/auth/tokens
2016-08-15 09:06:26.327 83534 INFO tempest.lib.common.rest_client [req-1ad2bf61-91ad-4a44-9645-22350131c3c9 ] Request (FlavorsV2TestJSON:test_list_flavors_detailed_filter_by_min_ram): 200 GET https://dal-iaas-001-api-endpoint.prod.walmart.com:8774/v2/30567be06c464292bee1b247efbb3093/flavors/3 0.447s
2016-08-15 09:06:26.343 83535 INFO tempest.lib.common.rest_client [req-5adb85d1-bee5-4ab3-ba0d-25fc4ac29888 ] Request (HypervisorAdminTestJSON:test_search_hypervisor): 200 GET https://dal-iaas-001-api-endpoint.prod.walmart.com:8774/v2/bd7a2648cc2040ce91ac03c998528f77/os-hypervisors 1.046s
2016-08-15 09:06:26.723 83533 INFO tempest.lib.common.rest_client [req-af4e89fc-c37f-4b01-9885-291d2c977181 ] Request (PoliciesTestJSON:setUpClass): 200 GET https://dal-iaas-001-api-endpoint.prod.walmart.com:35357/v3/domains?name=Default 0.714s
2016-08-15 09:06:26.768 83534 INFO tempest.lib.common.rest_client [req-0333e015-8777-468f-bb81-e1794c020b32 ] Request (FlavorsV2TestJSON:test_list_flavors_detailed_filter_by_min_ram): 200 GET https://dal-iaas-001-api-endpoint.prod.walmart.com:8774/v2/30567be06c464292bee1b247efbb3093/flavors/detail?minRam=4097 0.438s
2016-08-15 09:06:26.788 83535 INFO tempest.lib.common.rest_client [req-b35564fc-9a0d-4c0f-b4be-95728ac4bfa9 ] Request (HypervisorAdminTestJSON:test_search_hypervisor): 200 GET https://dal-iaas-001-api-endpoint.prod.walmart.com:8774/v2/bd7a2648cc2040ce91ac03c998528f77/os-hypervisors/dal-appblx061-21.prod.walmart.com/search 0.441s
2016-08-15 09:06:26.826 83538 INFO tempest.lib.common.rest_client [req-c3a82f0c-3054-4596-9ac5-c4c69b9f6c78 ] Request (ServersAdminTestJSON:test_rebuild_server_in_error_state): 200 GET https://dal-iaas-001-api-endpoint.prod.walmart.com:8774/v2/7f3b61c5c68f42cc92da8f2ace7f25a6/servers/f08414e2-10af-424d-9564-a66d9c0f8d4c 0.685s
2016-08-15 09:06:27.057 83536 INFO tempest.lib.common.rest_client [req-95e4ae3e-f0a7-431d-87ef-dbec9227c4cf ] Request (QuotasAdminNegativeTestJSON:tearDownClass): 200 GET https://dal-iaas-001-api-endpoint.prod.walmart.com:9696/v2.0/security-groups?tenant_id=1a984aacb9d541639d6f6a99b9ec326d&name=default 1.375s
2016-08-15 09:06:27.211 83534 INFO tempest.lib.common.rest_client [req-192c71ac-14d7-4101-b878-017ff3f78dc1 ] Request (FlavorsV2TestJSON:test_list_flavors_detailed_limit_results): 200 GET https://dal-iaas-001-api-endpoint.prod.walmart.com:8774/v2/30567be06c464292bee1b247efbb3093/flavors/detail?limit=1 0.438s
2016-08-15 09:06:27.402 83533 INFO tempest.lib.common.rest_client [req-73d429fe-c480-4f36-aee8-bb4e844c863a ] Request (PoliciesTestJSON:setUpClass): 201 POST https://dal-iaas-001-api-endpoint.prod.walmart.com:35357/v3/projects 0.679s
2016-08-15 09:06:27.502 83535 INFO tempest.lib.common.rest_client [req-554d6ffc-d3ae-4594-adbd-a8c76f65fd10 ] Request (HypervisorAdminTestJSON:tearDownClass): 204 DELETE https://dal-iaas-001-api-endpoint.prod.walmart.com:35357/v2.0/users/d388c8119e234472889a824a1bbdbf7b 0.710s
2016-08-15 09:06:27.524 83536 INFO tempest.lib.common.rest_client [req-686d4a9a-850d-4302-b494-d063ab5740c9 ] Request (QuotasAdminNegativeTestJSON:tearDownClass): 204 DELETE https://dal-iaas-001-api-endpoint.prod.walmart.com:9696/v2.0/security-groups/2109da12-aa15-4c8b-a04d-655acbaf53f4 0.466s
2016-08-15 09:06:27.642 83534 INFO tempest.lib.common.rest_client [req-dd2c0f58-4e01-4efb-ae8a-199cec42d875 ] Request (FlavorsV2TestJSON:test_list_flavors_detailed_using_marker): 200 GET https://dal-iaas-001-api-endpoint.prod.walmart.com:8774/v2/30567be06c464292bee1b247efbb3093/flavors/3 0.427s
2016-08-15 09:06:28.114 83534 INFO tempest.lib.common.rest_client [req-39a6820c-9bfc-42ee-9b7b-563e5af2748a ] Request (FlavorsV2TestJSON:test_list_flavors_detailed_using_marker): 200 GET https://dal-iaas-001-api-endpoint.prod.walmart.com:8774/v2/30567be06c464292bee1b247efbb3093/flavors/detail?marker=3 0.468s
2016-08-15 09:06:28.165 83533 INFO tempest.lib.common.rest_client [req-31d499c2-9d28-486b-9f1f-6a86dcbcb11e ] Request (PoliciesTestJSON:setUpClass): 201 POST https://dal-iaas-001-api-endpoint.prod.walmart.com:35357/v3/users 0.762s
2016-08-15 09:06:28.281 83536 INFO tempest.lib.common.rest_client [req-7b617390-8b23-4677-a340-d578c2f773a6 ] Request (QuotasAdminNegativeTestJSON:tearDownClass): 204 DELETE https://dal-iaas-001-api-endpoint.prod.walmart.com:35357/v2.0/tenants/1a984aacb9d541639d6f6a99b9ec326d 0.757s
2016-08-15 09:06:28.549 83534 INFO tempest.lib.common.rest_client [req-35b62f81-645d-4c2a-8ad6-784d51c96fd9 ] Request (FlavorsV2TestJSON:test_list_flavors_filter_by_min_disk): 200 GET https://dal-iaas-001-api-endpoint.prod.walmart.com:8774/v2/30567be06c464292bee1b247efbb3093/flavors/3 0.430s
2016-08-15 09:06:28.688 83538 INFO tempest.lib.common.rest_client [req-159b4560-e197-4c60-a20f-182842242611 ] Request (ServersAdminTestJSON:test_rebuild_server_in_error_state): 200 GET https://dal-iaas-001-api-endpoint.prod.walmart.com:8774/v2/7f3b61c5c68f42cc92da8f2ace7f25a6/servers/f08414e2-10af-424d-9564-a66d9c0f8d4c 0.855s
2016-08-15 09:06:28.839 83535 INFO tempest.lib.common.rest_client [req-5b5a57a7-bc26-43d3-b0fb-94494968b605 ] Request (HypervisorAdminTestJSON:tearDownClass): 200 GET https://dal-iaas-001-api-endpoint.prod.walmart.com:9696/v2.0/security-groups?tenant_id=bd7a2648cc2040ce91ac03c998528f77&name=default 1.336s
2016-08-15 09:06:28.952 83533 INFO tempest.lib.common.rest_client [req-64a7fdd5-aee2-494d-acfc-4623a13343ee ] Request (PoliciesTestJSON:setUpClass): 200 GET https://dal-iaas-001-api-endpoint.prod.walmart.com:35357/v3/roles 0.786s
2016-08-15 09:06:28.976 83534 INFO tempest.lib.common.rest_client [req-1135de17-7a6b-4501-b0e5-138e74115ee5 ] Request (FlavorsV2TestJSON:test_list_flavors_filter_by_min_disk): 200 GET https://dal-iaas-001-api-endpoint.prod.walmart.com:8774/v2/30567be06c464292bee1b247efbb3093/flavors?minDisk=11 0.424s
2016-08-15 09:06:29.072 83536 INFO tempest.lib.common.rest_client [req-ce99e2b7-8ac8-4b6a-9de7-9d2b7482201f ] Request (QuotasAdminNegativeTestJSON:tearDownClass): 204 DELETE https://dal-iaas-001-api-endpoint.prod.walmart.com:35357/v2.0/users/abea81556c254e14941290030ca568c9 0.791s
2016-08-15 09:06:29.321 83535 INFO tempest.lib.common.rest_client [req-c6222577-7a53-4a5a-b876-2bcd9ef44b2e ] Request (HypervisorAdminTestJSON:tearDownClass): 204 DELETE https://dal-iaas-001-api-endpoint.prod.walmart.com:9696/v2.0/security-groups/f4393017-e35c-4996-a766-0dbebf606509 0.481s
