2016-08-18 21:20:36.199 7073 INFO tempest.lib.common.rest_client [req-68801225-43ab-4b07-974c-a32ac766f630 ] Request (HypervisorAdminTestJSON:test_get_hypervisor_uptime): 200 GET https://dal-iaas-001-api-endpoint.prod.walmart.com:8774/v2/2dd2ad41de4b4dfb8a1725e485f797ee/os-hypervisors/5 0.304s
2016-08-18 21:20:36.281 7076 INFO tempest.lib.common.rest_client [req-15ae559b-e209-49b5-83bc-12dc86b96a63 ] Request (MigrationsAdminTest:test_list_migrations): 200 GET https://dal-iaas-001-api-endpoint.prod.walmart.com:8774/v2/1210de4e890945c1b7f8365cde458374/os-migrations 0.733s
2016-08-18 21:20:36.428 7072 INFO tempest.lib.common.rest_client [req-68b6e29f-016d-4ed6-9544-3a4164bd3d95 ] Request (FlavorsAdminTestJSON:setUpClass): 200 GET https://dal-iaas-001-api-endpoint.prod.walmart.com:35357/v2.0/OS-KSADM/roles 0.408s
2016-08-18 21:20:36.433 7075 INFO tempest.lib.common.rest_client [req-1e01a1eb-0105-4e99-9093-8fe166feacb9 ] Request (FlavorsAccessTestJSON:setUpClass): 200 POST https://dal-iaas-001-api-endpoint.prod.walmart.com:35357/v2.0/tenants 0.459s
2016-08-18 21:20:36.553 7073 INFO tempest.lib.common.rest_client [req-33bea46b-7c6f-4784-94e3-a4c0ad61002e ] Request (HypervisorAdminTestJSON:test_get_hypervisor_uptime): 200 GET https://dal-iaas-001-api-endpoint.prod.walmart.com:8774/v2/2dd2ad41de4b4dfb8a1725e485f797ee/os-hypervisors/5 0.345s
2016-08-18 21:20:36.562 7074 INFO tempest.lib.common.rest_client [req-a51cf4d9-35a7-430b-a468-8cf767978f3f ] Request (FlavorsExtraSpecsTestJSON:tearDownClass): 204 DELETE https://dal-iaas-001-api-endpoint.prod.walmart.com:35357/v2.0/users/1ce7b2d04b764859a2e85a5acee28373 0.559s
2016-08-18 21:20:36.573 7077 INFO tempest.lib.common.rest_client [req-820c31cc-d973-4c96-8b26-fedc5bb55cd1 ] Request (QuotasAdminTestJSON:setUpClass): 200 PUT https://dal-iaas-001-api-endpoint.prod.walmart.com:35357/v2.0/tenants/d83aa113dedb4675aad1be09e63cdb01/users/7b3fd0dcac084fd29ad24683bc2dd8b6/roles/OS-KSADM/b5b0387bbe864c43a2999e531988bb8f 0.428s
2016-08-18 21:20:36.574 7077 INFO tempest.common.dynamic_creds [-] Acquired dynamic creds:
 credentials: Credentials: {'username': u'tempest-QuotasAdminTestJSON-1275926510', 'project_name': u'tempest-QuotasAdminTestJSON-1275926510', 'user_id': u'7b3fd0dcac084fd29ad24683bc2dd8b6', 'tenant_name': u'tempest-QuotasAdminTestJSON-1275926510', 'tenant_id': u'd83aa113dedb4675aad1be09e63cdb01', 'project_id': u'd83aa113dedb4675aad1be09e63cdb01'}, Network: None, Subnet: None, Router: None
2016-08-18 21:20:36.797 7076 INFO tempest.lib.common.rest_client [req-e85a93dd-99a3-486b-b66c-ba7d8806cdd3 ] Request (MigrationsAdminTest:tearDownClass): 204 DELETE https://dal-iaas-001-api-endpoint.prod.walmart.com:35357/v2.0/users/e2414d1564d145049224d7ae05428be5 0.493s
2016-08-18 21:20:36.859 7073 INFO tempest.lib.common.rest_client [req-c59d5221-b270-4d2e-a8fa-01eeb96b13c2 ] Request (HypervisorAdminTestJSON:test_get_hypervisor_uptime): 200 GET https://dal-iaas-001-api-endpoint.prod.walmart.com:8774/v2/2dd2ad41de4b4dfb8a1725e485f797ee/os-hypervisors/5 0.294s
2016-08-18 21:20:36.910 7072 INFO tempest.lib.common.rest_client [req-6e4a20a9-6546-4847-881c-179fa6774c7d ] Request (FlavorsAdminTestJSON:setUpClass): 200 PUT https://dal-iaas-001-api-endpoint.prod.walmart.com:35357/v2.0/tenants/de392fd2d7f24e2082728cad48250906/users/db65b574610d44caa004926c17e4a12d/roles/OS-KSADM/b5b0387bbe864c43a2999e531988bb8f 0.480s
2016-08-18 21:20:36.915 7074 INFO tempest.lib.common.rest_client [req-1dc85c01-bb68-4a87-9b25-8b014cdb9adb ] Request (FlavorsExtraSpecsTestJSON:tearDownClass): 200 GET https://dal-iaas-001-api-endpoint.prod.walmart.com:9696/v2.0/security-groups?tenant_id=84f0429489ce46169185dee5d4e55270&name=default 0.351s
2016-08-18 21:20:36.987 7075 INFO tempest.lib.common.rest_client [req-1db3cae5-600c-4668-bc5e-407f03759042 ] Request (FlavorsAccessTestJSON:setUpClass): 200 POST https://dal-iaas-001-api-endpoint.prod.walmart.com:35357/v2.0/users 0.552s
2016-08-18 21:20:37.056 7077 INFO tempest.lib.common.rest_client [req-64f77dc7-b486-42c6-951f-992f08fdaf58 ] Request (QuotasAdminTestJSON:setUpClass): 200 POST https://dal-iaas-001-api-endpoint.prod.walmart.com:35357/v2.0/tenants 0.467s
2016-08-18 21:20:37.192 7073 INFO tempest.lib.common.rest_client [req-ad3d99ca-1efc-4342-9188-5f532754ae53 ] Request (HypervisorAdminTestJSON:test_get_hypervisor_uptime): 200 GET https://dal-iaas-001-api-endpoint.prod.walmart.com:8774/v2/2dd2ad41de4b4dfb8a1725e485f797ee/os-hypervisors/5 0.325s
2016-08-18 21:20:37.347 7074 INFO tempest.lib.common.rest_client [req-cc737827-995e-4f9d-8625-60bb1c6694c4 ] Request (FlavorsExtraSpecsTestJSON:tearDownClass): 204 DELETE https://dal-iaas-001-api-endpoint.prod.walmart.com:9696/v2.0/security-groups/11c13e05-74d1-40b6-95d1-9d07e60dbbf9 0.430s
2016-08-18 21:20:37.357 7072 INFO tempest.lib.common.rest_client [req-1e66759f-7980-4018-b973-b21b6cecd4cb ] Request (FlavorsAdminTestJSON:setUpClass): 200 GET https://dal-iaas-001-api-endpoint.prod.walmart.com:35357/v2.0/OS-KSADM/roles 0.445s
2016-08-18 21:20:37.409 7075 INFO tempest.lib.common.rest_client [req-0a2e2946-db45-4207-b1f7-d79fe76dbdc5 ] Request (FlavorsAccessTestJSON:setUpClass): 200 GET https://dal-iaas-001-api-endpoint.prod.walmart.com:35357/v2.0/OS-KSADM/roles 0.420s
2016-08-18 21:20:37.527 7076 INFO tempest.lib.common.rest_client [req-52c60207-e517-439f-beaa-0062511f9fe4 ] Request (MigrationsAdminTest:tearDownClass): 200 GET https://dal-iaas-001-api-endpoint.prod.walmart.com:9696/v2.0/security-groups?tenant_id=1210de4e890945c1b7f8365cde458374&name=default 0.728s
2016-08-18 21:20:37.541 7077 INFO tempest.lib.common.rest_client [req-878a03e6-6b58-4e4b-b6d4-3ea357b2da5e ] Request (QuotasAdminTestJSON:setUpClass): 200 POST https://dal-iaas-001-api-endpoint.prod.walmart.com:35357/v2.0/users 0.483s
2016-08-18 21:20:37.558 7073 INFO tempest.lib.common.rest_client [req-90aff69c-5fea-4e86-92c5-280a91d57d94 ] Request (HypervisorAdminTestJSON:test_get_hypervisor_uptime): 200 GET https://dal-iaas-001-api-endpoint.prod.walmart.com:8774/v2/2dd2ad41de4b4dfb8a1725e485f797ee/os-hypervisors/5 0.356s
2016-08-18 21:20:37.831 7072 INFO tempest.lib.common.rest_client [req-0d26b40a-3646-4129-b621-4562716757ef ] Request (FlavorsAdminTestJSON:setUpClass): 409 PUT https://dal-iaas-001-api-endpoint.prod.walmart.com:35357/v2.0/tenants/de392fd2d7f24e2082728cad48250906/users/db65b574610d44caa004926c17e4a12d/roles/OS-KSADM/b5b0387bbe864c43a2999e531988bb8f 0.472s
2016-08-18 21:20:37.832 7072 INFO tempest.common.dynamic_creds [-] Acquired dynamic creds:
 credentials: Credentials: {'username': u'tempest-FlavorsAdminTestJSON-2081457378', 'project_name': u'tempest-FlavorsAdminTestJSON-2081457378', 'user_id': u'db65b574610d44caa004926c17e4a12d', 'tenant_name': u'tempest-FlavorsAdminTestJSON-2081457378', 'tenant_id': u'de392fd2d7f24e2082728cad48250906', 'project_id': u'de392fd2d7f24e2082728cad48250906'}, Network: None, Subnet: None, Router: None
2016-08-18 21:20:37.879 7075 INFO tempest.lib.common.rest_client [req-756c52d3-3407-40a3-a8b4-a8bf318f5d65 ] Request (FlavorsAccessTestJSON:setUpClass): 200 PUT https://dal-iaas-001-api-endpoint.prod.walmart.com:35357/v2.0/tenants/559e06aa6cf74873bebb1e6f1b38910d/users/b8710cf2394545d2b3c84a1d4e9fce2c/roles/OS-KSADM/b5b0387bbe864c43a2999e531988bb8f 0.468s
2016-08-18 21:20:37.891 7074 INFO tempest.lib.common.rest_client [req-d0a7c2f2-d35b-446d-aa5d-d6dc9871dc64 ] Request (FlavorsExtraSpecsTestJSON:tearDownClass): 204 DELETE https://dal-iaas-001-api-endpoint.prod.walmart.com:35357/v2.0/tenants/84f0429489ce46169185dee5d4e55270 0.543s
2016-08-18 21:20:37.896 7076 INFO tempest.lib.common.rest_client [req-2bef6fac-b48b-4c02-8e33-40cd234904db ] Request (MigrationsAdminTest:tearDownClass): 204 DELETE https://dal-iaas-001-api-endpoint.prod.walmart.com:9696/v2.0/security-groups/cb5ffa5f-1435-46cd-9021-0103ea752c77 0.367s
2016-08-18 21:20:37.904 7073 INFO tempest.lib.common.rest_client [req-41572ee9-6748-4512-8d88-79ecc9ba661f ] Request (HypervisorAdminTestJSON:test_get_hypervisor_uptime): 200 GET https://dal-iaas-001-api-endpoint.prod.walmart.com:8774/v2/2dd2ad41de4b4dfb8a1725e485f797ee/os-hypervisors/5 0.337s
2016-08-18 21:20:37.976 7077 INFO tempest.lib.common.rest_client [req-7a017e86-473a-4867-abd6-e709ca050604 ] Request (QuotasAdminTestJSON:setUpClass): 200 GET https://dal-iaas-001-api-endpoint.prod.walmart.com:35357/v2.0/OS-KSADM/roles 0.433s
2016-08-18 21:20:38.227 7073 INFO tempest.lib.common.rest_client [req-d858f611-e921-4f25-8dcd-1509c7cff2d6 ] Request (HypervisorAdminTestJSON:test_get_hypervisor_uptime): 200 GET https://dal-iaas-001-api-endpoint.prod.walmart.com:8774/v2/2dd2ad41de4b4dfb8a1725e485f797ee/os-hypervisors/5 0.315s
2016-08-18 21:20:38.316 7075 INFO tempest.lib.common.rest_client [req-131618b2-3c8c-46d6-9129-82a7cb8beccf ] Request (FlavorsAccessTestJSON:setUpClass): 200 GET https://dal-iaas-001-api-endpoint.prod.walmart.com:35357/v2.0/OS-KSADM/roles 0.435s
2016-08-18 21:20:38.388 7076 INFO tempest.lib.common.rest_client [req-f9fdba4b-57a1-4c34-8fdf-678c93b900dd ] Request (MigrationsAdminTest:tearDownClass): 204 DELETE https://dal-iaas-001-api-endpoint.prod.walmart.com:35357/v2.0/tenants/1210de4e890945c1b7f8365cde458374 0.490s
2016-08-18 21:20:38.453 7077 INFO tempest.lib.common.rest_client [req-756cba75-f93b-4c3a-8701-e77b80e326f2 ] Request (QuotasAdminTestJSON:setUpClass): 200 PUT https://dal-iaas-001-api-endpoint.prod.walmart.com:35357/v2.0/tenants/41d95fa297204c458114979dbd7d9bad/users/9d0b538cd58843048cefcbc32be3e7ca/roles/OS-KSADM/b5b0387bbe864c43a2999e531988bb8f 0.474s
2016-08-18 21:20:38.459 7074 INFO tempest.lib.common.rest_client [req-772a13e7-9f89-4359-adfc-677445af81db ] Request (InstanceUsageAuditLogTestJSON:setUpClass): 200 POST https://dal-iaas-001-api-endpoint.prod.walmart.com:5443/v2.0/tokens
2016-08-18 21:20:38.505 7072 INFO tempest.lib.common.rest_client [req-d8252f5c-fd5f-4bb0-a083-7ab64f8e7e51 ] Request (FlavorsAdminTestJSON:test_create_flavor_using_string_ram): 200 POST https://dal-iaas-001-api-endpoint.prod.walmart.com:5443/v2.0/tokens
2016-08-18 21:20:38.554 7073 INFO tempest.lib.common.rest_client [req-62e03d7b-75d1-4f2a-a315-e6f2a7054d51 ] Request (HypervisorAdminTestJSON:test_get_hypervisor_uptime): 200 GET https://dal-iaas-001-api-endpoint.prod.walmart.com:8774/v2/2dd2ad41de4b4dfb8a1725e485f797ee/os-hypervisors/5 0.316s
2016-08-18 21:20:38.767 7075 INFO tempest.lib.common.rest_client [req-316ca644-0c69-455d-b1d0-bce331181e09 ] Request (FlavorsAccessTestJSON:setUpClass): 409 PUT https://dal-iaas-001-api-endpoint.prod.walmart.com:35357/v2.0/tenants/559e06aa6cf74873bebb1e6f1b38910d/users/b8710cf2394545d2b3c84a1d4e9fce2c/roles/OS-KSADM/b5b0387bbe864c43a2999e531988bb8f 0.450s
2016-08-18 21:20:38.865 7077 INFO tempest.lib.common.rest_client [req-60147f0e-31a4-4615-9023-87ea2b67b32f ] Request (QuotasAdminTestJSON:setUpClass): 200 GET https://dal-iaas-001-api-endpoint.prod.walmart.com:35357/v2.0/OS-KSADM/roles 0.410s
2016-08-18 21:20:38.888 7076 INFO tempest.lib.common.rest_client [req-c7a0cb73-fcc0-4cd8-b12e-62e42dbc8060 ] Request (MigrationsAdminTest:tearDownClass): 204 DELETE https://dal-iaas-001-api-endpoint.prod.walmart.com:35357/v2.0/users/cab2a2e5ab26483aae9fa4d60198b4e1 0.499s
2016-08-18 21:20:38.888 7073 INFO tempest.lib.common.rest_client [req-0d939ca4-791f-4571-adce-c4cfc0927315 ] Request (HypervisorAdminTestJSON:test_get_hypervisor_uptime): 200 GET https://dal-iaas-001-api-endpoint.prod.walmart.com:8774/v2/2dd2ad41de4b4dfb8a1725e485f797ee/os-hypervisors/5 0.324s
2016-08-18 21:20:39.002 7074 INFO tempest.lib.common.rest_client [req-694593c8-3c8e-43b9-8303-3fcfd3f8e440 ] Request (InstanceUsageAuditLogTestJSON:setUpClass): 200 POST https://dal-iaas-001-api-endpoint.prod.walmart.com:5443/v2.0/tokens
2016-08-18 21:20:39.261 7072 INFO tempest.lib.common.rest_client [req-b0b97214-a4c3-422e-96ec-4dd370d771a8 ] Request (FlavorsAdminTestJSON:test_create_flavor_using_string_ram): 200 POST https://dal-iaas-001-api-endpoint.prod.walmart.com:8774/v2/de392fd2d7f24e2082728cad48250906/flavors 0.755s
2016-08-18 21:20:39.438 7075 INFO tempest.common.dynamic_creds [-] Acquired dynamic creds:
 credentials: Credentials: {'username': u'tempest-FlavorsAccessTestJSON-677623655', 'project_name': u'tempest-FlavorsAccessTestJSON-677623655', 'user_id': u'b8710cf2394545d2b3c84a1d4e9fce2c', 'tenant_name': u'tempest-FlavorsAccessTestJSON-677623655', 'tenant_id': u'559e06aa6cf74873bebb1e6f1b38910d', 'project_id': u'559e06aa6cf74873bebb1e6f1b38910d'}, Network: None, Subnet: None, Router: None
2016-08-18 21:20:39.799 7076 INFO tempest.lib.common.rest_client [req-74ba7e4e-eb5a-4f0a-bd12-0ec6bc9c8357 ] Request (MigrationsAdminTest:tearDownClass): 200 GET https://dal-iaas-001-api-endpoint.prod.walmart.com:9696/v2.0/security-groups?tenant_id=75e4c81c70524e12a27e16ace54a1595&name=default 0.358s
2016-08-18 21:20:39.807 7073 INFO tempest.lib.common.rest_client [req-c6a31146-f565-4975-8817-69d79dc64845 ] Request (HypervisorAdminTestJSON:test_get_hypervisor_uptime): 200 GET https://dal-iaas-001-api-endpoint.prod.walmart.com:8774/v2/2dd2ad41de4b4dfb8a1725e485f797ee/os-hypervisors/5 0.349s
2016-08-18 21:20:39.883 7072 INFO tempest.lib.common.rest_client [req-f5cf6595-2784-40f4-bc66-262297b54e72 ] Request (FlavorsAdminTestJSON:_run_cleanups): 202 DELETE https://dal-iaas-001-api-endpoint.prod.walmart.com:8774/v2/de392fd2d7f24e2082728cad48250906/flavors/631169126 0.425s
2016-08-18 21:20:39.883 7077 INFO tempest.lib.common.rest_client [req-0e941f42-3a92-429a-ab23-f995cabc20e2 ] Request (QuotasAdminTestJSON:setUpClass): 409 PUT https://dal-iaas-001-api-endpoint.prod.walmart.com:35357/v2.0/tenants/41d95fa297204c458114979dbd7d9bad/users/9d0b538cd58843048cefcbc32be3e7ca/roles/OS-KSADM/b5b0387bbe864c43a2999e531988bb8f 0.443s
2016-08-18 21:20:39.991 7075 INFO tempest.lib.common.rest_client [req-b14127c0-13e9-49ca-b862-8fc01783ebdc ] Request (FlavorsAccessTestJSON:test_flavor_access_add_remove): 200 POST https://dal-iaas-001-api-endpoint.prod.walmart.com:5443/v2.0/tokens
2016-08-18 21:20:39.898 7074 INFO tempest.lib.common.rest_client [req-f65ad2d9-0ea0-409a-8bd7-85c279ce00f0 ] Request (InstanceUsageAuditLogTestJSON:setUpClass): 200 POST https://dal-iaas-001-api-endpoint.prod.walmart.com:35357/v2.0/tenants 0.455s
2016-08-18 21:20:40.072 7077 INFO tempest.common.dynamic_creds [-] Acquired dynamic creds:
 credentials: Credentials: {'username': u'tempest-QuotasAdminTestJSON-706270255', 'project_name': u'tempest-QuotasAdminTestJSON-706270255', 'user_id': u'9d0b538cd58843048cefcbc32be3e7ca', 'tenant_name': u'tempest-QuotasAdminTestJSON-706270255', 'tenant_id': u'41d95fa297204c458114979dbd7d9bad', 'project_id': u'41d95fa297204c458114979dbd7d9bad'}, Network: None, Subnet: None, Router: None
2016-08-18 21:20:40.147 7073 INFO tempest.lib.common.rest_client [req-f9c54474-89a2-46c7-bad6-cedb1ef74277 ] Request (HypervisorAdminTestJSON:test_get_hypervisor_uptime): 200 GET https://dal-iaas-001-api-endpoint.prod.walmart.com:8774/v2/2dd2ad41de4b4dfb8a1725e485f797ee/os-hypervisors/5 0.331s
2016-08-18 21:20:40.221 7076 INFO tempest.lib.common.rest_client [req-30ab95fd-58f7-4653-a4bf-27991b2c887d ] Request (MigrationsAdminTest:tearDownClass): 204 DELETE https://dal-iaas-001-api-endpoint.prod.walmart.com:9696/v2.0/security-groups/d3651dfd-7620-4cc4-98f8-fd32e8239a35 0.420s
2016-08-18 21:20:40.422 7072 INFO tempest.lib.common.rest_client [req-4358a87c-4cb5-4701-8165-0dd6ba9940be ] Request (FlavorsAdminTestJSON:_run_cleanups): 200 GET https://dal-iaas-001-api-endpoint.prod.walmart.com:8774/v2/de392fd2d7f24e2082728cad48250906/flavors/detail 0.349s
2016-08-18 21:20:40.484 7073 INFO tempest.lib.common.rest_client [req-0d4e8b73-e618-4a6a-9a35-d4a52094304c ] Request (HypervisorAdminTestJSON:test_get_hypervisor_uptime): 200 GET https://dal-iaas-001-api-endpoint.prod.walmart.com:8774/v2/2dd2ad41de4b4dfb8a1725e485f797ee/os-hypervisors/5 0.328s
2016-08-18 21:20:40.568 7074 INFO tempest.lib.common.rest_client [req-bb566511-3258-4cf9-b8c3-55afbaa5e93f ] Request (InstanceUsageAuditLogTestJSON:setUpClass): 200 POST https://dal-iaas-001-api-endpoint.prod.walmart.com:35357/v2.0/users 0.495s
2016-08-18 21:20:40.640 7077 INFO tempest.lib.common.rest_client [req-d447458f-7e5c-432b-bf33-549dddcc708c ] Request (QuotasAdminTestJSON:test_delete_quota): 200 POST https://dal-iaas-001-api-endpoint.prod.walmart.com:5443/v2.0/tokens
2016-08-18 21:20:40.759 7072 INFO tempest.lib.common.rest_client [req-3ee17f00-e48b-4253-bd03-17eccbd35ac8 ] Request (FlavorsAdminTestJSON:test_create_flavor_verify_entry_in_list_details): 200 POST https://dal-iaas-001-api-endpoint.prod.walmart.com:8774/v2/de392fd2d7f24e2082728cad48250906/flavors 0.321s
2016-08-18 21:20:40.761 7076 INFO tempest.lib.common.rest_client [req-7a23ad36-5174-4354-a388-f378a3e4825f ] Request (MigrationsAdminTest:tearDownClass): 204 DELETE https://dal-iaas-001-api-endpoint.prod.walmart.com:35357/v2.0/tenants/75e4c81c70524e12a27e16ace54a1595 0.538s
2016-08-18 21:20:40.805 7075 INFO tempest.lib.common.rest_client [req-57296e2a-1091-46bd-8cc6-ba6cee5cd4d4 ] Request (FlavorsAccessTestJSON:test_flavor_access_add_remove): 200 POST https://dal-iaas-001-api-endpoint.prod.walmart.com:8774/v2/559e06aa6cf74873bebb1e6f1b38910d/flavors 0.731s
2016-08-18 21:20:40.819 7073 INFO tempest.lib.common.rest_client [req-40cdaea1-a884-4d52-afc4-5fe93b8e3763 ] Request (HypervisorAdminTestJSON:test_get_hypervisor_uptime): 200 GET https://dal-iaas-001-api-endpoint.prod.walmart.com:8774/v2/2dd2ad41de4b4dfb8a1725e485f797ee/os-hypervisors/5 0.322s
2016-08-18 21:20:41.009 7074 INFO tempest.lib.common.rest_client [req-ebd14e8c-17f1-496b-9dcf-d8a60ad309df ] Request (InstanceUsageAuditLogTestJSON:setUpClass): 200 GET https://dal-iaas-001-api-endpoint.prod.walmart.com:35357/v2.0/OS-KSADM/roles 0.439s
2016-08-18 21:20:41.077 7077 INFO tempest.lib.common.rest_client [req-18931314-9194-4326-bbf3-bce48201802c ] Request (QuotasAdminTestJSON:test_delete_quota): 200 POST https://dal-iaas-001-api-endpoint.prod.walmart.com:35357/v2.0/tenants 0.435s
2016-08-18 21:20:41.111 7072 INFO tempest.lib.common.rest_client [req-7b06bf12-b816-4871-aa41-64ddb5ced473 ] Request (FlavorsAdminTestJSON:test_create_flavor_verify_entry_in_list_details): 200 GET https://dal-iaas-001-api-endpoint.prod.walmart.com:8774/v2/de392fd2d7f24e2082728cad48250906/flavors/detail 0.344s
2016-08-18 21:20:41.129 7073 INFO tempest.lib.common.rest_client [req-6692d4c5-43b0-464e-8eb3-f946552a7489 ] Request (HypervisorAdminTestJSON:test_get_hypervisor_uptime): 200 GET https://dal-iaas-001-api-endpoint.prod.walmart.com:8774/v2/2dd2ad41de4b4dfb8a1725e485f797ee/os-hypervisors/5 0.297s
2016-08-18 21:20:41.137 7075 INFO tempest.lib.common.rest_client [req-ad0ad30b-3912-46f3-8cac-8461a445d8ef ] Request (FlavorsAccessTestJSON:test_flavor_access_add_remove): 200 POST https://dal-iaas-001-api-endpoint.prod.walmart.com:8774/v2/559e06aa6cf74873bebb1e6f1b38910d/flavors/986026276/action 0.323s
2016-08-18 21:20:41.372 7076 INFO tempest.lib.common.rest_client [req-82c2ab1f-e2bb-47e2-a3c8-05c2decb06d9 ] Request (QuotaClassesAdminTestJSON:setUpClass): 200 POST https://dal-iaas-001-api-endpoint.prod.walmart.com:5443/v2.0/tokens
2016-08-18 21:20:41.441 7073 INFO tempest.lib.common.rest_client [req-582b0b8a-475e-45af-969c-9249aa08ac37 ] Request (HypervisorAdminTestJSON:test_get_hypervisor_uptime): 200 GET https://dal-iaas-001-api-endpoint.prod.walmart.com:8774/v2/2dd2ad41de4b4dfb8a1725e485f797ee/os-hypervisors/5 0.300s
2016-08-18 21:20:41.447 7072 INFO tempest.lib.common.rest_client [req-0f3197c9-f7b4-4496-9f9d-0ee1da77f9f1 ] Request (FlavorsAdminTestJSON:_run_cleanups): 202 DELETE https://dal-iaas-001-api-endpoint.prod.walmart.com:8774/v2/de392fd2d7f24e2082728cad48250906/flavors/130888115 0.318s
2016-08-18 21:20:41.459 7074 INFO tempest.lib.common.rest_client [req-4f64fb24-4b5a-479b-956f-4be162a3be19 ] Request (InstanceUsageAuditLogTestJSON:setUpClass): 200 PUT https://dal-iaas-001-api-endpoint.prod.walmart.com:35357/v2.0/tenants/dd54e28570774de2ad285b8c77a27e4d/users/91c03f949c914139868c902dc9ff0a5c/roles/OS-KSADM/b5b0387bbe864c43a2999e531988bb8f 0.448s
2016-08-18 21:20:41.460 7074 INFO tempest.common.dynamic_creds [-] Acquired dynamic creds:
 credentials: Credentials: {'username': u'tempest-InstanceUsageAuditLogTestJSON-1611078869', 'project_name': u'tempest-InstanceUsageAuditLogTestJSON-1611078869', 'user_id': u'91c03f949c914139868c902dc9ff0a5c', 'tenant_name': u'tempest-InstanceUsageAuditLogTestJSON-1611078869', 'tenant_id': u'dd54e28570774de2ad285b8c77a27e4d', 'project_id': u'dd54e28570774de2ad285b8c77a27e4d'}, Network: None, Subnet: None, Router: None
2016-08-18 21:20:41.633 7075 INFO tempest.lib.common.rest_client [req-6a98afd1-b320-40bc-8d20-18b1bf8ff47f ] Request (FlavorsAccessTestJSON:test_flavor_access_add_remove): 200 POST https://dal-iaas-001-api-endpoint.prod.walmart.com:5443/v2.0/tokens
2016-08-18 21:20:41.750 7073 INFO tempest.lib.common.rest_client [req-cafbd55a-a4f1-42cd-8944-3cf201286cf8 ] Request (HypervisorAdminTestJSON:test_get_hypervisor_uptime): 200 GET https://dal-iaas-001-api-endpoint.prod.walmart.com:8774/v2/2dd2ad41de4b4dfb8a1725e485f797ee/os-hypervisors/5 0.298s
2016-08-18 21:20:41.772 7077 INFO tempest.lib.common.rest_client [req-89fa81bd-8d44-4670-8c36-a2e4a0e3ffd3 ] Request (QuotasAdminTestJSON:test_delete_quota): 200 GET https://dal-iaas-001-api-endpoint.prod.walmart.com:8774/v2/41d95fa297204c458114979dbd7d9bad/os-quota-sets/c498f8e06f0f4b668632bd60aa233341 0.693s
2016-08-18 21:20:41.773 7072 INFO tempest.lib.common.rest_client [req-5e20e175-ae62-4277-ab1e-885288855036 ] Request (FlavorsAdminTestJSON:_run_cleanups): 200 GET https://dal-iaas-001-api-endpoint.prod.walmart.com:8774/v2/de392fd2d7f24e2082728cad48250906/flavors/detail 0.325s
2016-08-18 21:20:41.918 7076 INFO tempest.lib.common.rest_client [req-0d5080fa-8b74-4bce-8c54-12559936cfab ] Request (QuotaClassesAdminTestJSON:setUpClass): 200 POST https://dal-iaas-001-api-endpoint.prod.walmart.com:5443/v2.0/tokens
2016-08-18 21:20:41.922 7074 INFO tempest.lib.common.rest_client [req-ac1f7336-97d2-40c7-8c28-db235c466a38 ] Request (InstanceUsageAuditLogTestJSON:setUpClass): 200 POST https://dal-iaas-001-api-endpoint.prod.walmart.com:35357/v2.0/tenants 0.454s
2016-08-18 21:20:42.093 7072 INFO tempest.lib.common.rest_client [req-4b3bac1a-2e68-4c0f-a66a-b7e654f0a968 ] Request (FlavorsAdminTestJSON:test_create_flavor_with_int_id): 200 POST https://dal-iaas-001-api-endpoint.prod.walmart.com:8774/v2/de392fd2d7f24e2082728cad48250906/flavors 0.301s
2016-08-18 21:20:42.114 7073 INFO tempest.lib.common.rest_client [req-788033fa-9808-4bf4-9694-9b571f4b547d ] Request (HypervisorAdminTestJSON:test_get_hypervisor_uptime): 500 GET https://dal-iaas-001-api-endpoint.prod.walmart.com:8774/v2/2dd2ad41de4b4dfb8a1725e485f797ee/os-hypervisors/5/uptime 0.351s
2016-08-18 21:20:42.121 7077 INFO tempest.lib.common.rest_client [req-ca2f1919-e943-4a5f-8eba-05c967e6ba57 ] Request (QuotasAdminTestJSON:test_delete_quota): 200 PUT https://dal-iaas-001-api-endpoint.prod.walmart.com:8774/v2/41d95fa297204c458114979dbd7d9bad/os-quota-sets/c498f8e06f0f4b668632bd60aa233341 0.340s
2016-08-18 21:20:42.395 7076 INFO tempest.lib.common.rest_client [req-65bcb0e0-25b8-4439-9c36-f867e762d5de ] Request (QuotaClassesAdminTestJSON:setUpClass): 200 POST https://dal-iaas-001-api-endpoint.prod.walmart.com:35357/v2.0/tenants 0.475s
2016-08-18 21:20:42.411 7072 INFO tempest.lib.common.rest_client [req-08b86d9a-c5f6-49be-b1b6-2c91b4a7894c ] Request (FlavorsAdminTestJSON:test_create_flavor_with_int_id): 200 GET https://dal-iaas-001-api-endpoint.prod.walmart.com:8774/v2/de392fd2d7f24e2082728cad48250906/flavors/776125637 0.310s
2016-08-18 21:20:42.425 7077 INFO tempest.lib.common.rest_client [req-7c0ec23c-27cb-495c-8048-f132c74875af ] Request (QuotasAdminTestJSON:test_delete_quota): 202 DELETE https://dal-iaas-001-api-endpoint.prod.walmart.com:8774/v2/41d95fa297204c458114979dbd7d9bad/os-quota-sets/c498f8e06f0f4b668632bd60aa233341 0.299s
2016-08-18 21:20:42.436 7074 INFO tempest.lib.common.rest_client [req-9a3dde14-3dc2-4d31-8f69-7d8da2f3f5a3 ] Request (InstanceUsageAuditLogTestJSON:setUpClass): 200 POST https://dal-iaas-001-api-endpoint.prod.walmart.com:35357/v2.0/users 0.512s
2016-08-18 21:20:42.439 7075 INFO tempest.lib.common.rest_client [req-25604181-ee00-4465-acfd-64cc44e16789 ] Request (FlavorsAccessTestJSON:test_flavor_access_add_remove): 200 GET https://dal-iaas-001-api-endpoint.prod.walmart.com:8774/v2/9562c08f0bc54a7195e8a56b01017883/flavors/detail 0.805s
2016-08-18 21:20:42.464 7073 INFO tempest.lib.common.rest_client [req-f53deee1-e37b-4865-8e5d-91e37be1e998 ] Request (HypervisorAdminTestJSON:test_get_hypervisor_uptime): 200 GET https://dal-iaas-001-api-endpoint.prod.walmart.com:8774/v2/2dd2ad41de4b4dfb8a1725e485f797ee/os-hypervisors/8/uptime 0.349s
2016-08-18 21:20:42.755 7075 INFO tempest.lib.common.rest_client [req-1a411aa0-0411-401a-a278-90fd034ffae9 ] Request (FlavorsAccessTestJSON:test_flavor_access_add_remove): 200 POST https://dal-iaas-001-api-endpoint.prod.walmart.com:8774/v2/559e06aa6cf74873bebb1e6f1b38910d/flavors/986026276/action 0.303s
2016-08-18 21:20:42.755 7077 INFO tempest.lib.common.rest_client [req-5d45adae-b18a-4391-9c77-37677e8b95a6 ] Request (QuotasAdminTestJSON:test_delete_quota): 200 GET https://dal-iaas-001-api-endpoint.prod.walmart.com:8774/v2/41d95fa297204c458114979dbd7d9bad/os-quota-sets/c498f8e06f0f4b668632bd60aa233341 0.328s
2016-08-18 21:20:42.755 7072 INFO tempest.lib.common.rest_client [req-e36081f4-5849-450b-aefe-21a708ed5462 ] Request (FlavorsAdminTestJSON:_run_cleanups): 202 DELETE https://dal-iaas-001-api-endpoint.prod.walmart.com:8774/v2/de392fd2d7f24e2082728cad48250906/flavors/776125637 0.338s
2016-08-18 21:20:42.828 7074 INFO tempest.lib.common.rest_client [req-2dbb10ca-a330-4154-8bbd-d7b4df0e2cdf ] Request (InstanceUsageAuditLogTestJSON:setUpClass): 200 GET https://dal-iaas-001-api-endpoint.prod.walmart.com:35357/v2.0/OS-KSADM/roles 0.390s
2016-08-18 21:20:42.840 7076 INFO tempest.lib.common.rest_client [req-cd021955-2a26-4105-b66f-7e546ed2bd15 ] Request (QuotaClassesAdminTestJSON:setUpClass): 200 POST https://dal-iaas-001-api-endpoint.prod.walmart.com:35357/v2.0/users 0.443s
2016-08-18 21:20:43.071 7072 INFO tempest.lib.common.rest_client [req-5e245d27-a90a-45df-9043-7041fa7f4d85 ] Request (FlavorsAdminTestJSON:_run_cleanups): 200 GET https://dal-iaas-001-api-endpoint.prod.walmart.com:8774/v2/de392fd2d7f24e2082728cad48250906/flavors/detail 0.314s
2016-08-18 21:20:43.072 7075 INFO tempest.lib.common.rest_client [req-6df3eba2-6c31-4630-8ac2-f22d06bf022d ] Request (FlavorsAccessTestJSON:test_flavor_access_add_remove): 200 GET https://dal-iaas-001-api-endpoint.prod.walmart.com:8774/v2/9562c08f0bc54a7195e8a56b01017883/flavors/detail 0.313s
2016-08-18 21:20:43.247 7076 INFO tempest.lib.common.rest_client [req-ab34378b-8538-4ffb-bd30-44b04b0ca384 ] Request (QuotaClassesAdminTestJSON:setUpClass): 200 GET https://dal-iaas-001-api-endpoint.prod.walmart.com:35357/v2.0/OS-KSADM/roles 0.406s
2016-08-18 21:20:43.290 7077 INFO tempest.lib.common.rest_client [req-d70102ce-f0b6-4440-b298-af5afe608677 ] Request (QuotasAdminTestJSON:_run_cleanups): 204 DELETE https://dal-iaas-001-api-endpoint.prod.walmart.com:35357/v2.0/tenants/c498f8e06f0f4b668632bd60aa233341 0.528s
2016-08-18 21:20:43.315 7074 INFO tempest.lib.common.rest_client [req-ab8a27a8-4505-4566-b2d9-dcd77fcc8fb4 ] Request (InstanceUsageAuditLogTestJSON:setUpClass): 200 PUT https://dal-iaas-001-api-endpoint.prod.walmart.com:35357/v2.0/tenants/6ac327c9dc914873bb60e0b545307724/users/c0e186214caf482a963ac906273a1ede/roles/OS-KSADM/b5b0387bbe864c43a2999e531988bb8f 0.486s
2016-08-18 21:20:43.377 7072 INFO tempest.lib.common.rest_client [req-8b7193a5-577a-463f-a7c9-39989b343d93 ] Request (FlavorsAdminTestJSON:test_create_flavor_with_none_id): 200 POST https://dal-iaas-001-api-endpoint.prod.walmart.com:8774/v2/de392fd2d7f24e2082728cad48250906/flavors 0.286s
2016-08-18 21:20:43.379 7075 INFO tempest.lib.common.rest_client [req-a13ab287-871c-49c8-9351-430333d6d5d0 ] Request (FlavorsAccessTestJSON:_run_cleanups): 202 DELETE https://dal-iaas-001-api-endpoint.prod.walmart.com:8774/v2/559e06aa6cf74873bebb1e6f1b38910d/flavors/986026276 0.290s
2016-08-18 21:20:43.544 7073 INFO tempest.lib.common.rest_client [req-6478bca6-50b5-4beb-b493-f6861596bbb5 ] Request (HypervisorAdminTestJSON:test_search_hypervisor): 200 GET https://dal-iaas-001-api-endpoint.prod.walmart.com:8774/v2/2dd2ad41de4b4dfb8a1725e485f797ee/os-hypervisors 1.071s
2016-08-18 21:20:43.600 7077 INFO tempest.lib.common.rest_client [req-bee74081-4a4a-4a3e-b94b-8589b2de4f08 ] Request (QuotasAdminTestJSON:test_get_default_quotas): 200 GET https://dal-iaas-001-api-endpoint.prod.walmart.com:8774/v2/41d95fa297204c458114979dbd7d9bad/os-quota-sets/d83aa113dedb4675aad1be09e63cdb01/defaults 0.305s
2016-08-18 21:20:43.645 7075 INFO tempest.lib.common.rest_client [req-8c52d8a6-12bc-42f2-80b8-34a0adfe53e0 ] Request (FlavorsAccessTestJSON:test_flavor_access_list_with_private_flavor): 200 POST https://dal-iaas-001-api-endpoint.prod.walmart.com:8774/v2/559e06aa6cf74873bebb1e6f1b38910d/flavors 0.263s
2016-08-18 21:20:43.676 7072 INFO tempest.lib.common.rest_client [req-70a1aaca-b984-4f3d-9d34-9fbee68e1f46 ] Request (FlavorsAdminTestJSON:test_create_flavor_with_none_id): 200 GET https://dal-iaas-001-api-endpoint.prod.walmart.com:8774/v2/de392fd2d7f24e2082728cad48250906/flavors/d5a59d84-a0a2-4756-ac56-7d9bf2647c51 0.291s
2016-08-18 21:20:43.730 7076 INFO tempest.lib.common.rest_client [req-9954ed6b-4a2b-4556-9a8f-930f5409189e ] Request (QuotaClassesAdminTestJSON:setUpClass): 200 PUT https://dal-iaas-001-api-endpoint.prod.walmart.com:35357/v2.0/tenants/bffb014f231f44d9840ae35e3a9bfd72/users/f80ee322e9284cda801056d16aa7f806/roles/OS-KSADM/b5b0387bbe864c43a2999e531988bb8f 0.482s
2016-08-18 21:20:43.731 7076 INFO tempest.common.dynamic_creds [-] Acquired dynamic creds:
 credentials: Credentials: {'username': u'tempest-QuotaClassesAdminTestJSON-840188464', 'project_name': u'tempest-QuotaClassesAdminTestJSON-840188464', 'user_id': u'f80ee322e9284cda801056d16aa7f806', 'tenant_name': u'tempest-QuotaClassesAdminTestJSON-840188464', 'tenant_id': u'bffb014f231f44d9840ae35e3a9bfd72', 'project_id': u'bffb014f231f44d9840ae35e3a9bfd72'}, Network: None, Subnet: None, Router: None
2016-08-18 21:20:43.794 7074 INFO tempest.lib.common.rest_client [req-ed9f7ddf-2352-4c82-8e36-6facc7563439 ] Request (InstanceUsageAuditLogTestJSON:setUpClass): 200 GET https://dal-iaas-001-api-endpoint.prod.walmart.com:35357/v2.0/OS-KSADM/roles 0.477s
2016-08-18 21:20:43.908 7073 INFO tempest.lib.common.rest_client [req-266739b9-8123-40b3-967e-17a7401550fd ] Request (HypervisorAdminTestJSON:test_search_hypervisor): 200 GET https://dal-iaas-001-api-endpoint.prod.walmart.com:8774/v2/2dd2ad41de4b4dfb8a1725e485f797ee/os-hypervisors/dal-appblx061-21.prod.walmart.com/search 0.354s
2016-08-18 21:20:43.959 7075 INFO tempest.lib.common.rest_client [req-513d64aa-0751-4aa9-9334-1e6464f7f8b6 ] Request (FlavorsAccessTestJSON:test_flavor_access_list_with_private_flavor): 200 GET https://dal-iaas-001-api-endpoint.prod.walmart.com:8774/v2/559e06aa6cf74873bebb1e6f1b38910d/flavors/749926534/os-flavor-access 0.308s
2016-08-18 21:20:43.989 7072 INFO tempest.lib.common.rest_client [req-0d300f11-3b45-434e-9d66-31ed9910be7a ] Request (FlavorsAdminTestJSON:_run_cleanups): 202 DELETE https://dal-iaas-001-api-endpoint.prod.walmart.com:8774/v2/de392fd2d7f24e2082728cad48250906/flavors/d5a59d84-a0a2-4756-ac56-7d9bf2647c51 0.307s
2016-08-18 21:20:44.079 7077 INFO tempest.lib.common.rest_client [req-56298d9a-4fb2-4e66-9f0d-d8cc9613653b ] Request (QuotasAdminTestJSON:test_get_updated_quotas): 200 POST https://dal-iaas-001-api-endpoint.prod.walmart.com:35357/v2.0/tenants 0.472s
2016-08-18 21:20:44.209 7076 INFO tempest.lib.common.rest_client [req-260f5b70-bc04-41a4-acbe-d37d5edde564 ] Request (QuotaClassesAdminTestJSON:setUpClass): 200 POST https://dal-iaas-001-api-endpoint.prod.walmart.com:35357/v2.0/tenants 0.467s
2016-08-18 21:20:44.257 7074 INFO tempest.lib.common.rest_client [req-5243f15f-2931-49a7-b18e-2aeef994a4fe ] Request (InstanceUsageAuditLogTestJSON:setUpClass): 409 PUT https://dal-iaas-001-api-endpoint.prod.walmart.com:35357/v2.0/tenants/6ac327c9dc914873bb60e0b545307724/users/c0e186214caf482a963ac906273a1ede/roles/OS-KSADM/b5b0387bbe864c43a2999e531988bb8f 0.461s
2016-08-18 21:20:44.258 7074 INFO tempest.common.dynamic_creds [-] Acquired dynamic creds:
 credentials: Credentials: {'username': u'tempest-InstanceUsageAuditLogTestJSON-833944134', 'project_name': u'tempest-InstanceUsageAuditLogTestJSON-833944134', 'user_id': u'c0e186214caf482a963ac906273a1ede', 'tenant_name': u'tempest-InstanceUsageAuditLogTestJSON-833944134', 'tenant_id': u'6ac327c9dc914873bb60e0b545307724', 'project_id': u'6ac327c9dc914873bb60e0b545307724'}, Network: None, Subnet: None, Router: None
2016-08-18 21:20:44.270 7075 INFO tempest.lib.common.rest_client [req-f6d383b7-6b97-4d8e-a8f2-da00b1a69ab7 ] Request (FlavorsAccessTestJSON:_run_cleanups): 202 DELETE https://dal-iaas-001-api-endpoint.prod.walmart.com:8774/v2/559e06aa6cf74873bebb1e6f1b38910d/flavors/749926534 0.307s
2016-08-18 21:20:44.299 7072 INFO tempest.lib.common.rest_client [req-21c2f348-dd85-4845-9c23-60ba94031d97 ] Request (FlavorsAdminTestJSON:_run_cleanups): 200 GET https://dal-iaas-001-api-endpoint.prod.walmart.com:8774/v2/de392fd2d7f24e2082728cad48250906/flavors/detail 0.309s
2016-08-18 21:20:44.399 7073 INFO tempest.lib.common.rest_client [req-72ad2ce0-86d5-40e0-b642-c459e6268c8c ] Request (HypervisorAdminTestJSON:tearDownClass): 204 DELETE https://dal-iaas-001-api-endpoint.prod.walmart.com:35357/v2.0/users/6d636ef635c04f6d8f4a1f152884c2d4 0.483s
2016-08-18 21:20:44.434 7077 INFO tempest.lib.common.rest_client [req-1f1f14e3-3add-4fe3-8419-6f2c27cd3813 ] Request (QuotasAdminTestJSON:test_get_updated_quotas): 200 PUT https://dal-iaas-001-api-endpoint.prod.walmart.com:8774/v2/41d95fa297204c458114979dbd7d9bad/os-quota-sets/e0366b91159244cfb40be58753e6c0a0 0.354s
2016-08-18 21:20:44.617 7072 INFO tempest.lib.common.rest_client [req-86136d63-757f-41bf-a6ff-a25fd85fa973 ] Request (FlavorsAdminTestJSON:test_create_flavor_with_uuid_id): 200 POST https://dal-iaas-001-api-endpoint.prod.walmart.com:8774/v2/de392fd2d7f24e2082728cad48250906/flavors 0.307s
2016-08-18 21:20:44.681 7076 INFO tempest.lib.common.rest_client [req-4c1e4232-c834-421b-adb5-a59e700639c4 ] Request (QuotaClassesAdminTestJSON:setUpClass): 200 POST https://dal-iaas-001-api-endpoint.prod.walmart.com:35357/v2.0/users 0.470s
2016-08-18 21:20:44.719 7075 INFO tempest.lib.common.rest_client [req-4eb0b4b0-8eda-422b-bde1-e1fe9693f3fb ] Request (FlavorsAccessTestJSON:tearDownClass): 204 DELETE https://dal-iaas-001-api-endpoint.prod.walmart.com:35357/v2.0/users/b8710cf2394545d2b3c84a1d4e9fce2c 0.446s
2016-08-18 21:20:44.745 7074 INFO tempest.lib.common.rest_client [req-0a4b0e52-57e9-4dfc-aa53-97af0edffe38 ] Request (InstanceUsageAuditLogTestJSON:test_get_instance_usage_audit_log): 200 POST https://dal-iaas-001-api-endpoint.prod.walmart.com:5443/v2.0/tokens
2016-08-18 21:20:44.759 7077 INFO tempest.lib.common.rest_client [req-4bbe9abe-f0e7-42d8-85c2-9cf92ab386ba ] Request (QuotasAdminTestJSON:test_get_updated_quotas): 200 GET https://dal-iaas-001-api-endpoint.prod.walmart.com:8774/v2/41d95fa297204c458114979dbd7d9bad/os-quota-sets/e0366b91159244cfb40be58753e6c0a0 0.318s
2016-08-18 21:20:44.987 7072 INFO tempest.lib.common.rest_client [req-e31c7807-fce8-4769-a4fb-3b34f8b31130 ] Request (FlavorsAdminTestJSON:test_create_flavor_with_uuid_id): 200 GET https://dal-iaas-001-api-endpoint.prod.walmart.com:8774/v2/de392fd2d7f24e2082728cad48250906/flavors/f586dae4-2c1a-4f7a-a75d-681e391d6dca 0.362s
2016-08-18 21:20:45.167 7076 INFO tempest.lib.common.rest_client [req-8531d944-2d22-440f-b4cf-705960bca242 ] Request (QuotaClassesAdminTestJSON:setUpClass): 200 GET https://dal-iaas-001-api-endpoint.prod.walmart.com:35357/v2.0/OS-KSADM/roles 0.485s
2016-08-18 21:20:45.241 7077 INFO tempest.lib.common.rest_client [req-d0c0b483-b01f-4f1c-9e3d-5ea87c3bc0b3 ] Request (QuotasAdminTestJSON:test_get_updated_quotas): 200 POST https://dal-iaas-001-api-endpoint.prod.walmart.com:35357/v2.0/users 0.476s
2016-08-18 21:20:45.270 7073 INFO tempest.lib.common.rest_client [req-91a19b5d-f000-482c-b398-a9ed71b7e543 ] Request (HypervisorAdminTestJSON:tearDownClass): 200 GET https://dal-iaas-001-api-endpoint.prod.walmart.com:9696/v2.0/security-groups?tenant_id=2dd2ad41de4b4dfb8a1725e485f797ee&name=default 0.869s
2016-08-18 21:20:45.382 7072 INFO tempest.lib.common.rest_client [req-b9e6d2c8-28a8-4f04-81fd-341e28b71ec7 ] Request (FlavorsAdminTestJSON:_run_cleanups): 202 DELETE https://dal-iaas-001-api-endpoint.prod.walmart.com:8774/v2/de392fd2d7f24e2082728cad48250906/flavors/f586dae4-2c1a-4f7a-a75d-681e391d6dca 0.386s
2016-08-18 21:20:45.488 7075 INFO tempest.lib.common.rest_client [req-63c486ef-b3ab-4e7f-8ece-633c9793902c ] Request (FlavorsAccessTestJSON:tearDownClass): 200 GET https://dal-iaas-001-api-endpoint.prod.walmart.com:9696/v2.0/security-groups?tenant_id=559e06aa6cf74873bebb1e6f1b38910d&name=default 0.767s
2016-08-18 21:20:45.563 7074 INFO tempest.lib.common.rest_client [req-cf3958f9-30f0-40de-81e4-1c8c2f69e264 ] Request (InstanceUsageAuditLogTestJSON:test_get_instance_usage_audit_log): 200 GET https://dal-iaas-001-api-endpoint.prod.walmart.com:8774/v2/6ac327c9dc914873bb60e0b545307724/os-instance_usage_audit_log/2016-08-18%2021%3A20%3A44 0.816s
2016-08-18 21:20:45.642 7077 INFO tempest.lib.common.rest_client [req-80340115-076b-4422-b14f-b7a1c7f5e321 ] Request (QuotasAdminTestJSON:test_get_updated_quotas): 200 PUT https://dal-iaas-001-api-endpoint.prod.walmart.com:8774/v2/41d95fa297204c458114979dbd7d9bad/os-quota-sets/e0366b91159244cfb40be58753e6c0a0?user_id=65693c6c733b4a4c95e85c0e15139548 0.399s
2016-08-18 21:20:45.655 7073 INFO tempest.lib.common.rest_client [req-24e6905e-6529-4e1b-8b5f-dca35862f8a4 ] Request (HypervisorAdminTestJSON:tearDownClass): 204 DELETE https://dal-iaas-001-api-endpoint.prod.walmart.com:9696/v2.0/security-groups/f18188ff-de4d-47d1-b6e5-8f0087517ef8 0.383s
2016-08-18 21:20:45.686 7076 INFO tempest.lib.common.rest_client [req-0c45a74b-20ee-45b2-a94d-c9c0cd3c213b ] Request (QuotaClassesAdminTestJSON:setUpClass): 200 PUT https://dal-iaas-001-api-endpoint.prod.walmart.com:35357/v2.0/tenants/0e9ea57caf3a45dc9c399bad9944cfa9/users/7ff0a330a4b3414ca297d9caa3103150/roles/OS-KSADM/b5b0387bbe864c43a2999e531988bb8f 0.517s
2016-08-18 21:20:45.702 7072 INFO tempest.lib.common.rest_client [req-9c4f791a-d374-4c0f-a9c7-4aba76af6144 ] Request (FlavorsAdminTestJSON:_run_cleanups): 200 GET https://dal-iaas-001-api-endpoint.prod.walmart.com:8774/v2/de392fd2d7f24e2082728cad48250906/flavors/detail 0.319s
2016-08-18 21:20:45.910 7075 INFO tempest.lib.common.rest_client [req-a1bcd3a3-9f3f-4aa9-aead-0dcf976aa78b ] Request (FlavorsAccessTestJSON:tearDownClass): 204 DELETE https://dal-iaas-001-api-endpoint.prod.walmart.com:9696/v2.0/security-groups/59aa2402-5b27-4878-aad6-4799c7f09141 0.419s
2016-08-18 21:20:45.933 7074 INFO tempest.lib.common.rest_client [req-9934e291-2fb3-405c-a7a9-98a650213c8c ] Request (InstanceUsageAuditLogTestJSON:test_list_instance_usage_audit_logs): 200 GET https://dal-iaas-001-api-endpoint.prod.walmart.com:8774/v2/6ac327c9dc914873bb60e0b545307724/os-instance_usage_audit_log 0.359s
2016-08-18 21:20:45.966 7077 INFO tempest.lib.common.rest_client [req-dd0614ab-794a-4996-aee5-b6ae1ea1a4a4 ] Request (QuotasAdminTestJSON:test_get_updated_quotas): 200 GET https://dal-iaas-001-api-endpoint.prod.walmart.com:8774/v2/41d95fa297204c458114979dbd7d9bad/os-quota-sets/e0366b91159244cfb40be58753e6c0a0?user_id=65693c6c733b4a4c95e85c0e15139548 0.317s
2016-08-18 21:20:46.054 7072 INFO tempest.lib.common.rest_client [req-db2f6671-3188-4cc1-b5a8-c1317ed4226e ] Request (FlavorsAdminTestJSON:test_create_list_flavor_without_extra_data): 200 POST https://dal-iaas-001-api-endpoint.prod.walmart.com:8774/v2/de392fd2d7f24e2082728cad48250906/flavors 0.334s
2016-08-18 21:20:46.178 7076 INFO tempest.lib.common.rest_client [req-a9ab9da4-51c4-443b-be00-9422a0393b33 ] Request (QuotaClassesAdminTestJSON:setUpClass): 200 GET https://dal-iaas-001-api-endpoint.prod.walmart.com:35357/v2.0/OS-KSADM/roles 0.490s
2016-08-18 21:20:46.181 7073 INFO tempest.lib.common.rest_client [req-4c4140b8-dd95-4bc1-bd23-820587412b04 ] Request (HypervisorAdminTestJSON:tearDownClass): 204 DELETE https://dal-iaas-001-api-endpoint.prod.walmart.com:35357/v2.0/tenants/2dd2ad41de4b4dfb8a1725e485f797ee 0.524s
2016-08-18 21:20:46.389 7072 INFO tempest.lib.common.rest_client [req-8b55aa49-996d-4df6-86a9-5d85f196877f ] Request (FlavorsAdminTestJSON:test_create_list_flavor_without_extra_data): 200 GET https://dal-iaas-001-api-endpoint.prod.walmart.com:8774/v2/de392fd2d7f24e2082728cad48250906/flavors/75128300 0.328s
2016-08-18 21:20:46.410 7075 INFO tempest.lib.common.rest_client [req-95b4d71f-14e8-41d3-8dca-355ab80b0d6e ] Request (FlavorsAccessTestJSON:tearDownClass): 204 DELETE https://dal-iaas-001-api-endpoint.prod.walmart.com:35357/v2.0/tenants/559e06aa6cf74873bebb1e6f1b38910d 0.499s
2016-08-18 21:20:46.429 7074 INFO tempest.lib.common.rest_client [req-214f1266-08de-4a05-adc8-d6cbe2b58849 ] Request (InstanceUsageAuditLogTestJSON:tearDownClass): 204 DELETE https://dal-iaas-001-api-endpoint.prod.walmart.com:35357/v2.0/users/c0e186214caf482a963ac906273a1ede 0.480s
2016-08-18 21:20:46.494 7077 INFO tempest.lib.common.rest_client [req-775f05b3-907c-4136-867f-83fcaa8fe978 ] Request (QuotasAdminTestJSON:_run_cleanups): 204 DELETE https://dal-iaas-001-api-endpoint.prod.walmart.com:35357/v2.0/users/65693c6c733b4a4c95e85c0e15139548 0.520s
2016-08-18 21:20:46.702 7076 INFO tempest.lib.common.rest_client [req-5f79036f-5044-4bad-969c-025530668b89 ] Request (QuotaClassesAdminTestJSON:setUpClass): 409 PUT https://dal-iaas-001-api-endpoint.prod.walmart.com:35357/v2.0/tenants/0e9ea57caf3a45dc9c399bad9944cfa9/users/7ff0a330a4b3414ca297d9caa3103150/roles/OS-KSADM/b5b0387bbe864c43a2999e531988bb8f 0.522s
2016-08-18 21:20:46.703 7076 INFO tempest.common.dynamic_creds [-] Acquired dynamic creds:
 credentials: Credentials: {'username': u'tempest-QuotaClassesAdminTestJSON-303723658', 'project_name': u'tempest-QuotaClassesAdminTestJSON-303723658', 'user_id': u'7ff0a330a4b3414ca297d9caa3103150', 'tenant_name': u'tempest-QuotaClassesAdminTestJSON-303723658', 'tenant_id': u'0e9ea57caf3a45dc9c399bad9944cfa9', 'project_id': u'0e9ea57caf3a45dc9c399bad9944cfa9'}, Network: None, Subnet: None, Router: None
2016-08-18 21:20:46.753 7073 INFO tempest.lib.common.rest_client [req-99258679-d936-4c60-b46b-be2e74b765a7 ] Request (HypervisorAdminTestJSON:tearDownClass): 204 DELETE https://dal-iaas-001-api-endpoint.prod.walmart.com:35357/v2.0/users/e53569adcfe5449d899e3d1530dc470b 0.571s
2016-08-18 21:20:46.902 7075 INFO tempest.lib.common.rest_client [req-63053a71-ef54-46bd-ab76-2811fcc69b90 ] Request (FlavorsAccessTestJSON:tearDownClass): 204 DELETE https://dal-iaas-001-api-endpoint.prod.walmart.com:35357/v2.0/users/56b475c3c2f441fb87584451f6039df7 0.491s
2016-08-18 21:20:46.903 7072 INFO tempest.lib.common.rest_client [req-fa418db4-e268-480a-b675-70ae851cb284 ] Request (FlavorsAdminTestJSON:test_create_list_flavor_without_extra_data): 200 POST https://dal-iaas-001-api-endpoint.prod.walmart.com:5443/v2.0/tokens
2016-08-18 21:20:46.967 7077 INFO tempest.lib.common.rest_client [req-db9d7981-c5a1-41cc-a9a0-cfdf6dc18d2c ] Request (QuotasAdminTestJSON:_run_cleanups): 204 DELETE https://dal-iaas-001-api-endpoint.prod.walmart.com:35357/v2.0/tenants/e0366b91159244cfb40be58753e6c0a0 0.471s
2016-08-18 21:20:47.086 7073 INFO tempest.lib.common.rest_client [req-e0e1220f-fd5a-46ec-8c58-b9a325788384 ] Request (HypervisorAdminTestJSON:tearDownClass): 200 GET https://dal-iaas-001-api-endpoint.prod.walmart.com:9696/v2.0/security-groups?tenant_id=82cd5772e3734225b2ef0acfa6d4a137&name=default 0.332s
2016-08-18 21:20:47.229 7074 INFO tempest.lib.common.rest_client [req-27a71be3-0a51-4498-a079-cea40195448a ] Request (InstanceUsageAuditLogTestJSON:tearDownClass): 200 GET https://dal-iaas-001-api-endpoint.prod.walmart.com:9696/v2.0/security-groups?tenant_id=6ac327c9dc914873bb60e0b545307724&name=default 0.799s
2016-08-18 21:20:47.237 7075 INFO tempest.lib.common.rest_client [req-11466591-76cd-4a5d-ae9e-b3f2d972173f ] Request (FlavorsAccessTestJSON:tearDownClass): 200 GET https://dal-iaas-001-api-endpoint.prod.walmart.com:9696/v2.0/security-groups?tenant_id=9562c08f0bc54a7195e8a56b01017883&name=default 0.334s
2016-08-18 21:20:47.255 7077 INFO tempest.lib.common.rest_client [req-3f0126ee-93b3-461f-b929-7360879fd16b ] Request (QuotasAdminTestJSON:test_update_all_quota_resources_for_tenant): 200 GET https://dal-iaas-001-api-endpoint.prod.walmart.com:8774/v2/41d95fa297204c458114979dbd7d9bad/os-quota-sets/d83aa113dedb4675aad1be09e63cdb01/defaults 0.284s
2016-08-18 21:20:47.487 7073 INFO tempest.lib.common.rest_client [req-390839e5-bdba-46b2-8916-6ff2f7bdc7b5 ] Request (HypervisorAdminTestJSON:tearDownClass): 204 DELETE https://dal-iaas-001-api-endpoint.prod.walmart.com:9696/v2.0/security-groups/838dfea2-be3e-4d0c-8054-971d6629c6c7 0.399s
2016-08-18 21:20:47.572 7074 INFO tempest.lib.common.rest_client [req-25eba954-4045-4b1b-8827-a34eac96f169 ] Request (InstanceUsageAuditLogTestJSON:tearDownClass): 204 DELETE https://dal-iaas-001-api-endpoint.prod.walmart.com:9696/v2.0/security-groups/34a0e310-2eb6-4bf5-b497-8989ed99e5e3 0.342s
2016-08-18 21:20:47.598 7075 INFO tempest.lib.common.rest_client [req-ccd759d9-e54f-41ed-89b9-f4e06ca16979 ] Request (FlavorsAccessTestJSON:tearDownClass): 204 DELETE https://dal-iaas-001-api-endpoint.prod.walmart.com:9696/v2.0/security-groups/aaf937ac-ff2c-4688-b308-a91bf58964e4 0.359s
2016-08-18 21:20:47.710 7077 INFO tempest.lib.common.rest_client [req-146d0cd5-e2ea-48d3-a92c-d45d42c70124 ] Request (QuotasAdminTestJSON:test_update_all_quota_resources_for_tenant): 200 PUT https://dal-iaas-001-api-endpoint.prod.walmart.com:8774/v2/41d95fa297204c458114979dbd7d9bad/os-quota-sets/d83aa113dedb4675aad1be09e63cdb01 0.448s
2016-08-18 21:20:47.724 7072 INFO tempest.lib.common.rest_client [req-8cac3f03-6f40-49b3-9a5b-5c5c4c642431 ] Request (FlavorsAdminTestJSON:test_create_list_flavor_without_extra_data): 200 GET https://dal-iaas-001-api-endpoint.prod.walmart.com:8774/v2/453c5ed1b8ee4fe2b9ee450db4fafca2/flavors/detail 0.819s
2016-08-18 21:20:47.980 7073 INFO tempest.lib.common.rest_client [req-95e2fb5f-8b4d-46db-8019-0eb64a65d1bd ] Request (HypervisorAdminTestJSON:tearDownClass): 204 DELETE https://dal-iaas-001-api-endpoint.prod.walmart.com:35357/v2.0/tenants/82cd5772e3734225b2ef0acfa6d4a137 0.492s
2016-08-18 21:20:48.033 7072 INFO tempest.lib.common.rest_client [req-cb73bf21-56a4-4ae4-85f9-ae8ffad60a91 ] Request (FlavorsAdminTestJSON:_run_cleanups): 202 DELETE https://dal-iaas-001-api-endpoint.prod.walmart.com:8774/v2/de392fd2d7f24e2082728cad48250906/flavors/75128300 0.297s
2016-08-18 21:20:48.037 7075 INFO tempest.lib.common.rest_client [req-49780bac-c972-4f1f-9b81-104745e46086 ] Request (FlavorsAccessTestJSON:tearDownClass): 204 DELETE https://dal-iaas-001-api-endpoint.prod.walmart.com:35357/v2.0/tenants/9562c08f0bc54a7195e8a56b01017883 0.438s
2016-08-18 21:20:48.080 7074 INFO tempest.lib.common.rest_client [req-8b71d2d4-3350-4422-b4dd-59820f54d0f4 ] Request (InstanceUsageAuditLogTestJSON:tearDownClass): 204 DELETE https://dal-iaas-001-api-endpoint.prod.walmart.com:35357/v2.0/tenants/6ac327c9dc914873bb60e0b545307724 0.506s
2016-08-18 21:20:48.240 7077 INFO tempest.lib.common.rest_client [req-09683557-48ff-4795-9b61-ea5543722429 ] Request (QuotasAdminTestJSON:_run_cleanups): 200 PUT https://dal-iaas-001-api-endpoint.prod.walmart.com:8774/v2/41d95fa297204c458114979dbd7d9bad/os-quota-sets/d83aa113dedb4675aad1be09e63cdb01 0.523s
2016-08-18 21:20:48.373 7072 INFO tempest.lib.common.rest_client [req-7ff2ac03-71d5-4726-9c16-05f860a2e9d5 ] Request (FlavorsAdminTestJSON:_run_cleanups): 200 GET https://dal-iaas-001-api-endpoint.prod.walmart.com:8774/v2/de392fd2d7f24e2082728cad48250906/flavors/detail 0.339s
2016-08-18 21:20:48.592 7073 INFO tempest.lib.common.rest_client [req-1e1fde04-13e0-4e23-ae64-4f5995e9e2d3 ] Request (ServicesAdminTestJSON:setUpClass): 200 POST https://dal-iaas-001-api-endpoint.prod.walmart.com:5443/v2.0/tokens
2016-08-18 21:20:48.644 7074 INFO tempest.lib.common.rest_client [req-2d664b1b-ab20-4287-90f4-5372922acb0a ] Request (InstanceUsageAuditLogTestJSON:tearDownClass): 204 DELETE https://dal-iaas-001-api-endpoint.prod.walmart.com:35357/v2.0/users/91c03f949c914139868c902dc9ff0a5c 0.562s
2016-08-18 21:20:48.662 7075 INFO tempest.lib.common.rest_client [req-602f223e-464f-452b-8d70-cfebb9f7a882 ] Request (HostsAdminNegativeTestJSON:setUpClass): 200 POST https://dal-iaas-001-api-endpoint.prod.walmart.com:5443/v2.0/tokens
2016-08-18 21:20:48.691 7072 INFO tempest.lib.common.rest_client [req-dce8bfac-6627-491f-b17b-8654ccd519c9 ] Request (FlavorsAdminTestJSON:test_create_server_with_non_public_flavor): 200 POST https://dal-iaas-001-api-endpoint.prod.walmart.com:8774/v2/de392fd2d7f24e2082728cad48250906/flavors 0.302s
2016-08-18 21:20:48.727 7077 INFO tempest.lib.common.rest_client [req-dcc1e113-1c6a-4d69-88ab-9c1eb192d945 ] Request (QuotasAdminTestJSON:tearDownClass): 204 DELETE https://dal-iaas-001-api-endpoint.prod.walmart.com:35357/v2.0/users/9d0b538cd58843048cefcbc32be3e7ca 0.479s
2016-08-18 21:20:48.908 7076 INFO tempest.lib.common.rest_client [req-65b2f647-00e3-461c-a575-c28e95479b44 ] Request (QuotaClassesAdminTestJSON:test_update_default_quotas): 200 POST https://dal-iaas-001-api-endpoint.prod.walmart.com:5443/v2.0/tokens
