2016-08-15 09:05:44.070 83538 INFO tempest.common.fixed_network [-] (ServersAdminTestJSON:test_create_server_with_scheduling_hint) Found network {u'bridge': None, u'vpn_public_port': None, u'dhcp_start': None, u'bridge_interface': None, u'share_address': None, u'updated_at': None, u'id': u'1db35de8-93c8-455c-a1c1-720801bd971a', u'cidr_v6': None, u'deleted_at': None, u'gateway': None, u'rxtx_base': None, u'label': u'net1', u'priority': None, u'project_id': None, u'vpn_private_address': None, u'deleted': None, u'vlan': None, u'broadcast': None, u'netmask': None, u'injected': None, u'cidr': None, u'vpn_public_address': None, u'multi_host': None, 'name': u'net1', u'enable_dhcp': None, u'dns2': None, u'created_at': None, u'host': None, u'mtu': None, u'gateway_v6': None, u'netmask_v6': None, u'dhcp_server': None, u'dns1': None} available for tenant
2016-08-15 09:05:44.283 83537 INFO tempest.lib.common.rest_client [req-8e0919c3-48a4-4805-aa57-3dbb771074d2 ] Request (SecurityGroupsTestAdminJSON:setUpClass): 409 PUT https://dal-iaas-001-api-endpoint.prod.walmart.com:35357/v2.0/tenants/b9222244fb40448688b97d83064d856b/users/089bd0c926ca4bcf97fbe99ebfbed470/roles/OS-KSADM/b5b0387bbe864c43a2999e531988bb8f 0.703s
2016-08-15 09:05:44.283 83537 INFO tempest.common.dynamic_creds [-] Acquired dynamic creds:
 credentials: Credentials: {'username': u'tempest-SecurityGroupsTestAdminJSON-672996209', 'project_name': u'tempest-SecurityGroupsTestAdminJSON-672996209', 'user_id': u'089bd0c926ca4bcf97fbe99ebfbed470', 'tenant_name': u'tempest-SecurityGroupsTestAdminJSON-672996209', 'tenant_id': u'b9222244fb40448688b97d83064d856b', 'project_id': u'b9222244fb40448688b97d83064d856b'}, Network: None, Subnet: None, Router: None
2016-08-15 09:05:44.329 83533 INFO tempest.lib.common.rest_client [req-832a3b20-88c0-44b1-91ca-25687c5fb8f8 ] Request (ServerMetadataTestJSON:setUpClass): 200 POST https://dal-iaas-001-api-endpoint.prod.walmart.com:5443/v2.0/tokens
2016-08-15 09:05:44.398 83534 INFO tempest.lib.common.rest_client [req-f1571c08-8a4c-4c82-830a-5de713a697a7 ] Request (InstanceUsageAuditLogTestJSON:setUpClass): 200 GET https://dal-iaas-001-api-endpoint.prod.walmart.com:35357/v2.0/OS-KSADM/roles 0.700s
2016-08-15 09:05:44.429 83536 INFO tempest.lib.common.rest_client [req-3c2e49e6-e818-423e-bb4a-ca65e67b85d5 ] Request (QuotasAdminTestJSON:test_delete_quota): 200 PUT https://dal-iaas-001-api-endpoint.prod.walmart.com:8774/v2/e0552636b28d489db08ff0f95c46edfa/os-quota-sets/a9d6ad2d5e38427499bb3e818ab0632b 0.474s
2016-08-15 09:05:44.443 83535 INFO tempest.lib.common.rest_client [req-95ddb8c1-069f-42f0-b521-3b7ad49a4849 ] Request (FlavorsAccessTestJSON:tearDownClass): 204 DELETE https://dal-iaas-001-api-endpoint.prod.walmart.com:35357/v2.0/users/f5f26a9532694b28b9179b5fba72bae7 0.821s
2016-08-15 09:05:44.895 83536 INFO tempest.lib.common.rest_client [req-a2b80cf7-b107-48f4-97d4-f1802ee134b8 ] Request (QuotasAdminTestJSON:test_delete_quota): 202 DELETE https://dal-iaas-001-api-endpoint.prod.walmart.com:8774/v2/e0552636b28d489db08ff0f95c46edfa/os-quota-sets/a9d6ad2d5e38427499bb3e818ab0632b 0.463s
2016-08-15 09:05:44.932 83537 INFO tempest.lib.common.rest_client [req-415f2a32-b7ad-466c-b20c-eb0826ab2c3b ] Request (SecurityGroupsTestAdminJSON:test_list_security_groups_list_all_tenants_filter): 200 POST https://dal-iaas-001-api-endpoint.prod.walmart.com:5443/v2.0/tokens
2016-08-15 09:05:44.933 83535 INFO tempest.lib.common.rest_client [req-fd4eda58-2866-4670-8d1c-9440490f41fb ] Request (FlavorsAccessTestJSON:tearDownClass): 200 GET https://dal-iaas-001-api-endpoint.prod.walmart.com:9696/v2.0/security-groups?tenant_id=fd6d8a01de77485dbbd9ab33b146e7a8&name=default 0.489s
2016-08-15 09:05:45.031 83538 INFO tempest.lib.common.rest_client [req-5761807c-b218-4a5b-868e-5da8188c9547 ] Request (ServersAdminTestJSON:test_create_server_with_scheduling_hint): 202 POST https://dal-iaas-001-api-endpoint.prod.walmart.com:8774/v2/7f3b61c5c68f42cc92da8f2ace7f25a6/servers 0.961s
2016-08-15 09:05:45.068 83534 INFO tempest.lib.common.rest_client [req-e3c96e11-6590-4f0e-b757-7ed2ef777b11 ] Request (InstanceUsageAuditLogTestJSON:setUpClass): 200 PUT https://dal-iaas-001-api-endpoint.prod.walmart.com:35357/v2.0/tenants/07dbea7793134b809466880282aa0f8d/users/235211708c6042d6a2963a1193064417/roles/OS-KSADM/b5b0387bbe864c43a2999e531988bb8f 0.669s
2016-08-15 09:05:45.069 83534 INFO tempest.common.dynamic_creds [-] Acquired dynamic creds:
 credentials: Credentials: {'username': u'tempest-InstanceUsageAuditLogTestJSON-892608318', 'project_name': u'tempest-InstanceUsageAuditLogTestJSON-892608318', 'user_id': u'235211708c6042d6a2963a1193064417', 'tenant_name': u'tempest-InstanceUsageAuditLogTestJSON-892608318', 'tenant_id': u'07dbea7793134b809466880282aa0f8d', 'project_id': u'07dbea7793134b809466880282aa0f8d'}, Network: None, Subnet: None, Router: None
2016-08-15 09:05:45.338 83536 INFO tempest.lib.common.rest_client [req-31586a54-afc0-442b-9817-6118085a48d6 ] Request (QuotasAdminTestJSON:test_delete_quota): 200 GET https://dal-iaas-001-api-endpoint.prod.walmart.com:8774/v2/e0552636b28d489db08ff0f95c46edfa/os-quota-sets/a9d6ad2d5e38427499bb3e818ab0632b 0.443s
2016-08-15 09:05:45.450 83535 INFO tempest.lib.common.rest_client [req-4b7c1bc7-ce9d-4d83-91ea-f4e5622de5ea ] Request (FlavorsAccessTestJSON:tearDownClass): 204 DELETE https://dal-iaas-001-api-endpoint.prod.walmart.com:9696/v2.0/security-groups/7d82aa84-762c-4014-9916-f9567cdb9b76 0.515s
2016-08-15 09:05:45.598 83538 INFO tempest.lib.common.rest_client [req-011ec2fb-75cd-4cdb-a873-0b062626cce4 ] Request (ServersAdminTestJSON:test_create_server_with_scheduling_hint): 200 GET https://dal-iaas-001-api-endpoint.prod.walmart.com:8774/v2/7f3b61c5c68f42cc92da8f2ace7f25a6/servers/96c2c8b0-d1cb-40d8-ac20-d00ba5a9a760 0.564s
2016-08-15 09:05:45.761 83534 INFO tempest.lib.common.rest_client [req-5c599284-7ced-4426-bc34-cb549a7999a4 ] Request (InstanceUsageAuditLogTestJSON:setUpClass): 200 POST https://dal-iaas-001-api-endpoint.prod.walmart.com:35357/v2.0/tenants 0.687s
2016-08-15 09:05:46.144 83536 INFO tempest.lib.common.rest_client [req-b5cfebe7-787b-4466-a7dd-ea96d69b5c4d ] Request (QuotasAdminTestJSON:_run_cleanups): 204 DELETE https://dal-iaas-001-api-endpoint.prod.walmart.com:35357/v2.0/tenants/a9d6ad2d5e38427499bb3e818ab0632b 0.802s
2016-08-15 09:05:46.269 83535 INFO tempest.lib.common.rest_client [req-e01bbf6f-b804-4d36-afeb-0c064ba098c4 ] Request (FlavorsAccessTestJSON:tearDownClass): 204 DELETE https://dal-iaas-001-api-endpoint.prod.walmart.com:35357/v2.0/tenants/fd6d8a01de77485dbbd9ab33b146e7a8 0.818s
2016-08-15 09:05:46.291 83537 INFO tempest.lib.common.rest_client [req-4057b9d8-4fad-49ee-8b1b-c5f2ec7df253 ] Request (SecurityGroupsTestAdminJSON:test_list_security_groups_list_all_tenants_filter): 200 POST https://dal-iaas-001-api-endpoint.prod.walmart.com:8774/v2/05117ef1d2a84656b04ed2354105de8e/os-security-groups 1.359s
2016-08-15 09:05:46.427 83533 INFO tempest.lib.common.rest_client [req-d61abc83-2eec-40fb-b410-2e7a08d558dc ] Request (ServerMetadataTestJSON:setUpClass): 202 POST https://dal-iaas-001-api-endpoint.prod.walmart.com:8774/v2/2cc1a8b2d5e0472692d667edd7a0d6d8/servers 2.097s
2016-08-15 09:05:46.516 83534 INFO tempest.lib.common.rest_client [req-ab43e953-c3b5-4a55-96ca-9fa775a805c9 ] Request (InstanceUsageAuditLogTestJSON:setUpClass): 200 POST https://dal-iaas-001-api-endpoint.prod.walmart.com:35357/v2.0/users 0.754s
2016-08-15 09:05:46.562 83536 INFO tempest.lib.common.rest_client [req-7a37dfae-126b-4c5b-aa12-c917c5ca40a8 ] Request (QuotasAdminTestJSON:test_get_default_quotas): 200 GET https://dal-iaas-001-api-endpoint.prod.walmart.com:8774/v2/e0552636b28d489db08ff0f95c46edfa/os-quota-sets/da9b1e4a60ba47d6a9ffd2c7a920c310/defaults 0.416s
2016-08-15 09:05:46.823 83537 INFO tempest.lib.common.rest_client [req-d9650800-d8b1-4d86-8d2e-8667b836c9d6 ] Request (SecurityGroupsTestAdminJSON:test_list_security_groups_list_all_tenants_filter): 200 POST https://dal-iaas-001-api-endpoint.prod.walmart.com:8774/v2/05117ef1d2a84656b04ed2354105de8e/os-security-groups 0.528s
2016-08-15 09:05:46.991 83535 INFO tempest.lib.common.rest_client [req-09fdfdaf-2fff-4836-a82c-e4bdb8711da9 ] Request (HypervisorAdminTestJSON:setUpClass): 200 POST https://dal-iaas-001-api-endpoint.prod.walmart.com:5443/v2.0/tokens
2016-08-15 09:05:47.055 83533 INFO tempest.lib.common.rest_client [req-9d2a9153-70ec-475c-973c-f060deaf5097 ] Request (ServerMetadataTestJSON:setUpClass): 200 GET https://dal-iaas-001-api-endpoint.prod.walmart.com:8774/v2/2cc1a8b2d5e0472692d667edd7a0d6d8/servers/7a5ae0c8-540e-41af-8484-66e05299a740 0.625s
2016-08-15 09:05:47.292 83536 INFO tempest.lib.common.rest_client [req-4ee6a8ce-d862-4dee-a9df-aab37b456e2f ] Request (QuotasAdminTestJSON:test_get_updated_quotas): 200 POST https://dal-iaas-001-api-endpoint.prod.walmart.com:35357/v2.0/tenants 0.725s
2016-08-15 09:05:47.309 83538 INFO tempest.lib.common.rest_client [req-31513dd2-93aa-404f-9c7a-54b9570575b4 ] Request (ServersAdminTestJSON:test_create_server_with_scheduling_hint): 200 GET https://dal-iaas-001-api-endpoint.prod.walmart.com:8774/v2/7f3b61c5c68f42cc92da8f2ace7f25a6/servers/96c2c8b0-d1cb-40d8-ac20-d00ba5a9a760 0.700s
2016-08-15 09:05:47.317 83534 INFO tempest.lib.common.rest_client [req-88881d9b-d076-463c-9aa1-5594bc689b68 ] Request (InstanceUsageAuditLogTestJSON:setUpClass): 200 GET https://dal-iaas-001-api-endpoint.prod.walmart.com:35357/v2.0/OS-KSADM/roles 0.800s
2016-08-15 09:05:47.318 83538 INFO tempest.common.waiters [-] State transition "BUILD/scheduling" ==> "BUILD/spawning" after 2 second wait
2016-08-15 09:05:47.420 83537 INFO tempest.lib.common.rest_client [req-bda9185b-f8f3-48df-aa06-fb4d45d45805 ] Request (SecurityGroupsTestAdminJSON:test_list_security_groups_list_all_tenants_filter): 200 POST https://dal-iaas-001-api-endpoint.prod.walmart.com:5443/v2.0/tokens
2016-08-15 09:05:47.708 83535 INFO tempest.lib.common.rest_client [req-8c459459-7df2-42b6-a1d3-4c765059cb32 ] Request (HypervisorAdminTestJSON:setUpClass): 200 POST https://dal-iaas-001-api-endpoint.prod.walmart.com:5443/v2.0/tokens
2016-08-15 09:05:47.776 83536 INFO tempest.lib.common.rest_client [req-dc0fcb5d-d07e-4be3-84e8-c45f4f7c0493 ] Request (QuotasAdminTestJSON:test_get_updated_quotas): 200 PUT https://dal-iaas-001-api-endpoint.prod.walmart.com:8774/v2/e0552636b28d489db08ff0f95c46edfa/os-quota-sets/cdbda8ffc0d049529767a796b7355944 0.484s
2016-08-15 09:05:48.119 83534 INFO tempest.lib.common.rest_client [req-96a8ee61-1590-4907-b7fb-f4daba433dc0 ] Request (InstanceUsageAuditLogTestJSON:setUpClass): 200 PUT https://dal-iaas-001-api-endpoint.prod.walmart.com:35357/v2.0/tenants/8d42036fd26b4cdd8eaeff8a821e1890/users/5cbbc7dc471a4ea7a62ee9c2c23f13cf/roles/OS-KSADM/b5b0387bbe864c43a2999e531988bb8f 0.801s
2016-08-15 09:05:48.187 83536 INFO tempest.lib.common.rest_client [req-83c82d88-a22e-4e86-ac41-511a53ec0a05 ] Request (QuotasAdminTestJSON:test_get_updated_quotas): 200 GET https://dal-iaas-001-api-endpoint.prod.walmart.com:8774/v2/e0552636b28d489db08ff0f95c46edfa/os-quota-sets/cdbda8ffc0d049529767a796b7355944 0.407s
2016-08-15 09:05:48.402 83535 INFO tempest.lib.common.rest_client [req-62bb61dd-1b62-4f1f-bde1-e64568729a56 ] Request (HypervisorAdminTestJSON:setUpClass): 200 POST https://dal-iaas-001-api-endpoint.prod.walmart.com:35357/v2.0/tenants 0.693s
2016-08-15 09:05:48.690 83533 INFO tempest.lib.common.rest_client [req-42b6d9f6-4512-4355-8691-33def3020a3d ] Request (ServerMetadataTestJSON:setUpClass): 200 GET https://dal-iaas-001-api-endpoint.prod.walmart.com:8774/v2/2cc1a8b2d5e0472692d667edd7a0d6d8/servers/7a5ae0c8-540e-41af-8484-66e05299a740 0.624s
2016-08-15 09:05:48.696 83533 INFO tempest.common.waiters [-] State transition "BUILD/scheduling" ==> "BUILD/spawning" after 1 second wait
2016-08-15 09:05:48.789 83537 INFO tempest.lib.common.rest_client [req-f349c456-62c1-4f6f-87d0-b94520ce50ee ] Request (SecurityGroupsTestAdminJSON:test_list_security_groups_list_all_tenants_filter): 200 POST https://dal-iaas-001-api-endpoint.prod.walmart.com:8774/v2/b9222244fb40448688b97d83064d856b/os-security-groups 1.368s
2016-08-15 09:05:48.917 83536 INFO tempest.lib.common.rest_client [req-95d736b7-10c2-42b6-9df7-8508826ff483 ] Request (QuotasAdminTestJSON:test_get_updated_quotas): 200 POST https://dal-iaas-001-api-endpoint.prod.walmart.com:35357/v2.0/users 0.726s
2016-08-15 09:05:48.927 83534 INFO tempest.lib.common.rest_client [req-258463de-a10a-4ce9-874f-062f3ff32331 ] Request (InstanceUsageAuditLogTestJSON:setUpClass): 200 GET https://dal-iaas-001-api-endpoint.prod.walmart.com:35357/v2.0/OS-KSADM/roles 0.807s
2016-08-15 09:05:49.143 83535 INFO tempest.lib.common.rest_client [req-3826ab84-a689-407c-b0f4-9e986a7375a0 ] Request (HypervisorAdminTestJSON:setUpClass): 200 POST https://dal-iaas-001-api-endpoint.prod.walmart.com:35357/v2.0/users 0.740s
2016-08-15 09:05:49.201 83538 INFO tempest.lib.common.rest_client [req-b4198f4f-5499-4ca1-aa5e-a58079c7ac6f ] Request (ServersAdminTestJSON:test_create_server_with_scheduling_hint): 200 GET https://dal-iaas-001-api-endpoint.prod.walmart.com:8774/v2/7f3b61c5c68f42cc92da8f2ace7f25a6/servers/96c2c8b0-d1cb-40d8-ac20-d00ba5a9a760 0.881s
2016-08-15 09:05:49.296 83537 INFO tempest.lib.common.rest_client [req-2d944d03-258d-4e90-a920-96758ebd657a ] Request (SecurityGroupsTestAdminJSON:test_list_security_groups_list_all_tenants_filter): 200 POST https://dal-iaas-001-api-endpoint.prod.walmart.com:8774/v2/b9222244fb40448688b97d83064d856b/os-security-groups 0.502s
2016-08-15 09:05:49.411 83536 INFO tempest.lib.common.rest_client [req-69e1e8b5-2317-4183-83f5-adb150ad7012 ] Request (QuotasAdminTestJSON:test_get_updated_quotas): 200 PUT https://dal-iaas-001-api-endpoint.prod.walmart.com:8774/v2/e0552636b28d489db08ff0f95c46edfa/os-quota-sets/cdbda8ffc0d049529767a796b7355944?user_id=2137e4cdd27f4002a4bb56886adebd66 0.493s
2016-08-15 09:05:49.694 83534 INFO tempest.lib.common.rest_client [req-afbb924e-1c39-421a-8ecf-c4723bdd2c06 ] Request (InstanceUsageAuditLogTestJSON:setUpClass): 409 PUT https://dal-iaas-001-api-endpoint.prod.walmart.com:35357/v2.0/tenants/8d42036fd26b4cdd8eaeff8a821e1890/users/5cbbc7dc471a4ea7a62ee9c2c23f13cf/roles/OS-KSADM/b5b0387bbe864c43a2999e531988bb8f 0.766s
2016-08-15 09:05:49.695 83534 INFO tempest.common.dynamic_creds [-] Acquired dynamic creds:
 credentials: Credentials: {'username': u'tempest-InstanceUsageAuditLogTestJSON-875161285', 'project_name': u'tempest-InstanceUsageAuditLogTestJSON-875161285', 'user_id': u'5cbbc7dc471a4ea7a62ee9c2c23f13cf', 'tenant_name': u'tempest-InstanceUsageAuditLogTestJSON-875161285', 'tenant_id': u'8d42036fd26b4cdd8eaeff8a821e1890', 'project_id': u'8d42036fd26b4cdd8eaeff8a821e1890'}, Network: None, Subnet: None, Router: None
2016-08-15 09:05:49.833 83535 INFO tempest.lib.common.rest_client [req-ec3f0807-8487-46c9-89aa-2fc21193ecd9 ] Request (HypervisorAdminTestJSON:setUpClass): 200 GET https://dal-iaas-001-api-endpoint.prod.walmart.com:35357/v2.0/OS-KSADM/roles 0.690s
2016-08-15 09:05:49.835 83536 INFO tempest.lib.common.rest_client [req-872c4d00-a3b2-4785-8e53-59b0c1c407fb ] Request (QuotasAdminTestJSON:test_get_updated_quotas): 200 GET https://dal-iaas-001-api-endpoint.prod.walmart.com:8774/v2/e0552636b28d489db08ff0f95c46edfa/os-quota-sets/cdbda8ffc0d049529767a796b7355944?user_id=2137e4cdd27f4002a4bb56886adebd66 0.422s
2016-08-15 09:05:50.317 83534 INFO tempest.lib.common.rest_client [req-a69b2149-b86d-45ab-be29-349f5d3cb6de ] Request (InstanceUsageAuditLogTestJSON:test_get_instance_usage_audit_log): 200 POST https://dal-iaas-001-api-endpoint.prod.walmart.com:5443/v2.0/tokens
2016-08-15 09:05:50.346 83533 INFO tempest.lib.common.rest_client [req-d661b63c-da2d-4304-adcc-2ad50b935a7a ] Request (ServerMetadataTestJSON:setUpClass): 200 GET https://dal-iaas-001-api-endpoint.prod.walmart.com:8774/v2/2cc1a8b2d5e0472692d667edd7a0d6d8/servers/7a5ae0c8-540e-41af-8484-66e05299a740 0.649s
2016-08-15 09:05:50.538 83535 INFO tempest.lib.common.rest_client [req-2d86d4f1-aa3f-413d-af2f-8bbeab378503 ] Request (HypervisorAdminTestJSON:setUpClass): 200 PUT https://dal-iaas-001-api-endpoint.prod.walmart.com:35357/v2.0/tenants/2c19da15a2f84411a454d7f281419398/users/11725b5c22f24438bd97b52317d49a9f/roles/OS-KSADM/b5b0387bbe864c43a2999e531988bb8f 0.704s
2016-08-15 09:05:50.539 83535 INFO tempest.common.dynamic_creds [-] Acquired dynamic creds:
 credentials: Credentials: {'username': u'tempest-HypervisorAdminTestJSON-404195902', 'project_name': u'tempest-HypervisorAdminTestJSON-404195902', 'user_id': u'11725b5c22f24438bd97b52317d49a9f', 'tenant_name': u'tempest-HypervisorAdminTestJSON-404195902', 'tenant_id': u'2c19da15a2f84411a454d7f281419398', 'project_id': u'2c19da15a2f84411a454d7f281419398'}, Network: None, Subnet: None, Router: None
2016-08-15 09:05:50.560 83536 INFO tempest.lib.common.rest_client [req-40780363-dc83-4a08-a596-4a450e96d826 ] Request (QuotasAdminTestJSON:_run_cleanups): 204 DELETE https://dal-iaas-001-api-endpoint.prod.walmart.com:35357/v2.0/users/2137e4cdd27f4002a4bb56886adebd66 0.723s
2016-08-15 09:05:50.894 83538 INFO tempest.lib.common.rest_client [req-08ea70e1-0f32-44c3-9d57-d4c6a0377cf3 ] Request (ServersAdminTestJSON:test_create_server_with_scheduling_hint): 200 GET https://dal-iaas-001-api-endpoint.prod.walmart.com:8774/v2/7f3b61c5c68f42cc92da8f2ace7f25a6/servers/96c2c8b0-d1cb-40d8-ac20-d00ba5a9a760 0.680s
2016-08-15 09:05:51.300 83535 INFO tempest.lib.common.rest_client [req-ae3c64da-3921-4597-b0aa-7cdbf82b0b68 ] Request (HypervisorAdminTestJSON:setUpClass): 200 POST https://dal-iaas-001-api-endpoint.prod.walmart.com:35357/v2.0/tenants 0.757s
2016-08-15 09:05:51.310 83536 INFO tempest.lib.common.rest_client [req-a1b38bd1-a81a-48bb-ba6c-c2e985bc1955 ] Request (QuotasAdminTestJSON:_run_cleanups): 204 DELETE https://dal-iaas-001-api-endpoint.prod.walmart.com:35357/v2.0/tenants/cdbda8ffc0d049529767a796b7355944 0.749s
2016-08-15 09:05:51.696 83534 INFO tempest.lib.common.rest_client [req-d22cfb89-ab57-455b-a0ef-0e4564479144 ] Request (InstanceUsageAuditLogTestJSON:test_get_instance_usage_audit_log): 200 GET https://dal-iaas-001-api-endpoint.prod.walmart.com:8774/v2/8d42036fd26b4cdd8eaeff8a821e1890/os-instance_usage_audit_log/2016-08-15%2009%3A05%3A49 1.378s
2016-08-15 09:05:51.742 83536 INFO tempest.lib.common.rest_client [req-ca2fe90a-8fc0-4199-8088-72a37335152b ] Request (QuotasAdminTestJSON:test_update_all_quota_resources_for_tenant): 200 GET https://dal-iaas-001-api-endpoint.prod.walmart.com:8774/v2/e0552636b28d489db08ff0f95c46edfa/os-quota-sets/da9b1e4a60ba47d6a9ffd2c7a920c310/defaults 0.429s
2016-08-15 09:05:51.982 83533 INFO tempest.lib.common.rest_client [req-02bf2509-d6de-4660-af6a-be34c5bf4045 ] Request (ServerMetadataTestJSON:setUpClass): 200 GET https://dal-iaas-001-api-endpoint.prod.walmart.com:8774/v2/2cc1a8b2d5e0472692d667edd7a0d6d8/servers/7a5ae0c8-540e-41af-8484-66e05299a740 0.629s
2016-08-15 09:05:52.061 83535 INFO tempest.lib.common.rest_client [req-c38ea189-f99f-4bc1-a3fd-ef56dc5c66d9 ] Request (HypervisorAdminTestJSON:setUpClass): 200 POST https://dal-iaas-001-api-endpoint.prod.walmart.com:35357/v2.0/users 0.759s
2016-08-15 09:05:52.184 83534 INFO tempest.lib.common.rest_client [req-5f5fa97e-a6ac-489d-b393-21a1e5487955 ] Request (InstanceUsageAuditLogTestJSON:test_list_instance_usage_audit_logs): 200 GET https://dal-iaas-001-api-endpoint.prod.walmart.com:8774/v2/8d42036fd26b4cdd8eaeff8a821e1890/os-instance_usage_audit_log 0.482s
2016-08-15 09:05:52.263 83536 INFO tempest.lib.common.rest_client [req-cb8da3d5-9674-44d6-827c-3f6e248826e9 ] Request (QuotasAdminTestJSON:test_update_all_quota_resources_for_tenant): 200 PUT https://dal-iaas-001-api-endpoint.prod.walmart.com:8774/v2/e0552636b28d489db08ff0f95c46edfa/os-quota-sets/da9b1e4a60ba47d6a9ffd2c7a920c310 0.517s
2016-08-15 09:05:52.556 83538 INFO tempest.lib.common.rest_client [req-c49351c1-94f7-4cd1-9bcd-50230d98a57e ] Request (ServersAdminTestJSON:test_create_server_with_scheduling_hint): 200 GET https://dal-iaas-001-api-endpoint.prod.walmart.com:8774/v2/7f3b61c5c68f42cc92da8f2ace7f25a6/servers/96c2c8b0-d1cb-40d8-ac20-d00ba5a9a760 0.649s
2016-08-15 09:05:52.708 83535 INFO tempest.lib.common.rest_client [req-4d283e29-7559-4093-accd-5b73b5ffa95f ] Request (HypervisorAdminTestJSON:setUpClass): 200 GET https://dal-iaas-001-api-endpoint.prod.walmart.com:35357/v2.0/OS-KSADM/roles 0.647s
2016-08-15 09:05:52.875 83534 INFO tempest.lib.common.rest_client [req-c97a5d46-1d20-4f6d-95b1-8f31c5e7485e ] Request (InstanceUsageAuditLogTestJSON:tearDownClass): 204 DELETE https://dal-iaas-001-api-endpoint.prod.walmart.com:35357/v2.0/users/5cbbc7dc471a4ea7a62ee9c2c23f13cf 0.685s
2016-08-15 09:05:52.899 83536 INFO tempest.lib.common.rest_client [req-8aed54b8-aed2-4e26-8a58-1161e47edc9b ] Request (QuotasAdminTestJSON:_run_cleanups): 200 PUT https://dal-iaas-001-api-endpoint.prod.walmart.com:8774/v2/e0552636b28d489db08ff0f95c46edfa/os-quota-sets/da9b1e4a60ba47d6a9ffd2c7a920c310 0.632s
2016-08-15 09:05:53.411 83535 INFO tempest.lib.common.rest_client [req-b3a40518-e225-4a37-b1b3-c3eb68273a1c ] Request (HypervisorAdminTestJSON:setUpClass): 200 PUT https://dal-iaas-001-api-endpoint.prod.walmart.com:35357/v2.0/tenants/bd7a2648cc2040ce91ac03c998528f77/users/d388c8119e234472889a824a1bbdbf7b/roles/OS-KSADM/b5b0387bbe864c43a2999e531988bb8f 0.702s
2016-08-15 09:05:53.655 83536 INFO tempest.lib.common.rest_client [req-4a4bd2fc-4b6c-416d-9b43-33b9b901226b ] Request (QuotasAdminTestJSON:tearDownClass): 204 DELETE https://dal-iaas-001-api-endpoint.prod.walmart.com:35357/v2.0/users/3cff509a275340b49c2a2de403db8101 0.753s
2016-08-15 09:05:53.674 83533 INFO tempest.lib.common.rest_client [req-04873709-f7ad-4ca3-b7e9-5eff88f6182c ] Request (ServerMetadataTestJSON:setUpClass): 200 GET https://dal-iaas-001-api-endpoint.prod.walmart.com:8774/v2/2cc1a8b2d5e0472692d667edd7a0d6d8/servers/7a5ae0c8-540e-41af-8484-66e05299a740 0.680s
2016-08-15 09:05:54.044 83531 WARNING tempest.lib.common.ssh [-] Failed to establish authenticated ssh connection to root@192.168.2.49 (timed out). Number attempts: 1. Retry after 2 seconds.
2016-08-15 09:05:54.101 83535 INFO tempest.lib.common.rest_client [req-fa3eed33-0842-49ee-abd2-1c0bc5eb21c4 ] Request (HypervisorAdminTestJSON:setUpClass): 200 GET https://dal-iaas-001-api-endpoint.prod.walmart.com:35357/v2.0/OS-KSADM/roles 0.689s
2016-08-15 09:05:54.264 83538 INFO tempest.lib.common.rest_client [req-61a565c6-a221-48c3-ac50-78455afe0c97 ] Request (ServersAdminTestJSON:test_create_server_with_scheduling_hint): 200 GET https://dal-iaas-001-api-endpoint.prod.walmart.com:8774/v2/7f3b61c5c68f42cc92da8f2ace7f25a6/servers/96c2c8b0-d1cb-40d8-ac20-d00ba5a9a760 0.696s
2016-08-15 09:05:54.324 83534 INFO tempest.lib.common.rest_client [req-aa559ce3-f8ee-483a-9658-4545cd2566b5 ] Request (InstanceUsageAuditLogTestJSON:tearDownClass): 200 GET https://dal-iaas-001-api-endpoint.prod.walmart.com:9696/v2.0/security-groups?tenant_id=8d42036fd26b4cdd8eaeff8a821e1890&name=default 1.448s
2016-08-15 09:05:54.798 83534 INFO tempest.lib.common.rest_client [req-b42e2d00-c9c4-4e8f-97ae-30c0cc03353c ] Request (InstanceUsageAuditLogTestJSON:tearDownClass): 204 DELETE https://dal-iaas-001-api-endpoint.prod.walmart.com:9696/v2.0/security-groups/029ecb3f-1d06-45e2-afa6-309507df7975 0.473s
2016-08-15 09:05:54.809 83535 INFO tempest.lib.common.rest_client [req-142a1ee2-9efe-4eb5-8bab-909837e42007 ] Request (HypervisorAdminTestJSON:setUpClass): 409 PUT https://dal-iaas-001-api-endpoint.prod.walmart.com:35357/v2.0/tenants/bd7a2648cc2040ce91ac03c998528f77/users/d388c8119e234472889a824a1bbdbf7b/roles/OS-KSADM/b5b0387bbe864c43a2999e531988bb8f 0.707s
2016-08-15 09:05:54.809 83535 INFO tempest.common.dynamic_creds [-] Acquired dynamic creds:
 credentials: Credentials: {'username': u'tempest-HypervisorAdminTestJSON-1060228941', 'project_name': u'tempest-HypervisorAdminTestJSON-1060228941', 'user_id': u'd388c8119e234472889a824a1bbdbf7b', 'tenant_name': u'tempest-HypervisorAdminTestJSON-1060228941', 'tenant_id': u'bd7a2648cc2040ce91ac03c998528f77', 'project_id': u'bd7a2648cc2040ce91ac03c998528f77'}, Network: None, Subnet: None, Router: None
2016-08-15 09:05:54.900 83536 INFO tempest.lib.common.rest_client [req-dfc06b5d-3f02-4029-ab63-1507cfbd8002 ] Request (QuotasAdminTestJSON:tearDownClass): 200 GET https://dal-iaas-001-api-endpoint.prod.walmart.com:9696/v2.0/security-groups?tenant_id=e0552636b28d489db08ff0f95c46edfa&name=default 1.244s
2016-08-15 09:05:55.363 83536 INFO tempest.lib.common.rest_client [req-0b461b90-3520-4280-8efc-660ef59fb04f ] Request (QuotasAdminTestJSON:tearDownClass): 204 DELETE https://dal-iaas-001-api-endpoint.prod.walmart.com:9696/v2.0/security-groups/d1cffeef-74f6-4b2d-83ee-d4921debb01a 0.463s
2016-08-15 09:05:55.419 83535 INFO tempest.lib.common.rest_client [req-c85cf47f-a6e3-48a4-827e-e0c7b6e8e0a7 ] Request (HypervisorAdminTestJSON:test_get_hypervisor_list): 200 POST https://dal-iaas-001-api-endpoint.prod.walmart.com:5443/v2.0/tokens
2016-08-15 09:05:55.614 83534 INFO tempest.lib.common.rest_client [req-fab14b26-2e9e-477e-a7e4-5f5ac6b2aa6a ] Request (InstanceUsageAuditLogTestJSON:tearDownClass): 204 DELETE https://dal-iaas-001-api-endpoint.prod.walmart.com:35357/v2.0/tenants/8d42036fd26b4cdd8eaeff8a821e1890 0.815s
2016-08-15 09:05:55.685 83533 INFO tempest.lib.common.rest_client [req-89933b1a-424e-4432-9ab4-ecce86c3296b ] Request (ServerMetadataTestJSON:setUpClass): 200 GET https://dal-iaas-001-api-endpoint.prod.walmart.com:8774/v2/2cc1a8b2d5e0472692d667edd7a0d6d8/servers/7a5ae0c8-540e-41af-8484-66e05299a740 1.000s
2016-08-15 09:05:55.693 83533 INFO tempest.common.waiters [-] State transition "BUILD/spawning" ==> "ACTIVE/None" after 8 second wait
2016-08-15 09:05:55.969 83538 INFO tempest.lib.common.rest_client [req-e9653876-43d2-43d3-a1f1-a902aec18e59 ] Request (ServersAdminTestJSON:test_create_server_with_scheduling_hint): 200 GET https://dal-iaas-001-api-endpoint.prod.walmart.com:8774/v2/7f3b61c5c68f42cc92da8f2ace7f25a6/servers/96c2c8b0-d1cb-40d8-ac20-d00ba5a9a760 0.698s
2016-08-15 09:05:55.978 83538 INFO tempest.common.waiters [-] State transition "BUILD/spawning" ==> "ACTIVE/None" after 10 second wait
2016-08-15 09:05:56.201 83536 INFO tempest.lib.common.rest_client [req-e8658cb7-59e3-42c4-bd07-696f871d2d76 ] Request (QuotasAdminTestJSON:tearDownClass): 204 DELETE https://dal-iaas-001-api-endpoint.prod.walmart.com:35357/v2.0/tenants/e0552636b28d489db08ff0f95c46edfa 0.837s
2016-08-15 09:05:56.410 83534 INFO tempest.lib.common.rest_client [req-0f4cddfd-601f-432b-b66a-b75d86537e68 ] Request (InstanceUsageAuditLogTestJSON:tearDownClass): 204 DELETE https://dal-iaas-001-api-endpoint.prod.walmart.com:35357/v2.0/users/235211708c6042d6a2963a1193064417 0.795s
2016-08-15 09:05:56.436 83533 INFO tempest.lib.common.rest_client [req-f0d02bef-69a0-44d2-abf1-4c9dec1ec3b7 ] Request (ServerMetadataTestJSON:setUp): 200 PUT https://dal-iaas-001-api-endpoint.prod.walmart.com:8774/v2/2cc1a8b2d5e0472692d667edd7a0d6d8/servers/7a5ae0c8-540e-41af-8484-66e05299a740/metadata 0.743s
2016-08-15 09:05:56.572 83538 INFO tempest.lib.common.rest_client [req-62ed90a9-cfcc-4efb-9bb0-62276b1a866d ] Request (ServersAdminTestJSON:test_list_servers_by_admin): 200 POST https://dal-iaas-001-api-endpoint.prod.walmart.com:5443/v2.0/tokens
2016-08-15 09:05:56.894 83534 INFO tempest.lib.common.rest_client [req-d5a21a2b-2863-435d-821d-7c4fb1c92ab5 ] Request (InstanceUsageAuditLogTestJSON:tearDownClass): 200 GET https://dal-iaas-001-api-endpoint.prod.walmart.com:9696/v2.0/security-groups?tenant_id=07dbea7793134b809466880282aa0f8d&name=default 0.483s
2016-08-15 09:05:56.967 83536 INFO tempest.lib.common.rest_client [req-e7efc661-5e4c-43cc-9cae-a7e4038a8911 ] Request (QuotasAdminTestJSON:tearDownClass): 204 DELETE https://dal-iaas-001-api-endpoint.prod.walmart.com:35357/v2.0/users/ee871370807e4ad6983cff111dc00375 0.766s
2016-08-15 09:05:57.173 83533 INFO tempest.lib.common.rest_client [req-24bb51c6-5efc-41ee-93d9-8dc79de6a200 ] Request (ServerMetadataTestJSON:test_delete_server_metadata_item): 204 DELETE https://dal-iaas-001-api-endpoint.prod.walmart.com:8774/v2/2cc1a8b2d5e0472692d667edd7a0d6d8/servers/7a5ae0c8-540e-41af-8484-66e05299a740/metadata/key1 0.735s
2016-08-15 09:05:57.387 83535 INFO tempest.lib.common.rest_client [req-9e682ae5-18e8-4939-af20-9cde276fd138 ] Request (HypervisorAdminTestJSON:test_get_hypervisor_list): 200 GET https://dal-iaas-001-api-endpoint.prod.walmart.com:8774/v2/bd7a2648cc2040ce91ac03c998528f77/os-hypervisors 1.967s
2016-08-15 09:05:57.391 83534 INFO tempest.lib.common.rest_client [req-545d20a6-306a-4e91-b451-cc3dfbf8a98f ] Request (InstanceUsageAuditLogTestJSON:tearDownClass): 204 DELETE https://dal-iaas-001-api-endpoint.prod.walmart.com:9696/v2.0/security-groups/62df4068-c721-4967-8fdd-ac6089da785d 0.496s
2016-08-15 09:05:57.418 83536 INFO tempest.lib.common.rest_client [req-51e06602-a126-4808-9bdf-99b8f0ad3995 ] Request (QuotasAdminTestJSON:tearDownClass): 200 GET https://dal-iaas-001-api-endpoint.prod.walmart.com:9696/v2.0/security-groups?tenant_id=da9b1e4a60ba47d6a9ffd2c7a920c310&name=default 0.450s
2016-08-15 09:05:57.683 83533 INFO tempest.lib.common.rest_client [req-21c9ce92-506b-47cb-904a-445131066d85 ] Request (ServerMetadataTestJSON:test_delete_server_metadata_item): 200 GET https://dal-iaas-001-api-endpoint.prod.walmart.com:8774/v2/2cc1a8b2d5e0472692d667edd7a0d6d8/servers/7a5ae0c8-540e-41af-8484-66e05299a740/metadata 0.510s
2016-08-15 09:05:57.911 83536 INFO tempest.lib.common.rest_client [req-12c47229-1c59-4fe0-8cec-6f11da3889c0 ] Request (QuotasAdminTestJSON:tearDownClass): 204 DELETE https://dal-iaas-001-api-endpoint.prod.walmart.com:9696/v2.0/security-groups/f320809a-9b1e-460e-81e6-a62b65bbef08 0.492s
2016-08-15 09:05:58.004 83538 INFO tempest.lib.common.rest_client [req-6cf7a969-faff-482c-b3da-c5cbe9ff69ae ] Request (ServersAdminTestJSON:test_list_servers_by_admin): 200 GET https://dal-iaas-001-api-endpoint.prod.walmart.com:8774/v2/884865f500cd482c85d3ab12c213a8e5/servers/detail 1.431s
2016-08-15 09:05:58.211 83534 INFO tempest.lib.common.rest_client [req-9d2862ef-96a8-45c8-bffa-7fa128c7bc47 ] Request (InstanceUsageAuditLogTestJSON:tearDownClass): 204 DELETE https://dal-iaas-001-api-endpoint.prod.walmart.com:35357/v2.0/tenants/07dbea7793134b809466880282aa0f8d 0.819s
2016-08-15 09:05:58.404 83533 INFO tempest.lib.common.rest_client [req-2be878ec-cc05-40ab-b8c7-3f84be887420 ] Request (ServerMetadataTestJSON:setUp): 200 PUT https://dal-iaas-001-api-endpoint.prod.walmart.com:8774/v2/2cc1a8b2d5e0472692d667edd7a0d6d8/servers/7a5ae0c8-540e-41af-8484-66e05299a740/metadata 0.717s
2016-08-15 09:05:58.710 83536 INFO tempest.lib.common.rest_client [req-7ceb9e96-050e-42a2-845a-c0ca16b6db9f ] Request (QuotasAdminTestJSON:tearDownClass): 204 DELETE https://dal-iaas-001-api-endpoint.prod.walmart.com:35357/v2.0/tenants/da9b1e4a60ba47d6a9ffd2c7a920c310 0.798s
2016-08-15 09:05:58.849 83535 INFO tempest.lib.common.rest_client [req-2d36f68b-497b-4ac1-a084-7dbfbd163582 ] Request (HypervisorAdminTestJSON:test_get_hypervisor_list_details): 200 GET https://dal-iaas-001-api-endpoint.prod.walmart.com:8774/v2/bd7a2648cc2040ce91ac03c998528f77/os-hypervisors/detail 1.457s
2016-08-15 09:05:58.890 83534 INFO tempest.lib.common.rest_client [req-fcba0a93-666e-417a-ab93-dc7a4d7d187d ] Request (InstanceUsageAuditLogNegativeTestJSON:setUpClass): 200 POST https://dal-iaas-001-api-endpoint.prod.walmart.com:5443/v2.0/tokens
2016-08-15 09:05:58.922 83533 INFO tempest.lib.common.rest_client [req-99f8fb13-146a-4bf9-8e82-c4b342dc5686 ] Request (ServerMetadataTestJSON:test_get_server_metadata_item): 200 GET https://dal-iaas-001-api-endpoint.prod.walmart.com:8774/v2/2cc1a8b2d5e0472692d667edd7a0d6d8/servers/7a5ae0c8-540e-41af-8484-66e05299a740/metadata/key2 0.516s
2016-08-15 09:05:59.425 83536 INFO tempest.lib.common.rest_client [req-9607ecab-3d05-48be-be10-563f15e53e7f ] Request (QuotasAdminNegativeTestJSON:setUpClass): 200 POST https://dal-iaas-001-api-endpoint.prod.walmart.com:5443/v2.0/tokens
2016-08-15 09:05:59.554 83534 INFO tempest.lib.common.rest_client [req-868d9661-e41a-4130-9f30-340878ae4862 ] Request (InstanceUsageAuditLogNegativeTestJSON:setUpClass): 200 POST https://dal-iaas-001-api-endpoint.prod.walmart.com:5443/v2.0/tokens
2016-08-15 09:05:59.626 83533 INFO tempest.lib.common.rest_client [req-388c14d6-0bb6-4976-9fbd-e64d1909b294 ] Request (ServerMetadataTestJSON:setUp): 200 PUT https://dal-iaas-001-api-endpoint.prod.walmart.com:8774/v2/2cc1a8b2d5e0472692d667edd7a0d6d8/servers/7a5ae0c8-540e-41af-8484-66e05299a740/metadata 0.702s
2016-08-15 09:05:59.795 83535 INFO tempest.lib.common.rest_client [req-f6d02fe7-fe87-45cf-ace9-bd80e9f71c9f ] Request (HypervisorAdminTestJSON:test_get_hypervisor_show_details): 200 GET https://dal-iaas-001-api-endpoint.prod.walmart.com:8774/v2/bd7a2648cc2040ce91ac03c998528f77/os-hypervisors 0.927s
2016-08-15 09:06:00.143 83533 INFO tempest.lib.common.rest_client [req-1690e462-5812-4fa6-bdaa-9591e061940c ] Request (ServerMetadataTestJSON:test_list_server_metadata): 200 GET https://dal-iaas-001-api-endpoint.prod.walmart.com:8774/v2/2cc1a8b2d5e0472692d667edd7a0d6d8/servers/7a5ae0c8-540e-41af-8484-66e05299a740/metadata 0.515s
2016-08-15 09:06:00.154 83536 INFO tempest.lib.common.rest_client [req-86ace0e8-a030-4e06-8a8c-2f12a2797412 ] Request (QuotasAdminNegativeTestJSON:setUpClass): 200 POST https://dal-iaas-001-api-endpoint.prod.walmart.com:5443/v2.0/tokens
2016-08-15 09:06:00.237 83535 INFO tempest.lib.common.rest_client [req-4db60f19-2126-4c69-bd60-267cc56b05ba ] Request (HypervisorAdminTestJSON:test_get_hypervisor_show_details): 200 GET https://dal-iaas-001-api-endpoint.prod.walmart.com:8774/v2/bd7a2648cc2040ce91ac03c998528f77/os-hypervisors/5 0.436s
2016-08-15 09:06:00.367 83534 INFO tempest.lib.common.rest_client [req-0a794e42-12b4-4f36-878f-f1c252292362 ] Request (InstanceUsageAuditLogNegativeTestJSON:setUpClass): 200 POST https://dal-iaas-001-api-endpoint.prod.walmart.com:35357/v2.0/tenants 0.813s
2016-08-15 09:06:00.891 83536 INFO tempest.lib.common.rest_client [req-0d757ce6-cb86-4165-943f-7a8c1fc13102 ] Request (QuotasAdminNegativeTestJSON:setUpClass): 200 POST https://dal-iaas-001-api-endpoint.prod.walmart.com:35357/v2.0/tenants 0.737s
2016-08-15 09:06:00.928 83533 INFO tempest.lib.common.rest_client [req-2f143c90-e89f-4472-b4cc-3bae216b0683 ] Request (ServerMetadataTestJSON:setUp): 200 PUT https://dal-iaas-001-api-endpoint.prod.walmart.com:8774/v2/2cc1a8b2d5e0472692d667edd7a0d6d8/servers/7a5ae0c8-540e-41af-8484-66e05299a740/metadata 0.781s
2016-08-15 09:06:01.090 83534 INFO tempest.lib.common.rest_client [req-076acfd7-c4b0-4709-b63d-c23b0328121d ] Request (InstanceUsageAuditLogNegativeTestJSON:setUpClass): 200 POST https://dal-iaas-001-api-endpoint.prod.walmart.com:35357/v2.0/users 0.722s
2016-08-15 09:06:01.446 83535 INFO tempest.lib.common.rest_client [req-e1974746-7f13-459b-a16b-07c382092338 ] Request (HypervisorAdminTestJSON:test_get_hypervisor_show_servers): 200 GET https://dal-iaas-001-api-endpoint.prod.walmart.com:8774/v2/bd7a2648cc2040ce91ac03c998528f77/os-hypervisors 1.203s
2016-08-15 09:06:01.594 83536 INFO tempest.lib.common.rest_client [req-b40053b6-2de1-4d12-915e-4c555903bbbe ] Request (QuotasAdminNegativeTestJSON:setUpClass): 200 POST https://dal-iaas-001-api-endpoint.prod.walmart.com:35357/v2.0/users 0.702s
2016-08-15 09:06:01.663 83533 INFO tempest.lib.common.rest_client [req-0680825c-6934-4435-80a9-fc3a124f3d88 ] Request (ServerMetadataTestJSON:test_set_server_metadata): 200 PUT https://dal-iaas-001-api-endpoint.prod.walmart.com:8774/v2/2cc1a8b2d5e0472692d667edd7a0d6d8/servers/7a5ae0c8-540e-41af-8484-66e05299a740/metadata 0.733s
2016-08-15 09:06:01.821 83534 INFO tempest.lib.common.rest_client [req-9bd29a92-0f5a-411f-83b9-8c4d730ac973 ] Request (InstanceUsageAuditLogNegativeTestJSON:setUpClass): 200 GET https://dal-iaas-001-api-endpoint.prod.walmart.com:35357/v2.0/OS-KSADM/roles 0.730s
2016-08-15 09:06:01.943 83535 INFO tempest.lib.common.rest_client [req-0bd80238-323e-4bd5-bacb-2424dee853fe ] Request (HypervisorAdminTestJSON:test_get_hypervisor_show_servers): 200 GET https://dal-iaas-001-api-endpoint.prod.walmart.com:8774/v2/bd7a2648cc2040ce91ac03c998528f77/os-hypervisors/dal-appblx061-21.prod.walmart.com/servers 0.492s
2016-08-15 09:06:02.157 83533 INFO tempest.lib.common.rest_client [req-22fd6b8c-e81b-40a1-b9da-56b099eec2c2 ] Request (ServerMetadataTestJSON:test_set_server_metadata): 200 GET https://dal-iaas-001-api-endpoint.prod.walmart.com:8774/v2/2cc1a8b2d5e0472692d667edd7a0d6d8/servers/7a5ae0c8-540e-41af-8484-66e05299a740/metadata 0.493s
2016-08-15 09:06:02.267 83536 INFO tempest.lib.common.rest_client [req-29fb6c29-3ff2-41de-a247-b3bd1709437f ] Request (QuotasAdminNegativeTestJSON:setUpClass): 200 GET https://dal-iaas-001-api-endpoint.prod.walmart.com:35357/v2.0/OS-KSADM/roles 0.673s
2016-08-15 09:06:02.328 83538 INFO tempest.lib.common.rest_client [req-6c8cc1b2-8b73-487f-b019-cb99a967c76f ] Request (ServersAdminTestJSON:test_list_servers_by_admin_with_all_tenants): 200 GET https://dal-iaas-001-api-endpoint.prod.walmart.com:8774/v2/884865f500cd482c85d3ab12c213a8e5/servers/detail?all_tenants= 4.315s
2016-08-15 09:06:02.391 83535 INFO tempest.lib.common.rest_client [req-180991cc-79e9-496b-980c-d84c30725347 ] Request (HypervisorAdminTestJSON:test_get_hypervisor_stats): 200 GET https://dal-iaas-001-api-endpoint.prod.walmart.com:8774/v2/bd7a2648cc2040ce91ac03c998528f77/os-hypervisors/statistics 0.444s
2016-08-15 09:06:02.597 83534 INFO tempest.lib.common.rest_client [req-157eac95-aaae-43db-86df-5ce695b0e919 ] Request (InstanceUsageAuditLogNegativeTestJSON:setUpClass): 200 PUT https://dal-iaas-001-api-endpoint.prod.walmart.com:35357/v2.0/tenants/8fc48d2fd657476ea241801667de1ac1/users/5ee542ed22e04cb58d604a7f8606dfd0/roles/OS-KSADM/b5b0387bbe864c43a2999e531988bb8f 0.775s
2016-08-15 09:06:02.597 83534 INFO tempest.common.dynamic_creds [-] Acquired dynamic creds:
 credentials: Credentials: {'username': u'tempest-InstanceUsageAuditLogNegativeTestJSON-2060861170', 'project_name': u'tempest-InstanceUsageAuditLogNegativeTestJSON-2060861170', 'user_id': u'5ee542ed22e04cb58d604a7f8606dfd0', 'tenant_name': u'tempest-InstanceUsageAuditLogNegativeTestJSON-2060861170', 'tenant_id': u'8fc48d2fd657476ea241801667de1ac1', 'project_id': u'8fc48d2fd657476ea241801667de1ac1'}, Network: None, Subnet: None, Router: None
2016-08-15 09:06:02.894 83533 INFO tempest.lib.common.rest_client [req-28d835bb-b231-45b7-b174-7c0d26ee9fef ] Request (ServerMetadataTestJSON:setUp): 200 PUT https://dal-iaas-001-api-endpoint.prod.walmart.com:8774/v2/2cc1a8b2d5e0472692d667edd7a0d6d8/servers/7a5ae0c8-540e-41af-8484-66e05299a740/metadata 0.733s
2016-08-15 09:06:02.929 83538 INFO tempest.lib.common.rest_client [req-4b42b6f3-5e7d-4df0-b29d-9c145683c758 ] Request (ServersAdminTestJSON:test_list_servers_by_admin_with_specified_tenant): 200 GET https://dal-iaas-001-api-endpoint.prod.walmart.com:8774/v2/884865f500cd482c85d3ab12c213a8e5/servers/detail?tenant_id=7f3b61c5c68f42cc92da8f2ace7f25a6 0.487s
2016-08-15 09:06:02.974 83536 INFO tempest.lib.common.rest_client [req-d763a4ca-babf-49d9-847b-61a321efa82e ] Request (QuotasAdminNegativeTestJSON:setUpClass): 200 PUT https://dal-iaas-001-api-endpoint.prod.walmart.com:35357/v2.0/tenants/ed133c9b89214be4871e52c6749b7299/users/abea81556c254e14941290030ca568c9/roles/OS-KSADM/b5b0387bbe864c43a2999e531988bb8f 0.706s
2016-08-15 09:06:02.974 83536 INFO tempest.common.dynamic_creds [-] Acquired dynamic creds:
 credentials: Credentials: {'username': u'tempest-QuotasAdminNegativeTestJSON-1221901147', 'project_name': u'tempest-QuotasAdminNegativeTestJSON-1221901147', 'user_id': u'abea81556c254e14941290030ca568c9', 'tenant_name': u'tempest-QuotasAdminNegativeTestJSON-1221901147', 'tenant_id': u'ed133c9b89214be4871e52c6749b7299', 'project_id': u'ed133c9b89214be4871e52c6749b7299'}, Network: None, Subnet: None, Router: None
2016-08-15 09:06:03.295 83534 INFO tempest.lib.common.rest_client [req-eb5625da-71bd-4488-a9e9-f54090af57a0 ] Request (InstanceUsageAuditLogNegativeTestJSON:setUpClass): 200 POST https://dal-iaas-001-api-endpoint.prod.walmart.com:35357/v2.0/tenants 0.693s
2016-08-15 09:06:03.343 83535 INFO tempest.lib.common.rest_client [req-2f551e2d-cc1f-417f-9c63-f1e05fe06eef ] Request (HypervisorAdminTestJSON:test_get_hypervisor_uptime): 200 GET https://dal-iaas-001-api-endpoint.prod.walmart.com:8774/v2/bd7a2648cc2040ce91ac03c998528f77/os-hypervisors 0.948s
2016-08-15 09:06:03.420 83538 INFO tempest.lib.common.rest_client [req-fc1906f1-d91f-460a-982f-7e12e3fa1dbc ] Request (ServersAdminTestJSON:test_list_servers_by_admin_with_specified_tenant): 200 GET https://dal-iaas-001-api-endpoint.prod.walmart.com:8774/v2/884865f500cd482c85d3ab12c213a8e5/servers/detail?tenant_id=884865f500cd482c85d3ab12c213a8e5&all_tenants= 0.484s
2016-08-15 09:06:03.651 83536 INFO tempest.lib.common.rest_client [req-10c65f67-907e-45fa-8175-735473aef187 ] Request (QuotasAdminNegativeTestJSON:setUpClass): 200 POST https://dal-iaas-001-api-endpoint.prod.walmart.com:35357/v2.0/tenants 0.671s
2016-08-15 09:06:03.779 83533 INFO tempest.lib.common.rest_client [req-cdcc470c-e8e1-46c1-853e-10e5745cc322 ] Request (ServerMetadataTestJSON:test_set_server_metadata_item): 200 PUT https://dal-iaas-001-api-endpoint.prod.walmart.com:8774/v2/2cc1a8b2d5e0472692d667edd7a0d6d8/servers/7a5ae0c8-540e-41af-8484-66e05299a740/metadata/nova 0.882s
2016-08-15 09:06:03.789 83535 INFO tempest.lib.common.rest_client [req-8a677eec-34bd-4241-be5b-71f0bb328b6d ] Request (HypervisorAdminTestJSON:test_get_hypervisor_uptime): 200 GET https://dal-iaas-001-api-endpoint.prod.walmart.com:8774/v2/bd7a2648cc2040ce91ac03c998528f77/os-hypervisors/5 0.441s
2016-08-15 09:06:04.087 83534 INFO tempest.lib.common.rest_client [req-5940d06b-e258-425a-af83-b256e809ec39 ] Request (InstanceUsageAuditLogNegativeTestJSON:setUpClass): 200 POST https://dal-iaas-001-api-endpoint.prod.walmart.com:35357/v2.0/users 0.791s
2016-08-15 09:06:04.154 83538 INFO tempest.lib.common.rest_client [req-1fa36f87-84e1-4e11-99cf-7ee3d7dae636 ] Request (ServersAdminTestJSON:test_list_servers_filter_by_error_status): 202 POST https://dal-iaas-001-api-endpoint.prod.walmart.com:8774/v2/884865f500cd482c85d3ab12c213a8e5/servers/f08414e2-10af-424d-9564-a66d9c0f8d4c/action 0.724s
2016-08-15 09:06:04.236 83535 INFO tempest.lib.common.rest_client [req-cea54172-f5f3-44ee-84db-55c0ab0e2c8a ] Request (HypervisorAdminTestJSON:test_get_hypervisor_uptime): 200 GET https://dal-iaas-001-api-endpoint.prod.walmart.com:8774/v2/bd7a2648cc2040ce91ac03c998528f77/os-hypervisors/5 0.442s
2016-08-15 09:06:04.291 83533 INFO tempest.lib.common.rest_client [req-f9007386-bdbe-4dc0-94bc-d97665c70f53 ] Request (ServerMetadataTestJSON:test_set_server_metadata_item): 200 GET https://dal-iaas-001-api-endpoint.prod.walmart.com:8774/v2/2cc1a8b2d5e0472692d667edd7a0d6d8/servers/7a5ae0c8-540e-41af-8484-66e05299a740/metadata 0.510s
2016-08-15 09:06:04.374 83536 INFO tempest.lib.common.rest_client [req-d4383a89-0a50-4bae-82f6-f0060373f833 ] Request (QuotasAdminNegativeTestJSON:setUpClass): 200 POST https://dal-iaas-001-api-endpoint.prod.walmart.com:35357/v2.0/users 0.722s
2016-08-15 09:06:04.652 83538 INFO tempest.lib.common.rest_client [req-d9b24ec3-9dbc-4376-b7cd-ed1026ed0010 ] Request (ServersAdminTestJSON:test_list_servers_filter_by_error_status): 200 GET https://dal-iaas-001-api-endpoint.prod.walmart.com:8774/v2/7f3b61c5c68f42cc92da8f2ace7f25a6/servers?status=error 0.497s
2016-08-15 09:06:04.676 83535 INFO tempest.lib.common.rest_client [req-40275889-645e-4bd1-80c0-09d9ef290282 ] Request (HypervisorAdminTestJSON:test_get_hypervisor_uptime): 200 GET https://dal-iaas-001-api-endpoint.prod.walmart.com:8774/v2/bd7a2648cc2040ce91ac03c998528f77/os-hypervisors/5 0.434s
2016-08-15 09:06:04.895 83534 INFO tempest.lib.common.rest_client [req-047142e0-0575-4258-8c12-931f571bd91d ] Request (InstanceUsageAuditLogNegativeTestJSON:setUpClass): 200 GET https://dal-iaas-001-api-endpoint.prod.walmart.com:35357/v2.0/OS-KSADM/roles 0.807s
2016-08-15 09:06:05.039 83533 INFO tempest.lib.common.rest_client [req-e9dda6d2-20ff-4181-8fbb-03b680e37896 ] Request (ServerMetadataTestJSON:setUp): 200 PUT https://dal-iaas-001-api-endpoint.prod.walmart.com:8774/v2/2cc1a8b2d5e0472692d667edd7a0d6d8/servers/7a5ae0c8-540e-41af-8484-66e05299a740/metadata 0.745s
2016-08-15 09:06:05.103 83536 INFO tempest.lib.common.rest_client [req-a53aab8f-a3b1-4b57-86a0-781a31472279 ] Request (QuotasAdminNegativeTestJSON:setUpClass): 200 GET https://dal-iaas-001-api-endpoint.prod.walmart.com:35357/v2.0/OS-KSADM/roles 0.728s
2016-08-15 09:06:05.117 83535 INFO tempest.lib.common.rest_client [req-a38b9003-e545-474e-9e93-e58d8d5f0e6b ] Request (HypervisorAdminTestJSON:test_get_hypervisor_uptime): 200 GET https://dal-iaas-001-api-endpoint.prod.walmart.com:8774/v2/bd7a2648cc2040ce91ac03c998528f77/os-hypervisors/5 0.436s
2016-08-15 09:06:05.362 83538 INFO tempest.lib.common.rest_client [req-61e2066b-6491-49be-a215-66ab3db35c95 ] Request (ServersAdminTestJSON:test_list_servers_filter_by_error_status): 202 POST https://dal-iaas-001-api-endpoint.prod.walmart.com:8774/v2/884865f500cd482c85d3ab12c213a8e5/servers/f08414e2-10af-424d-9564-a66d9c0f8d4c/action 0.707s
2016-08-15 09:06:05.581 83535 INFO tempest.lib.common.rest_client [req-11a4e9fa-5ded-4e51-bfed-ab46e23a486f ] Request (HypervisorAdminTestJSON:test_get_hypervisor_uptime): 200 GET https://dal-iaas-001-api-endpoint.prod.walmart.com:8774/v2/bd7a2648cc2040ce91ac03c998528f77/os-hypervisors/5 0.460s
2016-08-15 09:06:05.686 83534 INFO tempest.lib.common.rest_client [req-747c2f8f-1f38-48b0-af8d-d387fef21e52 ] Request (InstanceUsageAuditLogNegativeTestJSON:setUpClass): 200 PUT https://dal-iaas-001-api-endpoint.prod.walmart.com:35357/v2.0/tenants/189b135e1247429085f3318db8c8e26d/users/7ac9b115b7e44dd2a1d151d7568afb1c/roles/OS-KSADM/b5b0387bbe864c43a2999e531988bb8f 0.790s
2016-08-15 09:06:05.778 83533 INFO tempest.lib.common.rest_client [req-5a6d91cf-1e0b-44f3-9872-e8a13b013781 ] Request (ServerMetadataTestJSON:test_update_metadata_empty_body): 200 POST https://dal-iaas-001-api-endpoint.prod.walmart.com:8774/v2/2cc1a8b2d5e0472692d667edd7a0d6d8/servers/7a5ae0c8-540e-41af-8484-66e05299a740/metadata 0.737s
2016-08-15 09:06:05.926 83536 INFO tempest.lib.common.rest_client [req-cbb6da24-980e-4fcf-a48a-b04d6f0eaf17 ] Request (QuotasAdminNegativeTestJSON:setUpClass): 200 PUT https://dal-iaas-001-api-endpoint.prod.walmart.com:35357/v2.0/tenants/1a984aacb9d541639d6f6a99b9ec326d/users/3158fe15f9a8454da3b799249521d98a/roles/OS-KSADM/b5b0387bbe864c43a2999e531988bb8f 0.823s
2016-08-15 09:06:06.008 83538 INFO tempest.lib.common.rest_client [req-996a0a03-bf3c-467c-bde0-983d467c8a06 ] Request (ServersAdminTestJSON:test_list_servers_filter_by_error_status): 200 GET https://dal-iaas-001-api-endpoint.prod.walmart.com:8774/v2/884865f500cd482c85d3ab12c213a8e5/servers/f08414e2-10af-424d-9564-a66d9c0f8d4c 0.644s
2016-08-15 09:06:06.023 83535 INFO tempest.lib.common.rest_client [req-09368678-7de6-41be-b9cc-ed612a8ea0b3 ] Request (HypervisorAdminTestJSON:test_get_hypervisor_uptime): 200 GET https://dal-iaas-001-api-endpoint.prod.walmart.com:8774/v2/bd7a2648cc2040ce91ac03c998528f77/os-hypervisors/5 0.438s
2016-08-15 09:06:06.314 83533 INFO tempest.lib.common.rest_client [req-783a3fa5-7da7-4e71-9477-daa2cf490a50 ] Request (ServerMetadataTestJSON:test_update_metadata_empty_body): 200 GET https://dal-iaas-001-api-endpoint.prod.walmart.com:8774/v2/2cc1a8b2d5e0472692d667edd7a0d6d8/servers/7a5ae0c8-540e-41af-8484-66e05299a740/metadata 0.534s
2016-08-15 09:06:06.368 83534 INFO tempest.lib.common.rest_client [req-db488340-0f0d-4ea1-b713-4ba3592628b2 ] Request (InstanceUsageAuditLogNegativeTestJSON:setUpClass): 200 GET https://dal-iaas-001-api-endpoint.prod.walmart.com:35357/v2.0/OS-KSADM/roles 0.681s
2016-08-15 09:06:06.478 83535 INFO tempest.lib.common.rest_client [req-99472bcb-218e-4e20-bece-f8e0a61fff73 ] Request (HypervisorAdminTestJSON:test_get_hypervisor_uptime): 200 GET https://dal-iaas-001-api-endpoint.prod.walmart.com:8774/v2/bd7a2648cc2040ce91ac03c998528f77/os-hypervisors/5 0.451s
2016-08-15 09:06:06.691 83538 INFO tempest.lib.common.rest_client [req-62f187c5-e856-4509-8daf-3983fbde3fbc ] Request (ServersAdminTestJSON:test_list_servers_filter_by_exist_host): 200 POST https://dal-iaas-001-api-endpoint.prod.walmart.com:5443/v2.0/tokens
2016-08-15 09:06:06.715 83536 INFO tempest.lib.common.rest_client [req-62ceb0c5-c77e-4d4c-9ba2-f0deffb37e01 ] Request (QuotasAdminNegativeTestJSON:setUpClass): 200 GET https://dal-iaas-001-api-endpoint.prod.walmart.com:35357/v2.0/OS-KSADM/roles 0.788s
2016-08-15 09:06:06.937 83535 INFO tempest.lib.common.rest_client [req-69273df7-4da5-44b9-8a34-b9639d77cc17 ] Request (HypervisorAdminTestJSON:test_get_hypervisor_uptime): 200 GET https://dal-iaas-001-api-endpoint.prod.walmart.com:8774/v2/bd7a2648cc2040ce91ac03c998528f77/os-hypervisors/5 0.453s
2016-08-15 09:06:07.071 83534 INFO tempest.lib.common.rest_client [req-83975c84-6c10-4e57-a582-8ae4a1b64660 ] Request (InstanceUsageAuditLogNegativeTestJSON:setUpClass): 409 PUT https://dal-iaas-001-api-endpoint.prod.walmart.com:35357/v2.0/tenants/189b135e1247429085f3318db8c8e26d/users/7ac9b115b7e44dd2a1d151d7568afb1c/roles/OS-KSADM/b5b0387bbe864c43a2999e531988bb8f 0.702s
2016-08-15 09:06:07.071 83534 INFO tempest.common.dynamic_creds [-] Acquired dynamic creds:
 credentials: Credentials: {'username': u'tempest-InstanceUsageAuditLogNegativeTestJSON-1709020153', 'project_name': u'tempest-InstanceUsageAuditLogNegativeTestJSON-1709020153', 'user_id': u'7ac9b115b7e44dd2a1d151d7568afb1c', 'tenant_name': u'tempest-InstanceUsageAuditLogNegativeTestJSON-1709020153', 'tenant_id': u'189b135e1247429085f3318db8c8e26d', 'project_id': u'189b135e1247429085f3318db8c8e26d'}, Network: None, Subnet: None, Router: None
