2016-08-11 02:27:32.278 30147 INFO tempest.lib.common.rest_client [req-5bbdef4d-1971-4f39-88a7-49665913b12a ] Request (FlavorsAdminTestJSON:_run_cleanups): 200 GET https://dal-iaas-001-api-endpoint.prod.walmart.com:8774/v2/aa20287bcb6b433e9ef3c98865073302/flavors/detail 0.301s
2016-08-11 02:27:32.301 30152 INFO tempest.lib.common.rest_client [req-c866967c-8b2f-4519-a1ba-4f080e1d4abf ] Request (QuotasAdminNegativeTestJSON:tearDownClass): 204 DELETE https://dal-iaas-001-api-endpoint.prod.walmart.com:9696/v2.0/security-groups/012e1409-9951-48cb-b980-605d44a7d4a9 0.339s
2016-08-11 02:27:32.344 30150 INFO tempest.lib.common.rest_client [req-ad054256-5e53-4fb1-9c15-fa2698fec261 ] Request (HostsAdminTestJSON:tearDownClass): 204 DELETE https://dal-iaas-001-api-endpoint.prod.walmart.com:35357/v2.0/tenants/793725d75ff44c23b8585356ec329d11 0.982s
2016-08-11 02:27:32.489 30151 INFO tempest.lib.common.rest_client [req-ede120be-96da-4421-88e1-b90c2ae68392 ] Request (InstanceUsageAuditLogNegativeTestJSON:tearDownClass): 204 DELETE https://dal-iaas-001-api-endpoint.prod.walmart.com:35357/v2.0/tenants/228e616d02d048e6b66affe2e6bd66d0 1.107s
2016-08-11 02:27:32.528 30146 INFO tempest.lib.common.rest_client [req-1d9b144b-e832-44be-bc9e-3815a66ff750 ] Request (FlavorsAccessTestJSON:tearDownClass): 204 DELETE https://dal-iaas-001-api-endpoint.prod.walmart.com:9696/v2.0/security-groups/d2f94f28-e080-4f7e-a89f-4397b01c0921 0.397s
2016-08-11 02:27:32.558 30147 INFO tempest.lib.common.rest_client [req-ec69a615-b4e9-4847-99be-40c63023dcfe ] Request (FlavorsAdminTestJSON:test_create_flavor_with_uuid_id): 200 POST https://dal-iaas-001-api-endpoint.prod.walmart.com:8774/v2/aa20287bcb6b433e9ef3c98865073302/flavors 0.270s
2016-08-11 02:27:32.841 30147 INFO tempest.lib.common.rest_client [req-88dee5d5-1298-47cb-8dc9-ec55a6548b9e ] Request (FlavorsAdminTestJSON:test_create_flavor_with_uuid_id): 200 GET https://dal-iaas-001-api-endpoint.prod.walmart.com:8774/v2/aa20287bcb6b433e9ef3c98865073302/flavors/520baa3f-d4c1-483a-9f93-68868e4b9a6a 0.279s
2016-08-11 02:27:33.066 30149 INFO tempest.lib.common.rest_client [req-e4b3eea1-9350-4dd9-8344-cf704a2c33e5 ] Request (QuotaClassesAdminTestJSON:setUpClass): 200 PUT https://dal-iaas-001-api-endpoint.prod.walmart.com:35357/v2.0/tenants/d091e4a2dfe845b3a491d2530c1c6df3/users/191970f189de42c5aba85a24d4307d72/roles/OS-KSADM/b5b0387bbe864c43a2999e531988bb8f 1.045s
2016-08-11 02:27:33.070 30150 INFO tempest.lib.common.rest_client [req-c229720f-9561-405f-a296-50291c6059f9 ] Request (HypervisorAdminTestJSON:setUpClass): 200 POST https://dal-iaas-001-api-endpoint.prod.walmart.com:5443/v2.0/tokens
2016-08-11 02:27:33.078 30151 INFO tempest.lib.common.rest_client [req-5589da80-1cc5-42ff-9110-92d8a5868104 ] Request (FloatingIPDetailsTestJSON:setUpClass): 200 POST https://dal-iaas-001-api-endpoint.prod.walmart.com:5443/v2.0/tokens
2016-08-11 02:27:33.144 30147 INFO tempest.lib.common.rest_client [req-345f82be-0d5c-4dd7-bec7-7a8eddc105c1 ] Request (FlavorsAdminTestJSON:_run_cleanups): 202 DELETE https://dal-iaas-001-api-endpoint.prod.walmart.com:8774/v2/aa20287bcb6b433e9ef3c98865073302/flavors/520baa3f-d4c1-483a-9f93-68868e4b9a6a 0.297s
2016-08-11 02:27:33.296 30148 INFO tempest.lib.common.rest_client [req-00a15393-e003-4e5c-9963-28eafd1d2e39 ] Request (ServersAdminTestJSON:setUpClass): 200 GET https://dal-iaas-001-api-endpoint.prod.walmart.com:8774/v2/b1de03ffdf6941d5918e24ac8a0b6e74/servers/37113f4d-de66-4ada-a996-674c553aa4f0 0.637s
2016-08-11 02:27:33.309 30148 INFO tempest.common.waiters [-] State transition "BUILD/None" ==> "BUILD/scheduling" after 16 second wait
2016-08-11 02:27:33.434 30152 INFO tempest.lib.common.rest_client [req-2c7e8d7c-3d95-4bf9-b5ae-ec9a86237848 ] Request (QuotasAdminNegativeTestJSON:tearDownClass): 204 DELETE https://dal-iaas-001-api-endpoint.prod.walmart.com:35357/v2.0/tenants/8f73ba7a90a14ed18e0328ef4d76e25c 1.132s
2016-08-11 02:27:33.453 30147 INFO tempest.lib.common.rest_client [req-35339402-cbfc-4b0e-80a1-35d60f840c51 ] Request (FlavorsAdminTestJSON:_run_cleanups): 200 GET https://dal-iaas-001-api-endpoint.prod.walmart.com:8774/v2/aa20287bcb6b433e9ef3c98865073302/flavors/detail 0.308s
2016-08-11 02:27:33.521 30146 INFO tempest.lib.common.rest_client [req-8989e3c2-8924-4d55-bbfd-655272c982df ] Request (FlavorsAccessTestJSON:tearDownClass): 204 DELETE https://dal-iaas-001-api-endpoint.prod.walmart.com:35357/v2.0/tenants/37a493849a984ed7b554328581317c06 0.992s
2016-08-11 02:27:33.569 30145 INFO tempest.lib.common.rest_client [req-b2d14294-1449-4918-88f1-5c58178a4eee ] Request (FloatingIPsNegativeTestJSON:setUpClass): 202 POST https://dal-iaas-001-api-endpoint.prod.walmart.com:8774/v2/7031f4e0ef724e4daeab6b09a63ebf9e/servers 3.248s
2016-08-11 02:27:33.610 30150 INFO tempest.lib.common.rest_client [req-e59f1ccf-e26e-43dd-9338-d2e87ff31913 ] Request (HypervisorAdminTestJSON:setUpClass): 200 POST https://dal-iaas-001-api-endpoint.prod.walmart.com:5443/v2.0/tokens
2016-08-11 02:27:33.688 30151 INFO tempest.lib.common.rest_client [req-aedea495-1163-4ce5-a9a9-c268cbb16bce ] Request (FloatingIPDetailsTestJSON:setUpClass): 200 POST https://dal-iaas-001-api-endpoint.prod.walmart.com:5443/v2.0/tokens
2016-08-11 02:27:33.740 30147 INFO tempest.lib.common.rest_client [req-fe3f6096-442b-4bbe-9a53-476cf0af8dd4 ] Request (FlavorsAdminTestJSON:test_create_list_flavor_without_extra_data): 200 POST https://dal-iaas-001-api-endpoint.prod.walmart.com:8774/v2/aa20287bcb6b433e9ef3c98865073302/flavors 0.280s
2016-08-11 02:27:33.957 30149 INFO tempest.lib.common.rest_client [req-b55877e9-f650-417d-a3d5-609c9fe0fa46 ] Request (QuotaClassesAdminTestJSON:setUpClass): 200 GET https://dal-iaas-001-api-endpoint.prod.walmart.com:35357/v2.0/OS-KSADM/roles 0.891s
2016-08-11 02:27:34.033 30147 INFO tempest.lib.common.rest_client [req-de2a7e3e-372d-4275-b3a6-47d875a633e4 ] Request (FlavorsAdminTestJSON:test_create_list_flavor_without_extra_data): 200 GET https://dal-iaas-001-api-endpoint.prod.walmart.com:8774/v2/aa20287bcb6b433e9ef3c98865073302/flavors/1106756534 0.290s
2016-08-11 02:27:34.044 30145 INFO tempest.lib.common.rest_client [req-d92cd1f8-84e4-4666-906b-4e6167550cf8 ] Request (FloatingIPsNegativeTestJSON:setUpClass): 200 GET https://dal-iaas-001-api-endpoint.prod.walmart.com:8774/v2/7031f4e0ef724e4daeab6b09a63ebf9e/servers/b6532411-404f-4e60-aa9c-04e26c5ae129 0.472s
2016-08-11 02:27:34.473 30150 INFO tempest.lib.common.rest_client [req-0b55cafc-3fe3-4f09-afcb-0c9c2a05d206 ] Request (HypervisorAdminTestJSON:setUpClass): 200 POST https://dal-iaas-001-api-endpoint.prod.walmart.com:35357/v2.0/tenants 0.862s
2016-08-11 02:27:34.481 30147 INFO tempest.lib.common.rest_client [req-f6510e09-ac13-445b-ad0b-ced46dba13d4 ] Request (FlavorsAdminTestJSON:test_create_list_flavor_without_extra_data): 200 POST https://dal-iaas-001-api-endpoint.prod.walmart.com:5443/v2.0/tokens
2016-08-11 02:27:34.549 30152 INFO tempest.lib.common.rest_client [req-456c2328-dc9f-40f3-9fea-957b979f362d ] Request (QuotasAdminNegativeTestJSON:tearDownClass): 204 DELETE https://dal-iaas-001-api-endpoint.prod.walmart.com:35357/v2.0/users/d1499a0d50934bbf9d2ce6af8093be62 1.114s
2016-08-11 02:27:34.607 30146 INFO tempest.lib.common.rest_client [req-10a72c23-0bae-4577-9d90-853745daffbd ] Request (FlavorsAccessTestJSON:tearDownClass): 204 DELETE https://dal-iaas-001-api-endpoint.prod.walmart.com:35357/v2.0/users/6100e49eaf9b4b46996ab5d5eab817ed 1.085s
2016-08-11 02:27:34.714 30151 INFO tempest.lib.common.rest_client [req-f0274d6d-6e09-4c19-b21c-5270fe67ca13 ] Request (FloatingIPDetailsTestJSON:setUpClass): 200 POST https://dal-iaas-001-api-endpoint.prod.walmart.com:35357/v2.0/tenants 1.025s
2016-08-11 02:27:34.841 30148 INFO tempest.lib.common.rest_client [req-c7e3b060-69b7-4eb9-a3b5-9b6c951df988 ] Request (ServersAdminTestJSON:setUpClass): 200 GET https://dal-iaas-001-api-endpoint.prod.walmart.com:8774/v2/b1de03ffdf6941d5918e24ac8a0b6e74/servers/37113f4d-de66-4ada-a996-674c553aa4f0 0.527s
2016-08-11 02:27:34.849 30148 INFO tempest.common.waiters [-] State transition "BUILD/scheduling" ==> "BUILD/None" after 17 second wait
2016-08-11 02:27:34.869 30152 INFO tempest.lib.common.rest_client [req-5dab7b53-a6b9-4fa8-bc4b-4c47be23d6c0 ] Request (QuotasAdminNegativeTestJSON:tearDownClass): 200 GET https://dal-iaas-001-api-endpoint.prod.walmart.com:9696/v2.0/security-groups?tenant_id=398d3af1529f43c59e4a3df3692ccd85&name=default 0.319s
2016-08-11 02:27:34.927 30146 INFO tempest.lib.common.rest_client [req-aa710237-dbaf-4bf7-956c-69a8a96bb98c ] Request (FlavorsAccessTestJSON:tearDownClass): 200 GET https://dal-iaas-001-api-endpoint.prod.walmart.com:9696/v2.0/security-groups?tenant_id=ea9a4f8d92054612abb79bf82b06291c&name=default 0.319s
2016-08-11 02:27:34.938 30149 INFO tempest.lib.common.rest_client [req-3ca7954c-fb37-4bea-9993-1a20a8b5d840 ] Request (QuotaClassesAdminTestJSON:setUpClass): 409 PUT https://dal-iaas-001-api-endpoint.prod.walmart.com:35357/v2.0/tenants/d091e4a2dfe845b3a491d2530c1c6df3/users/191970f189de42c5aba85a24d4307d72/roles/OS-KSADM/9fe2ff9ee4384b1894a90878d3e92bab 0.980s
2016-08-11 02:27:34.939 30149 INFO tempest.common.dynamic_creds [-] Acquired dynamic creds:
 credentials: Credentials: {'username': u'tempest-QuotaClassesAdminTestJSON-2070912586', 'project_name': u'tempest-QuotaClassesAdminTestJSON-2070912586', 'user_id': u'191970f189de42c5aba85a24d4307d72', 'tenant_name': u'tempest-QuotaClassesAdminTestJSON-2070912586', 'tenant_id': u'd091e4a2dfe845b3a491d2530c1c6df3', 'project_id': u'd091e4a2dfe845b3a491d2530c1c6df3'}, Network: None, Subnet: None, Router: None
2016-08-11 02:27:35.210 30152 INFO tempest.lib.common.rest_client [req-31ebbe85-ecc7-4626-91d7-3ff725e47611 ] Request (QuotasAdminNegativeTestJSON:tearDownClass): 204 DELETE https://dal-iaas-001-api-endpoint.prod.walmart.com:9696/v2.0/security-groups/f2355cfc-de30-435b-a223-8e2930dace25 0.339s
2016-08-11 02:27:35.262 30146 INFO tempest.lib.common.rest_client [req-fba56820-1c4b-431c-a34f-667a65a8ee40 ] Request (FlavorsAccessTestJSON:tearDownClass): 204 DELETE https://dal-iaas-001-api-endpoint.prod.walmart.com:9696/v2.0/security-groups/54b333d5-af4b-471c-a6d8-bfd9748238fe 0.334s
2016-08-11 02:27:35.445 30149 INFO tempest.lib.common.rest_client [req-372b05c8-1690-4d66-bd86-ab565299f925 ] Request (QuotaClassesAdminTestJSON:test_update_default_quotas): 200 POST https://dal-iaas-001-api-endpoint.prod.walmart.com:5443/v2.0/tokens
2016-08-11 02:27:35.524 30150 INFO tempest.lib.common.rest_client [req-95734e30-9bc4-4461-8572-6ab4cc4f4f0b ] Request (HypervisorAdminTestJSON:setUpClass): 200 POST https://dal-iaas-001-api-endpoint.prod.walmart.com:35357/v2.0/users 1.050s
2016-08-11 02:27:35.534 30145 INFO tempest.lib.common.rest_client [req-5fb34bf6-db44-423c-9b68-2bea85abdb5f ] Request (FloatingIPsNegativeTestJSON:setUpClass): 200 GET https://dal-iaas-001-api-endpoint.prod.walmart.com:8774/v2/7031f4e0ef724e4daeab6b09a63ebf9e/servers/b6532411-404f-4e60-aa9c-04e26c5ae129 0.477s
2016-08-11 02:27:35.543 30145 INFO tempest.common.waiters [-] State transition "BUILD/scheduling" ==> "BUILD/networking" after 1 second wait
2016-08-11 02:27:35.760 30151 INFO tempest.lib.common.rest_client [req-9aecb9e0-b87a-475c-b075-8ce870e35844 ] Request (FloatingIPDetailsTestJSON:setUpClass): 200 POST https://dal-iaas-001-api-endpoint.prod.walmart.com:35357/v2.0/users 1.045s
2016-08-11 02:27:36.224 30152 INFO tempest.lib.common.rest_client [req-8c4e9975-5920-4602-bdbb-7346fc0af274 ] Request (QuotasAdminNegativeTestJSON:tearDownClass): 204 DELETE https://dal-iaas-001-api-endpoint.prod.walmart.com:35357/v2.0/tenants/398d3af1529f43c59e4a3df3692ccd85 1.014s
2016-08-11 02:27:36.414 30148 INFO tempest.lib.common.rest_client [req-29d4be42-2c29-4017-93f3-5c79a1f757d4 ] Request (ServersAdminTestJSON:setUpClass): 200 GET https://dal-iaas-001-api-endpoint.prod.walmart.com:8774/v2/b1de03ffdf6941d5918e24ac8a0b6e74/servers/37113f4d-de66-4ada-a996-674c553aa4f0 0.561s
2016-08-11 02:27:36.423 30148 INFO tempest.common.waiters [-] State transition "BUILD/None" ==> "BUILD/spawning" after 19 second wait
2016-08-11 02:27:36.602 30150 INFO tempest.lib.common.rest_client [req-667e5ac3-9b99-428e-93ab-2c19ff304e05 ] Request (HypervisorAdminTestJSON:setUpClass): 200 GET https://dal-iaas-001-api-endpoint.prod.walmart.com:35357/v2.0/OS-KSADM/roles 1.076s
2016-08-11 02:27:36.616 30151 INFO tempest.lib.common.rest_client [req-ca2bf45b-64be-4446-a20a-53951aa10fcb ] Request (FloatingIPDetailsTestJSON:setUpClass): 200 GET https://dal-iaas-001-api-endpoint.prod.walmart.com:35357/v2.0/OS-KSADM/roles 0.855s
2016-08-11 02:27:36.619 30146 INFO tempest.lib.common.rest_client [req-402615f3-939c-4fcd-9142-49fa48e6e299 ] Request (FlavorsAccessTestJSON:tearDownClass): 204 DELETE https://dal-iaas-001-api-endpoint.prod.walmart.com:35357/v2.0/tenants/ea9a4f8d92054612abb79bf82b06291c 1.356s
2016-08-11 02:27:36.809 30152 INFO tempest.lib.common.rest_client [req-33f7c59a-49c9-4e1a-bcae-3f68795f3c82 ] Request (ImagesMetadataTestJSON:setUpClass): 200 POST https://dal-iaas-001-api-endpoint.prod.walmart.com:5443/v2.0/tokens
2016-08-11 02:27:37.089 30145 INFO tempest.lib.common.rest_client [req-7cf3cbfb-7492-45b8-aec6-6dbcaae353fd ] Request (FloatingIPsNegativeTestJSON:setUpClass): 200 GET https://dal-iaas-001-api-endpoint.prod.walmart.com:8774/v2/7031f4e0ef724e4daeab6b09a63ebf9e/servers/b6532411-404f-4e60-aa9c-04e26c5ae129 0.540s
2016-08-11 02:27:37.097 30145 INFO tempest.common.waiters [-] State transition "BUILD/networking" ==> "BUILD/spawning" after 3 second wait
2016-08-11 02:27:37.165 30146 INFO tempest.lib.common.rest_client [req-be15d107-8162-4646-af9a-c9b33439a889 ] Request (FlavorsAccessNegativeTestJSON:setUpClass): 200 POST https://dal-iaas-001-api-endpoint.prod.walmart.com:5443/v2.0/tokens
2016-08-11 02:27:37.357 30147 INFO tempest.lib.common.rest_client [req-27f9a127-e478-4180-987c-c9eed6904fc2 ] Request (FlavorsAdminTestJSON:test_create_list_flavor_without_extra_data): 200 GET https://dal-iaas-001-api-endpoint.prod.walmart.com:8774/v2/e946df994e684821b10f959da4d7d0e4/flavors/detail 2.875s
2016-08-11 02:27:37.364 30152 INFO tempest.lib.common.rest_client [req-f03d11e3-cbfa-4712-91bf-e90ed0525299 ] Request (ImagesMetadataTestJSON:setUpClass): 200 POST https://dal-iaas-001-api-endpoint.prod.walmart.com:5443/v2.0/tokens
2016-08-11 02:27:37.514 30151 INFO tempest.lib.common.rest_client [req-28c1f90a-72ee-408b-90e4-8a3cc727694c ] Request (FloatingIPDetailsTestJSON:setUpClass): 409 PUT https://dal-iaas-001-api-endpoint.prod.walmart.com:35357/v2.0/tenants/56171ee7b7974121ba5729a82fd64dd6/users/e6c7c5b7d8134e68abc37f3031f45435/roles/OS-KSADM/9fe2ff9ee4384b1894a90878d3e92bab 0.897s
2016-08-11 02:27:37.514 30151 INFO tempest.common.dynamic_creds [-] Acquired dynamic creds:
 credentials: Credentials: {'username': u'tempest-FloatingIPDetailsTestJSON-1744559783', 'project_name': u'tempest-FloatingIPDetailsTestJSON-1744559783', 'user_id': u'e6c7c5b7d8134e68abc37f3031f45435', 'tenant_name': u'tempest-FloatingIPDetailsTestJSON-1744559783', 'tenant_id': u'56171ee7b7974121ba5729a82fd64dd6', 'project_id': u'56171ee7b7974121ba5729a82fd64dd6'}, Network: None, Subnet: None, Router: None
2016-08-11 02:27:37.670 30147 INFO tempest.lib.common.rest_client [req-7d3ad5fa-5591-43a5-b25b-e3466bffa40a ] Request (FlavorsAdminTestJSON:_run_cleanups): 202 DELETE https://dal-iaas-001-api-endpoint.prod.walmart.com:8774/v2/aa20287bcb6b433e9ef3c98865073302/flavors/1106756534 0.307s
2016-08-11 02:27:37.756 30146 INFO tempest.lib.common.rest_client [req-091ea520-d165-4aea-9866-df1578f4543f ] Request (FlavorsAccessNegativeTestJSON:setUpClass): 200 POST https://dal-iaas-001-api-endpoint.prod.walmart.com:5443/v2.0/tokens
2016-08-11 02:27:37.787 30150 INFO tempest.lib.common.rest_client [req-46ef5ca3-cf0c-4558-94fc-52a7ea760510 ] Request (HypervisorAdminTestJSON:setUpClass): 409 PUT https://dal-iaas-001-api-endpoint.prod.walmart.com:35357/v2.0/tenants/cb9c4dad01aa4044ae923ac07a838336/users/f5110a77b91b4fbbbda377fdad93dfef/roles/OS-KSADM/9fe2ff9ee4384b1894a90878d3e92bab 1.185s
2016-08-11 02:27:37.788 30150 INFO tempest.common.dynamic_creds [-] Acquired dynamic creds:
 credentials: Credentials: {'username': u'tempest-HypervisorAdminTestJSON-288669957', 'project_name': u'tempest-HypervisorAdminTestJSON-288669957', 'user_id': u'f5110a77b91b4fbbbda377fdad93dfef', 'tenant_name': u'tempest-HypervisorAdminTestJSON-288669957', 'tenant_id': u'cb9c4dad01aa4044ae923ac07a838336', 'project_id': u'cb9c4dad01aa4044ae923ac07a838336'}, Network: None, Subnet: None, Router: None
2016-08-11 02:27:37.849 30149 INFO tempest.lib.common.rest_client [req-a6734f67-5b19-4caa-ad6b-1936eb467415 ] Request (QuotaClassesAdminTestJSON:test_update_default_quotas): 200 GET https://dal-iaas-001-api-endpoint.prod.walmart.com:8774/v2/d091e4a2dfe845b3a491d2530c1c6df3/os-quota-class-sets/default 2.404s
2016-08-11 02:27:38.015 30147 INFO tempest.lib.common.rest_client [req-963ae45a-e4bc-486b-a657-f7c6921a2fec ] Request (FlavorsAdminTestJSON:_run_cleanups): 200 GET https://dal-iaas-001-api-endpoint.prod.walmart.com:8774/v2/aa20287bcb6b433e9ef3c98865073302/flavors/detail 0.344s
2016-08-11 02:27:38.026 30148 INFO tempest.lib.common.rest_client [req-e87c8c74-e25f-4291-88a2-227848bdf594 ] Request (ServersAdminTestJSON:setUpClass): 200 GET https://dal-iaas-001-api-endpoint.prod.walmart.com:8774/v2/b1de03ffdf6941d5918e24ac8a0b6e74/servers/37113f4d-de66-4ada-a996-674c553aa4f0 0.599s
2016-08-11 02:27:38.034 30148 INFO tempest.common.waiters [-] State transition "BUILD/spawning" ==> "ERROR/None" after 21 second wait
2016-08-11 02:27:38.040 30151 INFO tempest.lib.common.rest_client [req-6fda652d-e8e2-4f8d-8ced-682b96ef5143 ] Request (FloatingIPDetailsTestJSON:setUpClass): 200 POST https://dal-iaas-001-api-endpoint.prod.walmart.com:5443/v2.0/tokens
2016-08-11 02:27:38.308 30147 INFO tempest.lib.common.rest_client [req-bd700b27-a204-4cfa-a11c-111d763689f0 ] Request (FlavorsAdminTestJSON:test_create_server_with_non_public_flavor): 200 POST https://dal-iaas-001-api-endpoint.prod.walmart.com:8774/v2/aa20287bcb6b433e9ef3c98865073302/flavors 0.286s
2016-08-11 02:27:38.309 30149 INFO tempest.lib.common.rest_client [req-b880c87b-0f41-447a-91fd-992ffbbd308e ] Request (QuotaClassesAdminTestJSON:test_update_default_quotas): 200 PUT https://dal-iaas-001-api-endpoint.prod.walmart.com:8774/v2/d091e4a2dfe845b3a491d2530c1c6df3/os-quota-class-sets/default 0.457s
2016-08-11 02:27:38.447 30152 INFO tempest.lib.common.rest_client [req-c1cbf4b7-c276-48ae-99e9-ef7cc7bb1b5f ] Request (ImagesMetadataTestJSON:setUpClass): 200 POST https://dal-iaas-001-api-endpoint.prod.walmart.com:35357/v2.0/tenants 1.082s
2016-08-11 02:27:38.603 30147 INFO tempest.lib.common.rest_client [req-0c20091e-b54e-4e74-950b-1b2c643362c7 ] Request (FlavorsAdminTestJSON:test_create_server_with_non_public_flavor): 400 POST https://dal-iaas-001-api-endpoint.prod.walmart.com:8774/v2/e946df994e684821b10f959da4d7d0e4/servers 0.292s
2016-08-11 02:27:38.623 30146 INFO tempest.lib.common.rest_client [req-802062fa-0a65-4e2f-ba30-fc7df18617f4 ] Request (FlavorsAccessNegativeTestJSON:setUpClass): 200 POST https://dal-iaas-001-api-endpoint.prod.walmart.com:35357/v2.0/tenants 0.866s
2016-08-11 02:27:38.645 30145 INFO tempest.lib.common.rest_client [req-88f68ad3-efbf-492c-a2a7-777f76063de6 ] Request (FloatingIPsNegativeTestJSON:setUpClass): 200 GET https://dal-iaas-001-api-endpoint.prod.walmart.com:8774/v2/7031f4e0ef724e4daeab6b09a63ebf9e/servers/b6532411-404f-4e60-aa9c-04e26c5ae129 0.542s
2016-08-11 02:27:38.653 30145 INFO tempest.common.waiters [-] State transition "BUILD/spawning" ==> "BUILD/None" after 4 second wait
2016-08-11 02:27:38.679 30149 INFO tempest.lib.common.rest_client [req-e85115b4-0e81-4d2b-924f-77600c6e054e ] Request (QuotaClassesAdminTestJSON:_run_cleanups): 200 PUT https://dal-iaas-001-api-endpoint.prod.walmart.com:8774/v2/d091e4a2dfe845b3a491d2530c1c6df3/os-quota-class-sets/default 0.367s
2016-08-11 02:27:38.752 30150 INFO tempest.lib.common.rest_client [req-528e9c4f-9a6c-4623-a7b5-5b3715d0fd72 ] Request (HypervisorAdminTestJSON:setUpClass): 200 POST https://dal-iaas-001-api-endpoint.prod.walmart.com:35357/v2.0/tenants 0.957s
2016-08-11 02:27:38.906 30148 INFO tempest.lib.common.rest_client [req-addb62d8-0ac9-412c-86ae-b2327489aeeb ] Request (ServersAdminTestJSON:setUpClass): 204 DELETE https://dal-iaas-001-api-endpoint.prod.walmart.com:8774/v2/b1de03ffdf6941d5918e24ac8a0b6e74/servers/37113f4d-de66-4ada-a996-674c553aa4f0 0.871s
2016-08-11 02:27:38.906 30148 INFO tempest.test [-] <class 'tempest.exceptions.BuildErrorException'> raised in ServersAdminTestJSON.setUpClass. Invoking tearDownClass.
2016-08-11 02:27:38.938 30147 INFO tempest.lib.common.rest_client [req-7d5f803b-8fe6-4bf8-94c3-648164a6aa33 ] Request (FlavorsAdminTestJSON:_run_cleanups): 202 DELETE https://dal-iaas-001-api-endpoint.prod.walmart.com:8774/v2/aa20287bcb6b433e9ef3c98865073302/flavors/2068530577 0.333s
2016-08-11 02:27:39.245 30147 INFO tempest.lib.common.rest_client [req-6ab54f70-5a57-45b1-b304-b723be61e817 ] Request (FlavorsAdminTestJSON:_run_cleanups): 200 GET https://dal-iaas-001-api-endpoint.prod.walmart.com:8774/v2/aa20287bcb6b433e9ef3c98865073302/flavors/detail 0.306s
2016-08-11 02:27:39.511 30147 INFO tempest.lib.common.rest_client [req-d8934759-6f05-49a9-87b0-459abc962dd3 ] Request (FlavorsAdminTestJSON:test_is_public_string_variations): 200 POST https://dal-iaas-001-api-endpoint.prod.walmart.com:8774/v2/aa20287bcb6b433e9ef3c98865073302/flavors 0.260s
2016-08-11 02:27:39.528 30152 INFO tempest.lib.common.rest_client [req-afcb0469-9c1b-4aa9-a35e-a117e7b583ae ] Request (ImagesMetadataTestJSON:setUpClass): 200 POST https://dal-iaas-001-api-endpoint.prod.walmart.com:35357/v2.0/users 1.080s
2016-08-11 02:27:39.563 30146 INFO tempest.lib.common.rest_client [req-c90e827a-2b7f-43bb-b8f8-3ba516a5fd84 ] Request (FlavorsAccessNegativeTestJSON:setUpClass): 200 POST https://dal-iaas-001-api-endpoint.prod.walmart.com:35357/v2.0/users 0.939s
2016-08-11 02:27:39.766 30150 INFO tempest.lib.common.rest_client [req-c3b2bb12-6c37-4973-8914-b96bd0764ac8 ] Request (HypervisorAdminTestJSON:setUpClass): 200 POST https://dal-iaas-001-api-endpoint.prod.walmart.com:35357/v2.0/users 1.014s
2016-08-11 02:27:39.776 30149 INFO tempest.lib.common.rest_client [req-bbc53fce-8cb5-4be6-88a9-4791566c516c ] Request (QuotaClassesAdminTestJSON:tearDownClass): 204 DELETE https://dal-iaas-001-api-endpoint.prod.walmart.com:35357/v2.0/users/191970f189de42c5aba85a24d4307d72 1.093s
2016-08-11 02:27:39.787 30147 INFO tempest.lib.common.rest_client [req-0a45f93f-6a49-46ee-af4a-ff50e7769254 ] Request (FlavorsAdminTestJSON:test_is_public_string_variations): 200 POST https://dal-iaas-001-api-endpoint.prod.walmart.com:8774/v2/aa20287bcb6b433e9ef3c98865073302/flavors 0.272s
2016-08-11 02:27:39.850 30148 INFO tempest.lib.common.rest_client [req-c8ca55b5-0c91-4974-bbc6-6a254dd7071f ] Request (ServersAdminTestJSON:tearDownClass): 204 DELETE https://dal-iaas-001-api-endpoint.prod.walmart.com:35357/v2.0/users/b5054fa03a7944c2a6c9a6e47c9fd0b0 0.943s
2016-08-11 02:27:40.097 30147 INFO tempest.lib.common.rest_client [req-463c75db-2b2a-4c47-92bc-431f252356c8 ] Request (FlavorsAdminTestJSON:test_is_public_string_variations): 200 GET https://dal-iaas-001-api-endpoint.prod.walmart.com:8774/v2/aa20287bcb6b433e9ef3c98865073302/flavors/detail?is_public=f 0.307s
2016-08-11 02:27:40.244 30145 INFO tempest.lib.common.rest_client [req-fdb49b95-6a9a-4fee-a64e-1bc0dadf3584 ] Request (FloatingIPsNegativeTestJSON:setUpClass): 200 GET https://dal-iaas-001-api-endpoint.prod.walmart.com:8774/v2/7031f4e0ef724e4daeab6b09a63ebf9e/servers/b6532411-404f-4e60-aa9c-04e26c5ae129 0.587s
2016-08-11 02:27:40.344 30152 INFO tempest.lib.common.rest_client [req-30bc5de9-0e69-42d1-b35f-7f042b0d58fe ] Request (ImagesMetadataTestJSON:setUpClass): 200 GET https://dal-iaas-001-api-endpoint.prod.walmart.com:35357/v2.0/OS-KSADM/roles 0.815s
2016-08-11 02:27:40.400 30147 INFO tempest.lib.common.rest_client [req-258eaf6c-fc80-4c3b-bcca-4919b3d2e373 ] Request (FlavorsAdminTestJSON:test_is_public_string_variations): 200 GET https://dal-iaas-001-api-endpoint.prod.walmart.com:8774/v2/aa20287bcb6b433e9ef3c98865073302/flavors/detail?is_public=false 0.297s
2016-08-11 02:27:40.434 30151 INFO tempest.lib.common.rest_client [req-6bb46680-ce69-4d7d-85fd-104aa7f9132d ] Request (FloatingIPDetailsTestJSON:setUpClass): 404 POST https://dal-iaas-001-api-endpoint.prod.walmart.com:8774/v2/56171ee7b7974121ba5729a82fd64dd6/os-floating-ips 2.393s
2016-08-11 02:27:40.435 30151 INFO tempest.test [-] <class 'tempest.lib.exceptions.NotFound'> raised in FloatingIPDetailsTestJSON.setUpClass. Invoking tearDownClass.
2016-08-11 02:27:40.435 30151 ERROR tempest.test [-] teardown of resources failed: list index out of range
2016-08-11 02:27:40.435 30151 ERROR tempest.test Traceback (most recent call last):
2016-08-11 02:27:40.435 30151 ERROR tempest.test   File "/Users/vktiwar/openstack/git-clone/daliaas1/tempest/test.py", line 294, in tearDownClass
2016-08-11 02:27:40.435 30151 ERROR tempest.test     teardown()
2016-08-11 02:27:40.435 30151 ERROR tempest.test   File "/Users/vktiwar/openstack/git-clone/daliaas1/tempest/api/compute/floating_ips/test_list_floating_ips.py", line 45, in resource_cleanup
2016-08-11 02:27:40.435 30151 ERROR tempest.test     cls.client.delete_floating_ip(cls.floating_ip_id[i])
2016-08-11 02:27:40.435 30151 ERROR tempest.test IndexError: list index out of range
2016-08-11 02:27:40.435 30151 ERROR tempest.test 
2016-08-11 02:27:40.682 30147 INFO tempest.lib.common.rest_client [req-eed1f7e7-2ff8-41c6-b86c-06bd9e57d33c ] Request (FlavorsAdminTestJSON:test_is_public_string_variations): 200 GET https://dal-iaas-001-api-endpoint.prod.walmart.com:8774/v2/aa20287bcb6b433e9ef3c98865073302/flavors/detail?is_public=no 0.277s
2016-08-11 02:27:40.682 30150 INFO tempest.lib.common.rest_client [req-991c15f5-9474-4587-ad6c-42687394774a ] Request (HypervisorAdminTestJSON:setUpClass): 200 GET https://dal-iaas-001-api-endpoint.prod.walmart.com:35357/v2.0/OS-KSADM/roles 0.915s
2016-08-11 02:27:40.687 30146 INFO tempest.lib.common.rest_client [req-d158ea23-f83b-4d1e-8f6d-b659255c3d17 ] Request (FlavorsAccessNegativeTestJSON:setUpClass): 200 GET https://dal-iaas-001-api-endpoint.prod.walmart.com:35357/v2.0/OS-KSADM/roles 1.124s
2016-08-11 02:27:40.981 30147 INFO tempest.lib.common.rest_client [req-2daf737f-637c-47e5-a852-102ea21f531c ] Request (FlavorsAdminTestJSON:test_is_public_string_variations): 200 GET https://dal-iaas-001-api-endpoint.prod.walmart.com:8774/v2/aa20287bcb6b433e9ef3c98865073302/flavors/detail?is_public=0 0.293s
2016-08-11 02:27:41.269 30147 INFO tempest.lib.common.rest_client [req-ae330d95-1354-4093-b94b-d5920d40d35e ] Request (FlavorsAdminTestJSON:test_is_public_string_variations): 200 GET https://dal-iaas-001-api-endpoint.prod.walmart.com:8774/v2/aa20287bcb6b433e9ef3c98865073302/flavors/detail?is_public=t 0.282s
2016-08-11 02:27:41.280 30151 INFO tempest.lib.common.rest_client [req-7d52e966-81d7-4954-a796-5eee8e576896 ] Request (FloatingIPDetailsTestJSON:tearDownClass): 204 DELETE https://dal-iaas-001-api-endpoint.prod.walmart.com:35357/v2.0/users/e6c7c5b7d8134e68abc37f3031f45435 0.844s
2016-08-11 02:27:41.303 30152 INFO tempest.lib.common.rest_client [req-bb4f7abc-1833-4e86-9274-1092234a3404 ] Request (ImagesMetadataTestJSON:setUpClass): 409 PUT https://dal-iaas-001-api-endpoint.prod.walmart.com:35357/v2.0/tenants/63836101bff84a47ae74c5dbc83dbfcf/users/ad342136f7c74ec78115763d3eaee0c0/roles/OS-KSADM/9fe2ff9ee4384b1894a90878d3e92bab 0.958s
2016-08-11 02:27:41.303 30152 INFO tempest.common.dynamic_creds [-] Acquired dynamic creds:
 credentials: Credentials: {'username': u'tempest-ImagesMetadataTestJSON-1330838482', 'project_name': u'tempest-ImagesMetadataTestJSON-1330838482', 'user_id': u'ad342136f7c74ec78115763d3eaee0c0', 'tenant_name': u'tempest-ImagesMetadataTestJSON-1330838482', 'tenant_id': u'63836101bff84a47ae74c5dbc83dbfcf', 'project_id': u'63836101bff84a47ae74c5dbc83dbfcf'}, Network: None, Subnet: None, Router: None
2016-08-11 02:27:41.518 30150 INFO tempest.lib.common.rest_client [req-4d196457-a38b-46af-8a5e-a7dfc4d7d273 ] Request (HypervisorAdminTestJSON:setUpClass): 200 PUT https://dal-iaas-001-api-endpoint.prod.walmart.com:35357/v2.0/tenants/fa9d9b0cf5a5456b8296e80f5672dc54/users/5151e40134204d3a99260dc7d29ff8cb/roles/OS-KSADM/b5b0387bbe864c43a2999e531988bb8f 0.835s
2016-08-11 02:27:41.585 30147 INFO tempest.lib.common.rest_client [req-d5eb9a5d-97f3-4806-b5c2-6790fb18a66d ] Request (FlavorsAdminTestJSON:test_is_public_string_variations): 200 GET https://dal-iaas-001-api-endpoint.prod.walmart.com:8774/v2/aa20287bcb6b433e9ef3c98865073302/flavors/detail?is_public=true 0.311s
2016-08-11 02:27:41.708 30146 INFO tempest.lib.common.rest_client [req-60832aa5-c33f-4883-9f19-097afa47c1e6 ] Request (FlavorsAccessNegativeTestJSON:setUpClass): 409 PUT https://dal-iaas-001-api-endpoint.prod.walmart.com:35357/v2.0/tenants/ba165bd6371b438498cb6f47c3f0ab46/users/fccc3c73c7864b13b55e2b7aba412612/roles/OS-KSADM/9fe2ff9ee4384b1894a90878d3e92bab 1.019s
2016-08-11 02:27:41.708 30146 INFO tempest.common.dynamic_creds [-] Acquired dynamic creds:
 credentials: Credentials: {'username': u'tempest-FlavorsAccessNegativeTestJSON-392883779', 'project_name': u'tempest-FlavorsAccessNegativeTestJSON-392883779', 'user_id': u'fccc3c73c7864b13b55e2b7aba412612', 'tenant_name': u'tempest-FlavorsAccessNegativeTestJSON-392883779', 'tenant_id': u'ba165bd6371b438498cb6f47c3f0ab46', 'project_id': u'ba165bd6371b438498cb6f47c3f0ab46'}, Network: None, Subnet: None, Router: None
2016-08-11 02:27:41.765 30152 INFO tempest.lib.common.rest_client [req-59182b4a-0cf2-4ea2-93df-97af5456e8fc ] Request (ImagesMetadataTestJSON:setUpClass): 200 POST https://dal-iaas-001-api-endpoint.prod.walmart.com:5443/v2.0/tokens
2016-08-11 02:27:41.931 30147 INFO tempest.lib.common.rest_client [req-e00e0807-8371-4e33-81b7-edcdfbe0355c ] Request (FlavorsAdminTestJSON:test_is_public_string_variations): 200 GET https://dal-iaas-001-api-endpoint.prod.walmart.com:8774/v2/aa20287bcb6b433e9ef3c98865073302/flavors/detail?is_public=yes 0.339s
2016-08-11 02:27:41.994 30145 INFO tempest.lib.common.rest_client [req-a25ea6f5-2956-44bc-8861-d5a53ea034d4 ] Request (FloatingIPsNegativeTestJSON:setUpClass): 200 GET https://dal-iaas-001-api-endpoint.prod.walmart.com:8774/v2/7031f4e0ef724e4daeab6b09a63ebf9e/servers/b6532411-404f-4e60-aa9c-04e26c5ae129 0.740s
2016-08-11 02:27:42.002 30145 INFO tempest.common.waiters [-] State transition "BUILD/None" ==> "BUILD/scheduling" after 8 second wait
2016-08-11 02:27:42.216 30149 INFO tempest.lib.common.rest_client [req-4a091cfe-c239-4f21-957e-9141dff7d75a ] Request (QuotaClassesAdminTestJSON:tearDownClass): 200 GET https://dal-iaas-001-api-endpoint.prod.walmart.com:9696/v2.0/security-groups?tenant_id=d091e4a2dfe845b3a491d2530c1c6df3&name=default 2.439s
2016-08-11 02:27:42.229 30147 INFO tempest.lib.common.rest_client [req-62e5217d-df16-4afc-89e6-9f313a789726 ] Request (FlavorsAdminTestJSON:test_is_public_string_variations): 200 GET https://dal-iaas-001-api-endpoint.prod.walmart.com:8774/v2/aa20287bcb6b433e9ef3c98865073302/flavors/detail?is_public=1 0.292s
2016-08-11 02:27:42.534 30149 INFO tempest.lib.common.rest_client [req-4f294195-dc12-4ffe-8a1d-b9ffad97dd2d ] Request (QuotaClassesAdminTestJSON:tearDownClass): 204 DELETE https://dal-iaas-001-api-endpoint.prod.walmart.com:9696/v2.0/security-groups/e0f5ce47-967a-4c5b-98a1-885a3bcf430e 0.317s
2016-08-11 02:27:42.543 30147 INFO tempest.lib.common.rest_client [req-91bd3bc7-3b27-4ed7-befc-57825cc0c661 ] Request (FlavorsAdminTestJSON:_run_cleanups): 202 DELETE https://dal-iaas-001-api-endpoint.prod.walmart.com:8774/v2/aa20287bcb6b433e9ef3c98865073302/flavors/1626730065 0.309s
2016-08-11 02:27:42.559 30146 INFO tempest.lib.common.rest_client [req-5d80972b-d208-4b1d-9842-f252d819b49a ] Request (FlavorsAccessNegativeTestJSON:setUpClass): 200 POST https://dal-iaas-001-api-endpoint.prod.walmart.com:35357/v2.0/tenants 0.846s
2016-08-11 02:27:42.589 30150 INFO tempest.lib.common.rest_client [req-37ea2e80-da4f-43f9-881c-c35531fa5946 ] Request (HypervisorAdminTestJSON:setUpClass): 200 GET https://dal-iaas-001-api-endpoint.prod.walmart.com:35357/v2.0/OS-KSADM/roles 1.070s
2016-08-11 02:27:42.791 30148 INFO tempest.lib.common.rest_client [req-37458c95-0d85-469f-a342-a57a9a11711c ] Request (ServersAdminTestJSON:tearDownClass): 200 GET https://dal-iaas-001-api-endpoint.prod.walmart.com:9696/v2.0/security-groups?tenant_id=920958f2fe544cdf8524e21acb174799&name=default 2.940s
2016-08-11 02:27:42.835 30147 INFO tempest.lib.common.rest_client [req-e9359306-356c-443e-a36a-3f1b38a53284 ] Request (FlavorsAdminTestJSON:_run_cleanups): 200 GET https://dal-iaas-001-api-endpoint.prod.walmart.com:8774/v2/aa20287bcb6b433e9ef3c98865073302/flavors/detail 0.292s
2016-08-11 02:27:43.142 30148 INFO tempest.lib.common.rest_client [req-4bfac10f-0956-437f-b0f6-7d194380c832 ] Request (ServersAdminTestJSON:tearDownClass): 204 DELETE https://dal-iaas-001-api-endpoint.prod.walmart.com:9696/v2.0/security-groups/821d0edf-dcd3-425f-87de-6947ccd88ab6 0.350s
2016-08-11 02:27:43.197 30147 INFO tempest.lib.common.rest_client [req-1ffb216f-befd-48b6-a2ae-32467d0bffe6 ] Request (FlavorsAdminTestJSON:_run_cleanups): 202 DELETE https://dal-iaas-001-api-endpoint.prod.walmart.com:8774/v2/aa20287bcb6b433e9ef3c98865073302/flavors/2031749968 0.355s
2016-08-11 02:27:43.487 30147 INFO tempest.lib.common.rest_client [req-ecd9767a-0cef-46a1-9138-e92aa5d7fd52 ] Request (FlavorsAdminTestJSON:_run_cleanups): 200 GET https://dal-iaas-001-api-endpoint.prod.walmart.com:8774/v2/aa20287bcb6b433e9ef3c98865073302/flavors/detail 0.289s
2016-08-11 02:27:43.531 30145 INFO tempest.lib.common.rest_client [req-b728626c-579c-4da7-96f6-0d4cb93891e2 ] Request (FloatingIPsNegativeTestJSON:setUpClass): 200 GET https://dal-iaas-001-api-endpoint.prod.walmart.com:8774/v2/7031f4e0ef724e4daeab6b09a63ebf9e/servers/b6532411-404f-4e60-aa9c-04e26c5ae129 0.526s
2016-08-11 02:27:43.537 30146 INFO tempest.lib.common.rest_client [req-01f59471-7d2e-4074-9d2b-f371fa54b9ac ] Request (FlavorsAccessNegativeTestJSON:setUpClass): 200 POST https://dal-iaas-001-api-endpoint.prod.walmart.com:35357/v2.0/users 0.977s
2016-08-11 02:27:43.540 30145 INFO tempest.common.waiters [-] State transition "BUILD/scheduling" ==> "BUILD/None" after 9 second wait
2016-08-11 02:27:43.574 30149 INFO tempest.lib.common.rest_client [req-63e6ca63-dcbc-4e68-b445-8da56679de0a ] Request (QuotaClassesAdminTestJSON:tearDownClass): 204 DELETE https://dal-iaas-001-api-endpoint.prod.walmart.com:35357/v2.0/tenants/d091e4a2dfe845b3a491d2530c1c6df3 1.039s
2016-08-11 02:27:43.693 30151 INFO tempest.lib.common.rest_client [req-3484ca88-128f-43dd-8b75-78095ecea8fc ] Request (FloatingIPDetailsTestJSON:tearDownClass): 200 GET https://dal-iaas-001-api-endpoint.prod.walmart.com:9696/v2.0/security-groups?tenant_id=56171ee7b7974121ba5729a82fd64dd6&name=default 2.411s
2016-08-11 02:27:43.775 30147 INFO tempest.lib.common.rest_client [req-d047fb4b-fa3a-4db4-95fc-2eef3ca13723 ] Request (FlavorsAdminTestJSON:test_list_non_public_flavor): 200 POST https://dal-iaas-001-api-endpoint.prod.walmart.com:8774/v2/aa20287bcb6b433e9ef3c98865073302/flavors 0.281s
2016-08-11 02:27:43.814 30150 INFO tempest.lib.common.rest_client [req-20738897-2089-445f-a488-c0b15260e194 ] Request (HypervisorAdminTestJSON:setUpClass): 409 PUT https://dal-iaas-001-api-endpoint.prod.walmart.com:35357/v2.0/tenants/fa9d9b0cf5a5456b8296e80f5672dc54/users/5151e40134204d3a99260dc7d29ff8cb/roles/OS-KSADM/9fe2ff9ee4384b1894a90878d3e92bab 1.224s
2016-08-11 02:27:43.815 30150 INFO tempest.common.dynamic_creds [-] Acquired dynamic creds:
 credentials: Credentials: {'username': u'tempest-HypervisorAdminTestJSON-184631861', 'project_name': u'tempest-HypervisorAdminTestJSON-184631861', 'user_id': u'5151e40134204d3a99260dc7d29ff8cb', 'tenant_name': u'tempest-HypervisorAdminTestJSON-184631861', 'tenant_id': u'fa9d9b0cf5a5456b8296e80f5672dc54', 'project_id': u'fa9d9b0cf5a5456b8296e80f5672dc54'}, Network: None, Subnet: None, Router: None
2016-08-11 02:27:44.033 30151 INFO tempest.lib.common.rest_client [req-48fec9ad-3237-4b39-9525-145c4866d1d0 ] Request (FloatingIPDetailsTestJSON:tearDownClass): 204 DELETE https://dal-iaas-001-api-endpoint.prod.walmart.com:9696/v2.0/security-groups/caa49f9b-7034-49f6-8b42-c995d291a0f1 0.339s
2016-08-11 02:27:44.068 30147 INFO tempest.lib.common.rest_client [req-a870ee35-1082-4dac-954e-e8617055f7c2 ] Request (FlavorsAdminTestJSON:test_list_non_public_flavor): 200 GET https://dal-iaas-001-api-endpoint.prod.walmart.com:8774/v2/aa20287bcb6b433e9ef3c98865073302/flavors/detail 0.289s
2016-08-11 02:27:44.318 30148 INFO tempest.lib.common.rest_client [req-d6860b57-5ef0-41e4-9cf6-785b4d82c306 ] Request (ServersAdminTestJSON:tearDownClass): 204 DELETE https://dal-iaas-001-api-endpoint.prod.walmart.com:35357/v2.0/tenants/920958f2fe544cdf8524e21acb174799 1.176s
2016-08-11 02:27:44.357 30150 INFO tempest.lib.common.rest_client [req-5f081028-ce9e-4185-80dd-5d8053b304bb ] Request (HypervisorAdminTestJSON:test_get_hypervisor_list): 200 POST https://dal-iaas-001-api-endpoint.prod.walmart.com:5443/v2.0/tokens
2016-08-11 02:27:44.374 30147 INFO tempest.lib.common.rest_client [req-fd681252-258d-429e-8661-b909b067e7d8 ] Request (FlavorsAdminTestJSON:test_list_non_public_flavor): 200 GET https://dal-iaas-001-api-endpoint.prod.walmart.com:8774/v2/e946df994e684821b10f959da4d7d0e4/flavors/detail 0.300s
2016-08-11 02:27:44.404 30146 INFO tempest.lib.common.rest_client [req-322abeff-1015-46ea-bf98-588df0229ee1 ] Request (FlavorsAccessNegativeTestJSON:setUpClass): 200 GET https://dal-iaas-001-api-endpoint.prod.walmart.com:35357/v2.0/OS-KSADM/roles 0.867s
2016-08-11 02:27:44.572 30152 INFO tempest.lib.common.rest_client [req-b7caf717-0ec5-4cfb-bfc6-6b3dec29418e ] Request (ImagesMetadataTestJSON:setUpClass): 201 POST https://dal-iaas-001-api-endpoint.prod.walmart.com:9292/v1/images 2.806s
2016-08-11 02:27:44.664 30149 INFO tempest.lib.common.rest_client [req-785424c9-34e8-44bd-8172-3931954c31f6 ] Request (QuotaClassesAdminTestJSON:tearDownClass): 204 DELETE https://dal-iaas-001-api-endpoint.prod.walmart.com:35357/v2.0/users/e44d8fa5fd3d4481b9ab485dc4787831 1.089s
2016-08-11 02:27:44.710 30147 INFO tempest.lib.common.rest_client [req-0652c826-2cdc-45fd-ac7a-6687d00ea88a ] Request (FlavorsAdminTestJSON:_run_cleanups): 202 DELETE https://dal-iaas-001-api-endpoint.prod.walmart.com:8774/v2/aa20287bcb6b433e9ef3c98865073302/flavors/1612956064 0.331s
2016-08-11 02:27:44.959 30151 INFO tempest.lib.common.rest_client [req-4ec80828-4fee-4bd9-ba4f-51c13ab5b047 ] Request (FloatingIPDetailsTestJSON:tearDownClass): 204 DELETE https://dal-iaas-001-api-endpoint.prod.walmart.com:35357/v2.0/tenants/56171ee7b7974121ba5729a82fd64dd6 0.925s
2016-08-11 02:27:44.972 30149 INFO tempest.lib.common.rest_client [req-a130adb1-30ec-4ff9-9d34-f028266fa046 ] Request (QuotaClassesAdminTestJSON:tearDownClass): 200 GET https://dal-iaas-001-api-endpoint.prod.walmart.com:9696/v2.0/security-groups?tenant_id=ea2597789bab4439a357737afb1bf5ef&name=default 0.307s
2016-08-11 02:27:45.002 30147 INFO tempest.lib.common.rest_client [req-d126f75f-8488-43e8-b29a-1f14c5f75173 ] Request (FlavorsAdminTestJSON:_run_cleanups): 200 GET https://dal-iaas-001-api-endpoint.prod.walmart.com:8774/v2/aa20287bcb6b433e9ef3c98865073302/flavors/detail 0.291s
2016-08-11 02:27:45.098 30145 INFO tempest.lib.common.rest_client [req-c17932d9-b757-4fd0-88f4-9bd397aa77bc ] Request (FloatingIPsNegativeTestJSON:setUpClass): 200 GET https://dal-iaas-001-api-endpoint.prod.walmart.com:8774/v2/7031f4e0ef724e4daeab6b09a63ebf9e/servers/b6532411-404f-4e60-aa9c-04e26c5ae129 0.554s
2016-08-11 02:27:45.107 30145 INFO tempest.common.waiters [-] State transition "BUILD/None" ==> "BUILD/block_device_mapping" after 11 second wait
2016-08-11 02:27:45.282 30147 INFO tempest.lib.common.rest_client [req-7943341e-1e8f-4e89-b42a-af4e0d97735f ] Request (FlavorsAdminTestJSON:test_list_public_flavor_with_other_user): 200 POST https://dal-iaas-001-api-endpoint.prod.walmart.com:8774/v2/aa20287bcb6b433e9ef3c98865073302/flavors 0.273s
2016-08-11 02:27:45.324 30149 INFO tempest.lib.common.rest_client [req-a385eb38-501b-4a15-8d58-4f808af0779a ] Request (QuotaClassesAdminTestJSON:tearDownClass): 204 DELETE https://dal-iaas-001-api-endpoint.prod.walmart.com:9696/v2.0/security-groups/092177d5-97c7-4997-b94b-7da968bceba6 0.351s
2016-08-11 02:27:45.327 30148 INFO tempest.lib.common.rest_client [req-f9b43abe-b93e-44fd-a068-fcdc3ca23a2c ] Request (ServersAdminTestJSON:tearDownClass): 204 DELETE https://dal-iaas-001-api-endpoint.prod.walmart.com:35357/v2.0/users/b8c809d0604f4d4989f78babb1971787 1.008s
2016-08-11 02:27:45.566 30152 INFO tempest.lib.common.rest_client [req-fa745e84-0884-4538-9d2e-c9f02937dd41 ] Request (ImagesMetadataTestJSON:setUpClass): 200 PUT https://dal-iaas-001-api-endpoint.prod.walmart.com:9292/v1/images/46460477-d65b-4ac0-b13b-ebe3c3c55169 0.992s
2016-08-11 02:27:45.577 30147 INFO tempest.lib.common.rest_client [req-13b877b3-36ca-4803-84cc-b98169817c0e ] Request (FlavorsAdminTestJSON:test_list_public_flavor_with_other_user): 200 GET https://dal-iaas-001-api-endpoint.prod.walmart.com:8774/v2/e946df994e684821b10f959da4d7d0e4/flavors/detail 0.291s
2016-08-11 02:27:45.611 30151 INFO tempest.lib.common.rest_client [req-190d79a0-96a9-4d62-ae7f-54bebc78ac27 ] Request (ImagesOneServerTestJSON:setUpClass): 200 POST https://dal-iaas-001-api-endpoint.prod.walmart.com:5443/v2.0/tokens
2016-08-11 02:27:45.624 30148 INFO tempest.lib.common.rest_client [req-7ef26aea-1ba9-4f18-9575-342c87528ecd ] Request (ServersAdminTestJSON:tearDownClass): 200 GET https://dal-iaas-001-api-endpoint.prod.walmart.com:9696/v2.0/security-groups?tenant_id=b1de03ffdf6941d5918e24ac8a0b6e74&name=default 0.296s
2016-08-11 02:27:45.742 30146 INFO tempest.lib.common.rest_client [req-05eba5b0-c3dd-4514-8bab-ec9836f63959 ] Request (FlavorsAccessNegativeTestJSON:setUpClass): 200 PUT https://dal-iaas-001-api-endpoint.prod.walmart.com:35357/v2.0/tenants/a64382b7b886489e91130b090d0224e4/users/c9f793250f444280a1a12629d9718ddf/roles/OS-KSADM/b5b0387bbe864c43a2999e531988bb8f 1.338s
2016-08-11 02:27:45.889 30147 INFO tempest.lib.common.rest_client [req-a6747cf8-509d-4061-b922-69640caa6fe4 ] Request (FlavorsAdminTestJSON:_run_cleanups): 202 DELETE https://dal-iaas-001-api-endpoint.prod.walmart.com:8774/v2/aa20287bcb6b433e9ef3c98865073302/flavors/1315758077 0.305s
2016-08-11 02:27:45.918 30148 INFO tempest.lib.common.rest_client [req-a3398648-a349-4e47-824e-db9bc0cd3084 ] Request (ServersAdminTestJSON:tearDownClass): 409 DELETE https://dal-iaas-001-api-endpoint.prod.walmart.com:9696/v2.0/security-groups/2536caa0-29aa-4830-b6c6-c439d8becb56 0.293s
2016-08-11 02:27:45.918 30148 ERROR tempest.test [-] teardown of credentials failed: An object with that identifier already exists
Details: {u'message': u'Security Group 2536caa0-29aa-4830-b6c6-c439d8becb56 in use.', u'type': u'SecurityGroupInUse', u'detail': u''}
2016-08-11 02:27:45.918 30148 ERROR tempest.test Traceback (most recent call last):
2016-08-11 02:27:45.918 30148 ERROR tempest.test   File "/Users/vktiwar/openstack/git-clone/daliaas1/tempest/test.py", line 294, in tearDownClass
2016-08-11 02:27:45.918 30148 ERROR tempest.test     teardown()
2016-08-11 02:27:45.918 30148 ERROR tempest.test   File "/Users/vktiwar/openstack/git-clone/daliaas1/tempest/test.py", line 546, in clear_credentials
2016-08-11 02:27:45.918 30148 ERROR tempest.test     cls._creds_provider.clear_creds()
2016-08-11 02:27:45.918 30148 ERROR tempest.test   File "/Users/vktiwar/openstack/git-clone/daliaas1/tempest/common/dynamic_creds.py", line 406, in clear_creds
2016-08-11 02:27:45.918 30148 ERROR tempest.test     self._cleanup_default_secgroup(creds.tenant_id)
2016-08-11 02:27:45.918 30148 ERROR tempest.test   File "/Users/vktiwar/openstack/git-clone/daliaas1/tempest/common/dynamic_creds.py", line 358, in _cleanup_default_secgroup
2016-08-11 02:27:45.918 30148 ERROR tempest.test     nsg_client.delete_security_group(secgroup['id'])
2016-08-11 02:27:45.918 30148 ERROR tempest.test   File "/Users/vktiwar/openstack/git-clone/daliaas1/tempest/lib/services/network/security_groups_client.py", line 54, in delete_security_group
2016-08-11 02:27:45.918 30148 ERROR tempest.test     return self.delete_resource(uri)
2016-08-11 02:27:45.918 30148 ERROR tempest.test   File "/Users/vktiwar/openstack/git-clone/daliaas1/tempest/lib/services/network/base.py", line 41, in delete_resource
2016-08-11 02:27:45.918 30148 ERROR tempest.test     resp, body = self.delete(req_uri)
2016-08-11 02:27:45.918 30148 ERROR tempest.test   File "/Users/vktiwar/openstack/git-clone/daliaas1/tempest/lib/common/rest_client.py", line 304, in delete
2016-08-11 02:27:45.918 30148 ERROR tempest.test     return self.request('DELETE', url, extra_headers, headers, body)
2016-08-11 02:27:45.918 30148 ERROR tempest.test   File "/Users/vktiwar/openstack/git-clone/daliaas1/tempest/lib/common/rest_client.py", line 667, in request
2016-08-11 02:27:45.918 30148 ERROR tempest.test     resp, resp_body)
2016-08-11 02:27:45.918 30148 ERROR tempest.test   File "/Users/vktiwar/openstack/git-clone/daliaas1/tempest/lib/common/rest_client.py", line 780, in _error_checker
2016-08-11 02:27:45.918 30148 ERROR tempest.test     raise exceptions.Conflict(resp_body, resp=resp)
2016-08-11 02:27:45.918 30148 ERROR tempest.test Conflict: An object with that identifier already exists
2016-08-11 02:27:45.918 30148 ERROR tempest.test Details: {u'message': u'Security Group 2536caa0-29aa-4830-b6c6-c439d8becb56 in use.', u'type': u'SecurityGroupInUse', u'detail': u''}
2016-08-11 02:27:45.918 30148 ERROR tempest.test 
2016-08-11 02:27:45.955 30152 INFO tempest.lib.common.rest_client [req-6e44fc30-c69a-4801-b95d-a66e3b4759c8 ] Request (ImagesMetadataTestJSON:setUpClass): 200 GET https://dal-iaas-001-api-endpoint.prod.walmart.com:8774/v2/63836101bff84a47ae74c5dbc83dbfcf/images/46460477-d65b-4ac0-b13b-ebe3c3c55169 0.389s
2016-08-11 02:27:46.163 30151 INFO tempest.lib.common.rest_client [req-c2a0ba5c-427b-40b3-97d2-f8bb65f055dc ] Request (ImagesOneServerTestJSON:setUpClass): 200 POST https://dal-iaas-001-api-endpoint.prod.walmart.com:5443/v2.0/tokens
2016-08-11 02:27:46.180 30147 INFO tempest.lib.common.rest_client [req-5a624b89-0ea2-4299-9084-eb980442e71b ] Request (FlavorsAdminTestJSON:_run_cleanups): 200 GET https://dal-iaas-001-api-endpoint.prod.walmart.com:8774/v2/aa20287bcb6b433e9ef3c98865073302/flavors/detail 0.290s
2016-08-11 02:27:46.316 30149 INFO tempest.lib.common.rest_client [req-83ae99fa-c466-4b06-96f8-08ba83da2960 ] Request (QuotaClassesAdminTestJSON:tearDownClass): 204 DELETE https://dal-iaas-001-api-endpoint.prod.walmart.com:35357/v2.0/tenants/ea2597789bab4439a357737afb1bf5ef 0.991s
2016-08-11 02:27:46.505 30148 INFO tempest.lib.common.rest_client [req-005d4983-166e-47bf-bf03-bdaa71399bd9 ] Request (FlavorDetailsNegativeTestJSON:setUpClass): 200 POST https://dal-iaas-001-api-endpoint.prod.walmart.com:5443/v2.0/tokens
2016-08-11 02:27:46.595 30145 INFO tempest.lib.common.rest_client [req-93709da6-296e-4c31-8754-158bc9d0ecb8 ] Request (FloatingIPsNegativeTestJSON:setUpClass): 200 GET https://dal-iaas-001-api-endpoint.prod.walmart.com:8774/v2/7031f4e0ef724e4daeab6b09a63ebf9e/servers/b6532411-404f-4e60-aa9c-04e26c5ae129 0.483s
2016-08-11 02:27:46.603 30145 INFO tempest.common.waiters [-] State transition "BUILD/block_device_mapping" ==> "BUILD/scheduling" after 12 second wait
2016-08-11 02:27:46.720 30146 INFO tempest.lib.common.rest_client [req-44610025-880c-4ba7-98b3-bc37c1313abc ] Request (FlavorsAccessNegativeTestJSON:setUpClass): 200 GET https://dal-iaas-001-api-endpoint.prod.walmart.com:35357/v2.0/OS-KSADM/roles 0.977s
2016-08-11 02:27:46.742 30152 INFO tempest.lib.common.rest_client [req-380b9457-b875-4ff1-a5fc-cfa4f7e7a465 ] Request (ImagesMetadataTestJSON:setUp): 200 PUT https://dal-iaas-001-api-endpoint.prod.walmart.com:8774/v2/63836101bff84a47ae74c5dbc83dbfcf/images/46460477-d65b-4ac0-b13b-ebe3c3c55169/metadata 0.780s
2016-08-11 02:27:46.888 30149 INFO tempest.lib.common.rest_client [req-9784a2ce-d18a-4bd0-bed9-f003c8365258 ] Request (SecurityGroupsTestAdminJSON:setUpClass): 200 POST https://dal-iaas-001-api-endpoint.prod.walmart.com:5443/v2.0/tokens
2016-08-11 02:27:47.123 30148 INFO tempest.lib.common.rest_client [req-14355112-5185-46e1-a11b-d3154d6e3aff ] Request (FlavorDetailsNegativeTestJSON:setUpClass): 200 POST https://dal-iaas-001-api-endpoint.prod.walmart.com:5443/v2.0/tokens
2016-08-11 02:27:47.252 30151 INFO tempest.lib.common.rest_client [req-0223833a-3339-4e05-a079-d60cf229c532 ] Request (ImagesOneServerTestJSON:setUpClass): 200 POST https://dal-iaas-001-api-endpoint.prod.walmart.com:35357/v2.0/tenants 1.088s
2016-08-11 02:27:47.315 30147 INFO tempest.lib.common.rest_client [req-f0c981a3-ef08-4000-bdfe-deb4eb44ffed ] Request (FlavorsAdminTestJSON:tearDownClass): 204 DELETE https://dal-iaas-001-api-endpoint.prod.walmart.com:35357/v2.0/users/a1d06770afac4d5089cdfd1267777d72 1.128s
2016-08-11 02:27:47.373 30150 INFO tempest.lib.common.rest_client [req-2f1e19a2-a255-4eb1-862e-7ad9358443ba ] Request (HypervisorAdminTestJSON:test_get_hypervisor_list): 200 GET https://dal-iaas-001-api-endpoint.prod.walmart.com:8774/v2/fa9d9b0cf5a5456b8296e80f5672dc54/os-hypervisors 3.015s
2016-08-11 02:27:47.473 30149 INFO tempest.lib.common.rest_client [req-423efe30-999d-437b-ae5d-53b16c81bd13 ] Request (SecurityGroupsTestAdminJSON:setUpClass): 200 POST https://dal-iaas-001-api-endpoint.prod.walmart.com:5443/v2.0/tokens
