2016-08-18 21:21:01.727 7073 INFO tempest.lib.common.rest_client [req-8c5fedf5-9437-4c9d-9fa4-4251955b874a ] Request (ServicesAdminTestJSON:tearDownClass): 204 DELETE https://dal-iaas-001-api-endpoint.prod.walmart.com:35357/v2.0/tenants/522ca77781264ee08998ca33281cfb8b 0.497s
2016-08-18 21:21:01.833 7072 INFO tempest.lib.common.rest_client [req-d18d5545-9c07-49d9-b736-bca7cd297c0b ] Request (FlavorsAdminTestJSON:tearDownClass): 204 DELETE https://dal-iaas-001-api-endpoint.prod.walmart.com:35357/v2.0/users/cc15a950f93f4982bdd74f06f5c69f39 0.535s
2016-08-18 21:21:01.939 7076 INFO tempest.lib.common.rest_client [req-e07c205e-218a-4a6c-8db4-06547dac8110 ] Request (SecurityGroupsTestAdminJSON:test_list_security_groups_list_all_tenants_filter): 200 POST https://dal-iaas-001-api-endpoint.prod.walmart.com:8774/v2/6758bbe987c94f2f897ca6cbeacf77b6/os-security-groups 0.877s
2016-08-18 21:21:01.970 7077 INFO tempest.lib.common.rest_client [req-01b88e49-b412-4da2-890b-efbc24a13e8f ] Request (ImagesTestJSON:setUpClass): 200 POST https://dal-iaas-001-api-endpoint.prod.walmart.com:35357/v2.0/tenants 0.454s
2016-08-18 21:21:02.039 7075 INFO tempest.lib.common.rest_client [req-3b5e3264-b4a4-4e56-bfe9-723f2017c895 ] Request (HostsAdminNegativeTestJSON:test_update_host_with_invalid_status): 400 PUT https://dal-iaas-001-api-endpoint.prod.walmart.com:8774/v2/7360bef33db84168b569528b46173ee7/os-hosts/dal-appblx061-01_nova_scheduler_container-e75090e6 0.381s
2016-08-18 21:21:02.253 7072 INFO tempest.lib.common.rest_client [req-8996e7c2-d3c9-4354-b742-4da7367ca1fb ] Request (FlavorsAdminTestJSON:tearDownClass): 200 GET https://dal-iaas-001-api-endpoint.prod.walmart.com:9696/v2.0/security-groups?tenant_id=453c5ed1b8ee4fe2b9ee450db4fafca2&name=default 0.418s
2016-08-18 21:21:02.286 7074 INFO tempest.lib.common.rest_client [req-329738e2-eddc-4686-98bd-48ba181bbd00 ] Request (NetworksTest:tearDownClass): 204 DELETE https://dal-iaas-001-api-endpoint.prod.walmart.com:35357/v2.0/tenants/f6b504d3350e4e198a58149dcc9fad9c 0.589s
2016-08-18 21:21:02.435 7076 INFO tempest.lib.common.rest_client [req-47ed400f-4322-48bf-baf1-0e4f67a7b642 ] Request (SecurityGroupsTestAdminJSON:test_list_security_groups_list_all_tenants_filter): 200 POST https://dal-iaas-001-api-endpoint.prod.walmart.com:8774/v2/6758bbe987c94f2f897ca6cbeacf77b6/os-security-groups 0.484s
2016-08-18 21:21:02.436 7073 INFO tempest.lib.common.rest_client [req-494602a9-9c8c-4a75-bbf7-8d44471ae9b3 ] Request (TenantUsagesTestJSON:setUpClass): 200 POST https://dal-iaas-001-api-endpoint.prod.walmart.com:5443/v2.0/tokens
2016-08-18 21:21:02.467 7075 INFO tempest.lib.common.rest_client [req-fe5a02c1-a4bd-4bb3-a928-4a562acdd9cb ] Request (HostsAdminNegativeTestJSON:test_update_host_with_non_admin_user): 200 GET https://dal-iaas-001-api-endpoint.prod.walmart.com:8774/v2/7360bef33db84168b569528b46173ee7/os-hosts 0.422s
2016-08-18 21:21:02.535 7077 INFO tempest.lib.common.rest_client [req-c87c520c-e141-4ad0-a272-a4f0125df803 ] Request (ImagesTestJSON:setUpClass): 200 POST https://dal-iaas-001-api-endpoint.prod.walmart.com:35357/v2.0/users 0.563s
2016-08-18 21:21:02.604 7072 INFO tempest.lib.common.rest_client [req-2971182f-8d68-43b7-b378-03837cedeef4 ] Request (FlavorsAdminTestJSON:tearDownClass): 409 DELETE https://dal-iaas-001-api-endpoint.prod.walmart.com:9696/v2.0/security-groups/8ca6df79-5596-4580-ae07-9a9494332228 0.349s
2016-08-18 21:21:02.605 7072 ERROR tempest.test [-] teardown of credentials failed: An object with that identifier already exists
Details: {u'message': u'Security Group 8ca6df79-5596-4580-ae07-9a9494332228 in use.', u'type': u'SecurityGroupInUse', u'detail': u''}
2016-08-18 21:21:02.605 7072 ERROR tempest.test Traceback (most recent call last):
2016-08-18 21:21:02.605 7072 ERROR tempest.test   File "/Users/vktiwar/openstack/git-clone/daliaas1/tempest/test.py", line 294, in tearDownClass
2016-08-18 21:21:02.605 7072 ERROR tempest.test     teardown()
2016-08-18 21:21:02.605 7072 ERROR tempest.test   File "/Users/vktiwar/openstack/git-clone/daliaas1/tempest/test.py", line 546, in clear_credentials
2016-08-18 21:21:02.605 7072 ERROR tempest.test     cls._creds_provider.clear_creds()
2016-08-18 21:21:02.605 7072 ERROR tempest.test   File "/Users/vktiwar/openstack/git-clone/daliaas1/tempest/common/dynamic_creds.py", line 406, in clear_creds
2016-08-18 21:21:02.605 7072 ERROR tempest.test     self._cleanup_default_secgroup(creds.tenant_id)
2016-08-18 21:21:02.605 7072 ERROR tempest.test   File "/Users/vktiwar/openstack/git-clone/daliaas1/tempest/common/dynamic_creds.py", line 358, in _cleanup_default_secgroup
2016-08-18 21:21:02.605 7072 ERROR tempest.test     nsg_client.delete_security_group(secgroup['id'])
2016-08-18 21:21:02.605 7072 ERROR tempest.test   File "/Users/vktiwar/openstack/git-clone/daliaas1/tempest/lib/services/network/security_groups_client.py", line 54, in delete_security_group
2016-08-18 21:21:02.605 7072 ERROR tempest.test     return self.delete_resource(uri)
2016-08-18 21:21:02.605 7072 ERROR tempest.test   File "/Users/vktiwar/openstack/git-clone/daliaas1/tempest/lib/services/network/base.py", line 41, in delete_resource
2016-08-18 21:21:02.605 7072 ERROR tempest.test     resp, body = self.delete(req_uri)
2016-08-18 21:21:02.605 7072 ERROR tempest.test   File "/Users/vktiwar/openstack/git-clone/daliaas1/tempest/lib/common/rest_client.py", line 304, in delete
2016-08-18 21:21:02.605 7072 ERROR tempest.test     return self.request('DELETE', url, extra_headers, headers, body)
2016-08-18 21:21:02.605 7072 ERROR tempest.test   File "/Users/vktiwar/openstack/git-clone/daliaas1/tempest/lib/common/rest_client.py", line 667, in request
2016-08-18 21:21:02.605 7072 ERROR tempest.test     resp, resp_body)
2016-08-18 21:21:02.605 7072 ERROR tempest.test   File "/Users/vktiwar/openstack/git-clone/daliaas1/tempest/lib/common/rest_client.py", line 780, in _error_checker
2016-08-18 21:21:02.605 7072 ERROR tempest.test     raise exceptions.Conflict(resp_body, resp=resp)
2016-08-18 21:21:02.605 7072 ERROR tempest.test Conflict: An object with that identifier already exists
2016-08-18 21:21:02.605 7072 ERROR tempest.test Details: {u'message': u'Security Group 8ca6df79-5596-4580-ae07-9a9494332228 in use.', u'type': u'SecurityGroupInUse', u'detail': u''}
2016-08-18 21:21:02.605 7072 ERROR tempest.test 
2016-08-18 21:21:02.920 7075 INFO tempest.lib.common.rest_client [req-a0ba3453-41da-4577-8468-b50a7dfbde16 ] Request (HostsAdminNegativeTestJSON:test_update_host_with_non_admin_user): 404 PUT https://dal-iaas-001-api-endpoint.prod.walmart.com:8774/v2/89556fa4f3ab4ed1b66ae8c97e71d9d6/os-hosts/dal-appblx061-01_nova_scheduler_container-e75090e6 0.439s
2016-08-18 21:21:02.992 7074 INFO tempest.lib.common.rest_client [req-20a0e9f3-58e0-46f7-adfe-b8139059e567 ] Request (ImagesMetadataTestJSON:setUpClass): 200 POST https://dal-iaas-001-api-endpoint.prod.walmart.com:5443/v2.0/tokens
2016-08-18 21:21:03.062 7077 INFO tempest.lib.common.rest_client [req-a2ded3df-00ff-42a0-8bc6-f9d6473370d2 ] Request (ImagesTestJSON:setUpClass): 200 GET https://dal-iaas-001-api-endpoint.prod.walmart.com:35357/v2.0/OS-KSADM/roles 0.525s
2016-08-18 21:21:03.093 7076 INFO tempest.lib.common.rest_client [req-d4d76125-4c92-4644-96e4-ea4e004b718d ] Request (SecurityGroupsTestAdminJSON:test_list_security_groups_list_all_tenants_filter): 200 POST https://dal-iaas-001-api-endpoint.prod.walmart.com:5443/v2.0/tokens
2016-08-18 21:21:03.104 7073 INFO tempest.lib.common.rest_client [req-ee7bb547-a29e-4251-8ebd-4414f8af16be ] Request (TenantUsagesTestJSON:setUpClass): 200 POST https://dal-iaas-001-api-endpoint.prod.walmart.com:5443/v2.0/tokens
2016-08-18 21:21:03.297 7072 INFO tempest.lib.common.rest_client [req-4e9a020b-2a4b-45ba-b9d8-f5a726de4843 ] Request (FloatingIPsBulkAdminTestJSON:setUpClass): 200 POST https://dal-iaas-001-api-endpoint.prod.walmart.com:5443/v2.0/tokens
2016-08-18 21:21:03.352 7075 INFO tempest.lib.common.rest_client [req-6c1f8b79-e9ef-4c06-923f-d03c1d6ea22f ] Request (HostsAdminNegativeTestJSON:test_update_host_without_param): 200 GET https://dal-iaas-001-api-endpoint.prod.walmart.com:8774/v2/7360bef33db84168b569528b46173ee7/os-hosts 0.422s
2016-08-18 21:21:03.600 7073 INFO tempest.lib.common.rest_client [req-2313ad2b-3da7-4d10-96b0-985f4e89c5a1 ] Request (TenantUsagesTestJSON:setUpClass): 200 POST https://dal-iaas-001-api-endpoint.prod.walmart.com:35357/v2.0/tenants 0.494s
2016-08-18 21:21:03.623 7077 INFO tempest.lib.common.rest_client [req-44064037-4ebd-408b-9637-2a7c1e13ecb3 ] Request (ImagesTestJSON:setUpClass): 200 PUT https://dal-iaas-001-api-endpoint.prod.walmart.com:35357/v2.0/tenants/56eaa3633e0f407aba8c604151296283/users/62405117f3b54a888dddb9e8a5f771ea/roles/OS-KSADM/b5b0387bbe864c43a2999e531988bb8f 0.558s
2016-08-18 21:21:03.624 7077 INFO tempest.common.dynamic_creds [-] Acquired dynamic creds:
 credentials: Credentials: {'username': u'tempest-ImagesTestJSON-463048557', 'project_name': u'tempest-ImagesTestJSON-463048557', 'user_id': u'62405117f3b54a888dddb9e8a5f771ea', 'tenant_name': u'tempest-ImagesTestJSON-463048557', 'tenant_id': u'56eaa3633e0f407aba8c604151296283', 'project_id': u'56eaa3633e0f407aba8c604151296283'}, Network: None, Subnet: None, Router: None
2016-08-18 21:21:03.680 7074 INFO tempest.lib.common.rest_client [req-81ea730b-5bff-4cc3-8e8b-0872493fb849 ] Request (ImagesMetadataTestJSON:setUpClass): 200 POST https://dal-iaas-001-api-endpoint.prod.walmart.com:5443/v2.0/tokens
2016-08-18 21:21:03.716 7075 INFO tempest.lib.common.rest_client [req-0b78a460-43a5-4825-8b4d-4ce761580f10 ] Request (HostsAdminNegativeTestJSON:test_update_host_without_param): 400 PUT https://dal-iaas-001-api-endpoint.prod.walmart.com:8774/v2/7360bef33db84168b569528b46173ee7/os-hosts/dal-appblx061-01_nova_scheduler_container-e75090e6 0.349s
2016-08-18 21:21:04.009 7072 INFO tempest.lib.common.rest_client [req-e8206113-50f3-43f7-9c78-d78df84d723a ] Request (FloatingIPsBulkAdminTestJSON:setUpClass): 200 POST https://dal-iaas-001-api-endpoint.prod.walmart.com:5443/v2.0/tokens
2016-08-18 21:21:04.063 7076 INFO tempest.lib.common.rest_client [req-41950765-d21d-4b3a-9d96-21a486fdcb90 ] Request (SecurityGroupsTestAdminJSON:test_list_security_groups_list_all_tenants_filter): 200 POST https://dal-iaas-001-api-endpoint.prod.walmart.com:8774/v2/c6f3b77864b34b4eac3fadbd020d44f7/os-security-groups 0.968s
2016-08-18 21:21:04.113 7075 INFO tempest.lib.common.rest_client [req-3c967b05-2134-4755-863f-0bdc0b68b709 ] Request (HostsAdminNegativeTestJSON:test_update_nonexistent_host): 404 PUT https://dal-iaas-001-api-endpoint.prod.walmart.com:8774/v2/7360bef33db84168b569528b46173ee7/os-hosts/tempest-rand_hostname-1898546577 0.392s
2016-08-18 21:21:04.153 7073 INFO tempest.lib.common.rest_client [req-f8646559-c4fe-4339-a61d-1dcc3f3156f9 ] Request (TenantUsagesTestJSON:setUpClass): 200 POST https://dal-iaas-001-api-endpoint.prod.walmart.com:35357/v2.0/users 0.551s
2016-08-18 21:21:04.215 7074 INFO tempest.lib.common.rest_client [req-1d0ee883-17eb-4754-96c4-7a298c56c7be ] Request (ImagesMetadataTestJSON:setUpClass): 200 POST https://dal-iaas-001-api-endpoint.prod.walmart.com:35357/v2.0/tenants 0.532s
2016-08-18 21:21:04.303 7077 INFO tempest.lib.common.rest_client [req-cb6b9af6-e491-4342-992d-1b2244cdeffa ] Request (ImagesTestJSON:test_create_image_from_stopped_server): 200 POST https://dal-iaas-001-api-endpoint.prod.walmart.com:5443/v2.0/tokens
2016-08-18 21:21:04.522 7076 INFO tempest.lib.common.rest_client [req-f951cb90-2d88-4eeb-8e63-217b1f41dca9 ] Request (SecurityGroupsTestAdminJSON:test_list_security_groups_list_all_tenants_filter): 200 POST https://dal-iaas-001-api-endpoint.prod.walmart.com:8774/v2/c6f3b77864b34b4eac3fadbd020d44f7/os-security-groups 0.449s
2016-08-18 21:21:04.539 7072 INFO tempest.lib.common.rest_client [req-7e39da63-ccfa-4530-9ef4-72bc576ceb4b ] Request (FloatingIPsBulkAdminTestJSON:setUpClass): 200 POST https://dal-iaas-001-api-endpoint.prod.walmart.com:35357/v2.0/tenants 0.527s
2016-08-18 21:21:04.637 7073 INFO tempest.lib.common.rest_client [req-d8c54057-e279-4319-a038-997a73c0c0de ] Request (TenantUsagesTestJSON:setUpClass): 200 GET https://dal-iaas-001-api-endpoint.prod.walmart.com:35357/v2.0/OS-KSADM/roles 0.482s
2016-08-18 21:21:04.732 7075 INFO tempest.lib.common.rest_client [req-cf2ce0df-366d-4717-81f9-4c1af38a0bd3 ] Request (HostsAdminNegativeTestJSON:tearDownClass): 204 DELETE https://dal-iaas-001-api-endpoint.prod.walmart.com:35357/v2.0/users/ace3ce53772f470c8fa423dd9dca738b 0.614s
2016-08-18 21:21:04.748 7074 INFO tempest.lib.common.rest_client [req-a263ade0-766c-482d-afa9-5b01eb7b24ff ] Request (ImagesMetadataTestJSON:setUpClass): 200 POST https://dal-iaas-001-api-endpoint.prod.walmart.com:35357/v2.0/users 0.531s
2016-08-18 21:21:05.093 7072 INFO tempest.lib.common.rest_client [req-e4090adc-7ed1-4f08-b6cd-8a3a0e8cab41 ] Request (FloatingIPsBulkAdminTestJSON:setUpClass): 200 POST https://dal-iaas-001-api-endpoint.prod.walmart.com:35357/v2.0/users 0.552s
2016-08-18 21:21:05.189 7073 INFO tempest.lib.common.rest_client [req-ed7a98ac-8519-466b-9e8c-597adcdffe61 ] Request (TenantUsagesTestJSON:setUpClass): 200 PUT https://dal-iaas-001-api-endpoint.prod.walmart.com:35357/v2.0/tenants/f53630d921924a9c903d223f952cf9a9/users/faab34ed74274a74870717c64fa38ddb/roles/OS-KSADM/b5b0387bbe864c43a2999e531988bb8f 0.550s
2016-08-18 21:21:05.190 7073 INFO tempest.common.dynamic_creds [-] Acquired dynamic creds:
 credentials: Credentials: {'username': u'tempest-TenantUsagesTestJSON-948077748', 'project_name': u'tempest-TenantUsagesTestJSON-948077748', 'user_id': u'faab34ed74274a74870717c64fa38ddb', 'tenant_name': u'tempest-TenantUsagesTestJSON-948077748', 'tenant_id': u'f53630d921924a9c903d223f952cf9a9', 'project_id': u'f53630d921924a9c903d223f952cf9a9'}, Network: None, Subnet: None, Router: None
2016-08-18 21:21:05.359 7077 INFO tempest.lib.common.rest_client [req-70814815-e116-4f77-a3b4-ce11f072fe90 ] Request (ImagesTestJSON:test_create_image_from_stopped_server): 200 GET https://dal-iaas-001-api-endpoint.prod.walmart.com:8774/v2/56eaa3633e0f407aba8c604151296283/os-networks 1.054s
2016-08-18 21:21:05.361 7077 INFO tempest.common.fixed_network [-] (ImagesTestJSON:test_create_image_from_stopped_server) Found network {u'bridge': None, u'vpn_public_port': None, u'dhcp_start': None, u'bridge_interface': None, u'share_address': None, u'updated_at': None, u'id': u'1db35de8-93c8-455c-a1c1-720801bd971a', u'cidr_v6': None, u'deleted_at': None, u'gateway': None, u'rxtx_base': None, u'label': u'net1', u'priority': None, u'project_id': None, u'vpn_private_address': None, u'deleted': None, u'vlan': None, u'broadcast': None, u'netmask': None, u'injected': None, u'cidr': None, u'vpn_public_address': None, u'multi_host': None, 'name': u'net1', u'enable_dhcp': None, u'dns2': None, u'created_at': None, u'host': None, u'mtu': None, u'gateway_v6': None, u'netmask_v6': None, u'dhcp_server': None, u'dns1': None} available for tenant
2016-08-18 21:21:05.390 7074 INFO tempest.lib.common.rest_client [req-d7f81d03-d39e-474a-a0e7-ae4e684c99ef ] Request (ImagesMetadataTestJSON:setUpClass): 200 GET https://dal-iaas-001-api-endpoint.prod.walmart.com:35357/v2.0/OS-KSADM/roles 0.483s
2016-08-18 21:21:05.540 7072 INFO tempest.lib.common.rest_client [req-b74108fa-70a8-4336-95ae-61423c9a2cef ] Request (FloatingIPsBulkAdminTestJSON:setUpClass): 200 GET https://dal-iaas-001-api-endpoint.prod.walmart.com:35357/v2.0/OS-KSADM/roles 0.445s
2016-08-18 21:21:05.680 7073 INFO tempest.lib.common.rest_client [req-b794d195-c681-47fc-a6e3-35ff8be23021 ] Request (TenantUsagesTestJSON:setUpClass): 200 POST https://dal-iaas-001-api-endpoint.prod.walmart.com:35357/v2.0/tenants 0.474s
2016-08-18 21:21:05.804 7075 INFO tempest.lib.common.rest_client [req-e6a2bf3c-90f0-48d9-b989-6d97f946427e ] Request (HostsAdminNegativeTestJSON:tearDownClass): 200 GET https://dal-iaas-001-api-endpoint.prod.walmart.com:9696/v2.0/security-groups?tenant_id=7360bef33db84168b569528b46173ee7&name=default 0.898s
2016-08-18 21:21:05.911 7077 INFO tempest.lib.common.rest_client [req-3d75a6d4-c1ef-48ae-862a-bf78574bcd6e ] Request (ImagesTestJSON:test_create_image_from_stopped_server): 200 POST https://dal-iaas-001-api-endpoint.prod.walmart.com:5443/v2.0/tokens
2016-08-18 21:21:05.994 7074 INFO tempest.lib.common.rest_client [req-88f679fa-b30a-48df-9ef8-3dba1250dd66 ] Request (ImagesMetadataTestJSON:setUpClass): 200 PUT https://dal-iaas-001-api-endpoint.prod.walmart.com:35357/v2.0/tenants/16ef3dd94a3549fa99736bb6d019f23b/users/ef49abfdb0284dc6b671e4744a4b8d44/roles/OS-KSADM/b5b0387bbe864c43a2999e531988bb8f 0.468s
2016-08-18 21:21:05.995 7074 INFO tempest.common.dynamic_creds [-] Acquired dynamic creds:
 credentials: Credentials: {'username': u'tempest-ImagesMetadataTestJSON-2144775384', 'project_name': u'tempest-ImagesMetadataTestJSON-2144775384', 'user_id': u'ef49abfdb0284dc6b671e4744a4b8d44', 'tenant_name': u'tempest-ImagesMetadataTestJSON-2144775384', 'tenant_id': u'16ef3dd94a3549fa99736bb6d019f23b', 'project_id': u'16ef3dd94a3549fa99736bb6d019f23b'}, Network: None, Subnet: None, Router: None
2016-08-18 21:21:06.039 7072 INFO tempest.lib.common.rest_client [req-95722206-354a-479d-91ff-55ba557023fc ] Request (FloatingIPsBulkAdminTestJSON:setUpClass): 200 PUT https://dal-iaas-001-api-endpoint.prod.walmart.com:35357/v2.0/tenants/40a1c950291d444aa7705b89e00b0e94/users/d10c88cb2f604055874ad73c3bba5e3e/roles/OS-KSADM/b5b0387bbe864c43a2999e531988bb8f 0.497s
2016-08-18 21:21:06.040 7072 INFO tempest.common.dynamic_creds [-] Acquired dynamic creds:
 credentials: Credentials: {'username': u'tempest-FloatingIPsBulkAdminTestJSON-1730031723', 'project_name': u'tempest-FloatingIPsBulkAdminTestJSON-1730031723', 'user_id': u'd10c88cb2f604055874ad73c3bba5e3e', 'tenant_name': u'tempest-FloatingIPsBulkAdminTestJSON-1730031723', 'tenant_id': u'40a1c950291d444aa7705b89e00b0e94', 'project_id': u'40a1c950291d444aa7705b89e00b0e94'}, Network: None, Subnet: None, Router: None
2016-08-18 21:21:06.189 7075 INFO tempest.lib.common.rest_client [req-18b357e3-15c4-4d55-ae37-bdd8a1531420 ] Request (HostsAdminNegativeTestJSON:tearDownClass): 204 DELETE https://dal-iaas-001-api-endpoint.prod.walmart.com:9696/v2.0/security-groups/e3fbc080-84f0-4148-b78d-c915b460e60f 0.382s
2016-08-18 21:21:06.189 7073 INFO tempest.lib.common.rest_client [req-13a94af9-d361-4258-8451-5182507a394b ] Request (TenantUsagesTestJSON:setUpClass): 200 POST https://dal-iaas-001-api-endpoint.prod.walmart.com:35357/v2.0/users 0.506s
2016-08-18 21:21:06.500 7074 INFO tempest.lib.common.rest_client [req-3baa9a91-2288-4996-8a09-34d8ee6bc742 ] Request (ImagesMetadataTestJSON:setUpClass): 200 POST https://dal-iaas-001-api-endpoint.prod.walmart.com:5443/v2.0/tokens
2016-08-18 21:21:06.503 7072 INFO tempest.lib.common.rest_client [req-a06065b4-38dd-4ba2-bf47-afffbab240dd ] Request (FloatingIPsBulkAdminTestJSON:setUpClass): 200 POST https://dal-iaas-001-api-endpoint.prod.walmart.com:35357/v2.0/tenants 0.446s
2016-08-18 21:21:06.622 7073 INFO tempest.lib.common.rest_client [req-b8243ac1-1674-4a01-9126-876b4f952df3 ] Request (TenantUsagesTestJSON:setUpClass): 200 GET https://dal-iaas-001-api-endpoint.prod.walmart.com:35357/v2.0/OS-KSADM/roles 0.431s
2016-08-18 21:21:06.700 7075 INFO tempest.lib.common.rest_client [req-229fc780-cb3f-48cc-83ba-6f21b55af0e5 ] Request (HostsAdminNegativeTestJSON:tearDownClass): 204 DELETE https://dal-iaas-001-api-endpoint.prod.walmart.com:35357/v2.0/tenants/7360bef33db84168b569528b46173ee7 0.509s
2016-08-18 21:21:07.049 7073 INFO tempest.lib.common.rest_client [req-be25899d-ecf1-4726-8c98-64d69bffb5e8 ] Request (TenantUsagesTestJSON:setUpClass): 200 PUT https://dal-iaas-001-api-endpoint.prod.walmart.com:35357/v2.0/tenants/5f20c0ef46d44ae6be1ecb33ea383cbd/users/f5b491d0036a4b739cbbca40f29e1ec6/roles/OS-KSADM/b5b0387bbe864c43a2999e531988bb8f 0.425s
2016-08-18 21:21:07.129 7072 INFO tempest.lib.common.rest_client [req-162673b7-b1e2-48a1-9a8c-8beaec810a75 ] Request (FloatingIPsBulkAdminTestJSON:setUpClass): 200 POST https://dal-iaas-001-api-endpoint.prod.walmart.com:35357/v2.0/users 0.623s
2016-08-18 21:21:07.186 7075 INFO tempest.lib.common.rest_client [req-8a3c9e29-55f3-4491-ab33-2bd9be2f4d39 ] Request (HostsAdminNegativeTestJSON:tearDownClass): 204 DELETE https://dal-iaas-001-api-endpoint.prod.walmart.com:35357/v2.0/users/16dc958e568e4560a1161de208cc75c8 0.485s
2016-08-18 21:21:07.393 7074 INFO tempest.lib.common.rest_client [req-bd8af9f2-1acd-4c1c-9e7e-1f5526018692 ] Request (ImagesMetadataTestJSON:setUpClass): 201 POST https://dal-iaas-001-api-endpoint.prod.walmart.com:9292/v1/images 0.890s
2016-08-18 21:21:07.487 7073 INFO tempest.lib.common.rest_client [req-33f58a23-88d9-4b8e-be52-432bfa9ae8c0 ] Request (TenantUsagesTestJSON:setUpClass): 200 GET https://dal-iaas-001-api-endpoint.prod.walmart.com:35357/v2.0/OS-KSADM/roles 0.436s
2016-08-18 21:21:07.557 7075 INFO tempest.lib.common.rest_client [req-5a6bde22-7205-4cf4-b45b-204d24b5653d ] Request (HostsAdminNegativeTestJSON:tearDownClass): 200 GET https://dal-iaas-001-api-endpoint.prod.walmart.com:9696/v2.0/security-groups?tenant_id=89556fa4f3ab4ed1b66ae8c97e71d9d6&name=default 0.369s
2016-08-18 21:21:07.671 7072 INFO tempest.lib.common.rest_client [req-7e5f64dc-ea6e-42f1-95d9-9d8e2cc721ac ] Request (FloatingIPsBulkAdminTestJSON:setUpClass): 200 GET https://dal-iaas-001-api-endpoint.prod.walmart.com:35357/v2.0/OS-KSADM/roles 0.541s
2016-08-18 21:21:07.694 7077 INFO tempest.lib.common.rest_client [req-5b64e75a-3a11-4159-92eb-811bbe90f961 ] Request (ImagesTestJSON:test_create_image_from_stopped_server): 202 POST https://dal-iaas-001-api-endpoint.prod.walmart.com:8774/v2/56eaa3633e0f407aba8c604151296283/servers 1.781s
2016-08-18 21:21:08.026 7073 INFO tempest.lib.common.rest_client [req-ec706625-7f7a-4151-bb5c-eaa1211946c5 ] Request (TenantUsagesTestJSON:setUpClass): 409 PUT https://dal-iaas-001-api-endpoint.prod.walmart.com:35357/v2.0/tenants/5f20c0ef46d44ae6be1ecb33ea383cbd/users/f5b491d0036a4b739cbbca40f29e1ec6/roles/OS-KSADM/b5b0387bbe864c43a2999e531988bb8f 0.537s
2016-08-18 21:21:08.027 7073 INFO tempest.common.dynamic_creds [-] Acquired dynamic creds:
 credentials: Credentials: {'username': u'tempest-TenantUsagesTestJSON-338579561', 'project_name': u'tempest-TenantUsagesTestJSON-338579561', 'user_id': u'f5b491d0036a4b739cbbca40f29e1ec6', 'tenant_name': u'tempest-TenantUsagesTestJSON-338579561', 'tenant_id': u'5f20c0ef46d44ae6be1ecb33ea383cbd', 'project_id': u'5f20c0ef46d44ae6be1ecb33ea383cbd'}, Network: None, Subnet: None, Router: None
2016-08-18 21:21:08.061 7075 INFO tempest.lib.common.rest_client [req-5246887d-8c98-4086-a6dd-e2792290a259 ] Request (HostsAdminNegativeTestJSON:tearDownClass): 204 DELETE https://dal-iaas-001-api-endpoint.prod.walmart.com:9696/v2.0/security-groups/1986932c-9f7e-4cf7-a2a4-a6e917bcf05a 0.501s
2016-08-18 21:21:08.208 7072 INFO tempest.lib.common.rest_client [req-7702c7c8-8f0e-469c-9776-952c4ed04e26 ] Request (FloatingIPsBulkAdminTestJSON:setUpClass): 200 PUT https://dal-iaas-001-api-endpoint.prod.walmart.com:35357/v2.0/tenants/2b1d3bfc32234e4dae8b9da0b6ee9f70/users/2fb3a3d7da554f4a91c58a9fad10bd0a/roles/OS-KSADM/b5b0387bbe864c43a2999e531988bb8f 0.534s
2016-08-18 21:21:08.240 7077 INFO tempest.lib.common.rest_client [req-38a69369-176c-4ecd-a471-6ad3ee50a74c ] Request (ImagesTestJSON:test_create_image_from_stopped_server): 200 GET https://dal-iaas-001-api-endpoint.prod.walmart.com:8774/v2/56eaa3633e0f407aba8c604151296283/servers/ee6218b7-f9a0-4317-9907-d7c37adeff04 0.540s
2016-08-18 21:21:08.428 7074 INFO tempest.lib.common.rest_client [req-27022407-8ebd-41ce-8ca0-04ed13886728 ] Request (ImagesMetadataTestJSON:setUpClass): 200 PUT https://dal-iaas-001-api-endpoint.prod.walmart.com:9292/v1/images/4f55180b-f9a3-44c1-b3d3-34945699250e 1.034s
2016-08-18 21:21:08.783 7073 INFO tempest.lib.common.rest_client [req-3d7dadeb-bd65-4ded-84d8-3b51b96d5510 ] Request (TenantUsagesTestJSON:setUpClass): 200 POST https://dal-iaas-001-api-endpoint.prod.walmart.com:5443/v2.0/tokens
2016-08-18 21:21:08.825 7075 INFO tempest.lib.common.rest_client [req-152e0aed-2c1b-4ccb-a5f8-b03e5fa6a4a0 ] Request (HostsAdminNegativeTestJSON:tearDownClass): 204 DELETE https://dal-iaas-001-api-endpoint.prod.walmart.com:35357/v2.0/tenants/89556fa4f3ab4ed1b66ae8c97e71d9d6 0.762s
2016-08-18 21:21:08.862 7072 INFO tempest.lib.common.rest_client [req-2e188c43-45e1-49d5-8bed-a332e053498b ] Request (FloatingIPsBulkAdminTestJSON:setUpClass): 200 GET https://dal-iaas-001-api-endpoint.prod.walmart.com:35357/v2.0/OS-KSADM/roles 0.653s
2016-08-18 21:21:09.063 7074 INFO tempest.lib.common.rest_client [req-b323b039-7ca3-4330-ad45-9d30a27d0c03 ] Request (ImagesMetadataTestJSON:setUpClass): 200 GET https://dal-iaas-001-api-endpoint.prod.walmart.com:8774/v2/16ef3dd94a3549fa99736bb6d019f23b/images/4f55180b-f9a3-44c1-b3d3-34945699250e 0.633s
2016-08-18 21:21:09.305 7072 INFO tempest.lib.common.rest_client [req-0de534be-d3fd-4a5d-bf21-27a29fa7c12d ] Request (FloatingIPsBulkAdminTestJSON:setUpClass): 409 PUT https://dal-iaas-001-api-endpoint.prod.walmart.com:35357/v2.0/tenants/2b1d3bfc32234e4dae8b9da0b6ee9f70/users/2fb3a3d7da554f4a91c58a9fad10bd0a/roles/OS-KSADM/b5b0387bbe864c43a2999e531988bb8f 0.440s
2016-08-18 21:21:09.306 7072 INFO tempest.common.dynamic_creds [-] Acquired dynamic creds:
 credentials: Credentials: {'username': u'tempest-FloatingIPsBulkAdminTestJSON-1682809745', 'project_name': u'tempest-FloatingIPsBulkAdminTestJSON-1682809745', 'user_id': u'2fb3a3d7da554f4a91c58a9fad10bd0a', 'tenant_name': u'tempest-FloatingIPsBulkAdminTestJSON-1682809745', 'tenant_id': u'2b1d3bfc32234e4dae8b9da0b6ee9f70', 'project_id': u'2b1d3bfc32234e4dae8b9da0b6ee9f70'}, Network: None, Subnet: None, Router: None
2016-08-18 21:21:09.452 7075 INFO tempest.lib.common.rest_client [req-2fdb32da-42e4-42e6-b72e-63a74ecd0da5 ] Request (QuotasAdminNegativeTestJSON:setUpClass): 200 POST https://dal-iaas-001-api-endpoint.prod.walmart.com:5443/v2.0/tokens
2016-08-18 21:21:09.805 7073 INFO tempest.lib.common.rest_client [req-d8fb64a6-b921-4878-9437-6b39d2897f42 ] Request (TenantUsagesTestJSON:setUpClass): 200 GET https://dal-iaas-001-api-endpoint.prod.walmart.com:8774/v2/f53630d921924a9c903d223f952cf9a9/os-networks 1.020s
2016-08-18 21:21:09.806 7073 INFO tempest.common.fixed_network [-] (TenantUsagesTestJSON:setUpClass) Found network {u'bridge': None, u'vpn_public_port': None, u'dhcp_start': None, u'bridge_interface': None, u'share_address': None, u'updated_at': None, u'id': u'1db35de8-93c8-455c-a1c1-720801bd971a', u'cidr_v6': None, u'deleted_at': None, u'gateway': None, u'rxtx_base': None, u'label': u'net1', u'priority': None, u'project_id': None, u'vpn_private_address': None, u'deleted': None, u'vlan': None, u'broadcast': None, u'netmask': None, u'injected': None, u'cidr': None, u'vpn_public_address': None, u'multi_host': None, 'name': u'net1', u'enable_dhcp': None, u'dns2': None, u'created_at': None, u'host': None, u'mtu': None, u'gateway_v6': None, u'netmask_v6': None, u'dhcp_server': None, u'dns1': None} available for tenant
2016-08-18 21:21:09.845 7072 INFO tempest.lib.common.rest_client [req-57e196b6-6761-4134-ad85-602ed7109bf4 ] Request (FloatingIPsBulkAdminTestJSON:setUpClass): 200 POST https://dal-iaas-001-api-endpoint.prod.walmart.com:5443/v2.0/tokens
2016-08-18 21:21:09.860 7077 INFO tempest.lib.common.rest_client [req-935fdc70-08aa-40bc-8578-db8eb22ff2b9 ] Request (ImagesTestJSON:test_create_image_from_stopped_server): 200 GET https://dal-iaas-001-api-endpoint.prod.walmart.com:8774/v2/56eaa3633e0f407aba8c604151296283/servers/ee6218b7-f9a0-4317-9907-d7c37adeff04 0.592s
2016-08-18 21:21:09.880 7077 INFO tempest.common.waiters [-] State transition "BUILD/scheduling" ==> "BUILD/spawning" after 1 second wait
2016-08-18 21:21:09.887 7074 INFO tempest.lib.common.rest_client [req-b9b64833-3b2b-4fde-be1f-a5a124e4b51e ] Request (ImagesMetadataTestJSON:setUp): 200 PUT https://dal-iaas-001-api-endpoint.prod.walmart.com:8774/v2/16ef3dd94a3549fa99736bb6d019f23b/images/4f55180b-f9a3-44c1-b3d3-34945699250e/metadata 0.814s
2016-08-18 21:21:10.181 7075 INFO tempest.lib.common.rest_client [req-837e6538-3e28-4077-abd6-268bacf3481f ] Request (QuotasAdminNegativeTestJSON:setUpClass): 200 POST https://dal-iaas-001-api-endpoint.prod.walmart.com:5443/v2.0/tokens
2016-08-18 21:21:10.526 7073 INFO tempest.lib.common.rest_client [req-f98f0bac-5ad6-433f-af84-81cb79c8948c ] Request (TenantUsagesTestJSON:setUpClass): 200 POST https://dal-iaas-001-api-endpoint.prod.walmart.com:5443/v2.0/tokens
2016-08-18 21:21:10.596 7075 INFO tempest.lib.common.rest_client [req-bb385fbd-9139-4ac0-ac98-1d67118460fb ] Request (QuotasAdminNegativeTestJSON:setUpClass): 200 POST https://dal-iaas-001-api-endpoint.prod.walmart.com:35357/v2.0/tenants 0.413s
2016-08-18 21:21:10.674 7074 INFO tempest.lib.common.rest_client [req-f9ecb2e5-2075-47ee-af98-cf2d324b99a5 ] Request (ImagesMetadataTestJSON:test_delete_image_metadata_item): 204 DELETE https://dal-iaas-001-api-endpoint.prod.walmart.com:8774/v2/16ef3dd94a3549fa99736bb6d019f23b/images/4f55180b-f9a3-44c1-b3d3-34945699250e/metadata/os_version 0.784s
2016-08-18 21:21:10.730 7072 INFO tempest.lib.common.rest_client [req-9698c9d2-74e8-4216-a745-c2739f54f2e1 ] Request (FloatingIPsBulkAdminTestJSON:setUpClass): 200 GET https://dal-iaas-001-api-endpoint.prod.walmart.com:8774/v2/2b1d3bfc32234e4dae8b9da0b6ee9f70/os-floating-ips-bulk 0.883s
2016-08-18 21:21:11.356 7072 INFO tempest.lib.common.rest_client [req-70dc047e-312d-4d3b-916c-0663cd76edba ] Request (FloatingIPsBulkAdminTestJSON:test_create_list_delete_floating_ips_bulk): 200 POST https://dal-iaas-001-api-endpoint.prod.walmart.com:8774/v2/2b1d3bfc32234e4dae8b9da0b6ee9f70/os-floating-ips-bulk 0.373s
2016-08-18 21:21:11.394 7074 INFO tempest.lib.common.rest_client [req-3f298d00-f785-4036-8244-8d507107ccf4 ] Request (ImagesMetadataTestJSON:test_delete_image_metadata_item): 200 GET https://dal-iaas-001-api-endpoint.prod.walmart.com:8774/v2/16ef3dd94a3549fa99736bb6d019f23b/images/4f55180b-f9a3-44c1-b3d3-34945699250e/metadata 0.430s
2016-08-18 21:21:11.437 7077 INFO tempest.lib.common.rest_client [req-72056aae-695f-41c4-af8c-d1ebb9949a58 ] Request (ImagesTestJSON:test_create_image_from_stopped_server): 200 GET https://dal-iaas-001-api-endpoint.prod.walmart.com:8774/v2/56eaa3633e0f407aba8c604151296283/servers/ee6218b7-f9a0-4317-9907-d7c37adeff04 0.551s
2016-08-18 21:21:11.459 7077 INFO tempest.common.waiters [-] State transition "BUILD/spawning" ==> "BUILD/scheduling" after 3 second wait
2016-08-18 21:21:11.548 7075 INFO tempest.lib.common.rest_client [req-5e46f39d-0266-4094-8c0c-9fdca6e3905b ] Request (QuotasAdminNegativeTestJSON:setUpClass): 200 POST https://dal-iaas-001-api-endpoint.prod.walmart.com:35357/v2.0/users 0.586s
2016-08-18 21:21:11.677 7072 INFO tempest.lib.common.rest_client [req-f1f1449e-03b1-4277-a146-9ea72197045e ] Request (FloatingIPsBulkAdminTestJSON:test_create_list_delete_floating_ips_bulk): 200 GET https://dal-iaas-001-api-endpoint.prod.walmart.com:8774/v2/2b1d3bfc32234e4dae8b9da0b6ee9f70/os-floating-ips-bulk 0.315s
2016-08-18 21:21:11.986 7075 INFO tempest.lib.common.rest_client [req-c8fe08eb-ecb3-4e84-b14a-70829c76bfea ] Request (QuotasAdminNegativeTestJSON:setUpClass): 200 GET https://dal-iaas-001-api-endpoint.prod.walmart.com:35357/v2.0/OS-KSADM/roles 0.435s
2016-08-18 21:21:12.080 7072 INFO tempest.lib.common.rest_client [req-056fd8db-0004-4a17-aeab-995b9ae5542e ] Request (FloatingIPsBulkAdminTestJSON:test_create_list_delete_floating_ips_bulk): 200 PUT https://dal-iaas-001-api-endpoint.prod.walmart.com:8774/v2/2b1d3bfc32234e4dae8b9da0b6ee9f70/os-floating-ips-bulk/delete 0.395s
2016-08-18 21:21:12.173 7074 INFO tempest.lib.common.rest_client [req-2d0e1366-48ee-4533-97ef-02fdebc405b1 ] Request (ImagesMetadataTestJSON:setUp): 200 PUT https://dal-iaas-001-api-endpoint.prod.walmart.com:8774/v2/16ef3dd94a3549fa99736bb6d019f23b/images/4f55180b-f9a3-44c1-b3d3-34945699250e/metadata 0.772s
2016-08-18 21:21:12.368 7072 INFO tempest.lib.common.rest_client [req-f3f99a47-b73c-4c75-82d0-efdf93cd179c ] Request (FloatingIPsBulkAdminTestJSON:_run_cleanups): 200 PUT https://dal-iaas-001-api-endpoint.prod.walmart.com:8774/v2/2b1d3bfc32234e4dae8b9da0b6ee9f70/os-floating-ips-bulk/delete 0.285s
2016-08-18 21:21:12.497 7075 INFO tempest.lib.common.rest_client [req-aeba0ce6-e4df-433b-9cc5-8f67ad2fdd38 ] Request (QuotasAdminNegativeTestJSON:setUpClass): 200 PUT https://dal-iaas-001-api-endpoint.prod.walmart.com:35357/v2.0/tenants/6e77e76755474997b7860e63dda532bc/users/3fb16f625c25469b875acea51512267c/roles/OS-KSADM/b5b0387bbe864c43a2999e531988bb8f 0.510s
2016-08-18 21:21:12.498 7075 INFO tempest.common.dynamic_creds [-] Acquired dynamic creds:
 credentials: Credentials: {'username': u'tempest-QuotasAdminNegativeTestJSON-918275181', 'project_name': u'tempest-QuotasAdminNegativeTestJSON-918275181', 'user_id': u'3fb16f625c25469b875acea51512267c', 'tenant_name': u'tempest-QuotasAdminNegativeTestJSON-918275181', 'tenant_id': u'6e77e76755474997b7860e63dda532bc', 'project_id': u'6e77e76755474997b7860e63dda532bc'}, Network: None, Subnet: None, Router: None
2016-08-18 21:21:12.605 7074 INFO tempest.lib.common.rest_client [req-1fe7b1e7-1580-4dbd-9224-2d6b11de4b40 ] Request (ImagesMetadataTestJSON:test_get_image_metadata_item): 200 GET https://dal-iaas-001-api-endpoint.prod.walmart.com:8774/v2/16ef3dd94a3549fa99736bb6d019f23b/images/4f55180b-f9a3-44c1-b3d3-34945699250e/metadata/os_distro 0.429s
2016-08-18 21:21:12.726 7073 INFO tempest.lib.common.rest_client [req-050ae6f3-fd48-448b-b025-75691d973a04 ] Request (TenantUsagesTestJSON:setUpClass): 202 POST https://dal-iaas-001-api-endpoint.prod.walmart.com:8774/v2/f53630d921924a9c903d223f952cf9a9/servers 1.764s
2016-08-18 21:21:12.881 7072 INFO tempest.lib.common.rest_client [req-3bcfaa76-83ca-45e0-8de5-0590757ea227 ] Request (FloatingIPsBulkAdminTestJSON:tearDownClass): 204 DELETE https://dal-iaas-001-api-endpoint.prod.walmart.com:35357/v2.0/users/2fb3a3d7da554f4a91c58a9fad10bd0a 0.506s
2016-08-18 21:21:12.993 7075 INFO tempest.lib.common.rest_client [req-7c7583bf-cecd-4549-a624-05dbda7112f0 ] Request (QuotasAdminNegativeTestJSON:setUpClass): 200 POST https://dal-iaas-001-api-endpoint.prod.walmart.com:35357/v2.0/tenants 0.484s
2016-08-18 21:21:13.016 7077 INFO tempest.lib.common.rest_client [req-df1d3bdc-7064-48c5-bcd3-3340e003adae ] Request (ImagesTestJSON:test_create_image_from_stopped_server): 200 GET https://dal-iaas-001-api-endpoint.prod.walmart.com:8774/v2/56eaa3633e0f407aba8c604151296283/servers/ee6218b7-f9a0-4317-9907-d7c37adeff04 0.555s
2016-08-18 21:21:13.033 7077 INFO tempest.common.waiters [-] State transition "BUILD/scheduling" ==> "BUILD/None" after 5 second wait
2016-08-18 21:21:13.150 7073 INFO tempest.lib.common.rest_client [req-bd3c6dc1-dfaa-4f85-99f4-277319e18a9e ] Request (TenantUsagesTestJSON:setUpClass): 200 GET https://dal-iaas-001-api-endpoint.prod.walmart.com:8774/v2/f53630d921924a9c903d223f952cf9a9/servers/a11ff15c-1d26-449f-b574-7597c4b1ff8a 0.418s
2016-08-18 21:21:13.388 7074 INFO tempest.lib.common.rest_client [req-e9b10387-a518-4aa5-bc42-3b52d53b1de2 ] Request (ImagesMetadataTestJSON:setUp): 200 PUT https://dal-iaas-001-api-endpoint.prod.walmart.com:8774/v2/16ef3dd94a3549fa99736bb6d019f23b/images/4f55180b-f9a3-44c1-b3d3-34945699250e/metadata 0.778s
2016-08-18 21:21:13.435 7075 INFO tempest.lib.common.rest_client [req-0ad9afa4-c8f6-4036-8bd6-f71d01573a47 ] Request (QuotasAdminNegativeTestJSON:setUpClass): 200 POST https://dal-iaas-001-api-endpoint.prod.walmart.com:35357/v2.0/users 0.441s
2016-08-18 21:21:13.763 7072 INFO tempest.lib.common.rest_client [req-e80d5980-17b4-4b95-a9af-f53017b3c190 ] Request (FloatingIPsBulkAdminTestJSON:tearDownClass): 200 GET https://dal-iaas-001-api-endpoint.prod.walmart.com:9696/v2.0/security-groups?tenant_id=2b1d3bfc32234e4dae8b9da0b6ee9f70&name=default 0.881s
2016-08-18 21:21:13.804 7074 INFO tempest.lib.common.rest_client [req-93cf67a6-867c-4607-804f-6178bd8dc27f ] Request (ImagesMetadataTestJSON:test_list_image_metadata): 200 GET https://dal-iaas-001-api-endpoint.prod.walmart.com:8774/v2/16ef3dd94a3549fa99736bb6d019f23b/images/4f55180b-f9a3-44c1-b3d3-34945699250e/metadata 0.413s
2016-08-18 21:21:13.886 7075 INFO tempest.lib.common.rest_client [req-cdabf12d-439b-4e14-bae5-dcbd1faf98b2 ] Request (QuotasAdminNegativeTestJSON:setUpClass): 200 GET https://dal-iaas-001-api-endpoint.prod.walmart.com:35357/v2.0/OS-KSADM/roles 0.448s
2016-08-18 21:21:14.114 7072 INFO tempest.lib.common.rest_client [req-fdea0a0b-cc40-4ca0-832e-45b2c58d7feb ] Request (FloatingIPsBulkAdminTestJSON:tearDownClass): 204 DELETE https://dal-iaas-001-api-endpoint.prod.walmart.com:9696/v2.0/security-groups/2b2de795-b59b-412f-bb83-1037e0e2fe4f 0.349s
2016-08-18 21:21:14.347 7075 INFO tempest.lib.common.rest_client [req-0e24cdf2-f96d-45be-951c-79512fd28418 ] Request (QuotasAdminNegativeTestJSON:setUpClass): 200 PUT https://dal-iaas-001-api-endpoint.prod.walmart.com:35357/v2.0/tenants/11ede4453bbf4efe9360bc95cf1ac708/users/a5402c1a672d44e39986f8d4870f7854/roles/OS-KSADM/b5b0387bbe864c43a2999e531988bb8f 0.459s
2016-08-18 21:21:14.542 7077 INFO tempest.lib.common.rest_client [req-0b65f26d-364a-455d-b9c6-04c2c6c49aae ] Request (ImagesTestJSON:test_create_image_from_stopped_server): 200 GET https://dal-iaas-001-api-endpoint.prod.walmart.com:8774/v2/56eaa3633e0f407aba8c604151296283/servers/ee6218b7-f9a0-4317-9907-d7c37adeff04 0.506s
2016-08-18 21:21:14.557 7074 INFO tempest.lib.common.rest_client [req-c3adf325-9153-42c2-b1ff-8d7e5e394783 ] Request (ImagesMetadataTestJSON:setUp): 200 PUT https://dal-iaas-001-api-endpoint.prod.walmart.com:8774/v2/16ef3dd94a3549fa99736bb6d019f23b/images/4f55180b-f9a3-44c1-b3d3-34945699250e/metadata 0.746s
2016-08-18 21:21:14.562 7077 INFO tempest.common.waiters [-] State transition "BUILD/None" ==> "BUILD/spawning" after 6 second wait
2016-08-18 21:21:14.634 7073 INFO tempest.lib.common.rest_client [req-ceeb5501-c64c-46eb-86af-1bdb08c1c23a ] Request (TenantUsagesTestJSON:setUpClass): 200 GET https://dal-iaas-001-api-endpoint.prod.walmart.com:8774/v2/f53630d921924a9c903d223f952cf9a9/servers/a11ff15c-1d26-449f-b574-7597c4b1ff8a 0.466s
2016-08-18 21:21:14.640 7072 INFO tempest.lib.common.rest_client [req-ac43290b-58f8-4116-af26-251f86ee373f ] Request (FloatingIPsBulkAdminTestJSON:tearDownClass): 204 DELETE https://dal-iaas-001-api-endpoint.prod.walmart.com:35357/v2.0/tenants/2b1d3bfc32234e4dae8b9da0b6ee9f70 0.524s
2016-08-18 21:21:14.656 7073 INFO tempest.common.waiters [-] State transition "BUILD/scheduling" ==> "BUILD/block_device_mapping" after 1 second wait
2016-08-18 21:21:14.828 7075 INFO tempest.lib.common.rest_client [req-011e6244-78d8-4fff-9942-414cc01627c0 ] Request (QuotasAdminNegativeTestJSON:setUpClass): 200 GET https://dal-iaas-001-api-endpoint.prod.walmart.com:35357/v2.0/OS-KSADM/roles 0.480s
2016-08-18 21:21:15.162 7072 INFO tempest.lib.common.rest_client [req-58b77ccb-4ab1-4cf2-b921-03c9db6ee642 ] Request (FloatingIPsBulkAdminTestJSON:tearDownClass): 204 DELETE https://dal-iaas-001-api-endpoint.prod.walmart.com:35357/v2.0/users/d10c88cb2f604055874ad73c3bba5e3e 0.521s
2016-08-18 21:21:15.286 7075 INFO tempest.lib.common.rest_client [req-3b910e92-cd31-4f3a-9f6e-86a93c5dcd9d ] Request (QuotasAdminNegativeTestJSON:setUpClass): 409 PUT https://dal-iaas-001-api-endpoint.prod.walmart.com:35357/v2.0/tenants/11ede4453bbf4efe9360bc95cf1ac708/users/a5402c1a672d44e39986f8d4870f7854/roles/OS-KSADM/b5b0387bbe864c43a2999e531988bb8f 0.456s
2016-08-18 21:21:15.287 7075 INFO tempest.common.dynamic_creds [-] Acquired dynamic creds:
 credentials: Credentials: {'username': u'tempest-QuotasAdminNegativeTestJSON-1855061280', 'project_name': u'tempest-QuotasAdminNegativeTestJSON-1855061280', 'user_id': u'a5402c1a672d44e39986f8d4870f7854', 'tenant_name': u'tempest-QuotasAdminNegativeTestJSON-1855061280', 'tenant_id': u'11ede4453bbf4efe9360bc95cf1ac708', 'project_id': u'11ede4453bbf4efe9360bc95cf1ac708'}, Network: None, Subnet: None, Router: None
2016-08-18 21:21:15.412 7074 INFO tempest.lib.common.rest_client [req-a8378472-def8-4998-8c99-287c75271c80 ] Request (ImagesMetadataTestJSON:test_set_image_metadata): 200 PUT https://dal-iaas-001-api-endpoint.prod.walmart.com:8774/v2/16ef3dd94a3549fa99736bb6d019f23b/images/4f55180b-f9a3-44c1-b3d3-34945699250e/metadata 0.851s
2016-08-18 21:21:15.473 7072 INFO tempest.lib.common.rest_client [req-2b7e1774-9a33-4cda-aa07-0a25d2a2c698 ] Request (FloatingIPsBulkAdminTestJSON:tearDownClass): 200 GET https://dal-iaas-001-api-endpoint.prod.walmart.com:9696/v2.0/security-groups?tenant_id=40a1c950291d444aa7705b89e00b0e94&name=default 0.310s
2016-08-18 21:21:15.823 7074 INFO tempest.lib.common.rest_client [req-cabf14ba-2456-4c85-accb-a28160666a7b ] Request (ImagesMetadataTestJSON:test_set_image_metadata): 200 GET https://dal-iaas-001-api-endpoint.prod.walmart.com:8774/v2/16ef3dd94a3549fa99736bb6d019f23b/images/4f55180b-f9a3-44c1-b3d3-34945699250e/metadata 0.408s
2016-08-18 21:21:15.826 7075 INFO tempest.lib.common.rest_client [req-8028095c-dc05-4803-9af7-e85ab5a257ad ] Request (QuotasAdminNegativeTestJSON:test_create_server_when_cpu_quota_is_full): 200 POST https://dal-iaas-001-api-endpoint.prod.walmart.com:5443/v2.0/tokens
2016-08-18 21:21:15.858 7072 INFO tempest.lib.common.rest_client [req-9bbf7b8e-2bf5-45ab-be61-91d798c149e1 ] Request (FloatingIPsBulkAdminTestJSON:tearDownClass): 204 DELETE https://dal-iaas-001-api-endpoint.prod.walmart.com:9696/v2.0/security-groups/a8084f47-a07e-482a-a650-55e4ac9d6585 0.382s
2016-08-18 21:21:16.111 7077 INFO tempest.lib.common.rest_client [req-b1551115-5cd4-4b72-89f9-e4ba060b16a7 ] Request (ImagesTestJSON:test_create_image_from_stopped_server): 200 GET https://dal-iaas-001-api-endpoint.prod.walmart.com:8774/v2/56eaa3633e0f407aba8c604151296283/servers/ee6218b7-f9a0-4317-9907-d7c37adeff04 0.544s
2016-08-18 21:21:16.166 7073 INFO tempest.lib.common.rest_client [req-a05bdc1a-0825-49d1-9245-6488043d90ac ] Request (TenantUsagesTestJSON:setUpClass): 200 GET https://dal-iaas-001-api-endpoint.prod.walmart.com:8774/v2/f53630d921924a9c903d223f952cf9a9/servers/a11ff15c-1d26-449f-b574-7597c4b1ff8a 0.508s
2016-08-18 21:21:16.185 7073 INFO tempest.common.waiters [-] State transition "BUILD/block_device_mapping" ==> "BUILD/spawning" after 3 second wait
2016-08-18 21:21:16.381 7072 INFO tempest.lib.common.rest_client [req-70245c1b-24c5-43e7-9243-0ee92e1157ce ] Request (FloatingIPsBulkAdminTestJSON:tearDownClass): 204 DELETE https://dal-iaas-001-api-endpoint.prod.walmart.com:35357/v2.0/tenants/40a1c950291d444aa7705b89e00b0e94 0.522s
2016-08-18 21:21:16.530 7075 INFO tempest.lib.common.rest_client [req-7b08afa1-65cd-4e27-ad31-092533d97983 ] Request (QuotasAdminNegativeTestJSON:test_create_server_when_cpu_quota_is_full): 200 GET https://dal-iaas-001-api-endpoint.prod.walmart.com:8774/v2/11ede4453bbf4efe9360bc95cf1ac708/os-quota-sets/6e77e76755474997b7860e63dda532bc 0.702s
2016-08-18 21:21:16.647 7074 INFO tempest.lib.common.rest_client [req-cfb4289e-f6a3-4237-98aa-4a28c2de9ed0 ] Request (ImagesMetadataTestJSON:setUp): 200 PUT https://dal-iaas-001-api-endpoint.prod.walmart.com:8774/v2/16ef3dd94a3549fa99736bb6d019f23b/images/4f55180b-f9a3-44c1-b3d3-34945699250e/metadata 0.816s
2016-08-18 21:21:16.863 7075 INFO tempest.lib.common.rest_client [req-d07864ae-a27b-4ee0-a72f-88ad48499e8d ] Request (QuotasAdminNegativeTestJSON:test_create_server_when_cpu_quota_is_full): 200 PUT https://dal-iaas-001-api-endpoint.prod.walmart.com:8774/v2/11ede4453bbf4efe9360bc95cf1ac708/os-quota-sets/6e77e76755474997b7860e63dda532bc 0.328s
2016-08-18 21:21:17.020 7072 INFO tempest.lib.common.rest_client [req-9fa946d3-5f16-4bd6-a804-0a25eb81305d ] Request (ServersAdminNegativeTestJSON:setUpClass): 200 POST https://dal-iaas-001-api-endpoint.prod.walmart.com:5443/v2.0/tokens
2016-08-18 21:21:17.377 7075 INFO tempest.lib.common.rest_client [req-2a3d200a-89ad-4d7e-9ab5-898434923641 ] Request (QuotasAdminNegativeTestJSON:test_create_server_when_cpu_quota_is_full): 200 POST https://dal-iaas-001-api-endpoint.prod.walmart.com:5443/v2.0/tokens
2016-08-18 21:21:17.430 7074 INFO tempest.lib.common.rest_client [req-48719064-28fb-44b5-b1db-12670d33e97b ] Request (ImagesMetadataTestJSON:test_set_image_metadata_item): 200 PUT https://dal-iaas-001-api-endpoint.prod.walmart.com:8774/v2/16ef3dd94a3549fa99736bb6d019f23b/images/4f55180b-f9a3-44c1-b3d3-34945699250e/metadata/os_version 0.780s
2016-08-18 21:21:17.596 7072 INFO tempest.lib.common.rest_client [req-cded0a6c-8a6b-4285-8005-4b8be800fecc ] Request (ServersAdminNegativeTestJSON:setUpClass): 200 POST https://dal-iaas-001-api-endpoint.prod.walmart.com:5443/v2.0/tokens
2016-08-18 21:21:17.608 7077 INFO tempest.lib.common.rest_client [req-dc42d7dd-9867-4248-9534-15495696a6ca ] Request (ImagesTestJSON:test_create_image_from_stopped_server): 200 GET https://dal-iaas-001-api-endpoint.prod.walmart.com:8774/v2/56eaa3633e0f407aba8c604151296283/servers/ee6218b7-f9a0-4317-9907-d7c37adeff04 0.480s
2016-08-18 21:21:17.659 7073 INFO tempest.lib.common.rest_client [req-6a4e217c-9e9b-4f96-ac3c-2e8137b09923 ] Request (TenantUsagesTestJSON:setUpClass): 200 GET https://dal-iaas-001-api-endpoint.prod.walmart.com:8774/v2/f53630d921924a9c903d223f952cf9a9/servers/a11ff15c-1d26-449f-b574-7597c4b1ff8a 0.471s
2016-08-18 21:21:17.835 7074 INFO tempest.lib.common.rest_client [req-d711998e-cb88-4020-bceb-91dfe64ef373 ] Request (ImagesMetadataTestJSON:test_set_image_metadata_item): 200 GET https://dal-iaas-001-api-endpoint.prod.walmart.com:8774/v2/16ef3dd94a3549fa99736bb6d019f23b/images/4f55180b-f9a3-44c1-b3d3-34945699250e/metadata 0.402s
2016-08-18 21:21:18.028 7072 INFO tempest.lib.common.rest_client [req-ec89d85f-6ce2-4483-8256-44cfecf7c765 ] Request (ServersAdminNegativeTestJSON:setUpClass): 200 POST https://dal-iaas-001-api-endpoint.prod.walmart.com:35357/v2.0/tenants 0.430s
2016-08-18 21:21:18.057 7075 INFO tempest.lib.common.rest_client [req-389814d2-32e0-4ab0-b3df-8e31a47f8141 ] Request (QuotasAdminNegativeTestJSON:test_create_server_when_cpu_quota_is_full): 200 GET https://dal-iaas-001-api-endpoint.prod.walmart.com:8774/v2/6e77e76755474997b7860e63dda532bc/os-networks 0.678s
2016-08-18 21:21:18.059 7075 INFO tempest.common.fixed_network [-] (QuotasAdminNegativeTestJSON:test_create_server_when_cpu_quota_is_full) Found network {u'bridge': None, u'vpn_public_port': None, u'dhcp_start': None, u'bridge_interface': None, u'share_address': None, u'updated_at': None, u'id': u'1db35de8-93c8-455c-a1c1-720801bd971a', u'cidr_v6': None, u'deleted_at': None, u'gateway': None, u'rxtx_base': None, u'label': u'net1', u'priority': None, u'project_id': None, u'vpn_private_address': None, u'deleted': None, u'vlan': None, u'broadcast': None, u'netmask': None, u'injected': None, u'cidr': None, u'vpn_public_address': None, u'multi_host': None, 'name': u'net1', u'enable_dhcp': None, u'dns2': None, u'created_at': None, u'host': None, u'mtu': None, u'gateway_v6': None, u'netmask_v6': None, u'dhcp_server': None, u'dns1': None} available for tenant
2016-08-18 21:21:18.474 7072 INFO tempest.lib.common.rest_client [req-c2375094-12bf-4944-9d13-43cc257bfefb ] Request (ServersAdminNegativeTestJSON:setUpClass): 200 POST https://dal-iaas-001-api-endpoint.prod.walmart.com:35357/v2.0/users 0.444s
2016-08-18 21:21:18.521 7075 INFO tempest.lib.common.rest_client [req-79a125f8-852a-43c5-8414-89df5a6530bf ] Request (QuotasAdminNegativeTestJSON:test_create_server_when_cpu_quota_is_full): 200 POST https://dal-iaas-001-api-endpoint.prod.walmart.com:5443/v2.0/tokens
2016-08-18 21:21:18.576 7074 INFO tempest.lib.common.rest_client [req-5c92956b-2fa3-4ad2-8d13-c5bcd5cfc59a ] Request (ImagesMetadataTestJSON:setUp): 200 PUT https://dal-iaas-001-api-endpoint.prod.walmart.com:8774/v2/16ef3dd94a3549fa99736bb6d019f23b/images/4f55180b-f9a3-44c1-b3d3-34945699250e/metadata 0.735s
2016-08-18 21:21:18.942 7072 INFO tempest.lib.common.rest_client [req-d3230419-3ebd-41c2-8ea4-1d13160b6117 ] Request (ServersAdminNegativeTestJSON:setUpClass): 200 GET https://dal-iaas-001-api-endpoint.prod.walmart.com:35357/v2.0/OS-KSADM/roles 0.466s
2016-08-18 21:21:19.218 7077 INFO tempest.lib.common.rest_client [req-01b975a6-08f9-4b80-a61a-26501bb1c1df ] Request (ImagesTestJSON:test_create_image_from_stopped_server): 200 GET https://dal-iaas-001-api-endpoint.prod.walmart.com:8774/v2/56eaa3633e0f407aba8c604151296283/servers/ee6218b7-f9a0-4317-9907-d7c37adeff04 0.588s
2016-08-18 21:21:19.242 7073 INFO tempest.lib.common.rest_client [req-6bbac3b2-0156-4d71-913b-636cc7edc68a ] Request (TenantUsagesTestJSON:setUpClass): 200 GET https://dal-iaas-001-api-endpoint.prod.walmart.com:8774/v2/f53630d921924a9c903d223f952cf9a9/servers/a11ff15c-1d26-449f-b574-7597c4b1ff8a 0.554s
2016-08-18 21:21:19.364 7074 INFO tempest.lib.common.rest_client [req-b19e31b3-5086-4e33-b94c-4e4cbd0bb6cd ] Request (ImagesMetadataTestJSON:test_update_image_metadata): 200 POST https://dal-iaas-001-api-endpoint.prod.walmart.com:8774/v2/16ef3dd94a3549fa99736bb6d019f23b/images/4f55180b-f9a3-44c1-b3d3-34945699250e/metadata 0.784s
2016-08-18 21:21:19.424 7072 INFO tempest.lib.common.rest_client [req-f91a5402-4b3c-4251-b62c-3f4b5e9d8f16 ] Request (ServersAdminNegativeTestJSON:setUpClass): 200 PUT https://dal-iaas-001-api-endpoint.prod.walmart.com:35357/v2.0/tenants/fe1eb40558444f39bb85fa0fdc304389/users/f358370628404e3e8fcb5f8870b683bd/roles/OS-KSADM/b5b0387bbe864c43a2999e531988bb8f 0.480s
2016-08-18 21:21:19.425 7072 INFO tempest.common.dynamic_creds [-] Acquired dynamic creds:
