2016-08-12 21:07:44.201 98012 INFO tempest.lib.common.rest_client [req-56bb77c0-f83b-41d1-b246-016e2cf50da0 ] Request (DomainsTestJSON:setUpClass): 201 POST https://dal-iaas-001-api-endpoint.prod.walmart.com:35357/v3/domains 0.388s
2016-08-12 21:07:44.252 98016 INFO tempest.lib.common.rest_client [req-abde1eba-2e74-47c6-9cab-4f2613d5685c ] Request (ListServersNegativeTestJSON:setUpClass): 202 POST https://dal-iaas-001-api-endpoint.prod.walmart.com:8774/v2/65066cb0cb3d424f8fd62371c5771cf4/servers 1.388s
2016-08-12 21:07:44.280 98013 INFO tempest.lib.common.rest_client [req-65f5c3b5-c2c7-458d-a797-b35d5afbe442 ] Request (ImagesMetadataTestJSON:setUpClass): 409 PUT https://dal-iaas-001-api-endpoint.prod.walmart.com:35357/v2.0/tenants/97c0bb8be4a54112b8bbe65d71c0b0c7/users/87982c2f0af4478fadc832f1ccaa2f88/roles/OS-KSADM/9fe2ff9ee4384b1894a90878d3e92bab 0.503s
2016-08-12 21:07:44.281 98013 INFO tempest.common.dynamic_creds [-] Acquired dynamic creds:
 credentials: Credentials: {'username': u'tempest-ImagesMetadataTestJSON-219018516', 'project_name': u'tempest-ImagesMetadataTestJSON-219018516', 'user_id': u'87982c2f0af4478fadc832f1ccaa2f88', 'tenant_name': u'tempest-ImagesMetadataTestJSON-219018516', 'tenant_id': u'97c0bb8be4a54112b8bbe65d71c0b0c7', 'project_id': u'97c0bb8be4a54112b8bbe65d71c0b0c7'}, Network: None, Subnet: None, Router: None
2016-08-12 21:07:44.328 98019 INFO tempest.lib.common.rest_client [req-3af9799b-e708-4e2e-be2c-c12ebc1530c0 ] Request (ImagesMetadataTestJSON:test_delete_image_metadata_item): 200 GET https://dal-iaas-001-api-endpoint.prod.walmart.com:8774/v2/bdb2514e8feb4c0d80ca8dcf9b1ee868/images/11dda7bb-cd39-4910-95fe-fc3d5809c5c6/metadata 0.400s
2016-08-12 21:07:44.508 98017 INFO tempest.lib.common.rest_client [req-75f080ae-1f4d-4566-b015-6e0d1bfad391 ] Request (ImagesOneServerTestJSON:setUpClass): 200 GET https://dal-iaas-001-api-endpoint.prod.walmart.com:8774/v2/9d49c9ad3dd34c419858ea0090a6aa6f/servers/2cdc413f-2d5a-48ae-813d-5679d5ebf130 0.457s
2016-08-12 21:07:44.515 98017 INFO tempest.common.waiters [-] State transition "BUILD/spawning" ==> "ERROR/None" after 16 second wait
2016-08-12 21:07:44.529 98018 INFO tempest.lib.common.rest_client [req-2b12812e-29ec-4c64-b60a-88d66990bd55 ] Request (ServerDiskConfigTestJSON:test_rebuild_server_with_auto_disk_config): 200 GET https://dal-iaas-001-api-endpoint.prod.walmart.com:8774/v2/cf491126aa0c46578f34b365eb5b6932/servers/30e8f6dd-88ec-4bfe-82e0-420aae4a28b8 0.527s
2016-08-12 21:07:44.536 98018 INFO tempest.common.waiters [-] State transition "BUILD/scheduling" ==> "BUILD/spawning" after 15 second wait
2016-08-12 21:07:44.579 98014 INFO tempest.lib.common.rest_client [req-612c3f5c-9dde-49e7-b1d9-b1e4b42acdc7 ] Request (SecurityGroupsTestAdminJSON:setUpClass): 200 POST https://dal-iaas-001-api-endpoint.prod.walmart.com:5443/v2.0/tokens
2016-08-12 21:07:44.609 98012 INFO tempest.lib.common.rest_client [req-2d776544-86f5-440c-a77d-5a70d664f42e ] Request (DomainsTestJSON:test_create_domain_with_disabled_status): 201 POST https://dal-iaas-001-api-endpoint.prod.walmart.com:35357/v3/domains 0.407s
2016-08-12 21:07:44.739 98015 INFO tempest.lib.common.rest_client [req-0056b72e-67b9-47f0-ba91-965dad712706 ] Request (AZV2TestJSON:tearDownClass): 204 DELETE https://dal-iaas-001-api-endpoint.prod.walmart.com:35357/v2.0/users/e44dd1dc5d2d4fc18120611260320449 0.575s
2016-08-12 21:07:44.789 98016 INFO tempest.lib.common.rest_client [req-7f5718a0-2d68-4733-a324-0cc5da839f5b ] Request (ListServersNegativeTestJSON:setUpClass): 200 GET https://dal-iaas-001-api-endpoint.prod.walmart.com:8774/v2/65066cb0cb3d424f8fd62371c5771cf4/servers/f5a89e55-7254-4dd7-8a0e-8f389da04f2b 0.535s
2016-08-12 21:07:44.830 98013 INFO tempest.lib.common.rest_client [req-92f394a2-656b-45e8-a231-349a60c0c48b ] Request (ImagesMetadataTestJSON:test_delete_nonexistent_image_metadata_item): 200 POST https://dal-iaas-001-api-endpoint.prod.walmart.com:5443/v2.0/tokens
2016-08-12 21:07:45.030 98014 INFO tempest.lib.common.rest_client [req-848e9ded-7fff-4dc2-a785-5ea62ac841b7 ] Request (SecurityGroupsTestAdminJSON:setUpClass): 200 POST https://dal-iaas-001-api-endpoint.prod.walmart.com:35357/v2.0/tenants 0.450s
2016-08-12 21:07:45.076 98012 INFO tempest.lib.common.rest_client [req-6195803b-9947-402b-8a24-f8b49ea562c6 ] Request (DomainsTestJSON:_run_cleanups): 204 DELETE https://dal-iaas-001-api-endpoint.prod.walmart.com:35357/v3/domains/38f19227606042309b4a2f5160264480 0.466s
2016-08-12 21:07:45.141 98019 INFO tempest.lib.common.rest_client [req-c01c0ae4-f1bd-47dd-b8c4-cb6218e640dc ] Request (ImagesMetadataTestJSON:setUp): 200 PUT https://dal-iaas-001-api-endpoint.prod.walmart.com:8774/v2/bdb2514e8feb4c0d80ca8dcf9b1ee868/images/11dda7bb-cd39-4910-95fe-fc3d5809c5c6/metadata 0.810s
2016-08-12 21:07:45.312 98017 INFO tempest.lib.common.rest_client [req-686354f2-f4fb-4829-b66b-79de49defdb5 ] Request (ImagesOneServerTestJSON:setUpClass): 204 DELETE https://dal-iaas-001-api-endpoint.prod.walmart.com:8774/v2/9d49c9ad3dd34c419858ea0090a6aa6f/servers/2cdc413f-2d5a-48ae-813d-5679d5ebf130 0.796s
2016-08-12 21:07:45.312 98017 INFO tempest.test [-] <class 'tempest.exceptions.BuildErrorException'> raised in ImagesOneServerTestJSON.setUpClass. Invoking tearDownClass.
2016-08-12 21:07:45.473 98012 INFO tempest.lib.common.rest_client [req-8a78ea81-c7db-447f-b6ab-377036c29dc6 ] Request (DomainsTestJSON:test_create_domain_without_description): 201 POST https://dal-iaas-001-api-endpoint.prod.walmart.com:35357/v3/domains 0.396s
2016-08-12 21:07:45.502 98019 INFO tempest.lib.common.rest_client [req-29e02536-b1c0-463d-a786-60050d7168a6 ] Request (ImagesMetadataTestJSON:test_get_image_metadata_item): 200 GET https://dal-iaas-001-api-endpoint.prod.walmart.com:8774/v2/bdb2514e8feb4c0d80ca8dcf9b1ee868/images/11dda7bb-cd39-4910-95fe-fc3d5809c5c6/metadata/os_distro 0.360s
2016-08-12 21:07:45.519 98014 INFO tempest.lib.common.rest_client [req-8aa40174-5104-4315-9f70-b2513b444327 ] Request (SecurityGroupsTestAdminJSON:setUpClass): 200 POST https://dal-iaas-001-api-endpoint.prod.walmart.com:35357/v2.0/users 0.488s
2016-08-12 21:07:45.532 98015 INFO tempest.lib.common.rest_client [req-278e1404-b95e-4271-8ad7-91c490f95aa3 ] Request (AZV2TestJSON:tearDownClass): 200 GET https://dal-iaas-001-api-endpoint.prod.walmart.com:9696/v2.0/security-groups?tenant_id=70c960e0891542d6b3e34aa34f881b68&name=default 0.793s
2016-08-12 21:07:45.737 98013 INFO tempest.lib.common.rest_client [req-69ab784f-0e6a-42df-9256-252bf2f1da1e ] Request (ImagesMetadataTestJSON:test_delete_nonexistent_image_metadata_item): 404 DELETE https://dal-iaas-001-api-endpoint.prod.walmart.com:8774/v2/97c0bb8be4a54112b8bbe65d71c0b0c7/images/62ece9cc-48e2-448a-932d-40ab464114f7/metadata/os_distro 0.907s
2016-08-12 21:07:45.854 98017 INFO tempest.lib.common.rest_client [req-7c0f31e6-1e41-44ad-baf0-6fcfaa5f653e ] Request (ImagesOneServerTestJSON:tearDownClass): 204 DELETE https://dal-iaas-001-api-endpoint.prod.walmart.com:35357/v2.0/users/618c76240f1b40ecaedac44ad5a0afe9 0.540s
2016-08-12 21:07:45.863 98012 INFO tempest.lib.common.rest_client [req-f428018c-3156-4552-8720-d3066f400575 ] Request (DomainsTestJSON:_run_cleanups): 200 GET https://dal-iaas-001-api-endpoint.prod.walmart.com:35357/v3/domains/31098df4d6874362b59675fa039fea87 0.389s
2016-08-12 21:07:45.868 98015 INFO tempest.lib.common.rest_client [req-ed981d59-b703-4274-a360-bbe28d005ad1 ] Request (AZV2TestJSON:tearDownClass): 204 DELETE https://dal-iaas-001-api-endpoint.prod.walmart.com:9696/v2.0/security-groups/2fa42644-f1c8-4629-a359-bec3e11e8dcf 0.335s
2016-08-12 21:07:45.921 98014 INFO tempest.lib.common.rest_client [req-4befdaba-993a-48c1-b8f7-ebf9d16d5a71 ] Request (SecurityGroupsTestAdminJSON:setUpClass): 200 GET https://dal-iaas-001-api-endpoint.prod.walmart.com:35357/v2.0/OS-KSADM/roles 0.402s
2016-08-12 21:07:46.088 98018 INFO tempest.lib.common.rest_client [req-07404362-4dc0-4c58-aa8c-dcdc20030b60 ] Request (ServerDiskConfigTestJSON:test_rebuild_server_with_auto_disk_config): 200 GET https://dal-iaas-001-api-endpoint.prod.walmart.com:8774/v2/cf491126aa0c46578f34b365eb5b6932/servers/30e8f6dd-88ec-4bfe-82e0-420aae4a28b8 0.545s
2016-08-12 21:07:46.095 98018 INFO tempest.common.waiters [-] State transition "BUILD/spawning" ==> "ERROR/None" after 17 second wait
2016-08-12 21:07:46.175 98013 INFO tempest.lib.common.rest_client [req-c2ed5ddd-a0e8-4e85-9f19-691aa3767986 ] Request (ImagesMetadataTestJSON:test_get_nonexistent_image_metadata_item): 404 GET https://dal-iaas-001-api-endpoint.prod.walmart.com:8774/v2/97c0bb8be4a54112b8bbe65d71c0b0c7/images/1c08e3d6-4ff0-4061-8f46-1198ba93ffff/metadata/os_version 0.436s
2016-08-12 21:07:46.313 98016 INFO tempest.lib.common.rest_client [req-cb1c5466-fd3c-4e41-bf9d-14380c73753f ] Request (ListServersNegativeTestJSON:setUpClass): 200 GET https://dal-iaas-001-api-endpoint.prod.walmart.com:8774/v2/65066cb0cb3d424f8fd62371c5771cf4/servers/f5a89e55-7254-4dd7-8a0e-8f389da04f2b 0.513s
2016-08-12 21:07:46.320 98016 INFO tempest.common.waiters [-] State transition "BUILD/scheduling" ==> "BUILD/networking" after 2 second wait
2016-08-12 21:07:46.346 98012 INFO tempest.lib.common.rest_client [req-936ca08f-39f0-45bd-840c-1259074ba250 ] Request (DomainsTestJSON:_run_cleanups): 200 PATCH https://dal-iaas-001-api-endpoint.prod.walmart.com:35357/v3/domains/31098df4d6874362b59675fa039fea87 0.483s
2016-08-12 21:07:46.358 98015 INFO tempest.lib.common.rest_client [req-d0b66fed-b2b9-436e-9f7b-000c4cd00efc ] Request (AZV2TestJSON:tearDownClass): 204 DELETE https://dal-iaas-001-api-endpoint.prod.walmart.com:35357/v2.0/tenants/70c960e0891542d6b3e34aa34f881b68 0.490s
2016-08-12 21:07:46.362 98014 INFO tempest.lib.common.rest_client [req-57357cea-b519-4156-8a3f-c388dab00eec ] Request (SecurityGroupsTestAdminJSON:setUpClass): 409 PUT https://dal-iaas-001-api-endpoint.prod.walmart.com:35357/v2.0/tenants/03728111091141db88e9fe26855a2eb1/users/181a9293101c4baab4d5dbdf427c93e2/roles/OS-KSADM/9fe2ff9ee4384b1894a90878d3e92bab 0.440s
2016-08-12 21:07:46.363 98014 INFO tempest.common.dynamic_creds [-] Acquired dynamic creds:
 credentials: Credentials: {'username': u'tempest-SecurityGroupsTestAdminJSON-1736219098', 'project_name': u'tempest-SecurityGroupsTestAdminJSON-1736219098', 'user_id': u'181a9293101c4baab4d5dbdf427c93e2', 'tenant_name': u'tempest-SecurityGroupsTestAdminJSON-1736219098', 'tenant_id': u'03728111091141db88e9fe26855a2eb1', 'project_id': u'03728111091141db88e9fe26855a2eb1'}, Network: None, Subnet: None, Router: None
2016-08-12 21:07:46.367 98019 INFO tempest.lib.common.rest_client [req-29a6c76d-27ac-4536-90b5-f8a7dc41137d ] Request (ImagesMetadataTestJSON:setUp): 200 PUT https://dal-iaas-001-api-endpoint.prod.walmart.com:8774/v2/bdb2514e8feb4c0d80ca8dcf9b1ee868/images/11dda7bb-cd39-4910-95fe-fc3d5809c5c6/metadata 0.862s
2016-08-12 21:07:46.635 98013 INFO tempest.lib.common.rest_client [req-1ddd2437-1ea1-4ceb-a852-f5d6addfb998 ] Request (ImagesMetadataTestJSON:test_list_nonexistent_image_metadata): 404 GET https://dal-iaas-001-api-endpoint.prod.walmart.com:8774/v2/97c0bb8be4a54112b8bbe65d71c0b0c7/images/ff69ae5d-5215-4e08-8b4e-9a2b018c3866/metadata 0.458s
2016-08-12 21:07:46.699 98017 INFO tempest.lib.common.rest_client [req-a3590b79-0bc8-4598-8430-206873235ac7 ] Request (ImagesOneServerTestJSON:tearDownClass): 200 GET https://dal-iaas-001-api-endpoint.prod.walmart.com:9696/v2.0/security-groups?tenant_id=9d49c9ad3dd34c419858ea0090a6aa6f&name=default 0.845s
2016-08-12 21:07:46.780 98019 INFO tempest.lib.common.rest_client [req-abb97b0e-befe-440a-b50c-dda05a08ad00 ] Request (ImagesMetadataTestJSON:test_list_image_metadata): 200 GET https://dal-iaas-001-api-endpoint.prod.walmart.com:8774/v2/bdb2514e8feb4c0d80ca8dcf9b1ee868/images/11dda7bb-cd39-4910-95fe-fc3d5809c5c6/metadata 0.412s
2016-08-12 21:07:46.867 98018 INFO tempest.lib.common.rest_client [req-735eb34e-b13d-43d8-9c28-21c008d68ab2 ] Request (ServerDiskConfigTestJSON:test_rebuild_server_with_auto_disk_config): 204 DELETE https://dal-iaas-001-api-endpoint.prod.walmart.com:8774/v2/cf491126aa0c46578f34b365eb5b6932/servers/30e8f6dd-88ec-4bfe-82e0-420aae4a28b8 0.772s
2016-08-12 21:07:46.907 98014 INFO tempest.lib.common.rest_client [req-8553afb3-c812-4095-be5e-0296f92bdc21 ] Request (SecurityGroupsTestAdminJSON:setUpClass): 200 POST https://dal-iaas-001-api-endpoint.prod.walmart.com:35357/v2.0/tenants 0.539s
2016-08-12 21:07:46.907 98012 INFO tempest.lib.common.rest_client [req-7b18863c-4bdc-4de2-9477-5ea2a4c6e677 ] Request (DomainsTestJSON:_run_cleanups): 204 DELETE https://dal-iaas-001-api-endpoint.prod.walmart.com:35357/v3/domains/31098df4d6874362b59675fa039fea87 0.560s
2016-08-12 21:07:47.020 98015 INFO tempest.lib.common.rest_client [req-66c22b17-396c-481a-bfa6-bfc6aeedefb2 ] Request (ServersTestJSON:setUpClass): 200 POST https://dal-iaas-001-api-endpoint.prod.walmart.com:5443/v2.0/tokens
2016-08-12 21:07:47.029 98013 INFO tempest.lib.common.rest_client [req-6217708c-9dcb-4206-913f-cca6dfa68196 ] Request (ImagesMetadataTestJSON:test_set_nonexistent_image_metadata): 404 PUT https://dal-iaas-001-api-endpoint.prod.walmart.com:8774/v2/97c0bb8be4a54112b8bbe65d71c0b0c7/images/cd061874-002a-46f4-bac5-a182529eb654/metadata 0.390s
2016-08-12 21:07:47.046 98017 INFO tempest.lib.common.rest_client [req-9ad61806-1440-49df-b497-d094747f0dee ] Request (ImagesOneServerTestJSON:tearDownClass): 204 DELETE https://dal-iaas-001-api-endpoint.prod.walmart.com:9696/v2.0/security-groups/ac8a7df3-b442-44e2-a762-7fe38e91ccc1 0.345s
2016-08-12 21:07:47.353 98018 INFO tempest.lib.common.rest_client [req-dceec589-daa8-4945-a7f2-aa3ecdaec4fe ] Request (ServerDiskConfigTestJSON:test_rebuild_server_with_manual_disk_config): 200 POST https://dal-iaas-001-api-endpoint.prod.walmart.com:5443/v2.0/tokens
2016-08-12 21:07:47.447 98012 INFO tempest.lib.common.rest_client [req-da705c4a-1b2a-45fd-9795-f11ceb884dc6 ] Request (DomainsTestJSON:test_create_update_delete_domain): 201 POST https://dal-iaas-001-api-endpoint.prod.walmart.com:35357/v3/domains 0.480s
2016-08-12 21:07:47.502 98014 INFO tempest.lib.common.rest_client [req-4bf80ff9-60a2-4180-bdef-c12e03ac5a12 ] Request (SecurityGroupsTestAdminJSON:setUpClass): 200 POST https://dal-iaas-001-api-endpoint.prod.walmart.com:35357/v2.0/users 0.536s
2016-08-12 21:07:47.505 98013 INFO tempest.lib.common.rest_client [req-e87afe2f-1e5e-40d6-8f7d-764679eae881 ] Request (ImagesMetadataTestJSON:test_set_nonexistent_image_metadata_item): 404 PUT https://dal-iaas-001-api-endpoint.prod.walmart.com:8774/v2/97c0bb8be4a54112b8bbe65d71c0b0c7/images/d5f657a3-81b2-4f17-bf7a-d8d84cb8a7f1/metadata/os_distro 0.474s
2016-08-12 21:07:47.604 98017 INFO tempest.lib.common.rest_client [req-3756e85e-9cf0-4751-95c8-449a81a0b429 ] Request (ImagesOneServerTestJSON:tearDownClass): 204 DELETE https://dal-iaas-001-api-endpoint.prod.walmart.com:35357/v2.0/tenants/9d49c9ad3dd34c419858ea0090a6aa6f 0.557s
2016-08-12 21:07:47.657 98019 INFO tempest.lib.common.rest_client [req-5c920562-1213-4533-baee-8c93206dcb87 ] Request (ImagesMetadataTestJSON:setUp): 200 PUT https://dal-iaas-001-api-endpoint.prod.walmart.com:8774/v2/bdb2514e8feb4c0d80ca8dcf9b1ee868/images/11dda7bb-cd39-4910-95fe-fc3d5809c5c6/metadata 0.875s
2016-08-12 21:07:47.671 98015 INFO tempest.lib.common.rest_client [req-45b0cc33-e786-4d6b-a621-1baab268c3f4 ] Request (ServersTestJSON:setUpClass): 200 POST https://dal-iaas-001-api-endpoint.prod.walmart.com:5443/v2.0/tokens
2016-08-12 21:07:47.810 98016 INFO tempest.lib.common.rest_client [req-e073fc95-44a9-4d69-a8b3-98aa037de924 ] Request (ListServersNegativeTestJSON:setUpClass): 200 GET https://dal-iaas-001-api-endpoint.prod.walmart.com:8774/v2/65066cb0cb3d424f8fd62371c5771cf4/servers/f5a89e55-7254-4dd7-8a0e-8f389da04f2b 0.484s
2016-08-12 21:07:47.816 98016 INFO tempest.common.waiters [-] State transition "BUILD/networking" ==> "BUILD/spawning" after 3 second wait
2016-08-12 21:07:47.961 98013 INFO tempest.lib.common.rest_client [req-0e2dfad4-3314-4656-b399-23cdda82b9b5 ] Request (ImagesMetadataTestJSON:test_update_nonexistent_image_metadata): 404 POST https://dal-iaas-001-api-endpoint.prod.walmart.com:8774/v2/97c0bb8be4a54112b8bbe65d71c0b0c7/images/9988a5f7-705f-4173-a424-1d68eec3c287/metadata 0.453s
2016-08-12 21:07:47.971 98014 INFO tempest.lib.common.rest_client [req-763957a8-3ece-49c0-bb02-34f3349afd99 ] Request (SecurityGroupsTestAdminJSON:setUpClass): 200 GET https://dal-iaas-001-api-endpoint.prod.walmart.com:35357/v2.0/OS-KSADM/roles 0.468s
2016-08-12 21:07:47.971 98012 INFO tempest.lib.common.rest_client [req-61652b8e-67ac-4172-a34d-b7ab9a64ece5 ] Request (DomainsTestJSON:test_create_update_delete_domain): 200 GET https://dal-iaas-001-api-endpoint.prod.walmart.com:35357/v3/domains/cf5c132c6ec14128a5f0a0a8c7d22977 0.523s
2016-08-12 21:07:48.145 98015 INFO tempest.lib.common.rest_client [req-07c4cb97-331f-4b96-a8ea-f73e5e06210d ] Request (ServersTestJSON:setUpClass): 200 POST https://dal-iaas-001-api-endpoint.prod.walmart.com:35357/v2.0/tenants 0.473s
2016-08-12 21:07:48.324 98017 INFO tempest.lib.common.rest_client [req-d1d9d9af-2194-4387-891c-29f68adc15e2 ] Request (KeyPairsV2TestJSON:setUpClass): 200 POST https://dal-iaas-001-api-endpoint.prod.walmart.com:5443/v2.0/tokens
2016-08-12 21:07:48.384 98018 INFO tempest.lib.common.rest_client [req-fa6fff94-9cea-468b-9b15-75430656ef55 ] Request (ServerDiskConfigTestJSON:test_rebuild_server_with_manual_disk_config): 200 GET https://dal-iaas-001-api-endpoint.prod.walmart.com:8774/v2/cf491126aa0c46578f34b365eb5b6932/os-networks 1.030s
2016-08-12 21:07:48.384 98018 INFO tempest.common.fixed_network [-] (ServerDiskConfigTestJSON:test_rebuild_server_with_manual_disk_config) Found network {'name': u'net1', u'dns2': None, u'dns1': None, u'cidr': None, u'label': u'net1', u'broadcast': None, u'netmask': None, u'gateway_v6': None, u'id': u'1db35de8-93c8-455c-a1c1-720801bd971a', u'cidr_v6': None, u'gateway': None, u'netmask_v6': None} available for tenant
2016-08-12 21:07:48.408 98013 INFO tempest.lib.common.rest_client [req-68b24f4f-eb83-4a6c-8cba-ababacf515a2 ] Request (ImagesMetadataTestJSON:tearDownClass): 204 DELETE https://dal-iaas-001-api-endpoint.prod.walmart.com:35357/v2.0/users/87982c2f0af4478fadc832f1ccaa2f88 0.445s
2016-08-12 21:07:48.418 98014 INFO tempest.lib.common.rest_client [req-3b01f55f-6df5-4d2b-b2c6-977ff74c2ff1 ] Request (SecurityGroupsTestAdminJSON:setUpClass): 200 PUT https://dal-iaas-001-api-endpoint.prod.walmart.com:35357/v2.0/tenants/2a26c71b92974a8c8733c60af89580aa/users/22f6401b70b04f379791abd941d872e9/roles/OS-KSADM/b5b0387bbe864c43a2999e531988bb8f 0.446s
2016-08-12 21:07:48.450 98019 INFO tempest.lib.common.rest_client [req-4d7ea6a6-2e2f-4695-9d42-1b4c0b7c7665 ] Request (ImagesMetadataTestJSON:test_set_image_metadata): 200 PUT https://dal-iaas-001-api-endpoint.prod.walmart.com:8774/v2/bdb2514e8feb4c0d80ca8dcf9b1ee868/images/11dda7bb-cd39-4910-95fe-fc3d5809c5c6/metadata 0.791s
2016-08-12 21:07:48.458 98012 INFO tempest.lib.common.rest_client [req-cf84968f-39d7-4dd0-8374-1f669c693f99 ] Request (DomainsTestJSON:test_create_update_delete_domain): 200 PATCH https://dal-iaas-001-api-endpoint.prod.walmart.com:35357/v3/domains/cf5c132c6ec14128a5f0a0a8c7d22977 0.486s
2016-08-12 21:07:48.665 98015 INFO tempest.lib.common.rest_client [req-93e5bfd4-3d77-4075-87f1-c89e94c30691 ] Request (ServersTestJSON:setUpClass): 200 POST https://dal-iaas-001-api-endpoint.prod.walmart.com:35357/v2.0/users 0.520s
2016-08-12 21:07:48.804 98019 INFO tempest.lib.common.rest_client [req-66845905-e694-46b5-adb3-ab26ccc09a19 ] Request (ImagesMetadataTestJSON:test_set_image_metadata): 200 GET https://dal-iaas-001-api-endpoint.prod.walmart.com:8774/v2/bdb2514e8feb4c0d80ca8dcf9b1ee868/images/11dda7bb-cd39-4910-95fe-fc3d5809c5c6/metadata 0.353s
2016-08-12 21:07:48.855 98014 INFO tempest.lib.common.rest_client [req-fbc658c3-66a8-4fbe-8441-5d0924b2d159 ] Request (SecurityGroupsTestAdminJSON:setUpClass): 200 GET https://dal-iaas-001-api-endpoint.prod.walmart.com:35357/v2.0/OS-KSADM/roles 0.436s
2016-08-12 21:07:48.881 98012 INFO tempest.lib.common.rest_client [req-4ba80e28-0690-4da3-98d9-ab79460cfdb8 ] Request (DomainsTestJSON:test_create_update_delete_domain): 200 GET https://dal-iaas-001-api-endpoint.prod.walmart.com:35357/v3/domains/cf5c132c6ec14128a5f0a0a8c7d22977 0.422s
2016-08-12 21:07:48.889 98017 INFO tempest.lib.common.rest_client [req-206449d9-8774-4d18-aa9a-8935c15053f5 ] Request (KeyPairsV2TestJSON:setUpClass): 200 POST https://dal-iaas-001-api-endpoint.prod.walmart.com:5443/v2.0/tokens
2016-08-12 21:07:49.177 98015 INFO tempest.lib.common.rest_client [req-e5e06aff-b571-4222-94ef-4cbf30347585 ] Request (ServersTestJSON:setUpClass): 200 GET https://dal-iaas-001-api-endpoint.prod.walmart.com:35357/v2.0/OS-KSADM/roles 0.510s
2016-08-12 21:07:49.257 98014 INFO tempest.lib.common.rest_client [req-cec9b840-5ff0-4446-91db-e5960496bd2e ] Request (SecurityGroupsTestAdminJSON:setUpClass): 409 PUT https://dal-iaas-001-api-endpoint.prod.walmart.com:35357/v2.0/tenants/2a26c71b92974a8c8733c60af89580aa/users/22f6401b70b04f379791abd941d872e9/roles/OS-KSADM/9fe2ff9ee4384b1894a90878d3e92bab 0.401s
2016-08-12 21:07:49.257 98014 INFO tempest.common.dynamic_creds [-] Acquired dynamic creds:
 credentials: Credentials: {'username': u'tempest-SecurityGroupsTestAdminJSON-477559860', 'project_name': u'tempest-SecurityGroupsTestAdminJSON-477559860', 'user_id': u'22f6401b70b04f379791abd941d872e9', 'tenant_name': u'tempest-SecurityGroupsTestAdminJSON-477559860', 'tenant_id': u'2a26c71b92974a8c8733c60af89580aa', 'project_id': u'2a26c71b92974a8c8733c60af89580aa'}, Network: None, Subnet: None, Router: None
2016-08-12 21:07:49.301 98013 INFO tempest.lib.common.rest_client [req-9504bc64-da0b-41b7-a49c-ef62e382d4cb ] Request (ImagesMetadataTestJSON:tearDownClass): 200 GET https://dal-iaas-001-api-endpoint.prod.walmart.com:9696/v2.0/security-groups?tenant_id=97c0bb8be4a54112b8bbe65d71c0b0c7&name=default 0.892s
2016-08-12 21:07:49.304 98016 INFO tempest.lib.common.rest_client [req-a8973e48-3d05-42eb-a209-f3a2147a0bcd ] Request (ListServersNegativeTestJSON:setUpClass): 200 GET https://dal-iaas-001-api-endpoint.prod.walmart.com:8774/v2/65066cb0cb3d424f8fd62371c5771cf4/servers/f5a89e55-7254-4dd7-8a0e-8f389da04f2b 0.484s
2016-08-12 21:07:49.310 98017 INFO tempest.lib.common.rest_client [req-d2c5d718-9ef0-4d71-a248-54400566e413 ] Request (KeyPairsV2TestJSON:setUpClass): 200 POST https://dal-iaas-001-api-endpoint.prod.walmart.com:35357/v2.0/tenants 0.420s
2016-08-12 21:07:49.310 98016 INFO tempest.common.waiters [-] State transition "BUILD/spawning" ==> "BUILD/None" after 5 second wait
2016-08-12 21:07:49.320 98018 INFO tempest.lib.common.rest_client [req-b2cca939-25eb-4304-b183-2925e4e416e9 ] Request (ServerDiskConfigTestJSON:test_rebuild_server_with_manual_disk_config): 202 POST https://dal-iaas-001-api-endpoint.prod.walmart.com:8774/v2/cf491126aa0c46578f34b365eb5b6932/servers 0.935s
2016-08-12 21:07:49.383 98012 INFO tempest.lib.common.rest_client [req-84a8a177-c36c-4562-94f1-73103640f041 ] Request (DomainsTestJSON:test_create_update_delete_domain): 204 DELETE https://dal-iaas-001-api-endpoint.prod.walmart.com:35357/v3/domains/cf5c132c6ec14128a5f0a0a8c7d22977 0.501s
2016-08-12 21:07:49.585 98019 INFO tempest.lib.common.rest_client [req-9c1d5f1e-98bb-4868-a582-c2da908f2e2f ] Request (ImagesMetadataTestJSON:setUp): 200 PUT https://dal-iaas-001-api-endpoint.prod.walmart.com:8774/v2/bdb2514e8feb4c0d80ca8dcf9b1ee868/images/11dda7bb-cd39-4910-95fe-fc3d5809c5c6/metadata 0.778s
2016-08-12 21:07:49.641 98013 INFO tempest.lib.common.rest_client [req-d3828ae3-6198-4c4a-b8dd-c54fd6823742 ] Request (ImagesMetadataTestJSON:tearDownClass): 204 DELETE https://dal-iaas-001-api-endpoint.prod.walmart.com:9696/v2.0/security-groups/9fdae8cb-873c-46ac-826c-ae9d90da2d79 0.340s
2016-08-12 21:07:49.654 98015 INFO tempest.lib.common.rest_client [req-84918e7e-1cd2-41da-b0be-b1345c541a63 ] Request (ServersTestJSON:setUpClass): 409 PUT https://dal-iaas-001-api-endpoint.prod.walmart.com:35357/v2.0/tenants/eee2df56012a4e4a8ebc13a2590fee77/users/d9629112469f4205af8d59a324a61b5e/roles/OS-KSADM/9fe2ff9ee4384b1894a90878d3e92bab 0.476s
2016-08-12 21:07:49.654 98015 INFO tempest.common.dynamic_creds [-] Acquired dynamic creds:
 credentials: Credentials: {'username': u'tempest-ServersTestJSON-1477048146', 'project_name': u'tempest-ServersTestJSON-1477048146', 'user_id': u'd9629112469f4205af8d59a324a61b5e', 'tenant_name': u'tempest-ServersTestJSON-1477048146', 'tenant_id': u'eee2df56012a4e4a8ebc13a2590fee77', 'project_id': u'eee2df56012a4e4a8ebc13a2590fee77'}, Network: None, Subnet: None, Router: None
2016-08-12 21:07:49.729 98014 INFO tempest.lib.common.rest_client [req-3171deb3-e872-47fc-85ca-46f94eea6bc2 ] Request (SecurityGroupsTestAdminJSON:test_list_security_groups_list_all_tenants_filter): 200 POST https://dal-iaas-001-api-endpoint.prod.walmart.com:5443/v2.0/tokens
2016-08-12 21:07:49.787 98017 INFO tempest.lib.common.rest_client [req-7f8ce728-ccbe-4cd2-95c0-0510ec0cb8a5 ] Request (KeyPairsV2TestJSON:setUpClass): 200 POST https://dal-iaas-001-api-endpoint.prod.walmart.com:35357/v2.0/users 0.476s
2016-08-12 21:07:49.795 98018 INFO tempest.lib.common.rest_client [req-8277deb9-d640-40a8-9b45-5d57127c095d ] Request (ServerDiskConfigTestJSON:test_rebuild_server_with_manual_disk_config): 200 GET https://dal-iaas-001-api-endpoint.prod.walmart.com:8774/v2/cf491126aa0c46578f34b365eb5b6932/servers/2c5b2019-1420-45d9-90ba-962b6df44372 0.473s
2016-08-12 21:07:49.812 98012 INFO tempest.lib.common.rest_client [req-40125116-ab45-42ba-9fca-798483943d41 ] Request (DomainsTestJSON:test_create_update_delete_domain): 200 GET https://dal-iaas-001-api-endpoint.prod.walmart.com:35357/v3/domains 0.429s
2016-08-12 21:07:50.142 98015 INFO tempest.lib.common.rest_client [req-ec46a853-900e-4091-bc41-4d7383ae7b50 ] Request (ServersTestJSON:setUpClass): 200 POST https://dal-iaas-001-api-endpoint.prod.walmart.com:5443/v2.0/tokens
2016-08-12 21:07:50.189 98013 INFO tempest.lib.common.rest_client [req-0e2a365e-dbea-4f5e-842a-9cb48d39bc3f ] Request (ImagesMetadataTestJSON:tearDownClass): 204 DELETE https://dal-iaas-001-api-endpoint.prod.walmart.com:35357/v2.0/tenants/97c0bb8be4a54112b8bbe65d71c0b0c7 0.547s
2016-08-12 21:07:50.213 98017 INFO tempest.lib.common.rest_client [req-78c29f10-948e-46ab-93da-46d79ff9c861 ] Request (KeyPairsV2TestJSON:setUpClass): 200 GET https://dal-iaas-001-api-endpoint.prod.walmart.com:35357/v2.0/OS-KSADM/roles 0.425s
2016-08-12 21:07:50.214 98012 INFO tempest.lib.common.rest_client [req-08827b6a-bdc2-4355-968b-3b0cd99de503 ] Request (DomainsTestJSON:_run_cleanups): 404 GET https://dal-iaas-001-api-endpoint.prod.walmart.com:35357/v3/domains/cf5c132c6ec14128a5f0a0a8c7d22977 0.401s
2016-08-12 21:07:50.428 98019 INFO tempest.lib.common.rest_client [req-91c70bb0-c933-46a0-ae7e-4ba5f04684fc ] Request (ImagesMetadataTestJSON:test_set_image_metadata_item): 200 PUT https://dal-iaas-001-api-endpoint.prod.walmart.com:8774/v2/bdb2514e8feb4c0d80ca8dcf9b1ee868/images/11dda7bb-cd39-4910-95fe-fc3d5809c5c6/metadata/os_version 0.841s
2016-08-12 21:07:50.639 98017 INFO tempest.lib.common.rest_client [req-aa590d98-c7da-4b3c-a0ab-a1db7aca8ffb ] Request (KeyPairsV2TestJSON:setUpClass): 409 PUT https://dal-iaas-001-api-endpoint.prod.walmart.com:35357/v2.0/tenants/2a77faf5a71744febba8cd4e53ee8462/users/38764047f1bb4f23955b6a140cb8c51c/roles/OS-KSADM/9fe2ff9ee4384b1894a90878d3e92bab 0.425s
2016-08-12 21:07:50.640 98017 INFO tempest.common.dynamic_creds [-] Acquired dynamic creds:
 credentials: Credentials: {'username': u'tempest-KeyPairsV2TestJSON-2017241659', 'project_name': u'tempest-KeyPairsV2TestJSON-2017241659', 'user_id': u'38764047f1bb4f23955b6a140cb8c51c', 'tenant_name': u'tempest-KeyPairsV2TestJSON-2017241659', 'tenant_id': u'2a77faf5a71744febba8cd4e53ee8462', 'project_id': u'2a77faf5a71744febba8cd4e53ee8462'}, Network: None, Subnet: None, Router: None
2016-08-12 21:07:50.655 98012 INFO tempest.lib.common.rest_client [req-5bf065bc-fa93-45c2-896e-1c675b684b1e ] Request (DomainsTestJSON:test_list_domains): 200 GET https://dal-iaas-001-api-endpoint.prod.walmart.com:35357/v3/domains 0.439s
2016-08-12 21:07:50.682 98014 INFO tempest.lib.common.rest_client [req-f4109f0b-1a03-4ac4-b8e6-f65c0da61e7a ] Request (SecurityGroupsTestAdminJSON:test_list_security_groups_list_all_tenants_filter): 200 POST https://dal-iaas-001-api-endpoint.prod.walmart.com:8774/v2/03728111091141db88e9fe26855a2eb1/os-security-groups 0.952s
2016-08-12 21:07:50.714 98013 INFO tempest.lib.common.rest_client [req-0964036f-5cf9-4f15-a435-37c687340fd5 ] Request (ImagesOneServerNegativeTestJSON:setUpClass): 200 POST https://dal-iaas-001-api-endpoint.prod.walmart.com:5443/v2.0/tokens
2016-08-12 21:07:50.800 98016 INFO tempest.lib.common.rest_client [req-b12d49c5-18e0-46a1-b472-02ce154d08e7 ] Request (ListServersNegativeTestJSON:setUpClass): 200 GET https://dal-iaas-001-api-endpoint.prod.walmart.com:8774/v2/65066cb0cb3d424f8fd62371c5771cf4/servers/f5a89e55-7254-4dd7-8a0e-8f389da04f2b 0.484s
2016-08-12 21:07:50.806 98016 INFO tempest.common.waiters [-] State transition "BUILD/None" ==> "BUILD/spawning" after 6 second wait
2016-08-12 21:07:50.827 98019 INFO tempest.lib.common.rest_client [req-dc58a3d2-b5c1-4ce5-bcdd-6f9604eb2880 ] Request (ImagesMetadataTestJSON:test_set_image_metadata_item): 200 GET https://dal-iaas-001-api-endpoint.prod.walmart.com:8774/v2/bdb2514e8feb4c0d80ca8dcf9b1ee868/images/11dda7bb-cd39-4910-95fe-fc3d5809c5c6/metadata 0.398s
2016-08-12 21:07:51.053 98014 INFO tempest.lib.common.rest_client [req-a1858dc6-6ad9-46c6-9072-d804da8ad9ea ] Request (SecurityGroupsTestAdminJSON:test_list_security_groups_list_all_tenants_filter): 200 POST https://dal-iaas-001-api-endpoint.prod.walmart.com:8774/v2/03728111091141db88e9fe26855a2eb1/os-security-groups 0.367s
2016-08-12 21:07:51.095 98012 INFO tempest.lib.common.rest_client [req-c5f40ef5-e5ce-40ce-94db-aed0e813e369 ] Request (DomainsTestJSON:test_list_domains_filter_by_enabled): 200 GET https://dal-iaas-001-api-endpoint.prod.walmart.com:35357/v3/domains?enabled=True 0.438s
2016-08-12 21:07:51.123 98017 INFO tempest.lib.common.rest_client [req-46e90b18-c2b1-4ceb-b07a-b31835b25184 ] Request (KeyPairsV2TestJSON:test_get_keypair_detail): 200 POST https://dal-iaas-001-api-endpoint.prod.walmart.com:5443/v2.0/tokens
2016-08-12 21:07:51.305 98013 INFO tempest.lib.common.rest_client [req-c116d175-641b-4616-8bff-b5bb592a0477 ] Request (ImagesOneServerNegativeTestJSON:setUpClass): 200 POST https://dal-iaas-001-api-endpoint.prod.walmart.com:5443/v2.0/tokens
2016-08-12 21:07:51.324 98018 INFO tempest.lib.common.rest_client [req-ccee03f7-d396-43bd-aeeb-ae8b17694e19 ] Request (ServerDiskConfigTestJSON:test_rebuild_server_with_manual_disk_config): 200 GET https://dal-iaas-001-api-endpoint.prod.walmart.com:8774/v2/cf491126aa0c46578f34b365eb5b6932/servers/2c5b2019-1420-45d9-90ba-962b6df44372 0.518s
2016-08-12 21:07:51.333 98018 INFO tempest.common.waiters [-] State transition "BUILD/scheduling" ==> "BUILD/networking" after 2 second wait
2016-08-12 21:07:51.504 98012 INFO tempest.lib.common.rest_client [req-9abfde41-ff69-4dc4-a129-a479df44c0a2 ] Request (DomainsTestJSON:test_list_domains_filter_by_name): 200 GET https://dal-iaas-001-api-endpoint.prod.walmart.com:35357/v3/domains?name=tempest-domain-1508481213 0.407s
2016-08-12 21:07:51.514 98014 INFO tempest.lib.common.rest_client [req-651df2f1-0518-4847-ab9e-fadf75d50494 ] Request (SecurityGroupsTestAdminJSON:test_list_security_groups_list_all_tenants_filter): 200 POST https://dal-iaas-001-api-endpoint.prod.walmart.com:5443/v2.0/tokens
2016-08-12 21:07:51.571 98019 INFO tempest.lib.common.rest_client [req-dfd77f4c-c35c-497a-926f-63b4152673cc ] Request (ImagesMetadataTestJSON:setUp): 200 PUT https://dal-iaas-001-api-endpoint.prod.walmart.com:8774/v2/bdb2514e8feb4c0d80ca8dcf9b1ee868/images/11dda7bb-cd39-4910-95fe-fc3d5809c5c6/metadata 0.741s
2016-08-12 21:07:51.726 98013 INFO tempest.lib.common.rest_client [req-70482961-2bea-4c28-8b54-021272bcef40 ] Request (ImagesOneServerNegativeTestJSON:setUpClass): 200 POST https://dal-iaas-001-api-endpoint.prod.walmart.com:35357/v2.0/tenants 0.420s
2016-08-12 21:07:51.900 98012 INFO tempest.lib.common.rest_client [req-367e363f-28e9-491c-91dc-1ff19f302604 ] Request (DomainsTestJSON:tearDownClass): 200 GET https://dal-iaas-001-api-endpoint.prod.walmart.com:35357/v3/domains/b48cc8fb49b94a3ca353498f0a1c9b56 0.394s
2016-08-12 21:07:52.214 98013 INFO tempest.lib.common.rest_client [req-f33c6fa6-84e4-4537-aab2-c39b77cc8a16 ] Request (ImagesOneServerNegativeTestJSON:setUpClass): 200 POST https://dal-iaas-001-api-endpoint.prod.walmart.com:35357/v2.0/users 0.487s
2016-08-12 21:07:52.271 98016 INFO tempest.lib.common.rest_client [req-4cfdb878-b23b-445b-ad54-703366e8b526 ] Request (ListServersNegativeTestJSON:setUpClass): 200 GET https://dal-iaas-001-api-endpoint.prod.walmart.com:8774/v2/65066cb0cb3d424f8fd62371c5771cf4/servers/f5a89e55-7254-4dd7-8a0e-8f389da04f2b 0.460s
2016-08-12 21:07:52.279 98016 INFO tempest.common.waiters [-] State transition "BUILD/spawning" ==> "BUILD/None" after 8 second wait
2016-08-12 21:07:52.337 98015 INFO tempest.lib.common.rest_client [req-dd1260a1-0e46-4d15-8498-e81912affd9b ] Request (ServersTestJSON:setUpClass): 200 POST https://dal-iaas-001-api-endpoint.prod.walmart.com:8774/v2/eee2df56012a4e4a8ebc13a2590fee77/os-keypairs 2.195s
2016-08-12 21:07:52.353 98012 INFO tempest.lib.common.rest_client [req-37d09e5f-fb2f-4c66-8c20-3c32677350cb ] Request (DomainsTestJSON:tearDownClass): 200 PATCH https://dal-iaas-001-api-endpoint.prod.walmart.com:35357/v3/domains/b48cc8fb49b94a3ca353498f0a1c9b56 0.452s
2016-08-12 21:07:52.356 98019 INFO tempest.lib.common.rest_client [req-cb6b9bb8-0f58-4897-94c3-3dfae1026213 ] Request (ImagesMetadataTestJSON:test_update_image_metadata): 200 POST https://dal-iaas-001-api-endpoint.prod.walmart.com:8774/v2/bdb2514e8feb4c0d80ca8dcf9b1ee868/images/11dda7bb-cd39-4910-95fe-fc3d5809c5c6/metadata 0.783s
2016-08-12 21:07:52.376 98014 INFO tempest.lib.common.rest_client [req-73804eee-9545-4364-8f58-cb0eef5fc75c ] Request (SecurityGroupsTestAdminJSON:test_list_security_groups_list_all_tenants_filter): 200 POST https://dal-iaas-001-api-endpoint.prod.walmart.com:8774/v2/2a26c71b92974a8c8733c60af89580aa/os-security-groups 0.861s
2016-08-12 21:07:52.573 98017 INFO tempest.lib.common.rest_client [req-6133ae9c-9189-4ce4-9367-c9ca22a45dc7 ] Request (KeyPairsV2TestJSON:test_get_keypair_detail): 200 POST https://dal-iaas-001-api-endpoint.prod.walmart.com:8774/v2/2a77faf5a71744febba8cd4e53ee8462/os-keypairs 1.449s
2016-08-12 21:07:52.690 98013 INFO tempest.lib.common.rest_client [req-52ffc123-d302-488a-ac70-f066d56c43af ] Request (ImagesOneServerNegativeTestJSON:setUpClass): 200 GET https://dal-iaas-001-api-endpoint.prod.walmart.com:35357/v2.0/OS-KSADM/roles 0.475s
2016-08-12 21:07:52.704 98015 INFO tempest.lib.common.rest_client [req-d08a2f1d-dc03-4dea-9d75-96ac83133d92 ] Request (ServersTestJSON:setUpClass): 200 POST https://dal-iaas-001-api-endpoint.prod.walmart.com:8774/v2/eee2df56012a4e4a8ebc13a2590fee77/os-security-groups 0.365s
2016-08-12 21:07:52.705 98014 INFO tempest.lib.common.rest_client [req-2a2dd9e6-af7e-41da-abf0-bfb5d3484147 ] Request (SecurityGroupsTestAdminJSON:test_list_security_groups_list_all_tenants_filter): 200 POST https://dal-iaas-001-api-endpoint.prod.walmart.com:8774/v2/2a26c71b92974a8c8733c60af89580aa/os-security-groups 0.325s
2016-08-12 21:07:52.706 98019 INFO tempest.lib.common.rest_client [req-c3007c9b-925f-40fc-b605-db23d8d328b6 ] Request (ImagesMetadataTestJSON:test_update_image_metadata): 200 GET https://dal-iaas-001-api-endpoint.prod.walmart.com:8774/v2/bdb2514e8feb4c0d80ca8dcf9b1ee868/images/11dda7bb-cd39-4910-95fe-fc3d5809c5c6/metadata 0.349s
2016-08-12 21:07:52.777 98018 INFO tempest.lib.common.rest_client [req-6d01b193-19ff-4970-9326-cd7f58e6a496 ] Request (ServerDiskConfigTestJSON:test_rebuild_server_with_manual_disk_config): 200 GET https://dal-iaas-001-api-endpoint.prod.walmart.com:8774/v2/cf491126aa0c46578f34b365eb5b6932/servers/2c5b2019-1420-45d9-90ba-962b6df44372 0.440s
2016-08-12 21:07:52.784 98018 INFO tempest.common.waiters [-] State transition "BUILD/networking" ==> "BUILD/scheduling" after 3 second wait
2016-08-12 21:07:52.844 98012 INFO tempest.lib.common.rest_client [req-1071f6c7-57cb-40c9-8960-eb14db3de414 ] Request (DomainsTestJSON:tearDownClass): 204 DELETE https://dal-iaas-001-api-endpoint.prod.walmart.com:35357/v3/domains/b48cc8fb49b94a3ca353498f0a1c9b56 0.490s
2016-08-12 21:07:52.855 98017 INFO tempest.lib.common.rest_client [req-e129a933-6e7a-438a-abec-1c4072e90805 ] Request (KeyPairsV2TestJSON:test_get_keypair_detail): 200 GET https://dal-iaas-001-api-endpoint.prod.walmart.com:8774/v2/2a77faf5a71744febba8cd4e53ee8462/os-keypairs/tempest-keypair-1591025181 0.280s
2016-08-12 21:07:53.084 98015 INFO tempest.lib.common.rest_client [req-e5eb8521-7bc9-44f1-bb4f-f22518f790ae ] Request (ServersTestJSON:setUpClass): 201 POST https://dal-iaas-001-api-endpoint.prod.walmart.com:9696/v2.0/security-group-rules 0.377s
2016-08-12 21:07:53.111 98013 INFO tempest.lib.common.rest_client [req-39f20fc3-8264-4a87-b55f-e76153efe860 ] Request (ImagesOneServerNegativeTestJSON:setUpClass): 409 PUT https://dal-iaas-001-api-endpoint.prod.walmart.com:35357/v2.0/tenants/c5f352f43df34b6496afc307972ae880/users/642072daad9d422d9ad3c3ebe56b3037/roles/OS-KSADM/9fe2ff9ee4384b1894a90878d3e92bab 0.421s
2016-08-12 21:07:53.112 98013 INFO tempest.common.dynamic_creds [-] Acquired dynamic creds:
 credentials: Credentials: {'username': u'tempest-ImagesOneServerNegativeTestJSON-637343211', 'project_name': u'tempest-ImagesOneServerNegativeTestJSON-637343211', 'user_id': u'642072daad9d422d9ad3c3ebe56b3037', 'tenant_name': u'tempest-ImagesOneServerNegativeTestJSON-637343211', 'tenant_id': u'c5f352f43df34b6496afc307972ae880', 'project_id': u'c5f352f43df34b6496afc307972ae880'}, Network: None, Subnet: None, Router: None
2016-08-12 21:07:53.128 98017 INFO tempest.lib.common.rest_client [req-54542627-1f14-4161-9ed6-d417cb2f329b ] Request (KeyPairsV2TestJSON:_run_cleanups): 202 DELETE https://dal-iaas-001-api-endpoint.prod.walmart.com:8774/v2/2a77faf5a71744febba8cd4e53ee8462/os-keypairs/tempest-keypair-1591025181 0.271s
2016-08-12 21:07:53.254 98012 INFO tempest.lib.common.rest_client [req-f20556e2-7a17-426c-ab93-01ca8363a445 ] Request (DomainsTestJSON:tearDownClass): 200 GET https://dal-iaas-001-api-endpoint.prod.walmart.com:35357/v3/domains/f5db9afc504e48f89a5923b22a89c6d6 0.409s
2016-08-12 21:07:53.322 98019 INFO tempest.lib.common.rest_client [req-9106e691-b26d-4cd2-aae3-6c8c395537d8 ] Request (ImagesMetadataTestJSON:tearDownClass): 204 DELETE https://dal-iaas-001-api-endpoint.prod.walmart.com:8774/v2/bdb2514e8feb4c0d80ca8dcf9b1ee868/images/11dda7bb-cd39-4910-95fe-fc3d5809c5c6 0.614s
2016-08-12 21:07:53.445 98015 INFO tempest.lib.common.rest_client [req-67f956f7-9131-4c3e-ac99-ec7b26d152ac ] Request (ServersTestJSON:setUpClass): 201 POST https://dal-iaas-001-api-endpoint.prod.walmart.com:9696/v2.0/security-group-rules 0.360s
2016-08-12 21:07:53.604 98013 INFO tempest.lib.common.rest_client [req-18a2c3b4-37ef-4213-8043-11fb1f8ea98c ] Request (ImagesOneServerNegativeTestJSON:setUpClass): 200 POST https://dal-iaas-001-api-endpoint.prod.walmart.com:5443/v2.0/tokens
2016-08-12 21:07:53.690 98012 INFO tempest.lib.common.rest_client [req-1d6b541b-de3a-4972-a027-1d1d0450d3c4 ] Request (DomainsTestJSON:tearDownClass): 200 PATCH https://dal-iaas-001-api-endpoint.prod.walmart.com:35357/v3/domains/f5db9afc504e48f89a5923b22a89c6d6 0.436s
2016-08-12 21:07:53.698 98016 INFO tempest.lib.common.rest_client [req-5449a39f-82e0-4aea-b46d-b17c887dc013 ] Request (ListServersNegativeTestJSON:setUpClass): 200 GET https://dal-iaas-001-api-endpoint.prod.walmart.com:8774/v2/65066cb0cb3d424f8fd62371c5771cf4/servers/f5a89e55-7254-4dd7-8a0e-8f389da04f2b 0.417s
2016-08-12 21:07:53.705 98016 INFO tempest.common.waiters [-] State transition "BUILD/None" ==> "BUILD/spawning" after 9 second wait
2016-08-12 21:07:53.759 98015 INFO tempest.lib.common.rest_client [req-25a5040e-65d2-45a5-92c8-705f18b35089 ] Request (ServersTestJSON:setUpClass): 404 POST https://dal-iaas-001-api-endpoint.prod.walmart.com:8774/v2/eee2df56012a4e4a8ebc13a2590fee77/os-floating-ips 0.313s
2016-08-12 21:07:53.760 98015 INFO tempest.test [-] <class 'tempest.lib.exceptions.NotFound'> raised in ServersTestJSON.setUpClass. Invoking tearDownClass.
2016-08-12 21:07:53.760 98015 INFO tempest.test [-] tearDownClass of resources failed: type object 'ServersTestJSON' has no attribute 'images'
2016-08-12 21:07:53.762 98019 INFO tempest.lib.common.rest_client [req-79102da0-140b-46b9-9d8a-741b207cc463 ] Request (ImagesMetadataTestJSON:tearDownClass): 204 DELETE https://dal-iaas-001-api-endpoint.prod.walmart.com:35357/v2.0/users/e23fd301ecb64b4b9019025607666fd3 0.439s
2016-08-12 21:07:54.149 98012 INFO tempest.lib.common.rest_client [req-685718c8-25b2-4856-9477-7b5007aa35b8 ] Request (DomainsTestJSON:tearDownClass): 204 DELETE https://dal-iaas-001-api-endpoint.prod.walmart.com:35357/v3/domains/f5db9afc504e48f89a5923b22a89c6d6 0.459s
2016-08-12 21:07:54.172 98015 INFO tempest.lib.common.rest_client [req-c2fbc78c-956a-4bf8-b77f-772786d0cbf0 ] Request (ServersTestJSON:tearDownClass): 204 DELETE https://dal-iaas-001-api-endpoint.prod.walmart.com:35357/v2.0/users/d9629112469f4205af8d59a324a61b5e 0.412s
2016-08-12 21:07:54.212 98018 INFO tempest.lib.common.rest_client [req-26223b14-569f-4221-ab20-a1725a63541e ] Request (ServerDiskConfigTestJSON:test_rebuild_server_with_manual_disk_config): 200 GET https://dal-iaas-001-api-endpoint.prod.walmart.com:8774/v2/cf491126aa0c46578f34b365eb5b6932/servers/2c5b2019-1420-45d9-90ba-962b6df44372 0.424s
2016-08-12 21:07:54.219 98018 INFO tempest.common.waiters [-] State transition "BUILD/scheduling" ==> "BUILD/networking" after 5 second wait
2016-08-12 21:07:54.385 98013 INFO tempest.lib.common.rest_client [req-48a49598-62b9-4570-8e2b-7a60e0fa8ce2 ] Request (ImagesOneServerNegativeTestJSON:setUpClass): 200 GET https://dal-iaas-001-api-endpoint.prod.walmart.com:8774/v2/c5f352f43df34b6496afc307972ae880/os-networks 0.780s
2016-08-12 21:07:54.386 98013 INFO tempest.common.fixed_network [-] (ImagesOneServerNegativeTestJSON:setUpClass) Found network {'name': u'net1', u'dns2': None, u'dns1': None, u'cidr': None, u'label': u'net1', u'broadcast': None, u'netmask': None, u'gateway_v6': None, u'id': u'1db35de8-93c8-455c-a1c1-720801bd971a', u'cidr_v6': None, u'gateway': None, u'netmask_v6': None} available for tenant
2016-08-12 21:07:54.469 98019 INFO tempest.lib.common.rest_client [req-f0fee38f-dc75-4810-ae5d-4fc9862a638c ] Request (ImagesMetadataTestJSON:tearDownClass): 200 GET https://dal-iaas-001-api-endpoint.prod.walmart.com:9696/v2.0/security-groups?tenant_id=bdb2514e8feb4c0d80ca8dcf9b1ee868&name=default 0.707s
2016-08-12 21:07:54.557 98012 INFO tempest.lib.common.rest_client [req-78f0bde9-365e-49cc-a688-6723bf02578f ] Request (DomainsTestJSON:tearDownClass): 200 GET https://dal-iaas-001-api-endpoint.prod.walmart.com:35357/v3/domains/f093b8e8dcc346aa972cf72a81ee9ecb 0.407s
2016-08-12 21:07:54.765 98017 INFO tempest.lib.common.rest_client [req-3cce7e75-e318-468d-8872-54c35822a3ab ] Request (KeyPairsV2TestJSON:test_keypair_create_delete): 200 POST https://dal-iaas-001-api-endpoint.prod.walmart.com:8774/v2/2a77faf5a71744febba8cd4e53ee8462/os-keypairs 1.635s
2016-08-12 21:07:54.789 98019 INFO tempest.lib.common.rest_client [req-bc75bf2c-6b4f-4ff8-b3c5-b8d88a0b85b5 ] Request (ImagesMetadataTestJSON:tearDownClass): 204 DELETE https://dal-iaas-001-api-endpoint.prod.walmart.com:9696/v2.0/security-groups/f32c348f-3ff8-4b1b-be11-13229424676e 0.319s
2016-08-12 21:07:54.920 98013 INFO tempest.lib.common.rest_client [req-55e2b527-dd7f-4b5b-af6c-784a9c4491cd ] Request (ImagesOneServerNegativeTestJSON:setUpClass): 200 POST https://dal-iaas-001-api-endpoint.prod.walmart.com:5443/v2.0/tokens
2016-08-12 21:07:55.054 98017 INFO tempest.lib.common.rest_client [req-72547ed6-3d32-4d4e-a0a8-0c4cab2320bf ] Request (KeyPairsV2TestJSON:_run_cleanups): 202 DELETE https://dal-iaas-001-api-endpoint.prod.walmart.com:8774/v2/2a77faf5a71744febba8cd4e53ee8462/os-keypairs/tempest-keypair-622408254 0.287s
2016-08-12 21:07:55.062 98012 INFO tempest.lib.common.rest_client [req-7bd6bb52-5825-47d3-8ed8-18c514bc19fa ] Request (DomainsTestJSON:tearDownClass): 200 PATCH https://dal-iaas-001-api-endpoint.prod.walmart.com:35357/v3/domains/f093b8e8dcc346aa972cf72a81ee9ecb 0.504s
2016-08-12 21:07:55.074 98015 INFO tempest.lib.common.rest_client [req-d882032e-aa92-44b9-ae0a-30d5b5aa11a8 ] Request (ServersTestJSON:tearDownClass): 200 GET https://dal-iaas-001-api-endpoint.prod.walmart.com:9696/v2.0/security-groups?tenant_id=eee2df56012a4e4a8ebc13a2590fee77&name=default 0.901s
2016-08-12 21:07:55.193 98016 INFO tempest.lib.common.rest_client [req-f6c403bc-d972-434d-b235-e1ea1486cbd7 ] Request (ListServersNegativeTestJSON:setUpClass): 200 GET https://dal-iaas-001-api-endpoint.prod.walmart.com:8774/v2/65066cb0cb3d424f8fd62371c5771cf4/servers/f5a89e55-7254-4dd7-8a0e-8f389da04f2b 0.482s
2016-08-12 21:07:55.199 98016 INFO tempest.common.waiters [-] State transition "BUILD/spawning" ==> "BUILD/None" after 11 second wait
2016-08-12 21:07:55.352 98019 INFO tempest.lib.common.rest_client [req-9091bf1a-f94c-4160-a4d2-5adafe3c37d0 ] Request (ImagesMetadataTestJSON:tearDownClass): 204 DELETE https://dal-iaas-001-api-endpoint.prod.walmart.com:35357/v2.0/tenants/bdb2514e8feb4c0d80ca8dcf9b1ee868 0.561s
2016-08-12 21:07:55.401 98017 INFO tempest.lib.common.rest_client [req-b3d0ccd2-870f-4c7e-9219-826f783b5cc4 ] Request (KeyPairsV2TestJSON:test_keypair_create_with_pub_key): 200 POST https://dal-iaas-001-api-endpoint.prod.walmart.com:8774/v2/2a77faf5a71744febba8cd4e53ee8462/os-keypairs 0.345s
2016-08-12 21:07:55.433 98015 INFO tempest.lib.common.rest_client [req-0dda2209-0f3e-4b12-9045-3d5a6a36d765 ] Request (ServersTestJSON:tearDownClass): 204 DELETE https://dal-iaas-001-api-endpoint.prod.walmart.com:9696/v2.0/security-groups/1f443f9d-9970-4979-b012-da5b2f90317a 0.359s
2016-08-12 21:07:55.616 98012 INFO tempest.lib.common.rest_client [req-a7456a0f-fea1-413c-a8c2-f1ab26813dd3 ] Request (DomainsTestJSON:tearDownClass): 204 DELETE https://dal-iaas-001-api-endpoint.prod.walmart.com:35357/v3/domains/f093b8e8dcc346aa972cf72a81ee9ecb 0.553s
2016-08-12 21:07:55.668 98018 INFO tempest.lib.common.rest_client [req-15975f30-0d9a-43cf-b35a-f01b98bb845f ] Request (ServerDiskConfigTestJSON:test_rebuild_server_with_manual_disk_config): 200 GET https://dal-iaas-001-api-endpoint.prod.walmart.com:8774/v2/cf491126aa0c46578f34b365eb5b6932/servers/2c5b2019-1420-45d9-90ba-962b6df44372 0.444s
2016-08-12 21:07:55.677 98018 INFO tempest.common.waiters [-] State transition "BUILD/networking" ==> "BUILD/spawning" after 6 second wait
2016-08-12 21:07:55.689 98017 INFO tempest.lib.common.rest_client [req-94aa4a55-1b31-43d1-873e-af28ef61e029 ] Request (KeyPairsV2TestJSON:_run_cleanups): 202 DELETE https://dal-iaas-001-api-endpoint.prod.walmart.com:8774/v2/2a77faf5a71744febba8cd4e53ee8462/os-keypairs/tempest-keypair-1043954146 0.287s
2016-08-12 21:07:55.938 98019 INFO tempest.lib.common.rest_client [req-c07caf55-5157-472f-848e-576b7abfad0f ] Request (ImagesNegativeTestJSON:setUpClass): 200 POST https://dal-iaas-001-api-endpoint.prod.walmart.com:5443/v2.0/tokens
2016-08-12 21:07:56.016 98015 INFO tempest.lib.common.rest_client [req-2e30edc9-a7dd-4aed-9325-f5414af06d2d ] Request (ServersTestJSON:tearDownClass): 204 DELETE https://dal-iaas-001-api-endpoint.prod.walmart.com:35357/v2.0/tenants/eee2df56012a4e4a8ebc13a2590fee77 0.582s
2016-08-12 21:07:56.155 98012 INFO tempest.lib.common.rest_client [req-c1b46a26-bc3a-4d76-a161-24e3bb72f08b ] Request (DomainsTestJSON:tearDownClass): 204 DELETE https://dal-iaas-001-api-endpoint.prod.walmart.com:35357/v3/users/de7f66c7fd8047de85ea0add78300ace 0.539s
2016-08-12 21:07:56.481 98019 INFO tempest.lib.common.rest_client [req-b4b1c7d2-1b46-48e1-9d41-1bd78df3fb3c ] Request (ImagesNegativeTestJSON:setUpClass): 200 POST https://dal-iaas-001-api-endpoint.prod.walmart.com:5443/v2.0/tokens
2016-08-12 21:07:56.604 98015 INFO tempest.lib.common.rest_client [req-8481785b-b51e-4358-8791-b88de7bbb73d ] Request (ServerAddressesNegativeTestJSON:setUpClass): 200 POST https://dal-iaas-001-api-endpoint.prod.walmart.com:5443/v2.0/tokens
2016-08-12 21:07:56.628 98016 INFO tempest.lib.common.rest_client [req-00b60220-c024-4019-9762-e34afa465f5c ] Request (ListServersNegativeTestJSON:setUpClass): 200 GET https://dal-iaas-001-api-endpoint.prod.walmart.com:8774/v2/65066cb0cb3d424f8fd62371c5771cf4/servers/f5a89e55-7254-4dd7-8a0e-8f389da04f2b 0.428s
2016-08-12 21:07:56.635 98016 INFO tempest.common.waiters [-] State transition "BUILD/None" ==> "BUILD/spawning" after 12 second wait
2016-08-12 21:07:56.668 98013 INFO tempest.lib.common.rest_client [req-bce940f5-50cf-441b-ba04-ef678cee84c8 ] Request (ImagesOneServerNegativeTestJSON:setUpClass): 202 POST https://dal-iaas-001-api-endpoint.prod.walmart.com:8774/v2/c5f352f43df34b6496afc307972ae880/servers 1.747s
2016-08-12 21:07:56.732 98012 INFO tempest.lib.common.rest_client [req-c39066a9-1526-4fbc-970c-969d01a643c1 ] Request (DomainsTestJSON:tearDownClass): 201 POST https://dal-iaas-001-api-endpoint.prod.walmart.com:35357/v3/auth/tokens
2016-08-12 21:07:56.941 98019 INFO tempest.lib.common.rest_client [req-c96d4cd9-dccd-4e17-844f-288890d78e7e ] Request (ImagesNegativeTestJSON:setUpClass): 200 POST https://dal-iaas-001-api-endpoint.prod.walmart.com:35357/v2.0/tenants 0.459s
