2016-08-15 09:05:23.228 83537 INFO tempest.lib.common.rest_client [req-d5a5b9a5-b8f5-4341-9107-2420640e1aa7 ] Request (NetworksTest:setUpClass): 200 POST https://dal-iaas-001-api-endpoint.prod.walmart.com:35357/v2.0/tenants 0.675s
2016-08-15 09:05:23.683 83535 INFO tempest.lib.common.rest_client [req-d3326f6c-d4af-4bdc-ad95-d582e1771f94 ] Request (AZAdminNegativeTestJSON:tearDownClass): 204 DELETE https://dal-iaas-001-api-endpoint.prod.walmart.com:9696/v2.0/security-groups/e3b7cf17-8531-48ce-9b1c-6c7bb320fd0b 0.473s
2016-08-15 09:05:23.782 83536 INFO tempest.lib.common.rest_client [req-54bbfd57-7eb1-4b14-8ff0-00a7eaa79a50 ] Request (QuotaClassesAdminTestJSON:setUpClass): 409 PUT https://dal-iaas-001-api-endpoint.prod.walmart.com:35357/v2.0/tenants/d3963c78944848d4b32343f18fa97dc1/users/0c45dde5c8b94ea0b8b7dc27756c1a12/roles/OS-KSADM/b5b0387bbe864c43a2999e531988bb8f 0.790s
2016-08-15 09:05:23.783 83536 INFO tempest.common.dynamic_creds [-] Acquired dynamic creds:
 credentials: Credentials: {'username': u'tempest-QuotaClassesAdminTestJSON-1011594372', 'project_name': u'tempest-QuotaClassesAdminTestJSON-1011594372', 'user_id': u'0c45dde5c8b94ea0b8b7dc27756c1a12', 'tenant_name': u'tempest-QuotaClassesAdminTestJSON-1011594372', 'tenant_id': u'd3963c78944848d4b32343f18fa97dc1', 'project_id': u'd3963c78944848d4b32343f18fa97dc1'}, Network: None, Subnet: None, Router: None
2016-08-15 09:05:23.955 83534 INFO tempest.lib.common.rest_client [req-ff8aa8f1-785c-401c-b864-b39847f4baae ] Request (HypervisorAdminNegativeTestJSON:test_get_hypervisor_list_details_with_non_admin_user): 200 GET https://dal-iaas-001-api-endpoint.prod.walmart.com:8774/v2/94668d6bc4e34c2a84da9ca0bfb49a10/os-hypervisors/detail 1.907s
2016-08-15 09:05:23.956 83537 INFO tempest.lib.common.rest_client [req-2b9a8821-d311-4e8a-8ae3-b14de2ac8e8e ] Request (NetworksTest:setUpClass): 200 POST https://dal-iaas-001-api-endpoint.prod.walmart.com:35357/v2.0/users 0.728s
2016-08-15 09:05:24.295 83533 INFO tempest.lib.common.rest_client [req-379268c8-71ac-4019-ac1b-ce4c73666e6d ] Request (ServerAddressesTestJSON:setUpClass): 200 GET https://dal-iaas-001-api-endpoint.prod.walmart.com:8774/v2/488c30e545fa47cd967700c77756cf79/servers/277ff28e-3526-48dc-bb77-99ecc7788d62 0.656s
2016-08-15 09:05:24.396 83536 INFO tempest.lib.common.rest_client [req-8d538d77-095e-402b-875a-aa11f4040f82 ] Request (QuotaClassesAdminTestJSON:test_update_default_quotas): 200 POST https://dal-iaas-001-api-endpoint.prod.walmart.com:5443/v2.0/tokens
2016-08-15 09:05:24.472 83535 INFO tempest.lib.common.rest_client [req-c8f60eae-c661-4ecb-8d18-d137d0b81358 ] Request (AZAdminNegativeTestJSON:tearDownClass): 204 DELETE https://dal-iaas-001-api-endpoint.prod.walmart.com:35357/v2.0/tenants/ef2a8f3da3234e429dc4d26c7c8d1153 0.787s
2016-08-15 09:05:24.667 83537 INFO tempest.lib.common.rest_client [req-cb5c360e-781d-4ac7-96d9-f7e5621aece9 ] Request (NetworksTest:setUpClass): 200 GET https://dal-iaas-001-api-endpoint.prod.walmart.com:35357/v2.0/OS-KSADM/roles 0.710s
2016-08-15 09:05:24.806 83538 INFO tempest.lib.common.rest_client [req-2f1c22ac-b17c-4486-b64c-50a8f025e93a ] Request (ServersAdminTestJSON:setUpClass): 200 GET https://dal-iaas-001-api-endpoint.prod.walmart.com:8774/v2/7f3b61c5c68f42cc92da8f2ace7f25a6/servers/f08414e2-10af-424d-9564-a66d9c0f8d4c 0.674s
2016-08-15 09:05:24.815 83538 INFO tempest.common.waiters [-] State transition "BUILD/spawning" ==> "ACTIVE/None" after 13 second wait
2016-08-15 09:05:24.900 83534 INFO tempest.lib.common.rest_client [req-b85f6b82-8741-4c60-ab17-97444ff463bc ] Request (HypervisorAdminNegativeTestJSON:test_get_hypervisor_list_with_non_admin_user): 200 GET https://dal-iaas-001-api-endpoint.prod.walmart.com:8774/v2/94668d6bc4e34c2a84da9ca0bfb49a10/os-hypervisors 0.923s
2016-08-15 09:05:25.167 83535 INFO tempest.lib.common.rest_client [req-9756650e-9a24-44c2-8bd7-c1d1a1a5e586 ] Request (FlavorsAccessTestJSON:setUpClass): 200 POST https://dal-iaas-001-api-endpoint.prod.walmart.com:5443/v2.0/tokens
2016-08-15 09:05:25.322 83534 INFO tempest.lib.common.rest_client [req-8558e13c-6ea3-4a96-a911-01a016a6f3b2 ] Request (HypervisorAdminNegativeTestJSON:test_get_hypervisor_stats_with_non_admin_user): 200 GET https://dal-iaas-001-api-endpoint.prod.walmart.com:8774/v2/94668d6bc4e34c2a84da9ca0bfb49a10/os-hypervisors/statistics 0.416s
2016-08-15 09:05:25.374 83537 INFO tempest.lib.common.rest_client [req-56852b93-44f8-4a73-98ad-04b7e4d92587 ] Request (NetworksTest:setUpClass): 200 PUT https://dal-iaas-001-api-endpoint.prod.walmart.com:35357/v2.0/tenants/1d2b40201d13400795ec4bcec1e0145c/users/1eea34c317a4459f9467264e655e6806/roles/OS-KSADM/b5b0387bbe864c43a2999e531988bb8f 0.707s
2016-08-15 09:05:25.439 83538 INFO tempest.lib.common.rest_client [req-5432d6ab-8347-4d42-a58b-f0bd56564d56 ] Request (ServersAdminTestJSON:setUpClass): 200 POST https://dal-iaas-001-api-endpoint.prod.walmart.com:5443/v2.0/tokens
2016-08-15 09:05:25.713 83536 INFO tempest.lib.common.rest_client [req-a659c17f-bd7c-4406-a9f7-ce0abc4830bb ] Request (QuotaClassesAdminTestJSON:test_update_default_quotas): 200 GET https://dal-iaas-001-api-endpoint.prod.walmart.com:8774/v2/d3963c78944848d4b32343f18fa97dc1/os-quota-class-sets/default 1.316s
2016-08-15 09:05:25.831 83535 INFO tempest.lib.common.rest_client [req-8d704ef5-724c-4756-b2e7-01319051f383 ] Request (FlavorsAccessTestJSON:setUpClass): 200 POST https://dal-iaas-001-api-endpoint.prod.walmart.com:5443/v2.0/tokens
2016-08-15 09:05:25.947 83534 INFO tempest.lib.common.rest_client [req-00ee3c6e-6800-43a5-b0c7-44ffb40cb011 ] Request (HypervisorAdminNegativeTestJSON:test_get_hypervisor_uptime_with_non_admin_user): 200 POST https://dal-iaas-001-api-endpoint.prod.walmart.com:5443/v2.0/tokens
2016-08-15 09:05:25.984 83533 INFO tempest.lib.common.rest_client [req-faec9983-d331-4de1-bca6-f3d1dc187e18 ] Request (ServerAddressesTestJSON:setUpClass): 200 GET https://dal-iaas-001-api-endpoint.prod.walmart.com:8774/v2/488c30e545fa47cd967700c77756cf79/servers/277ff28e-3526-48dc-bb77-99ecc7788d62 0.678s
2016-08-15 09:05:26.143 83537 INFO tempest.lib.common.rest_client [req-2a788c08-ee0e-464a-b484-311aca0846bc ] Request (NetworksTest:setUpClass): 200 GET https://dal-iaas-001-api-endpoint.prod.walmart.com:35357/v2.0/OS-KSADM/roles 0.768s
2016-08-15 09:05:26.284 83536 INFO tempest.lib.common.rest_client [req-082dc17b-4532-4d26-b02f-554a8f2e3b2f ] Request (QuotaClassesAdminTestJSON:test_update_default_quotas): 200 PUT https://dal-iaas-001-api-endpoint.prod.walmart.com:8774/v2/d3963c78944848d4b32343f18fa97dc1/os-quota-class-sets/default 0.568s
2016-08-15 09:05:26.534 83535 INFO tempest.lib.common.rest_client [req-1c4a975d-b385-47c5-9549-0c36e9a482c3 ] Request (FlavorsAccessTestJSON:setUpClass): 200 POST https://dal-iaas-001-api-endpoint.prod.walmart.com:35357/v2.0/tenants 0.702s
2016-08-15 09:05:26.798 83536 INFO tempest.lib.common.rest_client [req-02ac78b9-9263-4d0b-a5da-f789e2d4b255 ] Request (QuotaClassesAdminTestJSON:_run_cleanups): 200 PUT https://dal-iaas-001-api-endpoint.prod.walmart.com:8774/v2/d3963c78944848d4b32343f18fa97dc1/os-quota-class-sets/default 0.512s
2016-08-15 09:05:26.807 83537 INFO tempest.lib.common.rest_client [req-72d0bec5-0647-4aa8-abc3-44236e1fc08d ] Request (NetworksTest:setUpClass): 409 PUT https://dal-iaas-001-api-endpoint.prod.walmart.com:35357/v2.0/tenants/1d2b40201d13400795ec4bcec1e0145c/users/1eea34c317a4459f9467264e655e6806/roles/OS-KSADM/b5b0387bbe864c43a2999e531988bb8f 0.663s
2016-08-15 09:05:26.807 83537 INFO tempest.common.dynamic_creds [-] Acquired dynamic creds:
 credentials: Credentials: {'username': u'tempest-NetworksTest-2052032924', 'project_name': u'tempest-NetworksTest-2052032924', 'user_id': u'1eea34c317a4459f9467264e655e6806', 'tenant_name': u'tempest-NetworksTest-2052032924', 'tenant_id': u'1d2b40201d13400795ec4bcec1e0145c', 'project_id': u'1d2b40201d13400795ec4bcec1e0145c'}, Network: None, Subnet: None, Router: None
2016-08-15 09:05:26.922 83538 INFO tempest.lib.common.rest_client [req-06851cad-27fa-4d4a-92f4-a0fb3a22b6c9 ] Request (ServersAdminTestJSON:setUpClass): 200 GET https://dal-iaas-001-api-endpoint.prod.walmart.com:8774/v2/7f3b61c5c68f42cc92da8f2ace7f25a6/os-networks 1.482s
2016-08-15 09:05:26.922 83538 INFO tempest.common.fixed_network [-] (ServersAdminTestJSON:setUpClass) Found network {u'bridge': None, u'vpn_public_port': None, u'dhcp_start': None, u'bridge_interface': None, u'share_address': None, u'updated_at': None, u'id': u'1db35de8-93c8-455c-a1c1-720801bd971a', u'cidr_v6': None, u'deleted_at': None, u'gateway': None, u'rxtx_base': None, u'label': u'net1', u'priority': None, u'project_id': None, u'vpn_private_address': None, u'deleted': None, u'vlan': None, u'broadcast': None, u'netmask': None, u'injected': None, u'cidr': None, u'vpn_public_address': None, u'multi_host': None, 'name': u'net1', u'enable_dhcp': None, u'dns2': None, u'created_at': None, u'host': None, u'mtu': None, u'gateway_v6': None, u'netmask_v6': None, u'dhcp_server': None, u'dns1': None} available for tenant
2016-08-15 09:05:27.276 83535 INFO tempest.lib.common.rest_client [req-92236446-03a2-4c58-970c-a1cbe3b79727 ] Request (FlavorsAccessTestJSON:setUpClass): 200 POST https://dal-iaas-001-api-endpoint.prod.walmart.com:35357/v2.0/users 0.741s
2016-08-15 09:05:27.422 83537 INFO tempest.lib.common.rest_client [req-73eafaba-866f-4e0a-afac-d03cb384fccc ] Request (NetworksTest:test_get_network): 200 POST https://dal-iaas-001-api-endpoint.prod.walmart.com:5443/v2.0/tokens
2016-08-15 09:05:27.571 83536 INFO tempest.lib.common.rest_client [req-571c594f-c1dc-4370-bf3e-1f5eb8cc4a2d ] Request (QuotaClassesAdminTestJSON:tearDownClass): 204 DELETE https://dal-iaas-001-api-endpoint.prod.walmart.com:35357/v2.0/users/0c45dde5c8b94ea0b8b7dc27756c1a12 0.770s
2016-08-15 09:05:27.627 83533 INFO tempest.lib.common.rest_client [req-95496ca6-f38f-4544-b0a7-e0d033bc1980 ] Request (ServerAddressesTestJSON:setUpClass): 200 GET https://dal-iaas-001-api-endpoint.prod.walmart.com:8774/v2/488c30e545fa47cd967700c77756cf79/servers/277ff28e-3526-48dc-bb77-99ecc7788d62 0.631s
2016-08-15 09:05:27.707 83534 INFO tempest.lib.common.rest_client [req-5c359788-d8e6-495c-8306-89bf0a6355c6 ] Request (HypervisorAdminNegativeTestJSON:test_get_hypervisor_uptime_with_non_admin_user): 200 GET https://dal-iaas-001-api-endpoint.prod.walmart.com:8774/v2/0e6396f47c344050878911d682df65a9/os-hypervisors 1.759s
2016-08-15 09:05:27.880 83538 INFO tempest.lib.common.rest_client [req-02061e33-9a29-40b8-89a9-09bcd35c04fb ] Request (ServersAdminTestJSON:setUpClass): 202 POST https://dal-iaas-001-api-endpoint.prod.walmart.com:8774/v2/7f3b61c5c68f42cc92da8f2ace7f25a6/servers 0.957s
2016-08-15 09:05:27.945 83535 INFO tempest.lib.common.rest_client [req-916367df-a317-445f-b360-42744cafd627 ] Request (FlavorsAccessTestJSON:setUpClass): 200 GET https://dal-iaas-001-api-endpoint.prod.walmart.com:35357/v2.0/OS-KSADM/roles 0.668s
2016-08-15 09:05:28.167 83534 INFO tempest.lib.common.rest_client [req-58d65970-3a92-4c5d-a166-90d58d39fe2e ] Request (HypervisorAdminNegativeTestJSON:test_get_hypervisor_uptime_with_non_admin_user): 500 GET https://dal-iaas-001-api-endpoint.prod.walmart.com:8774/v2/94668d6bc4e34c2a84da9ca0bfb49a10/os-hypervisors/5/uptime 0.455s
2016-08-15 09:05:28.493 83538 INFO tempest.lib.common.rest_client [req-b811961f-f48a-4d80-82ca-aec8e04ce8b8 ] Request (ServersAdminTestJSON:setUpClass): 200 GET https://dal-iaas-001-api-endpoint.prod.walmart.com:8774/v2/7f3b61c5c68f42cc92da8f2ace7f25a6/servers/f677dd67-14a5-4628-9672-67952bfb4748 0.609s
2016-08-15 09:05:28.584 83534 INFO tempest.lib.common.rest_client [req-6322865b-4dc8-4c4e-93a3-838656e99e6d ] Request (HypervisorAdminNegativeTestJSON:test_get_nonexistent_hypervisor_uptime): 404 GET https://dal-iaas-001-api-endpoint.prod.walmart.com:8774/v2/0e6396f47c344050878911d682df65a9/os-hypervisors/1df3660a-3a9a-4bee-a775-9521d1231e33/uptime 0.415s
2016-08-15 09:05:28.637 83535 INFO tempest.lib.common.rest_client [req-231e9a63-43e0-43a6-99d0-c6b377c95323 ] Request (FlavorsAccessTestJSON:setUpClass): 200 PUT https://dal-iaas-001-api-endpoint.prod.walmart.com:35357/v2.0/tenants/fd6d8a01de77485dbbd9ab33b146e7a8/users/f5f26a9532694b28b9179b5fba72bae7/roles/OS-KSADM/b5b0387bbe864c43a2999e531988bb8f 0.690s
2016-08-15 09:05:28.638 83535 INFO tempest.common.dynamic_creds [-] Acquired dynamic creds:
 credentials: Credentials: {'username': u'tempest-FlavorsAccessTestJSON-1054887908', 'project_name': u'tempest-FlavorsAccessTestJSON-1054887908', 'user_id': u'f5f26a9532694b28b9179b5fba72bae7', 'tenant_name': u'tempest-FlavorsAccessTestJSON-1054887908', 'tenant_id': u'fd6d8a01de77485dbbd9ab33b146e7a8', 'project_id': u'fd6d8a01de77485dbbd9ab33b146e7a8'}, Network: None, Subnet: None, Router: None
2016-08-15 09:05:28.790 83536 INFO tempest.lib.common.rest_client [req-734b8b87-2ee2-47b8-ad30-47dc4d6f9f37 ] Request (QuotaClassesAdminTestJSON:tearDownClass): 200 GET https://dal-iaas-001-api-endpoint.prod.walmart.com:9696/v2.0/security-groups?tenant_id=d3963c78944848d4b32343f18fa97dc1&name=default 1.218s
2016-08-15 09:05:28.845 83537 INFO tempest.lib.common.rest_client [req-408ce563-4462-4a48-b878-2ee4b4585aea ] Request (NetworksTest:test_get_network): 200 GET https://dal-iaas-001-api-endpoint.prod.walmart.com:8774/v2/1d2b40201d13400795ec4bcec1e0145c/os-networks 1.423s
2016-08-15 09:05:29.244 83533 INFO tempest.lib.common.rest_client [req-d84af14a-c534-4a4f-b6e7-7b5ca87fa8b3 ] Request (ServerAddressesTestJSON:setUpClass): 200 GET https://dal-iaas-001-api-endpoint.prod.walmart.com:8774/v2/488c30e545fa47cd967700c77756cf79/servers/277ff28e-3526-48dc-bb77-99ecc7788d62 0.607s
2016-08-15 09:05:29.253 83533 INFO tempest.common.waiters [-] State transition "BUILD/spawning" ==> "ACTIVE/None" after 14 second wait
2016-08-15 09:05:29.259 83536 INFO tempest.lib.common.rest_client [req-ae3aa9fd-9c44-45d7-8c7b-4d675c9db930 ] Request (QuotaClassesAdminTestJSON:tearDownClass): 204 DELETE https://dal-iaas-001-api-endpoint.prod.walmart.com:9696/v2.0/security-groups/5d1543ec-76d9-45ea-ae54-6988d8b2360a 0.468s
2016-08-15 09:05:29.301 83535 INFO tempest.lib.common.rest_client [req-58b288d8-82fb-40af-b8a3-b4bdceba596a ] Request (FlavorsAccessTestJSON:setUpClass): 200 POST https://dal-iaas-001-api-endpoint.prod.walmart.com:35357/v2.0/tenants 0.658s
2016-08-15 09:05:29.320 83537 INFO tempest.lib.common.rest_client [req-f9ee46cc-6f17-43d4-913a-602cd1bee572 ] Request (NetworksTest:test_get_network): 200 GET https://dal-iaas-001-api-endpoint.prod.walmart.com:8774/v2/1d2b40201d13400795ec4bcec1e0145c/os-networks/1db35de8-93c8-455c-a1c1-720801bd971a 0.474s
2016-08-15 09:05:29.737 83533 INFO tempest.lib.common.rest_client [req-a6f93409-73c6-4ae5-9dae-4ca7990b039a ] Request (ServerAddressesTestJSON:test_list_server_addresses): 200 GET https://dal-iaas-001-api-endpoint.prod.walmart.com:8774/v2/488c30e545fa47cd967700c77756cf79/servers/277ff28e-3526-48dc-bb77-99ecc7788d62/ips 0.483s
2016-08-15 09:05:29.756 83534 INFO tempest.lib.common.rest_client [req-892d2b6c-30d9-4404-86a7-3cd01e509f2f ] Request (HypervisorAdminNegativeTestJSON:test_search_hypervisor_with_non_admin_user): 200 GET https://dal-iaas-001-api-endpoint.prod.walmart.com:8774/v2/0e6396f47c344050878911d682df65a9/os-hypervisors 1.170s
2016-08-15 09:05:29.830 83537 INFO tempest.lib.common.rest_client [req-784dddbc-c71b-4fd1-aeb9-ac4a3bcfbb0b ] Request (NetworksTest:test_list_all_networks): 200 GET https://dal-iaas-001-api-endpoint.prod.walmart.com:8774/v2/1d2b40201d13400795ec4bcec1e0145c/os-networks 0.509s
2016-08-15 09:05:30.005 83536 INFO tempest.lib.common.rest_client [req-63985f51-6b9b-4c99-8d1d-587531a42b00 ] Request (QuotaClassesAdminTestJSON:tearDownClass): 204 DELETE https://dal-iaas-001-api-endpoint.prod.walmart.com:35357/v2.0/tenants/d3963c78944848d4b32343f18fa97dc1 0.744s
2016-08-15 09:05:30.043 83535 INFO tempest.lib.common.rest_client [req-b093bc82-595e-4896-80a8-731171db9961 ] Request (FlavorsAccessTestJSON:setUpClass): 200 POST https://dal-iaas-001-api-endpoint.prod.walmart.com:35357/v2.0/users 0.741s
2016-08-15 09:05:30.234 83534 INFO tempest.lib.common.rest_client [req-7b294920-cb38-410b-88b4-f0d4df37e0a5 ] Request (HypervisorAdminNegativeTestJSON:test_search_hypervisor_with_non_admin_user): 200 GET https://dal-iaas-001-api-endpoint.prod.walmart.com:8774/v2/94668d6bc4e34c2a84da9ca0bfb49a10/os-hypervisors/dal-appblx061-21.prod.walmart.com/search 0.472s
2016-08-15 09:05:30.297 83533 INFO tempest.lib.common.rest_client [req-d304f4b5-fc37-4da3-9bb9-b5a4246341da ] Request (ServerAddressesTestJSON:test_list_server_addresses_by_network): 200 GET https://dal-iaas-001-api-endpoint.prod.walmart.com:8774/v2/488c30e545fa47cd967700c77756cf79/servers/277ff28e-3526-48dc-bb77-99ecc7788d62/ips 0.556s
2016-08-15 09:05:30.381 83538 INFO tempest.lib.common.rest_client [req-d02ca245-67c6-44af-962c-c26f7824bb12 ] Request (ServersAdminTestJSON:setUpClass): 200 GET https://dal-iaas-001-api-endpoint.prod.walmart.com:8774/v2/7f3b61c5c68f42cc92da8f2ace7f25a6/servers/f677dd67-14a5-4628-9672-67952bfb4748 0.877s
2016-08-15 09:05:30.388 83538 INFO tempest.common.waiters [-] State transition "BUILD/scheduling" ==> "BUILD/block_device_mapping" after 2 second wait
2016-08-15 09:05:30.591 83537 INFO tempest.lib.common.rest_client [req-ec655fff-2d0b-4e0c-af72-782463795ed9 ] Request (NetworksTest:tearDownClass): 204 DELETE https://dal-iaas-001-api-endpoint.prod.walmart.com:35357/v2.0/users/1eea34c317a4459f9467264e655e6806 0.758s
2016-08-15 09:05:30.676 83534 INFO tempest.lib.common.rest_client [req-f8748368-198e-44d7-9f98-cc8ad6cecf59 ] Request (HypervisorAdminNegativeTestJSON:test_search_nonexistent_hypervisor): 404 GET https://dal-iaas-001-api-endpoint.prod.walmart.com:8774/v2/0e6396f47c344050878911d682df65a9/os-hypervisors/tempest-test_hypervisor-1245853705/search 0.437s
2016-08-15 09:05:30.724 83536 INFO tempest.lib.common.rest_client [req-5ce58a8e-9c8a-4bd4-97ee-6820cd4c1c88 ] Request (QuotaClassesAdminTestJSON:tearDownClass): 204 DELETE https://dal-iaas-001-api-endpoint.prod.walmart.com:35357/v2.0/users/ca7ba201573e474c963e4697371616f1 0.719s
2016-08-15 09:05:30.831 83533 INFO tempest.lib.common.rest_client [req-bf224d4a-6eb9-44ae-821a-348a648d6205 ] Request (ServerAddressesTestJSON:test_list_server_addresses_by_network): 200 GET https://dal-iaas-001-api-endpoint.prod.walmart.com:8774/v2/488c30e545fa47cd967700c77756cf79/servers/277ff28e-3526-48dc-bb77-99ecc7788d62/ips/net1 0.532s
2016-08-15 09:05:30.884 83535 INFO tempest.lib.common.rest_client [req-f394fbd5-009c-40b8-85d5-4aaceefae064 ] Request (FlavorsAccessTestJSON:setUpClass): 200 GET https://dal-iaas-001-api-endpoint.prod.walmart.com:35357/v2.0/OS-KSADM/roles 0.840s
2016-08-15 09:05:31.233 83536 INFO tempest.lib.common.rest_client [req-991b99a6-4a73-49d7-8cbe-060389d24125 ] Request (QuotaClassesAdminTestJSON:tearDownClass): 200 GET https://dal-iaas-001-api-endpoint.prod.walmart.com:9696/v2.0/security-groups?tenant_id=f606b7ba6f6e48efbf31d969090debc3&name=default 0.509s
2016-08-15 09:05:31.650 83533 INFO tempest.lib.common.rest_client [req-2865e4c5-9151-4f36-83e9-750f0e074cf3 ] Request (ServerAddressesTestJSON:tearDownClass): 204 DELETE https://dal-iaas-001-api-endpoint.prod.walmart.com:8774/v2/488c30e545fa47cd967700c77756cf79/servers/277ff28e-3526-48dc-bb77-99ecc7788d62 0.816s
2016-08-15 09:05:31.709 83535 INFO tempest.lib.common.rest_client [req-311db62c-70bf-4b51-8125-ba3e67559c44 ] Request (FlavorsAccessTestJSON:setUpClass): 200 PUT https://dal-iaas-001-api-endpoint.prod.walmart.com:35357/v2.0/tenants/1391c1b8d99d4bfd9f7c2251a04811cc/users/c613235cb33440e08b28b1d1fe161984/roles/OS-KSADM/b5b0387bbe864c43a2999e531988bb8f 0.825s
2016-08-15 09:05:31.715 83536 INFO tempest.lib.common.rest_client [req-b2bf19a2-a343-4157-a916-b36b4deb06f9 ] Request (QuotaClassesAdminTestJSON:tearDownClass): 204 DELETE https://dal-iaas-001-api-endpoint.prod.walmart.com:9696/v2.0/security-groups/cce415ed-52dd-4d4d-a0e7-f8f20274cce9 0.481s
2016-08-15 09:05:31.780 83534 INFO tempest.lib.common.rest_client [req-bdbfca1d-8c6a-43db-88ff-5a08553f3028 ] Request (HypervisorAdminNegativeTestJSON:test_show_hypervisor_with_non_admin_user): 200 GET https://dal-iaas-001-api-endpoint.prod.walmart.com:8774/v2/0e6396f47c344050878911d682df65a9/os-hypervisors 1.102s
2016-08-15 09:05:31.998 83537 INFO tempest.lib.common.rest_client [req-000d1f89-6615-4b96-9ff5-9d6c808d9bb4 ] Request (NetworksTest:tearDownClass): 200 GET https://dal-iaas-001-api-endpoint.prod.walmart.com:9696/v2.0/security-groups?tenant_id=1d2b40201d13400795ec4bcec1e0145c&name=default 1.406s
2016-08-15 09:05:32.050 83538 INFO tempest.lib.common.rest_client [req-95edb76d-84cb-4b6e-857a-24b4e57d337a ] Request (ServersAdminTestJSON:setUpClass): 200 GET https://dal-iaas-001-api-endpoint.prod.walmart.com:8774/v2/7f3b61c5c68f42cc92da8f2ace7f25a6/servers/f677dd67-14a5-4628-9672-67952bfb4748 0.658s
2016-08-15 09:05:32.056 83538 INFO tempest.common.waiters [-] State transition "BUILD/block_device_mapping" ==> "BUILD/spawning" after 4 second wait
2016-08-15 09:05:32.229 83534 INFO tempest.lib.common.rest_client [req-caab7241-1e3c-4a4e-ad49-cc3080ee75c4 ] Request (HypervisorAdminNegativeTestJSON:test_show_hypervisor_with_non_admin_user): 200 GET https://dal-iaas-001-api-endpoint.prod.walmart.com:8774/v2/94668d6bc4e34c2a84da9ca0bfb49a10/os-hypervisors/5 0.443s
2016-08-15 09:05:32.276 83533 INFO tempest.lib.common.rest_client [req-fb5267e1-b991-4ec1-b6b1-4f61ead60f49 ] Request (ServerAddressesTestJSON:tearDownClass): 200 GET https://dal-iaas-001-api-endpoint.prod.walmart.com:8774/v2/488c30e545fa47cd967700c77756cf79/servers/277ff28e-3526-48dc-bb77-99ecc7788d62 0.625s
2016-08-15 09:05:32.434 83536 INFO tempest.lib.common.rest_client [req-e542811f-40b0-480e-a3d4-52cc7071d792 ] Request (QuotaClassesAdminTestJSON:tearDownClass): 204 DELETE https://dal-iaas-001-api-endpoint.prod.walmart.com:35357/v2.0/tenants/f606b7ba6f6e48efbf31d969090debc3 0.718s
2016-08-15 09:05:32.464 83535 INFO tempest.lib.common.rest_client [req-43ba6d08-a6d3-4fba-bea4-f1b9483a69ce ] Request (FlavorsAccessTestJSON:setUpClass): 200 GET https://dal-iaas-001-api-endpoint.prod.walmart.com:35357/v2.0/OS-KSADM/roles 0.754s
2016-08-15 09:05:32.469 83537 INFO tempest.lib.common.rest_client [req-f79e4d9a-e6d8-4575-a09a-69ac1d280a2a ] Request (NetworksTest:tearDownClass): 204 DELETE https://dal-iaas-001-api-endpoint.prod.walmart.com:9696/v2.0/security-groups/da6f4d9a-414f-4dfe-a93a-13de0ed4d4f6 0.470s
2016-08-15 09:05:32.657 83534 INFO tempest.lib.common.rest_client [req-5e62e0d6-134c-48e4-a7d0-169de08e6911 ] Request (HypervisorAdminNegativeTestJSON:test_show_nonexistent_hypervisor): 404 GET https://dal-iaas-001-api-endpoint.prod.walmart.com:8774/v2/0e6396f47c344050878911d682df65a9/os-hypervisors/d7fdfdd9-8ac8-4e00-860e-b35de2854f0e 0.420s
2016-08-15 09:05:33.112 83536 INFO tempest.lib.common.rest_client [req-6d81816b-88e7-46ba-8a65-80c36850e535 ] Request (QuotasAdminTestJSON:setUpClass): 200 POST https://dal-iaas-001-api-endpoint.prod.walmart.com:5443/v2.0/tokens
2016-08-15 09:05:33.160 83535 INFO tempest.lib.common.rest_client [req-affe118a-8b20-429b-8960-9c2ab3eeb246 ] Request (FlavorsAccessTestJSON:setUpClass): 409 PUT https://dal-iaas-001-api-endpoint.prod.walmart.com:35357/v2.0/tenants/1391c1b8d99d4bfd9f7c2251a04811cc/users/c613235cb33440e08b28b1d1fe161984/roles/OS-KSADM/b5b0387bbe864c43a2999e531988bb8f 0.695s
2016-08-15 09:05:33.161 83535 INFO tempest.common.dynamic_creds [-] Acquired dynamic creds:
 credentials: Credentials: {'username': u'tempest-FlavorsAccessTestJSON-1499733248', 'project_name': u'tempest-FlavorsAccessTestJSON-1499733248', 'user_id': u'c613235cb33440e08b28b1d1fe161984', 'tenant_name': u'tempest-FlavorsAccessTestJSON-1499733248', 'tenant_id': u'1391c1b8d99d4bfd9f7c2251a04811cc', 'project_id': u'1391c1b8d99d4bfd9f7c2251a04811cc'}, Network: None, Subnet: None, Router: None
2016-08-15 09:05:33.199 83537 INFO tempest.lib.common.rest_client [req-f56a5723-4d69-4971-b825-8f924ab2ce03 ] Request (NetworksTest:tearDownClass): 204 DELETE https://dal-iaas-001-api-endpoint.prod.walmart.com:35357/v2.0/tenants/1d2b40201d13400795ec4bcec1e0145c 0.729s
2016-08-15 09:05:33.662 83534 INFO tempest.lib.common.rest_client [req-1e8a1157-1148-4f74-9c92-6011d1e64a48 ] Request (HypervisorAdminNegativeTestJSON:test_show_servers_with_non_admin_user): 200 GET https://dal-iaas-001-api-endpoint.prod.walmart.com:8774/v2/0e6396f47c344050878911d682df65a9/os-hypervisors 1.004s
2016-08-15 09:05:33.700 83538 INFO tempest.lib.common.rest_client [req-9d1718b3-15c1-4dab-a163-cae5961ece7a ] Request (ServersAdminTestJSON:setUpClass): 200 GET https://dal-iaas-001-api-endpoint.prod.walmart.com:8774/v2/7f3b61c5c68f42cc92da8f2ace7f25a6/servers/f677dd67-14a5-4628-9672-67952bfb4748 0.639s
2016-08-15 09:05:33.751 83535 INFO tempest.lib.common.rest_client [req-29bf470d-531c-49cd-bd9f-b4c0574d2341 ] Request (FlavorsAccessTestJSON:test_flavor_access_add_remove): 200 POST https://dal-iaas-001-api-endpoint.prod.walmart.com:5443/v2.0/tokens
2016-08-15 09:05:33.761 83536 INFO tempest.lib.common.rest_client [req-af9251bd-5a3a-475c-8df4-afed47fdd7c1 ] Request (QuotasAdminTestJSON:setUpClass): 200 POST https://dal-iaas-001-api-endpoint.prod.walmart.com:5443/v2.0/tokens
2016-08-15 09:05:33.921 83537 INFO tempest.lib.common.rest_client [req-00817b72-e1d4-4957-a7ff-d1eb93fc470a ] Request (NetworksTest:tearDownClass): 204 DELETE https://dal-iaas-001-api-endpoint.prod.walmart.com:35357/v2.0/users/ae21018ed7924ae0b2a9660989518331 0.721s
2016-08-15 09:05:34.016 83533 INFO tempest.lib.common.rest_client [req-0ae371b6-93ce-4c1b-a979-191afe72627f ] Request (ServerAddressesTestJSON:tearDownClass): 404 GET https://dal-iaas-001-api-endpoint.prod.walmart.com:8774/v2/488c30e545fa47cd967700c77756cf79/servers/277ff28e-3526-48dc-bb77-99ecc7788d62 0.729s
2016-08-15 09:05:34.403 83537 INFO tempest.lib.common.rest_client [req-afde11b3-2dc7-44b9-ad16-03b8703ee709 ] Request (NetworksTest:tearDownClass): 200 GET https://dal-iaas-001-api-endpoint.prod.walmart.com:9696/v2.0/security-groups?tenant_id=e52fb102a08c452586fde47c68b947eb&name=default 0.481s
2016-08-15 09:05:34.516 83536 INFO tempest.lib.common.rest_client [req-2ef38932-9f9a-4a5e-9597-1d52b7517c12 ] Request (QuotasAdminTestJSON:setUpClass): 200 POST https://dal-iaas-001-api-endpoint.prod.walmart.com:35357/v2.0/tenants 0.754s
2016-08-15 09:05:34.520 83534 INFO tempest.lib.common.rest_client [req-b4fa21ca-5615-4628-9627-08b3739c928b ] Request (HypervisorAdminNegativeTestJSON:test_show_servers_with_non_admin_user): 200 GET https://dal-iaas-001-api-endpoint.prod.walmart.com:8774/v2/94668d6bc4e34c2a84da9ca0bfb49a10/os-hypervisors/5/servers 0.851s
2016-08-15 09:05:34.842 83533 INFO tempest.lib.common.rest_client [req-1d568f8d-db4e-4ed2-81af-a288330de030 ] Request (ServerAddressesTestJSON:tearDownClass): 204 DELETE https://dal-iaas-001-api-endpoint.prod.walmart.com:35357/v2.0/users/bc4b6e4d3158457883b780a442df9e74 0.824s
2016-08-15 09:05:34.894 83537 INFO tempest.lib.common.rest_client [req-f1af776a-3c77-4367-b7f2-10e00df54a68 ] Request (NetworksTest:tearDownClass): 204 DELETE https://dal-iaas-001-api-endpoint.prod.walmart.com:9696/v2.0/security-groups/939c46f8-2e5d-4f2f-9a8c-3c88af6bb822 0.490s
2016-08-15 09:05:34.981 83534 INFO tempest.lib.common.rest_client [req-c38597b4-02ca-4f75-831b-3ea5e2136f19 ] Request (HypervisorAdminNegativeTestJSON:test_show_servers_with_nonexistent_hypervisor): 404 GET https://dal-iaas-001-api-endpoint.prod.walmart.com:8774/v2/0e6396f47c344050878911d682df65a9/os-hypervisors/f7b8f02c-6420-4569-8ae4-0254982f1ef6/servers 0.456s
2016-08-15 09:05:35.238 83535 INFO tempest.lib.common.rest_client [req-54ffc8cb-4e5e-4eac-a021-1791884ce393 ] Request (FlavorsAccessTestJSON:test_flavor_access_add_remove): 200 POST https://dal-iaas-001-api-endpoint.prod.walmart.com:8774/v2/1391c1b8d99d4bfd9f7c2251a04811cc/flavors 1.486s
2016-08-15 09:05:35.283 83536 INFO tempest.lib.common.rest_client [req-a9e251bd-c224-4caa-8cec-6f50a32756df ] Request (QuotasAdminTestJSON:setUpClass): 200 POST https://dal-iaas-001-api-endpoint.prod.walmart.com:35357/v2.0/users 0.767s
2016-08-15 09:05:35.357 83538 INFO tempest.lib.common.rest_client [req-f48c82f7-4399-4a50-b2f1-b39f76df4345 ] Request (ServersAdminTestJSON:setUpClass): 200 GET https://dal-iaas-001-api-endpoint.prod.walmart.com:8774/v2/7f3b61c5c68f42cc92da8f2ace7f25a6/servers/f677dd67-14a5-4628-9672-67952bfb4748 0.645s
2016-08-15 09:05:35.694 83535 INFO tempest.lib.common.rest_client [req-19033ee1-b5cc-453b-94ef-b6f0babf17b6 ] Request (FlavorsAccessTestJSON:test_flavor_access_add_remove): 200 POST https://dal-iaas-001-api-endpoint.prod.walmart.com:8774/v2/1391c1b8d99d4bfd9f7c2251a04811cc/flavors/1516450795/action 0.453s
2016-08-15 09:05:35.721 83537 INFO tempest.lib.common.rest_client [req-ef14e438-950b-4603-8833-d8a0db3f994b ] Request (NetworksTest:tearDownClass): 204 DELETE https://dal-iaas-001-api-endpoint.prod.walmart.com:35357/v2.0/tenants/e52fb102a08c452586fde47c68b947eb 0.826s
2016-08-15 09:05:35.742 83534 INFO tempest.lib.common.rest_client [req-94210556-e27c-4304-b9a2-6e5e8fc79ccd ] Request (HypervisorAdminNegativeTestJSON:tearDownClass): 204 DELETE https://dal-iaas-001-api-endpoint.prod.walmart.com:35357/v2.0/users/4151fbbd85984eefab64c42f8c193b26 0.759s
2016-08-15 09:05:35.919 83536 INFO tempest.lib.common.rest_client [req-52aca280-47ca-4f9a-a8e1-f62405b5cdb8 ] Request (QuotasAdminTestJSON:setUpClass): 200 GET https://dal-iaas-001-api-endpoint.prod.walmart.com:35357/v2.0/OS-KSADM/roles 0.635s
2016-08-15 09:05:36.186 83533 INFO tempest.lib.common.rest_client [req-13783452-deba-4b95-a7d6-55c88975a0c7 ] Request (ServerAddressesTestJSON:tearDownClass): 200 GET https://dal-iaas-001-api-endpoint.prod.walmart.com:9696/v2.0/security-groups?tenant_id=488c30e545fa47cd967700c77756cf79&name=default 1.344s
2016-08-15 09:05:36.322 83535 INFO tempest.lib.common.rest_client [req-b2615929-3b07-47ce-9182-5b44080a3e66 ] Request (FlavorsAccessTestJSON:test_flavor_access_add_remove): 200 POST https://dal-iaas-001-api-endpoint.prod.walmart.com:5443/v2.0/tokens
2016-08-15 09:05:36.411 83537 INFO tempest.lib.common.rest_client [req-5f31b4ab-0d1a-4ba8-82d0-e8a2dfb6d646 ] Request (SecurityGroupsTestAdminJSON:setUpClass): 200 POST https://dal-iaas-001-api-endpoint.prod.walmart.com:5443/v2.0/tokens
2016-08-15 09:05:36.696 83536 INFO tempest.lib.common.rest_client [req-a0d70204-28ad-4e1a-bbe4-b0a7364b4393 ] Request (QuotasAdminTestJSON:setUpClass): 200 PUT https://dal-iaas-001-api-endpoint.prod.walmart.com:35357/v2.0/tenants/da9b1e4a60ba47d6a9ffd2c7a920c310/users/ee871370807e4ad6983cff111dc00375/roles/OS-KSADM/b5b0387bbe864c43a2999e531988bb8f 0.776s
2016-08-15 09:05:36.696 83536 INFO tempest.common.dynamic_creds [-] Acquired dynamic creds:
 credentials: Credentials: {'username': u'tempest-QuotasAdminTestJSON-1903710894', 'project_name': u'tempest-QuotasAdminTestJSON-1903710894', 'user_id': u'ee871370807e4ad6983cff111dc00375', 'tenant_name': u'tempest-QuotasAdminTestJSON-1903710894', 'tenant_id': u'da9b1e4a60ba47d6a9ffd2c7a920c310', 'project_id': u'da9b1e4a60ba47d6a9ffd2c7a920c310'}, Network: None, Subnet: None, Router: None
2016-08-15 09:05:36.700 83533 INFO tempest.lib.common.rest_client [req-a509898d-2d7c-4cbe-90e5-ce81a0adbbd4 ] Request (ServerAddressesTestJSON:tearDownClass): 204 DELETE https://dal-iaas-001-api-endpoint.prod.walmart.com:9696/v2.0/security-groups/0e929a94-dd97-4307-857e-d7ec225a005d 0.513s
2016-08-15 09:05:36.991 83534 INFO tempest.lib.common.rest_client [req-245ab76a-1565-4c2f-a64a-a29208f7dbca ] Request (HypervisorAdminNegativeTestJSON:tearDownClass): 200 GET https://dal-iaas-001-api-endpoint.prod.walmart.com:9696/v2.0/security-groups?tenant_id=0e6396f47c344050878911d682df65a9&name=default 1.248s
2016-08-15 09:05:37.034 83538 INFO tempest.lib.common.rest_client [req-51635dbd-bd2f-4ca1-9144-758b4a2a36b2 ] Request (ServersAdminTestJSON:setUpClass): 200 GET https://dal-iaas-001-api-endpoint.prod.walmart.com:8774/v2/7f3b61c5c68f42cc92da8f2ace7f25a6/servers/f677dd67-14a5-4628-9672-67952bfb4748 0.668s
2016-08-15 09:05:37.120 83537 INFO tempest.lib.common.rest_client [req-8ce22d80-2e7e-4a59-95c3-1ab8c7f89388 ] Request (SecurityGroupsTestAdminJSON:setUpClass): 200 POST https://dal-iaas-001-api-endpoint.prod.walmart.com:5443/v2.0/tokens
2016-08-15 09:05:37.489 83534 INFO tempest.lib.common.rest_client [req-95835cb3-b33d-43fc-93ee-1b0292ed3d05 ] Request (HypervisorAdminNegativeTestJSON:tearDownClass): 204 DELETE https://dal-iaas-001-api-endpoint.prod.walmart.com:9696/v2.0/security-groups/c370679e-e976-4173-97ea-563ea0682cdf 0.497s
2016-08-15 09:05:37.524 83536 INFO tempest.lib.common.rest_client [req-d4a5fcc8-d446-4536-8664-8c5ad6515a80 ] Request (QuotasAdminTestJSON:setUpClass): 200 POST https://dal-iaas-001-api-endpoint.prod.walmart.com:35357/v2.0/tenants 0.824s
2016-08-15 09:05:37.638 83533 INFO tempest.lib.common.rest_client [req-724f8d1c-1299-4b8d-8eef-4f948a6d9df7 ] Request (ServerAddressesTestJSON:tearDownClass): 204 DELETE https://dal-iaas-001-api-endpoint.prod.walmart.com:35357/v2.0/tenants/488c30e545fa47cd967700c77756cf79 0.937s
2016-08-15 09:05:37.683 83535 INFO tempest.lib.common.rest_client [req-266bc18e-8b03-4677-a6de-c82a4d1d800d ] Request (FlavorsAccessTestJSON:test_flavor_access_add_remove): 200 GET https://dal-iaas-001-api-endpoint.prod.walmart.com:8774/v2/fd6d8a01de77485dbbd9ab33b146e7a8/flavors/detail 1.360s
2016-08-15 09:05:37.796 83537 INFO tempest.lib.common.rest_client [req-f703a47d-9b4c-44f8-a545-a9e6f73a3701 ] Request (SecurityGroupsTestAdminJSON:setUpClass): 200 POST https://dal-iaas-001-api-endpoint.prod.walmart.com:35357/v2.0/tenants 0.675s
2016-08-15 09:05:38.133 83535 INFO tempest.lib.common.rest_client [req-be6190ee-85df-43e0-83e6-bd34c2aca207 ] Request (FlavorsAccessTestJSON:test_flavor_access_add_remove): 200 POST https://dal-iaas-001-api-endpoint.prod.walmart.com:8774/v2/1391c1b8d99d4bfd9f7c2251a04811cc/flavors/1516450795/action 0.445s
2016-08-15 09:05:38.269 83534 INFO tempest.lib.common.rest_client [req-c63afdf6-1fc7-484f-b4bc-b55f010877b1 ] Request (HypervisorAdminNegativeTestJSON:tearDownClass): 204 DELETE https://dal-iaas-001-api-endpoint.prod.walmart.com:35357/v2.0/tenants/0e6396f47c344050878911d682df65a9 0.780s
2016-08-15 09:05:38.272 83536 INFO tempest.lib.common.rest_client [req-cc6afd6f-f150-4327-9134-3dd3b7976fc1 ] Request (QuotasAdminTestJSON:setUpClass): 200 POST https://dal-iaas-001-api-endpoint.prod.walmart.com:35357/v2.0/users 0.747s
2016-08-15 09:05:38.287 83533 INFO tempest.lib.common.rest_client [req-7ecd9378-2df0-4500-9b59-bc243cc05d7f ] Request (ServerMetadataTestJSON:setUpClass): 200 POST https://dal-iaas-001-api-endpoint.prod.walmart.com:5443/v2.0/tokens
2016-08-15 09:05:38.541 83537 INFO tempest.lib.common.rest_client [req-0bb1014e-d305-4477-9c69-4cccdfcbf88f ] Request (SecurityGroupsTestAdminJSON:setUpClass): 200 POST https://dal-iaas-001-api-endpoint.prod.walmart.com:35357/v2.0/users 0.744s
2016-08-15 09:05:38.601 83535 INFO tempest.lib.common.rest_client [req-98423916-42f0-4516-a744-b57a0a667e5f ] Request (FlavorsAccessTestJSON:test_flavor_access_add_remove): 200 GET https://dal-iaas-001-api-endpoint.prod.walmart.com:8774/v2/fd6d8a01de77485dbbd9ab33b146e7a8/flavors/detail 0.466s
2016-08-15 09:05:38.711 83538 INFO tempest.lib.common.rest_client [req-60cc5ad5-16ec-4f02-a079-12df27ba4dc9 ] Request (ServersAdminTestJSON:setUpClass): 200 GET https://dal-iaas-001-api-endpoint.prod.walmart.com:8774/v2/7f3b61c5c68f42cc92da8f2ace7f25a6/servers/f677dd67-14a5-4628-9672-67952bfb4748 0.667s
2016-08-15 09:05:39.002 83533 INFO tempest.lib.common.rest_client [req-571eace0-c42c-42e7-9be7-1d0a31fb1da0 ] Request (ServerMetadataTestJSON:setUpClass): 200 POST https://dal-iaas-001-api-endpoint.prod.walmart.com:5443/v2.0/tokens
2016-08-15 09:05:39.045 83536 INFO tempest.lib.common.rest_client [req-b9cb4879-9fcb-4704-a30b-56c22fe1a93f ] Request (QuotasAdminTestJSON:setUpClass): 200 GET https://dal-iaas-001-api-endpoint.prod.walmart.com:35357/v2.0/OS-KSADM/roles 0.772s
2016-08-15 09:05:39.079 83535 INFO tempest.lib.common.rest_client [req-e6c8016c-b302-4097-beb2-cb079fc11f7d ] Request (FlavorsAccessTestJSON:_run_cleanups): 202 DELETE https://dal-iaas-001-api-endpoint.prod.walmart.com:8774/v2/1391c1b8d99d4bfd9f7c2251a04811cc/flavors/1516450795 0.472s
2016-08-15 09:05:39.101 83534 INFO tempest.lib.common.rest_client [req-b893db9f-464d-41f3-964a-fc4175085a53 ] Request (HypervisorAdminNegativeTestJSON:tearDownClass): 204 DELETE https://dal-iaas-001-api-endpoint.prod.walmart.com:35357/v2.0/users/8b041c756872439f9daf325f8bf57b8f 0.831s
2016-08-15 09:05:39.211 83537 INFO tempest.lib.common.rest_client [req-6d6433fb-06f1-48a4-913a-155c01202649 ] Request (SecurityGroupsTestAdminJSON:setUpClass): 200 GET https://dal-iaas-001-api-endpoint.prod.walmart.com:35357/v2.0/OS-KSADM/roles 0.669s
2016-08-15 09:05:39.502 83535 INFO tempest.lib.common.rest_client [req-ac7594d4-29f7-46c9-bb59-b4b4cea015fd ] Request (FlavorsAccessTestJSON:test_flavor_access_list_with_private_flavor): 200 POST https://dal-iaas-001-api-endpoint.prod.walmart.com:8774/v2/1391c1b8d99d4bfd9f7c2251a04811cc/flavors 0.420s
2016-08-15 09:05:39.556 83534 INFO tempest.lib.common.rest_client [req-1e90c139-7706-473e-8a9b-8d16782594cc ] Request (HypervisorAdminNegativeTestJSON:tearDownClass): 200 GET https://dal-iaas-001-api-endpoint.prod.walmart.com:9696/v2.0/security-groups?tenant_id=94668d6bc4e34c2a84da9ca0bfb49a10&name=default 0.455s
2016-08-15 09:05:39.675 83533 INFO tempest.lib.common.rest_client [req-85c315a9-e17a-4385-a714-65f3c232caf8 ] Request (ServerMetadataTestJSON:setUpClass): 200 POST https://dal-iaas-001-api-endpoint.prod.walmart.com:35357/v2.0/tenants 0.673s
2016-08-15 09:05:39.717 83536 INFO tempest.lib.common.rest_client [req-dd0f549b-91ae-462a-a009-0772a1a92780 ] Request (QuotasAdminTestJSON:setUpClass): 200 PUT https://dal-iaas-001-api-endpoint.prod.walmart.com:35357/v2.0/tenants/e0552636b28d489db08ff0f95c46edfa/users/3cff509a275340b49c2a2de403db8101/roles/OS-KSADM/b5b0387bbe864c43a2999e531988bb8f 0.671s
2016-08-15 09:05:39.886 83537 INFO tempest.lib.common.rest_client [req-a48c6378-4bc1-4891-b59b-a99f95534a9f ] Request (SecurityGroupsTestAdminJSON:setUpClass): 200 PUT https://dal-iaas-001-api-endpoint.prod.walmart.com:35357/v2.0/tenants/05117ef1d2a84656b04ed2354105de8e/users/ebfd58f0e9c447f08f5538889c8c60e3/roles/OS-KSADM/b5b0387bbe864c43a2999e531988bb8f 0.674s
2016-08-15 09:05:39.886 83537 INFO tempest.common.dynamic_creds [-] Acquired dynamic creds:
 credentials: Credentials: {'username': u'tempest-SecurityGroupsTestAdminJSON-2066968985', 'project_name': u'tempest-SecurityGroupsTestAdminJSON-2066968985', 'user_id': u'ebfd58f0e9c447f08f5538889c8c60e3', 'tenant_name': u'tempest-SecurityGroupsTestAdminJSON-2066968985', 'tenant_id': u'05117ef1d2a84656b04ed2354105de8e', 'project_id': u'05117ef1d2a84656b04ed2354105de8e'}, Network: None, Subnet: None, Router: None
2016-08-15 09:05:39.961 83535 INFO tempest.lib.common.rest_client [req-676c1b7d-e452-455d-9d0e-f520bb3273f7 ] Request (FlavorsAccessTestJSON:test_flavor_access_list_with_private_flavor): 200 GET https://dal-iaas-001-api-endpoint.prod.walmart.com:8774/v2/1391c1b8d99d4bfd9f7c2251a04811cc/flavors/1461419166/os-flavor-access 0.456s
2016-08-15 09:05:40.093 83534 INFO tempest.lib.common.rest_client [req-439d1731-4aa7-4f5f-95c8-ee9298228a21 ] Request (HypervisorAdminNegativeTestJSON:tearDownClass): 204 DELETE https://dal-iaas-001-api-endpoint.prod.walmart.com:9696/v2.0/security-groups/0bf680be-a87a-435e-81ac-cf495db84e2a 0.535s
2016-08-15 09:05:40.397 83533 INFO tempest.lib.common.rest_client [req-2d00cb67-73b5-4aef-a5df-c139f13fcef5 ] Request (ServerMetadataTestJSON:setUpClass): 200 POST https://dal-iaas-001-api-endpoint.prod.walmart.com:35357/v2.0/users 0.721s
2016-08-15 09:05:40.399 83536 INFO tempest.lib.common.rest_client [req-4a54d691-0fd8-4e34-8a12-cdd7d764e1c2 ] Request (QuotasAdminTestJSON:setUpClass): 200 GET https://dal-iaas-001-api-endpoint.prod.walmart.com:35357/v2.0/OS-KSADM/roles 0.681s
2016-08-15 09:05:40.431 83535 INFO tempest.lib.common.rest_client [req-402bd689-f670-406f-b600-3d7ae673026b ] Request (FlavorsAccessTestJSON:_run_cleanups): 202 DELETE https://dal-iaas-001-api-endpoint.prod.walmart.com:8774/v2/1391c1b8d99d4bfd9f7c2251a04811cc/flavors/1461419166 0.468s
2016-08-15 09:05:40.464 83538 INFO tempest.lib.common.rest_client [req-7a0e40ef-2d67-426b-987c-e73ee28099a1 ] Request (ServersAdminTestJSON:setUpClass): 200 GET https://dal-iaas-001-api-endpoint.prod.walmart.com:8774/v2/7f3b61c5c68f42cc92da8f2ace7f25a6/servers/f677dd67-14a5-4628-9672-67952bfb4748 0.743s
2016-08-15 09:05:40.538 83537 INFO tempest.lib.common.rest_client [req-ee7639ce-f0c8-4f14-9342-fa4b527a2a3d ] Request (SecurityGroupsTestAdminJSON:setUpClass): 200 POST https://dal-iaas-001-api-endpoint.prod.walmart.com:35357/v2.0/tenants 0.647s
2016-08-15 09:05:40.814 83534 INFO tempest.lib.common.rest_client [req-37fdc07d-a133-4820-be64-073aaadcb4a5 ] Request (HypervisorAdminNegativeTestJSON:tearDownClass): 204 DELETE https://dal-iaas-001-api-endpoint.prod.walmart.com:35357/v2.0/tenants/94668d6bc4e34c2a84da9ca0bfb49a10 0.720s
2016-08-15 09:05:41.083 83533 INFO tempest.lib.common.rest_client [req-25fdda9f-698b-44d7-acd7-019e6633ed04 ] Request (ServerMetadataTestJSON:setUpClass): 200 GET https://dal-iaas-001-api-endpoint.prod.walmart.com:35357/v2.0/OS-KSADM/roles 0.685s
2016-08-15 09:05:41.190 83535 INFO tempest.lib.common.rest_client [req-9cbfb2a7-6137-4c3b-aae9-7b3b84d54e82 ] Request (FlavorsAccessTestJSON:tearDownClass): 204 DELETE https://dal-iaas-001-api-endpoint.prod.walmart.com:35357/v2.0/users/c613235cb33440e08b28b1d1fe161984 0.757s
2016-08-15 09:05:41.208 83536 INFO tempest.lib.common.rest_client [req-a4b2d41a-c39d-45e8-9555-64c6f2292e48 ] Request (QuotasAdminTestJSON:setUpClass): 409 PUT https://dal-iaas-001-api-endpoint.prod.walmart.com:35357/v2.0/tenants/e0552636b28d489db08ff0f95c46edfa/users/3cff509a275340b49c2a2de403db8101/roles/OS-KSADM/b5b0387bbe864c43a2999e531988bb8f 0.808s
2016-08-15 09:05:41.209 83536 INFO tempest.common.dynamic_creds [-] Acquired dynamic creds:
 credentials: Credentials: {'username': u'tempest-QuotasAdminTestJSON-743157449', 'project_name': u'tempest-QuotasAdminTestJSON-743157449', 'user_id': u'3cff509a275340b49c2a2de403db8101', 'tenant_name': u'tempest-QuotasAdminTestJSON-743157449', 'tenant_id': u'e0552636b28d489db08ff0f95c46edfa', 'project_id': u'e0552636b28d489db08ff0f95c46edfa'}, Network: None, Subnet: None, Router: None
2016-08-15 09:05:41.447 83537 INFO tempest.lib.common.rest_client [req-3cc6fbd2-b9e4-4684-9c5b-10756822e08c ] Request (SecurityGroupsTestAdminJSON:setUpClass): 200 POST https://dal-iaas-001-api-endpoint.prod.walmart.com:35357/v2.0/users 0.908s
2016-08-15 09:05:41.492 83534 INFO tempest.lib.common.rest_client [req-dd7d1603-5e65-488e-a370-1171a0394dc7 ] Request (InstanceUsageAuditLogTestJSON:setUpClass): 200 POST https://dal-iaas-001-api-endpoint.prod.walmart.com:5443/v2.0/tokens
2016-08-15 09:05:41.747 83533 INFO tempest.lib.common.rest_client [req-992e4c29-666c-41ab-a47d-0f4c43104468 ] Request (ServerMetadataTestJSON:setUpClass): 200 PUT https://dal-iaas-001-api-endpoint.prod.walmart.com:35357/v2.0/tenants/2cc1a8b2d5e0472692d667edd7a0d6d8/users/c4d803f7f98844edb9e614207f6088ad/roles/OS-KSADM/b5b0387bbe864c43a2999e531988bb8f 0.663s
2016-08-15 09:05:41.747 83533 INFO tempest.common.dynamic_creds [-] Acquired dynamic creds:
 credentials: Credentials: {'username': u'tempest-ServerMetadataTestJSON-2141860146', 'project_name': u'tempest-ServerMetadataTestJSON-2141860146', 'user_id': u'c4d803f7f98844edb9e614207f6088ad', 'tenant_name': u'tempest-ServerMetadataTestJSON-2141860146', 'tenant_id': u'2cc1a8b2d5e0472692d667edd7a0d6d8', 'project_id': u'2cc1a8b2d5e0472692d667edd7a0d6d8'}, Network: None, Subnet: None, Router: None
2016-08-15 09:05:41.840 83536 INFO tempest.lib.common.rest_client [req-d6185a20-dacd-48aa-bf44-763db2817698 ] Request (QuotasAdminTestJSON:test_delete_quota): 200 POST https://dal-iaas-001-api-endpoint.prod.walmart.com:5443/v2.0/tokens
2016-08-15 09:05:42.120 83537 INFO tempest.lib.common.rest_client [req-4b7c98c2-86f1-4f9e-9e8b-bbcfebc56586 ] Request (SecurityGroupsTestAdminJSON:setUpClass): 200 GET https://dal-iaas-001-api-endpoint.prod.walmart.com:35357/v2.0/OS-KSADM/roles 0.673s
2016-08-15 09:05:42.158 83538 INFO tempest.lib.common.rest_client [req-130eabc1-a037-4429-9f77-4b39d005d4bc ] Request (ServersAdminTestJSON:setUpClass): 200 GET https://dal-iaas-001-api-endpoint.prod.walmart.com:8774/v2/7f3b61c5c68f42cc92da8f2ace7f25a6/servers/f677dd67-14a5-4628-9672-67952bfb4748 0.684s
2016-08-15 09:05:42.164 83538 INFO tempest.common.waiters [-] State transition "BUILD/spawning" ==> "ACTIVE/None" after 14 second wait
2016-08-15 09:05:42.177 83534 INFO tempest.lib.common.rest_client [req-929f98d1-ce90-46d8-83e6-1e4f92ce3d97 ] Request (InstanceUsageAuditLogTestJSON:setUpClass): 200 POST https://dal-iaas-001-api-endpoint.prod.walmart.com:5443/v2.0/tokens
2016-08-15 09:05:42.337 83533 INFO tempest.lib.common.rest_client [req-83820ed5-4b93-4711-b808-ccad722b796f ] Request (ServerMetadataTestJSON:setUpClass): 200 POST https://dal-iaas-001-api-endpoint.prod.walmart.com:5443/v2.0/tokens
2016-08-15 09:05:42.419 83535 INFO tempest.lib.common.rest_client [req-b7bfbf23-de19-403f-902e-15d6b3439256 ] Request (FlavorsAccessTestJSON:tearDownClass): 200 GET https://dal-iaas-001-api-endpoint.prod.walmart.com:9696/v2.0/security-groups?tenant_id=1391c1b8d99d4bfd9f7c2251a04811cc&name=default 1.228s
2016-08-15 09:05:42.602 83536 INFO tempest.lib.common.rest_client [req-d9aa673e-d8f8-4f3c-b22f-3d9ae2b0ecc4 ] Request (QuotasAdminTestJSON:test_delete_quota): 200 POST https://dal-iaas-001-api-endpoint.prod.walmart.com:35357/v2.0/tenants 0.761s
2016-08-15 09:05:42.794 83538 INFO tempest.lib.common.rest_client [req-81df340a-4e57-4014-97fa-d2559a8a3af3 ] Request (ServersAdminTestJSON:test_create_server_with_scheduling_hint): 200 POST https://dal-iaas-001-api-endpoint.prod.walmart.com:5443/v2.0/tokens
2016-08-15 09:05:42.821 83537 INFO tempest.lib.common.rest_client [req-5fa46329-b6a2-4d29-aa1d-10b25671af7a ] Request (SecurityGroupsTestAdminJSON:setUpClass): 200 PUT https://dal-iaas-001-api-endpoint.prod.walmart.com:35357/v2.0/tenants/b9222244fb40448688b97d83064d856b/users/089bd0c926ca4bcf97fbe99ebfbed470/roles/OS-KSADM/b5b0387bbe864c43a2999e531988bb8f 0.699s
2016-08-15 09:05:42.893 83535 INFO tempest.lib.common.rest_client [req-5036cce6-e8a2-4c35-8284-33989ec03e6a ] Request (FlavorsAccessTestJSON:tearDownClass): 204 DELETE https://dal-iaas-001-api-endpoint.prod.walmart.com:9696/v2.0/security-groups/2a40003e-00be-4787-a9ad-c57a4af789a9 0.474s
2016-08-15 09:05:43.001 83534 INFO tempest.lib.common.rest_client [req-379ae463-dc1a-4f84-8cd7-3a8d45c8ddee ] Request (InstanceUsageAuditLogTestJSON:setUpClass): 200 POST https://dal-iaas-001-api-endpoint.prod.walmart.com:35357/v2.0/tenants 0.823s
2016-08-15 09:05:43.579 83537 INFO tempest.lib.common.rest_client [req-731abf2c-b2d3-44d9-b706-0a773457fb8e ] Request (SecurityGroupsTestAdminJSON:setUpClass): 200 GET https://dal-iaas-001-api-endpoint.prod.walmart.com:35357/v2.0/OS-KSADM/roles 0.757s
2016-08-15 09:05:43.622 83535 INFO tempest.lib.common.rest_client [req-dfdd02b6-00ed-4db4-b8f7-17ee08fd7094 ] Request (FlavorsAccessTestJSON:tearDownClass): 204 DELETE https://dal-iaas-001-api-endpoint.prod.walmart.com:35357/v2.0/tenants/1391c1b8d99d4bfd9f7c2251a04811cc 0.727s
2016-08-15 09:05:43.675 83533 INFO tempest.lib.common.rest_client [req-5a4d7d2b-72bb-4e8f-9acc-3f1672632f34 ] Request (ServerMetadataTestJSON:setUpClass): 200 GET https://dal-iaas-001-api-endpoint.prod.walmart.com:8774/v2/2cc1a8b2d5e0472692d667edd7a0d6d8/os-networks 1.337s
2016-08-15 09:05:43.675 83533 INFO tempest.common.fixed_network [-] (ServerMetadataTestJSON:setUpClass) Found network {u'bridge': None, u'vpn_public_port': None, u'dhcp_start': None, u'bridge_interface': None, u'share_address': None, u'updated_at': None, u'id': u'1db35de8-93c8-455c-a1c1-720801bd971a', u'cidr_v6': None, u'deleted_at': None, u'gateway': None, u'rxtx_base': None, u'label': u'net1', u'priority': None, u'project_id': None, u'vpn_private_address': None, u'deleted': None, u'vlan': None, u'broadcast': None, u'netmask': None, u'injected': None, u'cidr': None, u'vpn_public_address': None, u'multi_host': None, 'name': u'net1', u'enable_dhcp': None, u'dns2': None, u'created_at': None, u'host': None, u'mtu': None, u'gateway_v6': None, u'netmask_v6': None, u'dhcp_server': None, u'dns1': None} available for tenant
2016-08-15 09:05:43.697 83534 INFO tempest.lib.common.rest_client [req-6c6fc6ed-d04a-47e8-9475-e6debca6e172 ] Request (InstanceUsageAuditLogTestJSON:setUpClass): 200 POST https://dal-iaas-001-api-endpoint.prod.walmart.com:35357/v2.0/users 0.696s
2016-08-15 09:05:43.951 83536 INFO tempest.lib.common.rest_client [req-18f5c3d9-7daa-437e-be8e-0f77c5a9ac67 ] Request (QuotasAdminTestJSON:test_delete_quota): 200 GET https://dal-iaas-001-api-endpoint.prod.walmart.com:8774/v2/e0552636b28d489db08ff0f95c46edfa/os-quota-sets/a9d6ad2d5e38427499bb3e818ab0632b 1.348s
2016-08-15 09:05:44.069 83538 INFO tempest.lib.common.rest_client [req-75739ff6-419f-4719-801a-52de83baca5a ] Request (ServersAdminTestJSON:test_create_server_with_scheduling_hint): 200 GET https://dal-iaas-001-api-endpoint.prod.walmart.com:8774/v2/7f3b61c5c68f42cc92da8f2ace7f25a6/os-networks 1.274s
