2016-08-18 21:20:12.429 7075 INFO tempest.lib.common.rest_client [req-c91fe0e8-aac1-49f4-92fa-a47f3eec8e70 ] Request (AZAdminNegativeTestJSON:setUpClass): 200 GET https://dal-iaas-001-api-endpoint.prod.walmart.com:35357/v2.0/OS-KSADM/roles 0.481s
2016-08-18 21:20:12.442 7073 INFO tempest.lib.common.rest_client [req-239a52d9-7d4c-4241-a51a-a44f2205e1a6 ] Request (HypervisorAdminTestJSON:setUpClass): 200 POST https://dal-iaas-001-api-endpoint.prod.walmart.com:5443/v2.0/tokens
2016-08-18 21:20:12.469 7077 INFO tempest.lib.common.rest_client [req-54398501-a93e-494d-906e-0d0fe486f618 ] Request (HostsAdminTestJSON:setUpClass): 200 PUT https://dal-iaas-001-api-endpoint.prod.walmart.com:35357/v2.0/tenants/feb9899decfc47af9dd951ec6731ecf6/users/01ecd32afeca47abb0995167fe6579c5/roles/OS-KSADM/b5b0387bbe864c43a2999e531988bb8f 0.568s
2016-08-18 21:20:12.470 7077 INFO tempest.common.dynamic_creds [-] Acquired dynamic creds:
 credentials: Credentials: {'username': u'tempest-HostsAdminTestJSON-1888063508', 'project_name': u'tempest-HostsAdminTestJSON-1888063508', 'user_id': u'01ecd32afeca47abb0995167fe6579c5', 'tenant_name': u'tempest-HostsAdminTestJSON-1888063508', 'tenant_id': u'feb9899decfc47af9dd951ec6731ecf6', 'project_id': u'feb9899decfc47af9dd951ec6731ecf6'}, Network: None, Subnet: None, Router: None
2016-08-18 21:20:12.615 7074 INFO tempest.lib.common.rest_client [req-43311df1-1db2-4b62-9a52-a3df76a22dd4 ] Request (AggregatesAdminTestJSON:test_aggregate_create_update_metadata_get_details): 200 POST https://dal-iaas-001-api-endpoint.prod.walmart.com:8774/v2/ac9eeb7a3f1e4edc9ce2e27f4803b4bd/os-aggregates/1132/action 0.459s
2016-08-18 21:20:12.672 7071 INFO tempest.lib.common.rest_client [req-1c936911-b4bb-449e-bf67-4b37d8d6e32c ] Request (TestNetworkBasicOps:test_hotplug_nic): 200 POST https://dal-iaas-001-api-endpoint.prod.walmart.com:5443/v2.0/tokens
2016-08-18 21:20:12.867 7072 INFO tempest.lib.common.rest_client [req-95f3608f-dd2a-4938-bbe8-32eedcf8c67a ] Request (AggregatesAdminNegativeTestJSON:_run_cleanups): 404 POST https://dal-iaas-001-api-endpoint.prod.walmart.com:8774/v2/1b2169aef12b448fb6c47286ceca76a8/os-aggregates/1129/action 0.459s
2016-08-18 21:20:12.884 7076 INFO tempest.lib.common.rest_client [req-f640fce3-8fa6-46e4-98ee-7393821e69a1 ] Request (HypervisorAdminNegativeTestJSON:tearDownClass): 204 DELETE https://dal-iaas-001-api-endpoint.prod.walmart.com:9696/v2.0/security-groups/70973cae-fa79-40dc-ab89-1e3d5ea6f9f9 0.471s
2016-08-18 21:20:12.978 7074 INFO tempest.lib.common.rest_client [req-65615bfa-ea5e-43f1-9a4d-d51d4770209f ] Request (AggregatesAdminTestJSON:test_aggregate_create_update_metadata_get_details): 200 GET https://dal-iaas-001-api-endpoint.prod.walmart.com:8774/v2/ac9eeb7a3f1e4edc9ce2e27f4803b4bd/os-aggregates/1132 0.355s
2016-08-18 21:20:13.007 7073 INFO tempest.lib.common.rest_client [req-ae2fc589-7f42-4064-bdcb-af0fac4ce313 ] Request (HypervisorAdminTestJSON:setUpClass): 200 POST https://dal-iaas-001-api-endpoint.prod.walmart.com:35357/v2.0/tenants 0.562s
2016-08-18 21:20:13.011 7077 INFO tempest.lib.common.rest_client [req-96935795-1724-4df3-86cb-06bc290f37f2 ] Request (HostsAdminTestJSON:setUpClass): 200 POST https://dal-iaas-001-api-endpoint.prod.walmart.com:35357/v2.0/tenants 0.530s
2016-08-18 21:20:13.019 7075 INFO tempest.lib.common.rest_client [req-46f56440-d22e-4f7a-8b56-64ee8561bbbf ] Request (AZAdminNegativeTestJSON:setUpClass): 200 PUT https://dal-iaas-001-api-endpoint.prod.walmart.com:35357/v2.0/tenants/899afba8176f49bf86754fb88fd4ceb8/users/2480b9155240485d8f62e5312ab0aadf/roles/OS-KSADM/b5b0387bbe864c43a2999e531988bb8f 0.588s
2016-08-18 21:20:13.020 7075 INFO tempest.common.dynamic_creds [-] Acquired dynamic creds:
 credentials: Credentials: {'username': u'tempest-AZAdminNegativeTestJSON-1677780802', 'project_name': u'tempest-AZAdminNegativeTestJSON-1677780802', 'user_id': u'2480b9155240485d8f62e5312ab0aadf', 'tenant_name': u'tempest-AZAdminNegativeTestJSON-1677780802', 'tenant_id': u'899afba8176f49bf86754fb88fd4ceb8', 'project_id': u'899afba8176f49bf86754fb88fd4ceb8'}, Network: None, Subnet: None, Router: None
2016-08-18 21:20:13.265 7072 INFO tempest.lib.common.rest_client [req-bda7f209-d702-411b-ad28-bcf03de9b8e1 ] Request (AggregatesAdminNegativeTestJSON:_run_cleanups): 200 DELETE https://dal-iaas-001-api-endpoint.prod.walmart.com:8774/v2/1b2169aef12b448fb6c47286ceca76a8/os-aggregates/1129 0.395s
2016-08-18 21:20:13.303 7074 INFO tempest.lib.common.rest_client [req-b51158d8-e5d7-469b-875b-fdcdf9a4daa5 ] Request (AggregatesAdminTestJSON:_run_cleanups): 200 DELETE https://dal-iaas-001-api-endpoint.prod.walmart.com:8774/v2/ac9eeb7a3f1e4edc9ce2e27f4803b4bd/os-aggregates/1132 0.318s
2016-08-18 21:20:13.471 7076 INFO tempest.lib.common.rest_client [req-9b8128ca-f4ab-49ff-9c17-123539dd05e8 ] Request (HypervisorAdminNegativeTestJSON:tearDownClass): 204 DELETE https://dal-iaas-001-api-endpoint.prod.walmart.com:35357/v2.0/tenants/2f9d41d50fdf4d469bb6ec8c4ee5fd32 0.586s
2016-08-18 21:20:13.528 7075 INFO tempest.lib.common.rest_client [req-cf0949e8-2d1f-4467-87f4-57d066322627 ] Request (AZAdminNegativeTestJSON:setUpClass): 200 POST https://dal-iaas-001-api-endpoint.prod.walmart.com:35357/v2.0/tenants 0.492s
2016-08-18 21:20:13.570 7077 INFO tempest.lib.common.rest_client [req-ec2695b2-65bc-4901-a760-122a67bf4e51 ] Request (HostsAdminTestJSON:setUpClass): 200 POST https://dal-iaas-001-api-endpoint.prod.walmart.com:35357/v2.0/users 0.557s
2016-08-18 21:20:13.591 7071 INFO tempest.lib.common.rest_client [req-11fc4cf5-23f6-4bab-8006-a43662728314 ] Request (TestNetworkBasicOps:test_hotplug_nic): 200 GET https://dal-iaas-001-api-endpoint.prod.walmart.com:8774/v2/88c52eaf81494db886d1d366e8012322/os-networks 0.917s
2016-08-18 21:20:13.593 7071 INFO tempest.common.fixed_network [-] (TestNetworkBasicOps:test_hotplug_nic) Found network {u'bridge': None, u'vpn_public_port': None, u'dhcp_start': None, u'bridge_interface': None, u'share_address': None, u'updated_at': None, u'id': u'1db35de8-93c8-455c-a1c1-720801bd971a', u'cidr_v6': None, u'deleted_at': None, u'gateway': None, u'rxtx_base': None, u'label': u'net1', u'priority': None, u'project_id': None, u'vpn_private_address': None, u'deleted': None, u'vlan': None, u'broadcast': None, u'netmask': None, u'injected': None, u'cidr': None, u'vpn_public_address': None, u'multi_host': None, 'name': u'net1', u'enable_dhcp': None, u'dns2': None, u'created_at': None, u'host': None, u'mtu': None, u'gateway_v6': None, u'netmask_v6': None, u'dhcp_server': None, u'dns1': None} available for tenant
2016-08-18 21:20:13.607 7073 INFO tempest.lib.common.rest_client [req-80df3c32-c1c2-4a76-bfc5-992a4e7cce09 ] Request (HypervisorAdminTestJSON:setUpClass): 200 POST https://dal-iaas-001-api-endpoint.prod.walmart.com:35357/v2.0/users 0.599s
2016-08-18 21:20:13.677 7072 INFO tempest.lib.common.rest_client [req-78482bcb-c76a-4ec7-bdda-559512cd0681 ] Request (AggregatesAdminNegativeTestJSON:test_aggregate_remove_nonexistent_host): 200 POST https://dal-iaas-001-api-endpoint.prod.walmart.com:8774/v2/1b2169aef12b448fb6c47286ceca76a8/os-aggregates 0.406s
2016-08-18 21:20:13.815 7074 INFO tempest.lib.common.rest_client [req-e2b83476-0904-4a2f-94a7-ce27f102da48 ] Request (AggregatesAdminTestJSON:test_aggregate_create_update_with_az): 200 POST https://dal-iaas-001-api-endpoint.prod.walmart.com:8774/v2/ac9eeb7a3f1e4edc9ce2e27f4803b4bd/os-aggregates 0.508s
2016-08-18 21:20:13.988 7077 INFO tempest.lib.common.rest_client [req-70f1069d-f3d4-4cf6-b2de-065098d81ef5 ] Request (HostsAdminTestJSON:setUpClass): 200 GET https://dal-iaas-001-api-endpoint.prod.walmart.com:35357/v2.0/OS-KSADM/roles 0.417s
2016-08-18 21:20:13.995 7070 INFO tempest.lib.common.rest_client [req-b50aa97e-95c3-420f-881d-6b72f5248500 ] Request (TestSecurityGroupsBasicOps:setUp): 202 POST https://dal-iaas-001-api-endpoint.prod.walmart.com:8774/v2/8e843038574d43158bc21dca903622d4/servers 1.829s
2016-08-18 21:20:14.030 7072 INFO tempest.lib.common.rest_client [req-ff1ace8f-0333-4a1e-91e1-e730d7860e6b ] Request (AggregatesAdminNegativeTestJSON:test_aggregate_remove_nonexistent_host): 404 POST https://dal-iaas-001-api-endpoint.prod.walmart.com:8774/v2/1b2169aef12b448fb6c47286ceca76a8/os-aggregates/1135/action 0.346s
2016-08-18 21:20:14.068 7076 INFO tempest.lib.common.rest_client [req-95b45b78-c3d7-482d-ad2d-0779bb136e59 ] Request (HypervisorAdminNegativeTestJSON:tearDownClass): 204 DELETE https://dal-iaas-001-api-endpoint.prod.walmart.com:35357/v2.0/users/f42054deca054dc889df4bfa1c6ccf5e 0.595s
2016-08-18 21:20:14.071 7075 INFO tempest.lib.common.rest_client [req-0fc20544-610c-49df-a59c-744090e79313 ] Request (AZAdminNegativeTestJSON:setUpClass): 200 POST https://dal-iaas-001-api-endpoint.prod.walmart.com:35357/v2.0/users 0.542s
2016-08-18 21:20:14.087 7073 INFO tempest.lib.common.rest_client [req-298b84d4-7395-4e87-b515-8f145fa5da0d ] Request (HypervisorAdminTestJSON:setUpClass): 200 GET https://dal-iaas-001-api-endpoint.prod.walmart.com:35357/v2.0/OS-KSADM/roles 0.477s
2016-08-18 21:20:14.410 7074 INFO tempest.lib.common.rest_client [req-bcc37706-2ea9-428f-9168-f04210e6bd59 ] Request (AggregatesAdminTestJSON:test_aggregate_create_update_with_az): 200 PUT https://dal-iaas-001-api-endpoint.prod.walmart.com:8774/v2/ac9eeb7a3f1e4edc9ce2e27f4803b4bd/os-aggregates/1138 0.587s
2016-08-18 21:20:14.454 7076 INFO tempest.lib.common.rest_client [req-fbd11e7a-aa1e-4d25-bf7c-452806c13283 ] Request (HypervisorAdminNegativeTestJSON:tearDownClass): 200 GET https://dal-iaas-001-api-endpoint.prod.walmart.com:9696/v2.0/security-groups?tenant_id=fd1e67c44ed54f3ba99a61f3bb9479d6&name=default 0.384s
2016-08-18 21:20:14.464 7072 INFO tempest.lib.common.rest_client [req-86b2bbf2-04f0-4c1b-875e-3e9d2e0ba087 ] Request (AggregatesAdminNegativeTestJSON:_run_cleanups): 200 DELETE https://dal-iaas-001-api-endpoint.prod.walmart.com:8774/v2/1b2169aef12b448fb6c47286ceca76a8/os-aggregates/1135 0.432s
2016-08-18 21:20:14.587 7077 INFO tempest.lib.common.rest_client [req-cf09d663-e2f4-4706-83dc-52a264be2df8 ] Request (HostsAdminTestJSON:setUpClass): 200 PUT https://dal-iaas-001-api-endpoint.prod.walmart.com:35357/v2.0/tenants/d7f58dfd85694802b72333fc71c2c82b/users/fe7321fb48cc49bebec4e3f2ba8d4797/roles/OS-KSADM/b5b0387bbe864c43a2999e531988bb8f 0.597s
2016-08-18 21:20:14.588 7075 INFO tempest.lib.common.rest_client [req-3db98719-11b2-4783-9f27-f982d5d078a6 ] Request (AZAdminNegativeTestJSON:setUpClass): 200 GET https://dal-iaas-001-api-endpoint.prod.walmart.com:35357/v2.0/OS-KSADM/roles 0.515s
2016-08-18 21:20:14.618 7070 INFO tempest.lib.common.rest_client [req-ec35839a-12e6-46a2-8186-0841950ba471 ] Request (TestSecurityGroupsBasicOps:setUp): 200 GET https://dal-iaas-001-api-endpoint.prod.walmart.com:8774/v2/8e843038574d43158bc21dca903622d4/servers/df1db0f6-60b5-4395-b2fa-c3d82ced0191 0.616s
2016-08-18 21:20:14.776 7073 INFO tempest.lib.common.rest_client [req-90d7956e-e3a1-4856-8781-01ad1e872cd4 ] Request (HypervisorAdminTestJSON:setUpClass): 200 PUT https://dal-iaas-001-api-endpoint.prod.walmart.com:35357/v2.0/tenants/82cd5772e3734225b2ef0acfa6d4a137/users/e53569adcfe5449d899e3d1530dc470b/roles/OS-KSADM/b5b0387bbe864c43a2999e531988bb8f 0.688s
2016-08-18 21:20:14.778 7073 INFO tempest.common.dynamic_creds [-] Acquired dynamic creds:
 credentials: Credentials: {'username': u'tempest-HypervisorAdminTestJSON-1445856528', 'project_name': u'tempest-HypervisorAdminTestJSON-1445856528', 'user_id': u'e53569adcfe5449d899e3d1530dc470b', 'tenant_name': u'tempest-HypervisorAdminTestJSON-1445856528', 'tenant_id': u'82cd5772e3734225b2ef0acfa6d4a137', 'project_id': u'82cd5772e3734225b2ef0acfa6d4a137'}, Network: None, Subnet: None, Router: None
2016-08-18 21:20:14.838 7074 INFO tempest.lib.common.rest_client [req-61c6b166-ddf7-401a-a953-838e75bf225f ] Request (AggregatesAdminTestJSON:test_aggregate_create_update_with_az): 200 GET https://dal-iaas-001-api-endpoint.prod.walmart.com:8774/v2/ac9eeb7a3f1e4edc9ce2e27f4803b4bd/os-aggregates 0.419s
2016-08-18 21:20:14.882 7076 INFO tempest.lib.common.rest_client [req-b68004f9-03ff-48ff-bfaf-cc49af8ba62b ] Request (HypervisorAdminNegativeTestJSON:tearDownClass): 204 DELETE https://dal-iaas-001-api-endpoint.prod.walmart.com:9696/v2.0/security-groups/150a3800-8407-44cb-802e-a944570f4d3c 0.426s
2016-08-18 21:20:15.146 7077 INFO tempest.lib.common.rest_client [req-777f0e41-6283-420b-8bb8-dabedf464173 ] Request (HostsAdminTestJSON:setUpClass): 200 GET https://dal-iaas-001-api-endpoint.prod.walmart.com:35357/v2.0/OS-KSADM/roles 0.557s
2016-08-18 21:20:15.174 7072 INFO tempest.lib.common.rest_client [req-a3575c12-c063-4fc6-be0d-5987b7628070 ] Request (AggregatesAdminNegativeTestJSON:tearDownClass): 204 DELETE https://dal-iaas-001-api-endpoint.prod.walmart.com:35357/v2.0/users/a5ffbe0e346b447c85909d03aa88f6b3 0.707s
2016-08-18 21:20:15.208 7075 INFO tempest.lib.common.rest_client [req-c25111be-326e-4517-8e71-c7292d20fb3a ] Request (AZAdminNegativeTestJSON:setUpClass): 200 PUT https://dal-iaas-001-api-endpoint.prod.walmart.com:35357/v2.0/tenants/f8980e878ab9427ab262c90602d2aefe/users/567be4435b9e4feaa08678a66bdbcded/roles/OS-KSADM/b5b0387bbe864c43a2999e531988bb8f 0.617s
2016-08-18 21:20:15.234 7074 INFO tempest.lib.common.rest_client [req-2e14c770-f9e8-4e87-82a2-9b0926f3f7ae ] Request (AggregatesAdminTestJSON:_run_cleanups): 200 DELETE https://dal-iaas-001-api-endpoint.prod.walmart.com:8774/v2/ac9eeb7a3f1e4edc9ce2e27f4803b4bd/os-aggregates/1138 0.388s
2016-08-18 21:20:15.294 7073 INFO tempest.lib.common.rest_client [req-8650a1bc-f463-4ad2-a1ba-d731304b8e39 ] Request (HypervisorAdminTestJSON:setUpClass): 200 POST https://dal-iaas-001-api-endpoint.prod.walmart.com:35357/v2.0/tenants 0.501s
2016-08-18 21:20:15.571 7076 INFO tempest.lib.common.rest_client [req-bdc66ffa-0043-41ed-9065-e14695d495b7 ] Request (HypervisorAdminNegativeTestJSON:tearDownClass): 204 DELETE https://dal-iaas-001-api-endpoint.prod.walmart.com:35357/v2.0/tenants/fd1e67c44ed54f3ba99a61f3bb9479d6 0.688s
2016-08-18 21:20:15.610 7071 INFO tempest.lib.common.rest_client [req-9c322576-2743-4125-826f-246caf5f575b ] Request (TestNetworkBasicOps:test_hotplug_nic): 202 POST https://dal-iaas-001-api-endpoint.prod.walmart.com:8774/v2/88c52eaf81494db886d1d366e8012322/servers 2.015s
2016-08-18 21:20:15.617 7074 INFO tempest.lib.common.rest_client [req-dd7fcae2-222c-498b-be86-4f55ddedc38b ] Request (AggregatesAdminTestJSON:test_aggregate_create_verify_entry_in_list): 200 POST https://dal-iaas-001-api-endpoint.prod.walmart.com:8774/v2/ac9eeb7a3f1e4edc9ce2e27f4803b4bd/os-aggregates 0.380s
2016-08-18 21:20:15.635 7077 INFO tempest.lib.common.rest_client [req-41a88553-0513-45a9-9134-c786734a1388 ] Request (HostsAdminTestJSON:setUpClass): 409 PUT https://dal-iaas-001-api-endpoint.prod.walmart.com:35357/v2.0/tenants/d7f58dfd85694802b72333fc71c2c82b/users/fe7321fb48cc49bebec4e3f2ba8d4797/roles/OS-KSADM/b5b0387bbe864c43a2999e531988bb8f 0.486s
2016-08-18 21:20:15.636 7077 INFO tempest.common.dynamic_creds [-] Acquired dynamic creds:
 credentials: Credentials: {'username': u'tempest-HostsAdminTestJSON-497303982', 'project_name': u'tempest-HostsAdminTestJSON-497303982', 'user_id': u'fe7321fb48cc49bebec4e3f2ba8d4797', 'tenant_name': u'tempest-HostsAdminTestJSON-497303982', 'tenant_id': u'd7f58dfd85694802b72333fc71c2c82b', 'project_id': u'd7f58dfd85694802b72333fc71c2c82b'}, Network: None, Subnet: None, Router: None
2016-08-18 21:20:15.657 7075 INFO tempest.lib.common.rest_client [req-b4197d02-c793-4f1e-a5b9-c6493d9c7d6e ] Request (AZAdminNegativeTestJSON:setUpClass): 200 GET https://dal-iaas-001-api-endpoint.prod.walmart.com:35357/v2.0/OS-KSADM/roles 0.448s
2016-08-18 21:20:15.880 7073 INFO tempest.lib.common.rest_client [req-c0011814-f7e4-4f3f-998b-ba9a0cc88ce3 ] Request (HypervisorAdminTestJSON:setUpClass): 200 POST https://dal-iaas-001-api-endpoint.prod.walmart.com:35357/v2.0/users 0.584s
2016-08-18 21:20:16.042 7074 INFO tempest.lib.common.rest_client [req-d97009d1-de45-4a74-9274-ea49a2edea67 ] Request (AggregatesAdminTestJSON:test_aggregate_create_verify_entry_in_list): 200 GET https://dal-iaas-001-api-endpoint.prod.walmart.com:8774/v2/ac9eeb7a3f1e4edc9ce2e27f4803b4bd/os-aggregates 0.418s
2016-08-18 21:20:16.207 7071 INFO tempest.lib.common.rest_client [req-70e66f4c-0696-4025-98dd-36695926c866 ] Request (TestNetworkBasicOps:test_hotplug_nic): 200 GET https://dal-iaas-001-api-endpoint.prod.walmart.com:8774/v2/88c52eaf81494db886d1d366e8012322/servers/966e6332-0311-4f13-9c58-beaf09512ee2 0.590s
2016-08-18 21:20:16.227 7075 INFO tempest.lib.common.rest_client [req-1c9f00ab-75f7-405c-951d-66eca0912fd4 ] Request (AZAdminNegativeTestJSON:setUpClass): 409 PUT https://dal-iaas-001-api-endpoint.prod.walmart.com:35357/v2.0/tenants/f8980e878ab9427ab262c90602d2aefe/users/567be4435b9e4feaa08678a66bdbcded/roles/OS-KSADM/b5b0387bbe864c43a2999e531988bb8f 0.568s
2016-08-18 21:20:16.228 7075 INFO tempest.common.dynamic_creds [-] Acquired dynamic creds:
 credentials: Credentials: {'username': u'tempest-AZAdminNegativeTestJSON-597986788', 'project_name': u'tempest-AZAdminNegativeTestJSON-597986788', 'user_id': u'567be4435b9e4feaa08678a66bdbcded', 'tenant_name': u'tempest-AZAdminNegativeTestJSON-597986788', 'tenant_id': u'f8980e878ab9427ab262c90602d2aefe', 'project_id': u'f8980e878ab9427ab262c90602d2aefe'}, Network: None, Subnet: None, Router: None
2016-08-18 21:20:16.263 7072 INFO tempest.lib.common.rest_client [req-af7e327f-cfc7-4b2a-ae05-7722dc8b8074 ] Request (AggregatesAdminNegativeTestJSON:tearDownClass): 200 GET https://dal-iaas-001-api-endpoint.prod.walmart.com:9696/v2.0/security-groups?tenant_id=1b2169aef12b448fb6c47286ceca76a8&name=default 1.088s
2016-08-18 21:20:16.350 7073 INFO tempest.lib.common.rest_client [req-e8499b60-3074-49eb-8ecf-ec49d28528db ] Request (HypervisorAdminTestJSON:setUpClass): 200 GET https://dal-iaas-001-api-endpoint.prod.walmart.com:35357/v2.0/OS-KSADM/roles 0.469s
2016-08-18 21:20:16.354 7070 INFO tempest.lib.common.rest_client [req-83a8330d-e902-4527-894a-c22f5fc8a1a7 ] Request (TestSecurityGroupsBasicOps:setUp): 200 GET https://dal-iaas-001-api-endpoint.prod.walmart.com:8774/v2/8e843038574d43158bc21dca903622d4/servers/df1db0f6-60b5-4395-b2fa-c3d82ced0191 0.712s
2016-08-18 21:20:16.368 7077 INFO tempest.lib.common.rest_client [req-f70c7ca0-3a3a-4e1d-b29a-af920130ae5e ] Request (HostsAdminTestJSON:test_list_hosts): 200 POST https://dal-iaas-001-api-endpoint.prod.walmart.com:5443/v2.0/tokens
2016-08-18 21:20:16.378 7070 INFO tempest.common.waiters [-] State transition "BUILD/scheduling" ==> "BUILD/networking" after 2 second wait
2016-08-18 21:20:16.390 7076 INFO tempest.lib.common.rest_client [req-fbceea68-6a95-4b24-adf8-176b0dbb67f3 ] Request (InstanceUsageAuditLogNegativeTestJSON:setUpClass): 200 POST https://dal-iaas-001-api-endpoint.prod.walmart.com:5443/v2.0/tokens
2016-08-18 21:20:16.409 7074 INFO tempest.lib.common.rest_client [req-60256ca3-a8a5-42aa-953c-b1940cc3db7d ] Request (AggregatesAdminTestJSON:_run_cleanups): 200 DELETE https://dal-iaas-001-api-endpoint.prod.walmart.com:8774/v2/ac9eeb7a3f1e4edc9ce2e27f4803b4bd/os-aggregates/1141 0.357s
2016-08-18 21:20:16.688 7072 INFO tempest.lib.common.rest_client [req-301e3421-6064-4cd3-b780-4d2ad4c7ad14 ] Request (AggregatesAdminNegativeTestJSON:tearDownClass): 204 DELETE https://dal-iaas-001-api-endpoint.prod.walmart.com:9696/v2.0/security-groups/2bbc8643-ce9e-40b3-8d16-c98b32ff5076 0.423s
2016-08-18 21:20:16.841 7075 INFO tempest.lib.common.rest_client [req-447e9933-3d6d-4a01-8d18-d634a75c5807 ] Request (AZAdminNegativeTestJSON:test_get_availability_zone_list_detail_with_non_admin_user): 200 POST https://dal-iaas-001-api-endpoint.prod.walmart.com:5443/v2.0/tokens
2016-08-18 21:20:16.864 7073 INFO tempest.lib.common.rest_client [req-d409faaf-a2cc-4270-8dc5-8f128f6d65fc ] Request (HypervisorAdminTestJSON:setUpClass): 200 PUT https://dal-iaas-001-api-endpoint.prod.walmart.com:35357/v2.0/tenants/2dd2ad41de4b4dfb8a1725e485f797ee/users/6d636ef635c04f6d8f4a1f152884c2d4/roles/OS-KSADM/b5b0387bbe864c43a2999e531988bb8f 0.512s
2016-08-18 21:20:17.052 7074 INFO tempest.lib.common.rest_client [req-2155df08-bbc8-4dde-a5d0-e704b7e8b9b9 ] Request (AggregatesAdminTestJSON:tearDownClass): 204 DELETE https://dal-iaas-001-api-endpoint.prod.walmart.com:35357/v2.0/users/f95e1192934f4c16b2e331d3531226b3 0.638s
2016-08-18 21:20:17.065 7076 INFO tempest.lib.common.rest_client [req-6c51c8c0-a145-4fc7-b44d-6c8ed640cd19 ] Request (InstanceUsageAuditLogNegativeTestJSON:setUpClass): 200 POST https://dal-iaas-001-api-endpoint.prod.walmart.com:5443/v2.0/tokens
2016-08-18 21:20:17.271 7072 INFO tempest.lib.common.rest_client [req-275dcc5e-7fc3-491f-ab49-9b355cd61c03 ] Request (AggregatesAdminNegativeTestJSON:tearDownClass): 204 DELETE https://dal-iaas-001-api-endpoint.prod.walmart.com:35357/v2.0/tenants/1b2169aef12b448fb6c47286ceca76a8 0.581s
2016-08-18 21:20:17.303 7077 INFO tempest.lib.common.rest_client [req-b6de4e95-8f87-41ad-9c0d-d26104bcee0e ] Request (HostsAdminTestJSON:test_list_hosts): 200 GET https://dal-iaas-001-api-endpoint.prod.walmart.com:8774/v2/d7f58dfd85694802b72333fc71c2c82b/os-hosts 0.933s
2016-08-18 21:20:17.357 7073 INFO tempest.lib.common.rest_client [req-abd78849-2ae7-455e-bf07-641a674af1bc ] Request (HypervisorAdminTestJSON:setUpClass): 200 GET https://dal-iaas-001-api-endpoint.prod.walmart.com:35357/v2.0/OS-KSADM/roles 0.491s
2016-08-18 21:20:17.550 7076 INFO tempest.lib.common.rest_client [req-30449a29-95f1-4ba7-bbb4-35e87789d22b ] Request (InstanceUsageAuditLogNegativeTestJSON:setUpClass): 200 POST https://dal-iaas-001-api-endpoint.prod.walmart.com:35357/v2.0/tenants 0.483s
2016-08-18 21:20:17.678 7077 INFO tempest.lib.common.rest_client [req-b2d50782-002c-4166-94e6-00cc86b66e53 ] Request (HostsAdminTestJSON:test_list_hosts_with_a_blank_zone): 200 GET https://dal-iaas-001-api-endpoint.prod.walmart.com:8774/v2/d7f58dfd85694802b72333fc71c2c82b/os-hosts?zone= 0.360s
2016-08-18 21:20:17.784 7071 INFO tempest.lib.common.rest_client [req-694b9a24-24cc-4e9d-9dba-98b653d54675 ] Request (TestNetworkBasicOps:test_hotplug_nic): 200 GET https://dal-iaas-001-api-endpoint.prod.walmart.com:8774/v2/88c52eaf81494db886d1d366e8012322/servers/966e6332-0311-4f13-9c58-beaf09512ee2 0.556s
2016-08-18 21:20:17.798 7071 INFO tempest.common.waiters [-] State transition "BUILD/scheduling" ==> "BUILD/networking" after 1 second wait
2016-08-18 21:20:17.813 7072 INFO tempest.lib.common.rest_client [req-7f49b23d-88b6-4f7c-bcb3-7cc6d1456cca ] Request (AggregatesAdminNegativeTestJSON:tearDownClass): 204 DELETE https://dal-iaas-001-api-endpoint.prod.walmart.com:35357/v2.0/users/2cceb1eadebe41988f0053c6de0b9c57 0.541s
2016-08-18 21:20:17.822 7073 INFO tempest.lib.common.rest_client [req-d6e32c29-8490-45f9-bd5a-daaa01b1e78d ] Request (HypervisorAdminTestJSON:setUpClass): 409 PUT https://dal-iaas-001-api-endpoint.prod.walmart.com:35357/v2.0/tenants/2dd2ad41de4b4dfb8a1725e485f797ee/users/6d636ef635c04f6d8f4a1f152884c2d4/roles/OS-KSADM/b5b0387bbe864c43a2999e531988bb8f 0.463s
2016-08-18 21:20:17.823 7073 INFO tempest.common.dynamic_creds [-] Acquired dynamic creds:
 credentials: Credentials: {'username': u'tempest-HypervisorAdminTestJSON-1202800071', 'project_name': u'tempest-HypervisorAdminTestJSON-1202800071', 'user_id': u'6d636ef635c04f6d8f4a1f152884c2d4', 'tenant_name': u'tempest-HypervisorAdminTestJSON-1202800071', 'tenant_id': u'2dd2ad41de4b4dfb8a1725e485f797ee', 'project_id': u'2dd2ad41de4b4dfb8a1725e485f797ee'}, Network: None, Subnet: None, Router: None
2016-08-18 21:20:17.922 7075 INFO tempest.lib.common.rest_client [req-89a2077d-aedc-443b-8b99-a2b5c4ad8a24 ] Request (AZAdminNegativeTestJSON:test_get_availability_zone_list_detail_with_non_admin_user): 200 GET https://dal-iaas-001-api-endpoint.prod.walmart.com:8774/v2/899afba8176f49bf86754fb88fd4ceb8/os-availability-zone/detail 1.079s
2016-08-18 21:20:17.942 7074 INFO tempest.lib.common.rest_client [req-7f599da1-88e2-48e6-bb2f-bab38579a473 ] Request (AggregatesAdminTestJSON:tearDownClass): 200 GET https://dal-iaas-001-api-endpoint.prod.walmart.com:9696/v2.0/security-groups?tenant_id=ac9eeb7a3f1e4edc9ce2e27f4803b4bd&name=default 0.889s
2016-08-18 21:20:18.040 7070 INFO tempest.lib.common.rest_client [req-9e441287-a59c-4c76-aefe-29b2149b3583 ] Request (TestSecurityGroupsBasicOps:setUp): 200 GET https://dal-iaas-001-api-endpoint.prod.walmart.com:8774/v2/8e843038574d43158bc21dca903622d4/servers/df1db0f6-60b5-4395-b2fa-c3d82ced0191 0.659s
2016-08-18 21:20:18.057 7077 INFO tempest.lib.common.rest_client [req-82210e2f-7c36-4fdc-b1c2-351c660fd950 ] Request (HostsAdminTestJSON:test_list_hosts_with_nonexistent_zone): 200 GET https://dal-iaas-001-api-endpoint.prod.walmart.com:8774/v2/d7f58dfd85694802b72333fc71c2c82b/os-hosts?zone=xxx 0.365s
2016-08-18 21:20:18.057 7070 INFO tempest.common.waiters [-] State transition "BUILD/networking" ==> "BUILD/spawning" after 4 second wait
2016-08-18 21:20:18.089 7076 INFO tempest.lib.common.rest_client [req-57d22a6c-49ec-47d3-9a48-b64f53f333ba ] Request (InstanceUsageAuditLogNegativeTestJSON:setUpClass): 200 POST https://dal-iaas-001-api-endpoint.prod.walmart.com:35357/v2.0/users 0.538s
2016-08-18 21:20:18.650 7072 INFO tempest.lib.common.rest_client [req-c742d217-9909-468a-9489-04099e81454f ] Request (AggregatesAdminNegativeTestJSON:tearDownClass): 200 GET https://dal-iaas-001-api-endpoint.prod.walmart.com:9696/v2.0/security-groups?tenant_id=50b5327a88164da78a5946d881eb0eb8&name=default 0.835s
2016-08-18 21:20:18.765 7077 INFO tempest.lib.common.rest_client [req-b093a200-77af-41da-91e7-f87212e7b2dc ] Request (HostsAdminTestJSON:test_list_hosts_with_zone): 200 GET https://dal-iaas-001-api-endpoint.prod.walmart.com:8774/v2/d7f58dfd85694802b72333fc71c2c82b/os-hosts 0.701s
2016-08-18 21:20:18.771 7074 INFO tempest.lib.common.rest_client [req-71f137ab-926e-4966-8991-200aa7cec15c ] Request (AggregatesAdminTestJSON:tearDownClass): 204 DELETE https://dal-iaas-001-api-endpoint.prod.walmart.com:9696/v2.0/security-groups/8998f898-eb13-47b8-aeae-7ba7c54fe2d3 0.827s
2016-08-18 21:20:18.826 7073 INFO tempest.lib.common.rest_client [req-34936e9e-44e1-4ec7-85f7-44047d532a6c ] Request (HypervisorAdminTestJSON:test_get_hypervisor_list): 200 POST https://dal-iaas-001-api-endpoint.prod.walmart.com:5443/v2.0/tokens
2016-08-18 21:20:18.944 7076 INFO tempest.lib.common.rest_client [req-dcba38c3-fa26-4990-910b-73ec90747994 ] Request (InstanceUsageAuditLogNegativeTestJSON:setUpClass): 200 GET https://dal-iaas-001-api-endpoint.prod.walmart.com:35357/v2.0/OS-KSADM/roles 0.854s
2016-08-18 21:20:19.059 7075 INFO tempest.lib.common.rest_client [req-01e2a357-a4ac-44f7-bf00-35ad261c523c ] Request (AZAdminNegativeTestJSON:tearDownClass): 204 DELETE https://dal-iaas-001-api-endpoint.prod.walmart.com:35357/v2.0/users/567be4435b9e4feaa08678a66bdbcded 1.117s
2016-08-18 21:20:19.076 7072 INFO tempest.lib.common.rest_client [req-d923184c-a794-4f29-9f00-2dcc861df4ad ] Request (AggregatesAdminNegativeTestJSON:tearDownClass): 204 DELETE https://dal-iaas-001-api-endpoint.prod.walmart.com:9696/v2.0/security-groups/6394fdcb-326e-4404-978f-27ef617f6d71 0.425s
2016-08-18 21:20:19.186 7077 INFO tempest.lib.common.rest_client [req-7e457049-be9c-4e38-873c-7a44d4d3c012 ] Request (HostsAdminTestJSON:test_list_hosts_with_zone): 200 GET https://dal-iaas-001-api-endpoint.prod.walmart.com:8774/v2/d7f58dfd85694802b72333fc71c2c82b/os-hosts?zone=internal 0.412s
2016-08-18 21:20:19.311 7074 INFO tempest.lib.common.rest_client [req-294ddb98-5dac-4d25-8b28-376ce47d0b19 ] Request (AggregatesAdminTestJSON:tearDownClass): 204 DELETE https://dal-iaas-001-api-endpoint.prod.walmart.com:35357/v2.0/tenants/ac9eeb7a3f1e4edc9ce2e27f4803b4bd 0.539s
2016-08-18 21:20:19.353 7071 INFO tempest.lib.common.rest_client [req-25b328b4-ef7f-41c1-8fd6-dc05ea0d226b ] Request (TestNetworkBasicOps:test_hotplug_nic): 200 GET https://dal-iaas-001-api-endpoint.prod.walmart.com:8774/v2/88c52eaf81494db886d1d366e8012322/servers/966e6332-0311-4f13-9c58-beaf09512ee2 0.553s
2016-08-18 21:20:19.367 7071 INFO tempest.common.waiters [-] State transition "BUILD/networking" ==> "BUILD/spawning" after 3 second wait
2016-08-18 21:20:19.396 7076 INFO tempest.lib.common.rest_client [req-2fcfdf26-ced8-4b8e-903b-a6e612c92fd3 ] Request (InstanceUsageAuditLogNegativeTestJSON:setUpClass): 200 PUT https://dal-iaas-001-api-endpoint.prod.walmart.com:35357/v2.0/tenants/0ccaa817c3bc4025a1747898154dbf51/users/30bafd5ddbad419783698e763cdd592d/roles/OS-KSADM/b5b0387bbe864c43a2999e531988bb8f 0.450s
2016-08-18 21:20:19.397 7076 INFO tempest.common.dynamic_creds [-] Acquired dynamic creds:
 credentials: Credentials: {'username': u'tempest-InstanceUsageAuditLogNegativeTestJSON-940426561', 'project_name': u'tempest-InstanceUsageAuditLogNegativeTestJSON-940426561', 'user_id': u'30bafd5ddbad419783698e763cdd592d', 'tenant_name': u'tempest-InstanceUsageAuditLogNegativeTestJSON-940426561', 'tenant_id': u'0ccaa817c3bc4025a1747898154dbf51', 'project_id': u'0ccaa817c3bc4025a1747898154dbf51'}, Network: None, Subnet: None, Router: None
2016-08-18 21:20:19.525 7077 INFO tempest.lib.common.rest_client [req-0ebca430-9b46-471a-a10a-303d9860eadc ] Request (HostsAdminTestJSON:test_show_host_detail): 200 GET https://dal-iaas-001-api-endpoint.prod.walmart.com:8774/v2/d7f58dfd85694802b72333fc71c2c82b/os-hosts 0.330s
2016-08-18 21:20:19.562 7072 INFO tempest.lib.common.rest_client [req-e477cee8-ac41-4c29-ab2a-87f16aa791db ] Request (AggregatesAdminNegativeTestJSON:tearDownClass): 204 DELETE https://dal-iaas-001-api-endpoint.prod.walmart.com:35357/v2.0/tenants/50b5327a88164da78a5946d881eb0eb8 0.484s
2016-08-18 21:20:19.593 7070 INFO tempest.lib.common.rest_client [req-7672579e-a0a5-4288-991e-adce1f2b03ae ] Request (TestSecurityGroupsBasicOps:setUp): 200 GET https://dal-iaas-001-api-endpoint.prod.walmart.com:8774/v2/8e843038574d43158bc21dca903622d4/servers/df1db0f6-60b5-4395-b2fa-c3d82ced0191 0.532s
2016-08-18 21:20:19.811 7074 INFO tempest.lib.common.rest_client [req-579f5d20-f2e9-4aa2-b396-904c779d9d6f ] Request (AggregatesAdminTestJSON:tearDownClass): 204 DELETE https://dal-iaas-001-api-endpoint.prod.walmart.com:35357/v2.0/users/1f9c0b91c6624db082d146346157a90a 0.498s
2016-08-18 21:20:19.834 7075 INFO tempest.lib.common.rest_client [req-0077a6ad-8b5d-43de-b057-642fd517ed80 ] Request (AZAdminNegativeTestJSON:tearDownClass): 200 GET https://dal-iaas-001-api-endpoint.prod.walmart.com:9696/v2.0/security-groups?tenant_id=f8980e878ab9427ab262c90602d2aefe&name=default 0.774s
2016-08-18 21:20:19.845 7076 INFO tempest.lib.common.rest_client [req-05916fd7-a64d-42ce-a921-d4862972c7a7 ] Request (InstanceUsageAuditLogNegativeTestJSON:setUpClass): 200 POST https://dal-iaas-001-api-endpoint.prod.walmart.com:35357/v2.0/tenants 0.440s
2016-08-18 21:20:19.867 7077 INFO tempest.lib.common.rest_client [req-77182f0b-ef48-44d6-93f2-c19d5f89a6e1 ] Request (HostsAdminTestJSON:test_show_host_detail): 200 GET https://dal-iaas-001-api-endpoint.prod.walmart.com:8774/v2/d7f58dfd85694802b72333fc71c2c82b/os-hosts/dal-appblx061-05.prod.walmart.com 0.334s
2016-08-18 21:20:20.137 7074 INFO tempest.lib.common.rest_client [req-3182baaf-eaaf-44df-b2c1-ba878b508c65 ] Request (AggregatesAdminTestJSON:tearDownClass): 200 GET https://dal-iaas-001-api-endpoint.prod.walmart.com:9696/v2.0/security-groups?tenant_id=787c4c5e86034f608cccc3efba21b8ec&name=default 0.325s
2016-08-18 21:20:20.193 7072 INFO tempest.lib.common.rest_client [req-26b7a68a-ec6b-4069-86d8-b71edeea155c ] Request (AZAdminV2TestJSON:setUpClass): 200 POST https://dal-iaas-001-api-endpoint.prod.walmart.com:5443/v2.0/tokens
2016-08-18 21:20:20.219 7077 INFO tempest.lib.common.rest_client [req-f4426ac1-36d5-437b-b0ef-c704af677e45 ] Request (HostsAdminTestJSON:test_show_host_detail): 200 GET https://dal-iaas-001-api-endpoint.prod.walmart.com:8774/v2/d7f58dfd85694802b72333fc71c2c82b/os-hosts/dal-appblx061-08.prod.walmart.com 0.349s
2016-08-18 21:20:20.259 7075 INFO tempest.lib.common.rest_client [req-06ebdda9-d615-484e-b39d-4d509b378823 ] Request (AZAdminNegativeTestJSON:tearDownClass): 204 DELETE https://dal-iaas-001-api-endpoint.prod.walmart.com:9696/v2.0/security-groups/8002214b-881e-4a8f-9a87-4ff6384254d9 0.423s
2016-08-18 21:20:20.378 7073 INFO tempest.lib.common.rest_client [req-d91254fb-78b8-4beb-900b-19dbf1eaec0a ] Request (HypervisorAdminTestJSON:test_get_hypervisor_list): 200 GET https://dal-iaas-001-api-endpoint.prod.walmart.com:8774/v2/2dd2ad41de4b4dfb8a1725e485f797ee/os-hypervisors 1.551s
2016-08-18 21:20:20.378 7076 INFO tempest.lib.common.rest_client [req-f9f865df-3eea-4974-b607-768c7c890a6a ] Request (InstanceUsageAuditLogNegativeTestJSON:setUpClass): 200 POST https://dal-iaas-001-api-endpoint.prod.walmart.com:35357/v2.0/users 0.532s
2016-08-18 21:20:20.527 7074 INFO tempest.lib.common.rest_client [req-1caeb64d-4476-4e24-862b-f19891cb5f5c ] Request (AggregatesAdminTestJSON:tearDownClass): 204 DELETE https://dal-iaas-001-api-endpoint.prod.walmart.com:9696/v2.0/security-groups/ab706f03-cbf1-48c9-9ec8-9be0160fa14c 0.389s
2016-08-18 21:20:20.620 7077 INFO tempest.lib.common.rest_client [req-fdc485b2-170f-4407-9798-cb0e094dcc96 ] Request (HostsAdminTestJSON:test_show_host_detail): 200 GET https://dal-iaas-001-api-endpoint.prod.walmart.com:8774/v2/d7f58dfd85694802b72333fc71c2c82b/os-hosts/dal-appblx061-03.prod.walmart.com 0.397s
2016-08-18 21:20:20.841 7075 INFO tempest.lib.common.rest_client [req-e6ee837f-93e4-4c0e-8844-4b4348b762d1 ] Request (AZAdminNegativeTestJSON:tearDownClass): 204 DELETE https://dal-iaas-001-api-endpoint.prod.walmart.com:35357/v2.0/tenants/f8980e878ab9427ab262c90602d2aefe 0.581s
2016-08-18 21:20:20.904 7076 INFO tempest.lib.common.rest_client [req-abd3b534-af24-43ea-b82f-28dc0b355ef4 ] Request (InstanceUsageAuditLogNegativeTestJSON:setUpClass): 200 GET https://dal-iaas-001-api-endpoint.prod.walmart.com:35357/v2.0/OS-KSADM/roles 0.524s
2016-08-18 21:20:20.950 7072 INFO tempest.lib.common.rest_client [req-b0d1b811-a44e-476c-a3f4-e275ffef1118 ] Request (AZAdminV2TestJSON:setUpClass): 200 POST https://dal-iaas-001-api-endpoint.prod.walmart.com:5443/v2.0/tokens
2016-08-18 21:20:20.985 7071 INFO tempest.lib.common.rest_client [req-360f1111-b5de-49a7-b256-26dc203d4755 ] Request (TestNetworkBasicOps:test_hotplug_nic): 200 GET https://dal-iaas-001-api-endpoint.prod.walmart.com:8774/v2/88c52eaf81494db886d1d366e8012322/servers/966e6332-0311-4f13-9c58-beaf09512ee2 0.614s
2016-08-18 21:20:21.062 7077 INFO tempest.lib.common.rest_client [req-aa4e8cd6-e6d1-41a4-9ab8-a54ba61c98bc ] Request (HostsAdminTestJSON:test_show_host_detail): 200 GET https://dal-iaas-001-api-endpoint.prod.walmart.com:8774/v2/d7f58dfd85694802b72333fc71c2c82b/os-hosts/dal-appblx061-06.prod.walmart.com 0.438s
2016-08-18 21:20:21.130 7074 INFO tempest.lib.common.rest_client [req-9c379004-982e-47b0-b3d2-b764bd60f4b1 ] Request (AggregatesAdminTestJSON:tearDownClass): 204 DELETE https://dal-iaas-001-api-endpoint.prod.walmart.com:35357/v2.0/tenants/787c4c5e86034f608cccc3efba21b8ec 0.601s
2016-08-18 21:20:21.273 7070 INFO tempest.lib.common.rest_client [req-acc9bc0b-7d0d-4d92-9177-a9bb882f2761 ] Request (TestSecurityGroupsBasicOps:setUp): 200 GET https://dal-iaas-001-api-endpoint.prod.walmart.com:8774/v2/8e843038574d43158bc21dca903622d4/servers/df1db0f6-60b5-4395-b2fa-c3d82ced0191 0.661s
2016-08-18 21:20:21.358 7076 INFO tempest.lib.common.rest_client [req-519c6fe6-f4cd-4fad-a01a-a9dc021af165 ] Request (InstanceUsageAuditLogNegativeTestJSON:setUpClass): 200 PUT https://dal-iaas-001-api-endpoint.prod.walmart.com:35357/v2.0/tenants/4df93637fced4876b754584bf45ee398/users/988d4eac17d447dcaa9e094e6f62d05f/roles/OS-KSADM/b5b0387bbe864c43a2999e531988bb8f 0.453s
2016-08-18 21:20:21.359 7075 INFO tempest.lib.common.rest_client [req-d8a01f50-e062-4311-93b3-e234f3378831 ] Request (AZAdminNegativeTestJSON:tearDownClass): 204 DELETE https://dal-iaas-001-api-endpoint.prod.walmart.com:35357/v2.0/users/2480b9155240485d8f62e5312ab0aadf 0.517s
2016-08-18 21:20:21.391 7077 INFO tempest.lib.common.rest_client [req-4257000f-21ab-456d-8f50-14b0359c6dcc ] Request (HostsAdminTestJSON:test_show_host_detail): 200 GET https://dal-iaas-001-api-endpoint.prod.walmart.com:8774/v2/d7f58dfd85694802b72333fc71c2c82b/os-hosts/dal-appblx061-22.prod.walmart.com 0.325s
2016-08-18 21:20:21.435 7072 INFO tempest.lib.common.rest_client [req-7d6627e5-bb5a-4f7e-8d2f-280fb319fcfe ] Request (AZAdminV2TestJSON:setUpClass): 200 POST https://dal-iaas-001-api-endpoint.prod.walmart.com:35357/v2.0/tenants 0.483s
2016-08-18 21:20:21.712 7075 INFO tempest.lib.common.rest_client [req-0318ff1c-d853-469e-856a-008bc516ac43 ] Request (AZAdminNegativeTestJSON:tearDownClass): 200 GET https://dal-iaas-001-api-endpoint.prod.walmart.com:9696/v2.0/security-groups?tenant_id=899afba8176f49bf86754fb88fd4ceb8&name=default 0.351s
2016-08-18 21:20:21.735 7077 INFO tempest.lib.common.rest_client [req-9d074508-64f1-41e2-b8a6-ca56a9efce09 ] Request (HostsAdminTestJSON:test_show_host_detail): 200 GET https://dal-iaas-001-api-endpoint.prod.walmart.com:8774/v2/d7f58dfd85694802b72333fc71c2c82b/os-hosts/dal-appblx061-17.prod.walmart.com 0.342s
2016-08-18 21:20:21.761 7076 INFO tempest.lib.common.rest_client [req-26415bf4-116a-4861-824b-17003e0cba61 ] Request (InstanceUsageAuditLogNegativeTestJSON:setUpClass): 200 GET https://dal-iaas-001-api-endpoint.prod.walmart.com:35357/v2.0/OS-KSADM/roles 0.401s
2016-08-18 21:20:21.766 7074 INFO tempest.lib.common.rest_client [req-ce567c00-9041-41cb-a00a-4237b85fd2bb ] Request (FlavorsExtraSpecsTestJSON:setUpClass): 200 POST https://dal-iaas-001-api-endpoint.prod.walmart.com:5443/v2.0/tokens
2016-08-18 21:20:21.770 7073 INFO tempest.lib.common.rest_client [req-561831e6-6734-4425-9134-e064cc75e5fc ] Request (HypervisorAdminTestJSON:test_get_hypervisor_list_details): 200 GET https://dal-iaas-001-api-endpoint.prod.walmart.com:8774/v2/2dd2ad41de4b4dfb8a1725e485f797ee/os-hypervisors/detail 1.376s
2016-08-18 21:20:21.890 7072 INFO tempest.lib.common.rest_client [req-2a79e876-f0f0-42b5-8d27-3dcff660552f ] Request (AZAdminV2TestJSON:setUpClass): 200 POST https://dal-iaas-001-api-endpoint.prod.walmart.com:35357/v2.0/users 0.454s
2016-08-18 21:20:22.085 7077 INFO tempest.lib.common.rest_client [req-a97bb08d-79fd-4e5e-bbd1-795631cde135 ] Request (HostsAdminTestJSON:test_show_host_detail): 200 GET https://dal-iaas-001-api-endpoint.prod.walmart.com:8774/v2/d7f58dfd85694802b72333fc71c2c82b/os-hosts/dal-appblx061-14.prod.walmart.com 0.347s
2016-08-18 21:20:22.089 7075 INFO tempest.lib.common.rest_client [req-3f01ef0f-6911-487d-a8b5-63678b730c8a ] Request (AZAdminNegativeTestJSON:tearDownClass): 204 DELETE https://dal-iaas-001-api-endpoint.prod.walmart.com:9696/v2.0/security-groups/93d2d2e2-6f8a-44c3-88a6-3b0ddee9dc12 0.376s
2016-08-18 21:20:22.342 7072 INFO tempest.lib.common.rest_client [req-63f2d034-f8a1-42d3-92e1-1731fbc4688e ] Request (AZAdminV2TestJSON:setUpClass): 200 GET https://dal-iaas-001-api-endpoint.prod.walmart.com:35357/v2.0/OS-KSADM/roles 0.451s
2016-08-18 21:20:22.398 7076 INFO tempest.lib.common.rest_client [req-16e8be5b-2a1d-4464-869e-240bbaf489aa ] Request (InstanceUsageAuditLogNegativeTestJSON:setUpClass): 409 PUT https://dal-iaas-001-api-endpoint.prod.walmart.com:35357/v2.0/tenants/4df93637fced4876b754584bf45ee398/users/988d4eac17d447dcaa9e094e6f62d05f/roles/OS-KSADM/b5b0387bbe864c43a2999e531988bb8f 0.635s
2016-08-18 21:20:22.398 7076 INFO tempest.common.dynamic_creds [-] Acquired dynamic creds:
 credentials: Credentials: {'username': u'tempest-InstanceUsageAuditLogNegativeTestJSON-1955412801', 'project_name': u'tempest-InstanceUsageAuditLogNegativeTestJSON-1955412801', 'user_id': u'988d4eac17d447dcaa9e094e6f62d05f', 'tenant_name': u'tempest-InstanceUsageAuditLogNegativeTestJSON-1955412801', 'tenant_id': u'4df93637fced4876b754584bf45ee398', 'project_id': u'4df93637fced4876b754584bf45ee398'}, Network: None, Subnet: None, Router: None
2016-08-18 21:20:22.444 7074 INFO tempest.lib.common.rest_client [req-d237fbf8-5e1c-4049-9773-b4b961ff6de8 ] Request (FlavorsExtraSpecsTestJSON:setUpClass): 200 POST https://dal-iaas-001-api-endpoint.prod.walmart.com:5443/v2.0/tokens
2016-08-18 21:20:22.458 7077 INFO tempest.lib.common.rest_client [req-580dc411-ad6b-40fb-a31b-794637d23f85 ] Request (HostsAdminTestJSON:test_show_host_detail): 200 GET https://dal-iaas-001-api-endpoint.prod.walmart.com:8774/v2/d7f58dfd85694802b72333fc71c2c82b/os-hosts/dal-appblx061-18.prod.walmart.com 0.371s
2016-08-18 21:20:22.619 7071 INFO tempest.lib.common.rest_client [req-d547a309-fac7-41fd-aaf8-41bd67db0bc9 ] Request (TestNetworkBasicOps:test_hotplug_nic): 200 GET https://dal-iaas-001-api-endpoint.prod.walmart.com:8774/v2/88c52eaf81494db886d1d366e8012322/servers/966e6332-0311-4f13-9c58-beaf09512ee2 0.614s
2016-08-18 21:20:22.722 7075 INFO tempest.lib.common.rest_client [req-9471b622-d2bf-4b51-8463-6a8b2eda60d4 ] Request (AZAdminNegativeTestJSON:tearDownClass): 204 DELETE https://dal-iaas-001-api-endpoint.prod.walmart.com:35357/v2.0/tenants/899afba8176f49bf86754fb88fd4ceb8 0.631s
2016-08-18 21:20:22.830 7077 INFO tempest.lib.common.rest_client [req-d9e84aec-0856-4cf9-952c-99c358adbd0a ] Request (HostsAdminTestJSON:test_show_host_detail): 200 GET https://dal-iaas-001-api-endpoint.prod.walmart.com:8774/v2/d7f58dfd85694802b72333fc71c2c82b/os-hosts/dal-appblx061-19.prod.walmart.com 0.369s
2016-08-18 21:20:22.841 7072 INFO tempest.lib.common.rest_client [req-d4aa1fa9-323c-4003-a5bb-d4b8302f6ed8 ] Request (AZAdminV2TestJSON:setUpClass): 200 PUT https://dal-iaas-001-api-endpoint.prod.walmart.com:35357/v2.0/tenants/5f46dc776f054893b3a6cf8e7fadf086/users/ec568ea77b914e32adf2872fd1c4e96b/roles/OS-KSADM/b5b0387bbe864c43a2999e531988bb8f 0.498s
2016-08-18 21:20:22.842 7072 INFO tempest.common.dynamic_creds [-] Acquired dynamic creds:
 credentials: Credentials: {'username': u'tempest-AZAdminV2TestJSON-935623165', 'project_name': u'tempest-AZAdminV2TestJSON-935623165', 'user_id': u'ec568ea77b914e32adf2872fd1c4e96b', 'tenant_name': u'tempest-AZAdminV2TestJSON-935623165', 'tenant_id': u'5f46dc776f054893b3a6cf8e7fadf086', 'project_id': u'5f46dc776f054893b3a6cf8e7fadf086'}, Network: None, Subnet: None, Router: None
2016-08-18 21:20:22.854 7074 INFO tempest.lib.common.rest_client [req-7a606b64-6bb3-4554-8379-469e303f599c ] Request (FlavorsExtraSpecsTestJSON:setUpClass): 200 POST https://dal-iaas-001-api-endpoint.prod.walmart.com:35357/v2.0/tenants 0.408s
2016-08-18 21:20:22.914 7070 INFO tempest.lib.common.rest_client [req-81f9c7e6-6f2d-40d2-9580-9eecec99d456 ] Request (TestSecurityGroupsBasicOps:setUp): 200 GET https://dal-iaas-001-api-endpoint.prod.walmart.com:8774/v2/8e843038574d43158bc21dca903622d4/servers/df1db0f6-60b5-4395-b2fa-c3d82ced0191 0.625s
2016-08-18 21:20:22.914 7076 INFO tempest.lib.common.rest_client [req-05874305-1c4b-4069-9b87-ef1ef4e35fbb ] Request (InstanceUsageAuditLogNegativeTestJSON:test_get_instance_usage_audit_logs_with_invalid_time): 200 POST https://dal-iaas-001-api-endpoint.prod.walmart.com:5443/v2.0/tokens
2016-08-18 21:20:22.964 7073 INFO tempest.lib.common.rest_client [req-a60e7407-898b-4cb1-8a39-a7975711abb2 ] Request (HypervisorAdminTestJSON:test_get_hypervisor_show_details): 200 GET https://dal-iaas-001-api-endpoint.prod.walmart.com:8774/v2/2dd2ad41de4b4dfb8a1725e485f797ee/os-hypervisors 1.152s
2016-08-18 21:20:23.284 7077 INFO tempest.lib.common.rest_client [req-39d53ce9-0735-49f6-ad1a-6b0a65e3324a ] Request (HostsAdminTestJSON:test_show_host_detail): 200 GET https://dal-iaas-001-api-endpoint.prod.walmart.com:8774/v2/d7f58dfd85694802b72333fc71c2c82b/os-hosts/dal-appblx061-16.prod.walmart.com 0.451s
2016-08-18 21:20:23.308 7073 INFO tempest.lib.common.rest_client [req-c0964082-8e46-4df1-a84d-427145d5b197 ] Request (HypervisorAdminTestJSON:test_get_hypervisor_show_details): 200 GET https://dal-iaas-001-api-endpoint.prod.walmart.com:8774/v2/2dd2ad41de4b4dfb8a1725e485f797ee/os-hypervisors/5 0.336s
2016-08-18 21:20:23.370 7072 INFO tempest.lib.common.rest_client [req-63a20957-c150-4e24-b5eb-91b7543c3411 ] Request (AZAdminV2TestJSON:setUpClass): 200 POST https://dal-iaas-001-api-endpoint.prod.walmart.com:35357/v2.0/tenants 0.518s
2016-08-18 21:20:23.390 7075 INFO tempest.lib.common.rest_client [req-17da676f-887a-42b1-9ac3-58ad91926c37 ] Request (BaremetalNodesAdminTestJSON:setUpClass): 200 POST https://dal-iaas-001-api-endpoint.prod.walmart.com:5443/v2.0/tokens
2016-08-18 21:20:23.429 7074 INFO tempest.lib.common.rest_client [req-456878b4-dbfb-4d4e-805d-cbd82ea3bfa0 ] Request (FlavorsExtraSpecsTestJSON:setUpClass): 200 POST https://dal-iaas-001-api-endpoint.prod.walmart.com:35357/v2.0/users 0.574s
2016-08-18 21:20:23.696 7077 INFO tempest.lib.common.rest_client [req-51757210-3e6d-4fd9-938e-0e98b9a802bf ] Request (HostsAdminTestJSON:test_show_host_detail): 200 GET https://dal-iaas-001-api-endpoint.prod.walmart.com:8774/v2/d7f58dfd85694802b72333fc71c2c82b/os-hosts/dal-appblx061-15.prod.walmart.com 0.409s
2016-08-18 21:20:23.774 7076 INFO tempest.lib.common.rest_client [req-a1465fbf-497a-4a29-82d8-233759ee4655 ] Request (InstanceUsageAuditLogNegativeTestJSON:test_get_instance_usage_audit_logs_with_invalid_time): 400 GET https://dal-iaas-001-api-endpoint.prod.walmart.com:8774/v2/4df93637fced4876b754584bf45ee398/os-instance_usage_audit_log/invalid_time 0.858s
2016-08-18 21:20:23.835 7072 INFO tempest.lib.common.rest_client [req-bfd6fc81-762c-4697-a899-e8c19d8222eb ] Request (AZAdminV2TestJSON:setUpClass): 200 POST https://dal-iaas-001-api-endpoint.prod.walmart.com:35357/v2.0/users 0.463s
2016-08-18 21:20:23.836 7074 INFO tempest.lib.common.rest_client [req-e9d43db7-7d46-4ce6-9c1c-cf4a67ebaa66 ] Request (FlavorsExtraSpecsTestJSON:setUpClass): 200 GET https://dal-iaas-001-api-endpoint.prod.walmart.com:35357/v2.0/OS-KSADM/roles 0.406s
2016-08-18 21:20:24.007 7075 INFO tempest.lib.common.rest_client [req-1e51d469-c1d5-4d66-a5f5-cbe41e80f375 ] Request (BaremetalNodesAdminTestJSON:setUpClass): 200 POST https://dal-iaas-001-api-endpoint.prod.walmart.com:5443/v2.0/tokens
2016-08-18 21:20:24.080 7077 INFO tempest.lib.common.rest_client [req-e78e3b02-2841-44d3-820b-ed319aa5b919 ] Request (HostsAdminTestJSON:test_show_host_detail): 200 GET https://dal-iaas-001-api-endpoint.prod.walmart.com:8774/v2/d7f58dfd85694802b72333fc71c2c82b/os-hosts/dal-appblx062-08.prod.walmart.com 0.380s
2016-08-18 21:20:24.261 7072 INFO tempest.lib.common.rest_client [req-7288d913-0a7d-4ff9-a103-04f101a193c3 ] Request (AZAdminV2TestJSON:setUpClass): 200 GET https://dal-iaas-001-api-endpoint.prod.walmart.com:35357/v2.0/OS-KSADM/roles 0.425s
2016-08-18 21:20:24.323 7076 INFO tempest.lib.common.rest_client [req-ae8ccaff-df50-4ba0-b512-1d535c49ddec ] Request (InstanceUsageAuditLogNegativeTestJSON:test_instance_usage_audit_logs_with_nonadmin_user): 200 POST https://dal-iaas-001-api-endpoint.prod.walmart.com:5443/v2.0/tokens
2016-08-18 21:20:24.337 7074 INFO tempest.lib.common.rest_client [req-10dbf17a-3f4b-4d37-9831-77baddb229cf ] Request (FlavorsExtraSpecsTestJSON:setUpClass): 200 PUT https://dal-iaas-001-api-endpoint.prod.walmart.com:35357/v2.0/tenants/84f0429489ce46169185dee5d4e55270/users/1ce7b2d04b764859a2e85a5acee28373/roles/OS-KSADM/b5b0387bbe864c43a2999e531988bb8f 0.499s
2016-08-18 21:20:24.337 7074 INFO tempest.common.dynamic_creds [-] Acquired dynamic creds:
 credentials: Credentials: {'username': u'tempest-FlavorsExtraSpecsTestJSON-1817239119', 'project_name': u'tempest-FlavorsExtraSpecsTestJSON-1817239119', 'user_id': u'1ce7b2d04b764859a2e85a5acee28373', 'tenant_name': u'tempest-FlavorsExtraSpecsTestJSON-1817239119', 'tenant_id': u'84f0429489ce46169185dee5d4e55270', 'project_id': u'84f0429489ce46169185dee5d4e55270'}, Network: None, Subnet: None, Router: None
2016-08-18 21:20:24.351 7073 INFO tempest.lib.common.rest_client [req-69cb70cc-12d8-4872-ace9-6ebbc8502d94 ] Request (HypervisorAdminTestJSON:test_get_hypervisor_show_servers): 200 GET https://dal-iaas-001-api-endpoint.prod.walmart.com:8774/v2/2dd2ad41de4b4dfb8a1725e485f797ee/os-hypervisors 1.035s
2016-08-18 21:20:24.386 7071 INFO tempest.lib.common.rest_client [req-462b9157-884c-4b73-9841-ddb83ea5e6f7 ] Request (TestNetworkBasicOps:test_hotplug_nic): 200 GET https://dal-iaas-001-api-endpoint.prod.walmart.com:8774/v2/88c52eaf81494db886d1d366e8012322/servers/966e6332-0311-4f13-9c58-beaf09512ee2 0.748s
2016-08-18 21:20:24.485 7075 INFO tempest.lib.common.rest_client [req-682d1081-819e-4f25-8573-e7dbc7e14944 ] Request (BaremetalNodesAdminTestJSON:setUpClass): 200 POST https://dal-iaas-001-api-endpoint.prod.walmart.com:35357/v2.0/tenants 0.477s
2016-08-18 21:20:24.506 7077 INFO tempest.lib.common.rest_client [req-8110fcb8-dcac-4b69-9fa5-738cc3ff1c73 ] Request (HostsAdminTestJSON:test_show_host_detail): 200 GET https://dal-iaas-001-api-endpoint.prod.walmart.com:8774/v2/d7f58dfd85694802b72333fc71c2c82b/os-hosts/dal-appblx061-11.prod.walmart.com 0.423s
2016-08-18 21:20:24.540 7070 INFO tempest.lib.common.rest_client [req-1f6fd9ac-eecc-4673-9232-9647a7e0bdf6 ] Request (TestSecurityGroupsBasicOps:setUp): 200 GET https://dal-iaas-001-api-endpoint.prod.walmart.com:8774/v2/8e843038574d43158bc21dca903622d4/servers/df1db0f6-60b5-4395-b2fa-c3d82ced0191 0.610s
2016-08-18 21:20:24.710 7073 INFO tempest.lib.common.rest_client [req-cc9a2a32-9526-450a-880e-dcf3fdd0a2d2 ] Request (HypervisorAdminTestJSON:test_get_hypervisor_show_servers): 200 GET https://dal-iaas-001-api-endpoint.prod.walmart.com:8774/v2/2dd2ad41de4b4dfb8a1725e485f797ee/os-hypervisors/dal-appblx061-21.prod.walmart.com/servers 0.351s
2016-08-18 21:20:24.737 7072 INFO tempest.lib.common.rest_client [req-bacbf0ee-ae5d-4c06-b1bf-0b6be633d1d8 ] Request (AZAdminV2TestJSON:setUpClass): 200 PUT https://dal-iaas-001-api-endpoint.prod.walmart.com:35357/v2.0/tenants/af2ec18549924443b99f170ff76cded0/users/666d7b6cd9984b569d5904201b5828d7/roles/OS-KSADM/b5b0387bbe864c43a2999e531988bb8f 0.474s
