2016-08-12 21:06:18.450 98013 INFO tempest.lib.common.rest_client [req-b680ed46-a701-434e-8136-38c025d5f1c5 ] Request (FlavorsAccessNegativeTestJSON:_run_cleanups): 202 DELETE https://dal-iaas-001-api-endpoint.prod.walmart.com:8774/v2/709916e48c2e483d904da8c7b2688a1e/flavors/1158319424 0.322s
2016-08-12 21:06:18.571 98015 INFO tempest.lib.common.rest_client [req-38d02e99-be56-4ef2-af3e-345bf803aef6 ] Request (AgentsAdminTestJSON:tearDown): 404 DELETE https://dal-iaas-001-api-endpoint.prod.walmart.com:8774/v2/c7b1d36e07e6493c8ed6b54fa15afeb5/os-agents/316 0.314s
2016-08-12 21:06:18.587 98017 INFO tempest.lib.common.rest_client [req-e07aa7b0-0286-4480-a9d9-1289b816690a ] Request (AZAdminV2TestJSON:tearDownClass): 204 DELETE https://dal-iaas-001-api-endpoint.prod.walmart.com:35357/v2.0/users/cc77f4677519441cae295c1d357b8f08 1.354s
2016-08-12 21:06:18.759 98013 INFO tempest.lib.common.rest_client [req-945087d0-312f-4f2b-88c1-22b9e6661ec2 ] Request (FlavorsAccessNegativeTestJSON:test_flavor_non_admin_add): 200 POST https://dal-iaas-001-api-endpoint.prod.walmart.com:8774/v2/709916e48c2e483d904da8c7b2688a1e/flavors 0.307s
2016-08-12 21:06:18.781 98019 INFO tempest.lib.common.rest_client [req-ad1f8313-2ab8-4a62-9e0b-cd6800ad02d8 ] Request (AggregatesAdminNegativeTestJSON:test_aggregate_add_host_as_user): 200 POST https://dal-iaas-001-api-endpoint.prod.walmart.com:8774/v2/ab82483a325c470f8122415bbbc5f60d/os-aggregates 0.406s
2016-08-12 21:06:18.857 98015 INFO tempest.lib.common.rest_client [req-49b6349e-d143-4d0c-a1e4-16a64992e5bc ] Request (AgentsAdminTestJSON:setUp): 200 POST https://dal-iaas-001-api-endpoint.prod.walmart.com:8774/v2/c7b1d36e07e6493c8ed6b54fa15afeb5/os-agents 0.284s
2016-08-12 21:06:18.902 98016 INFO tempest.lib.common.rest_client [req-fa83ac28-aead-48da-95f0-8eec77952c1d ] Request (AggregatesAdminTestJSON:test_aggregate_add_host_create_server_with_az): 200 POST https://dal-iaas-001-api-endpoint.prod.walmart.com:8774/v2/6e58da92e15b482487cc0289900befc0/os-aggregates 0.465s
2016-08-12 21:06:18.922 98018 INFO tempest.lib.common.rest_client [req-e11819fe-801d-4e4e-b445-961feb767fcf ] Request (HostsAdminNegativeTestJSON:test_reboot_host_with_non_admin_user): 200 GET https://dal-iaas-001-api-endpoint.prod.walmart.com:8774/v2/23aa82779ed14e9c9a8a33475c01cdfa/os-hosts 1.977s
2016-08-12 21:06:18.932 98014 INFO tempest.lib.common.rest_client [req-bc2df611-84cd-4e8f-bfde-3e8843dbf821 ] Request (FlavorsAccessTestJSON:test_flavor_access_add_remove): 200 GET https://dal-iaas-001-api-endpoint.prod.walmart.com:8774/v2/bcdc2d135a9a418f83877f824046e67b/flavors/detail 1.248s
2016-08-12 21:06:19.091 98012 INFO tempest.lib.common.rest_client [req-584d60da-7bdb-47a6-bacb-29a1d5c4fdca ] Request (FloatingIPsBulkAdminTestJSON:tearDownClass): 204 DELETE https://dal-iaas-001-api-endpoint.prod.walmart.com:35357/v2.0/users/71e8865c1010493b856cd1398d3586ed 1.009s
2016-08-12 21:06:19.137 98015 INFO tempest.lib.common.rest_client [req-ed50220f-2c0c-4df4-8373-41f51eef838f ] Request (AgentsAdminTestJSON:test_list_agents): 200 GET https://dal-iaas-001-api-endpoint.prod.walmart.com:8774/v2/c7b1d36e07e6493c8ed6b54fa15afeb5/os-agents 0.276s
2016-08-12 21:06:19.180 98018 INFO tempest.lib.common.rest_client [req-80726aa1-9899-48de-93a3-7d1164050ee8 ] Request (HostsAdminNegativeTestJSON:test_reboot_host_with_non_admin_user): 403 GET https://dal-iaas-001-api-endpoint.prod.walmart.com:8774/v2/bc05d42b845947b4958fa40fe4f6159a/os-hosts/dal-appblx061-01_nova_scheduler_container-e75090e6/reboot 0.254s
2016-08-12 21:06:19.221 98014 INFO tempest.lib.common.rest_client [req-bb6d3d74-6e8b-41fe-b489-33896108f151 ] Request (FlavorsAccessTestJSON:test_flavor_access_add_remove): 200 POST https://dal-iaas-001-api-endpoint.prod.walmart.com:8774/v2/32b7c536fdd443d9972a6605b5d5bbd8/flavors/452415157/action 0.284s
2016-08-12 21:06:19.229 98016 INFO tempest.lib.common.rest_client [req-13b9e8b8-6e31-49c1-be58-230addbf4aa4 ] Request (AggregatesAdminTestJSON:test_aggregate_add_host_create_server_with_az): 409 POST https://dal-iaas-001-api-endpoint.prod.walmart.com:8774/v2/6e58da92e15b482487cc0289900befc0/os-aggregates/730/action 0.325s
2016-08-12 21:06:19.294 98013 INFO tempest.lib.common.rest_client [req-d60cab1d-996e-4664-900b-cb2d8a855d59 ] Request (FlavorsAccessNegativeTestJSON:test_flavor_non_admin_add): 200 POST https://dal-iaas-001-api-endpoint.prod.walmart.com:5443/v2.0/tokens
2016-08-12 21:06:19.297 98019 INFO tempest.lib.common.rest_client [req-3a55ea52-e330-4911-8b6c-331a07c4c936 ] Request (AggregatesAdminNegativeTestJSON:test_aggregate_add_host_as_user): 200 POST https://dal-iaas-001-api-endpoint.prod.walmart.com:5443/v2.0/tokens
2016-08-12 21:06:19.451 98015 INFO tempest.lib.common.rest_client [req-f8ff15f8-5591-48d8-9b3f-197c82781b85 ] Request (AgentsAdminTestJSON:tearDown): 200 DELETE https://dal-iaas-001-api-endpoint.prod.walmart.com:8774/v2/c7b1d36e07e6493c8ed6b54fa15afeb5/os-agents/319 0.312s
2016-08-12 21:06:19.479 98018 INFO tempest.lib.common.rest_client [req-b762b068-95dd-44e4-b403-252d5dca7c14 ] Request (HostsAdminNegativeTestJSON:test_reboot_nonexistent_host): 404 GET https://dal-iaas-001-api-endpoint.prod.walmart.com:8774/v2/23aa82779ed14e9c9a8a33475c01cdfa/os-hosts/tempest-rand_hostname-173415641/reboot 0.297s
2016-08-12 21:06:19.493 98017 INFO tempest.lib.common.rest_client [req-8ab97b5c-ecb6-4cb2-998d-243f99f10899 ] Request (AZAdminV2TestJSON:tearDownClass): 200 GET https://dal-iaas-001-api-endpoint.prod.walmart.com:9696/v2.0/security-groups?tenant_id=a4cbd9f09120440f8c77b5b3c138aa9d&name=default 0.906s
2016-08-12 21:06:19.542 98014 INFO tempest.lib.common.rest_client [req-26405991-1af9-4164-84cc-3812b89f3ff5 ] Request (FlavorsAccessTestJSON:test_flavor_access_add_remove): 200 GET https://dal-iaas-001-api-endpoint.prod.walmart.com:8774/v2/bcdc2d135a9a418f83877f824046e67b/flavors/detail 0.320s
2016-08-12 21:06:19.569 98016 INFO tempest.lib.common.rest_client [req-86cde154-306a-43c5-9718-132667933577 ] Request (AggregatesAdminTestJSON:_run_cleanups): 200 DELETE https://dal-iaas-001-api-endpoint.prod.walmart.com:8774/v2/6e58da92e15b482487cc0289900befc0/os-aggregates/730 0.335s
2016-08-12 21:06:19.729 98015 INFO tempest.lib.common.rest_client [req-08b083f2-7409-4265-975a-f094220e0882 ] Request (AgentsAdminTestJSON:setUp): 200 POST https://dal-iaas-001-api-endpoint.prod.walmart.com:8774/v2/c7b1d36e07e6493c8ed6b54fa15afeb5/os-agents 0.276s
2016-08-12 21:06:19.807 98018 INFO tempest.lib.common.rest_client [req-19212f2a-da6e-4e1f-be8a-43a3cb3bca51 ] Request (HostsAdminNegativeTestJSON:test_show_host_detail_with_non_admin_user): 200 GET https://dal-iaas-001-api-endpoint.prod.walmart.com:8774/v2/23aa82779ed14e9c9a8a33475c01cdfa/os-hosts 0.326s
2016-08-12 21:06:19.846 98017 INFO tempest.lib.common.rest_client [req-4285a68e-ecb3-4d22-b748-69e8e0371e0e ] Request (AZAdminV2TestJSON:tearDownClass): 204 DELETE https://dal-iaas-001-api-endpoint.prod.walmart.com:9696/v2.0/security-groups/7483af45-7f84-4071-b1db-7852c3360dd8 0.352s
2016-08-12 21:06:19.856 98014 INFO tempest.lib.common.rest_client [req-874a9c86-1ee4-41b7-94fe-974f20d7af3e ] Request (FlavorsAccessTestJSON:_run_cleanups): 202 DELETE https://dal-iaas-001-api-endpoint.prod.walmart.com:8774/v2/32b7c536fdd443d9972a6605b5d5bbd8/flavors/452415157 0.308s
2016-08-12 21:06:19.904 98012 INFO tempest.lib.common.rest_client [req-b7b4e67f-9f8f-4e68-a60b-6c62af42146a ] Request (FloatingIPsBulkAdminTestJSON:tearDownClass): 200 GET https://dal-iaas-001-api-endpoint.prod.walmart.com:9696/v2.0/security-groups?tenant_id=0fd7924d5440426ab524e382250cfa84&name=default 0.813s
2016-08-12 21:06:19.934 98016 INFO tempest.lib.common.rest_client [req-f8627d01-241e-4d80-b7d4-028b59aa5802 ] Request (AggregatesAdminTestJSON:test_aggregate_add_host_get_details): 200 POST https://dal-iaas-001-api-endpoint.prod.walmart.com:8774/v2/6e58da92e15b482487cc0289900befc0/os-aggregates 0.362s
2016-08-12 21:06:20.061 98015 INFO tempest.lib.common.rest_client [req-b5de3e6e-1635-4af6-94af-8ee119396f16 ] Request (AgentsAdminTestJSON:test_list_agents_with_filter): 200 POST https://dal-iaas-001-api-endpoint.prod.walmart.com:8774/v2/c7b1d36e07e6493c8ed6b54fa15afeb5/os-agents 0.330s
2016-08-12 21:06:20.082 98013 INFO tempest.lib.common.rest_client [req-cc8516cc-8c22-47bc-9009-9e4cdfbe298d ] Request (FlavorsAccessNegativeTestJSON:test_flavor_non_admin_add): 403 POST https://dal-iaas-001-api-endpoint.prod.walmart.com:8774/v2/6cbce0e8663847e2a9c0dd9a44eb5f45/flavors/1433624794/action 0.787s
2016-08-12 21:06:20.086 98018 INFO tempest.lib.common.rest_client [req-15762ded-cb63-4b92-ba99-84269b62b700 ] Request (HostsAdminNegativeTestJSON:test_show_host_detail_with_non_admin_user): 403 GET https://dal-iaas-001-api-endpoint.prod.walmart.com:8774/v2/bc05d42b845947b4958fa40fe4f6159a/os-hosts/dal-appblx061-01_nova_scheduler_container-e75090e6 0.274s
2016-08-12 21:06:20.098 98019 INFO tempest.lib.common.rest_client [req-762a073c-b0d0-4b52-9623-34825e818107 ] Request (AggregatesAdminNegativeTestJSON:test_aggregate_add_host_as_user): 403 POST https://dal-iaas-001-api-endpoint.prod.walmart.com:8774/v2/e6f2b071c3504a00b1afc5423fdd057e/os-aggregates/727/action 0.800s
2016-08-12 21:06:20.142 98014 INFO tempest.lib.common.rest_client [req-7f64904e-bbd2-4ab0-9ee3-30dbd8792e2e ] Request (FlavorsAccessTestJSON:test_flavor_access_list_with_private_flavor): 200 POST https://dal-iaas-001-api-endpoint.prod.walmart.com:8774/v2/32b7c536fdd443d9972a6605b5d5bbd8/flavors 0.285s
2016-08-12 21:06:20.343 98015 INFO tempest.lib.common.rest_client [req-93300b6d-1428-4cf7-8277-c31f2ab5dbac ] Request (AgentsAdminTestJSON:test_list_agents_with_filter): 200 GET https://dal-iaas-001-api-endpoint.prod.walmart.com:8774/v2/c7b1d36e07e6493c8ed6b54fa15afeb5/os-agents?hypervisor=xen 0.279s
2016-08-12 21:06:20.348 98012 INFO tempest.lib.common.rest_client [req-79847cc1-7bbe-4137-b1fb-48f20342b43a ] Request (FloatingIPsBulkAdminTestJSON:tearDownClass): 204 DELETE https://dal-iaas-001-api-endpoint.prod.walmart.com:9696/v2.0/security-groups/3fb353d0-487d-44a1-942e-622e2fcb9b55 0.443s
2016-08-12 21:06:20.359 98016 INFO tempest.lib.common.rest_client [req-4056a91b-402a-4494-b956-921836c2088a ] Request (AggregatesAdminTestJSON:test_aggregate_add_host_get_details): 200 POST https://dal-iaas-001-api-endpoint.prod.walmart.com:8774/v2/6e58da92e15b482487cc0289900befc0/os-aggregates/733/action 0.424s
2016-08-12 21:06:20.388 98018 INFO tempest.lib.common.rest_client [req-ee0a4361-01ea-405a-91f5-136128b6c976 ] Request (HostsAdminNegativeTestJSON:test_show_host_detail_with_nonexistent_hostname): 404 GET https://dal-iaas-001-api-endpoint.prod.walmart.com:8774/v2/23aa82779ed14e9c9a8a33475c01cdfa/os-hosts/tempest-rand_hostname-278282115 0.300s
2016-08-12 21:06:20.390 98017 INFO tempest.lib.common.rest_client [req-b1d0d723-9a39-47db-bd62-df1af954e25f ] Request (AZAdminV2TestJSON:tearDownClass): 204 DELETE https://dal-iaas-001-api-endpoint.prod.walmart.com:35357/v2.0/tenants/a4cbd9f09120440f8c77b5b3c138aa9d 0.543s
2016-08-12 21:06:20.400 98019 INFO tempest.lib.common.rest_client [req-458bd88a-bf80-471b-bdba-1177465e4452 ] Request (AggregatesAdminNegativeTestJSON:_run_cleanups): 200 DELETE https://dal-iaas-001-api-endpoint.prod.walmart.com:8774/v2/ab82483a325c470f8122415bbbc5f60d/os-aggregates/727 0.301s
2016-08-12 21:06:20.409 98013 INFO tempest.lib.common.rest_client [req-d738d9ee-699d-485a-81d6-b39e97c55082 ] Request (FlavorsAccessNegativeTestJSON:_run_cleanups): 202 DELETE https://dal-iaas-001-api-endpoint.prod.walmart.com:8774/v2/709916e48c2e483d904da8c7b2688a1e/flavors/1433624794 0.327s
2016-08-12 21:06:20.433 98014 INFO tempest.lib.common.rest_client [req-131ab0f8-7549-48a2-be70-fe274cb0c46c ] Request (FlavorsAccessTestJSON:test_flavor_access_list_with_private_flavor): 200 GET https://dal-iaas-001-api-endpoint.prod.walmart.com:8774/v2/32b7c536fdd443d9972a6605b5d5bbd8/flavors/701674970/os-flavor-access 0.288s
2016-08-12 21:06:20.638 98015 INFO tempest.lib.common.rest_client [req-0f22a762-7a92-451c-9284-9ebdaad9438f ] Request (AgentsAdminTestJSON:tearDown): 200 DELETE https://dal-iaas-001-api-endpoint.prod.walmart.com:8774/v2/c7b1d36e07e6493c8ed6b54fa15afeb5/os-agents/322 0.292s
2016-08-12 21:06:20.666 98016 INFO tempest.lib.common.rest_client [req-b1f61df2-48b0-4345-9371-c6335f91b5f5 ] Request (AggregatesAdminTestJSON:test_aggregate_add_host_get_details): 200 GET https://dal-iaas-001-api-endpoint.prod.walmart.com:8774/v2/6e58da92e15b482487cc0289900befc0/os-aggregates/733 0.304s
2016-08-12 21:06:20.685 98013 INFO tempest.lib.common.rest_client [req-06de4d23-3306-4f27-87a0-3eeb73a99ccd ] Request (FlavorsAccessNegativeTestJSON:test_flavor_non_admin_remove): 200 POST https://dal-iaas-001-api-endpoint.prod.walmart.com:8774/v2/709916e48c2e483d904da8c7b2688a1e/flavors 0.274s
2016-08-12 21:06:20.700 98018 INFO tempest.lib.common.rest_client [req-4b5f4042-d896-4642-a28a-3223835d7c5e ] Request (HostsAdminNegativeTestJSON:test_shutdown_host_with_non_admin_user): 200 GET https://dal-iaas-001-api-endpoint.prod.walmart.com:8774/v2/23aa82779ed14e9c9a8a33475c01cdfa/os-hosts 0.310s
2016-08-12 21:06:20.754 98019 INFO tempest.lib.common.rest_client [req-eb3996d1-6a1c-4275-a16e-f588319fd073 ] Request (AggregatesAdminNegativeTestJSON:test_aggregate_add_non_exist_host): 200 GET https://dal-iaas-001-api-endpoint.prod.walmart.com:8774/v2/ab82483a325c470f8122415bbbc5f60d/os-hosts 0.352s
2016-08-12 21:06:20.776 98014 INFO tempest.lib.common.rest_client [req-8c83a99b-bd39-4807-ade4-f3f42660cb6d ] Request (FlavorsAccessTestJSON:_run_cleanups): 202 DELETE https://dal-iaas-001-api-endpoint.prod.walmart.com:8774/v2/32b7c536fdd443d9972a6605b5d5bbd8/flavors/701674970 0.340s
2016-08-12 21:06:20.919 98017 INFO tempest.lib.common.rest_client [req-f1f78c42-c88d-4bcd-aabc-f0f380e7d7b2 ] Request (AZAdminV2TestJSON:tearDownClass): 204 DELETE https://dal-iaas-001-api-endpoint.prod.walmart.com:35357/v2.0/users/57fdf00e051642fdaf19c2bc0e5f372c 0.528s
2016-08-12 21:06:20.921 98015 INFO tempest.lib.common.rest_client [req-c151094f-ccbc-4b80-87d0-d480b0a8ee56 ] Request (AgentsAdminTestJSON:_run_cleanups): 200 DELETE https://dal-iaas-001-api-endpoint.prod.walmart.com:8774/v2/c7b1d36e07e6493c8ed6b54fa15afeb5/os-agents/325 0.283s
2016-08-12 21:06:20.929 98012 INFO tempest.lib.common.rest_client [req-4fe7fd1b-f4a2-4e39-8934-c6e90c1d6649 ] Request (FloatingIPsBulkAdminTestJSON:tearDownClass): 204 DELETE https://dal-iaas-001-api-endpoint.prod.walmart.com:35357/v2.0/tenants/0fd7924d5440426ab524e382250cfa84 0.580s
2016-08-12 21:06:20.968 98018 INFO tempest.lib.common.rest_client [req-787ea370-16f8-48b0-a3a8-2d8c6d8420a8 ] Request (HostsAdminNegativeTestJSON:test_shutdown_host_with_non_admin_user): 403 GET https://dal-iaas-001-api-endpoint.prod.walmart.com:8774/v2/bc05d42b845947b4958fa40fe4f6159a/os-hosts/dal-appblx061-01_nova_scheduler_container-e75090e6/shutdown 0.264s
2016-08-12 21:06:20.981 98013 INFO tempest.lib.common.rest_client [req-ec61ea76-3a8b-4b9c-81ba-f2ba192018c4 ] Request (FlavorsAccessNegativeTestJSON:test_flavor_non_admin_remove): 200 POST https://dal-iaas-001-api-endpoint.prod.walmart.com:8774/v2/709916e48c2e483d904da8c7b2688a1e/flavors/1383198161/action 0.294s
2016-08-12 21:06:21.004 98016 INFO tempest.lib.common.rest_client [req-1121fec0-a4e0-4e36-894c-add45d112e77 ] Request (AggregatesAdminTestJSON:_run_cleanups): 200 POST https://dal-iaas-001-api-endpoint.prod.walmart.com:8774/v2/6e58da92e15b482487cc0289900befc0/os-aggregates/733/action 0.336s
2016-08-12 21:06:21.169 98019 INFO tempest.lib.common.rest_client [req-bfa2a267-e39a-4862-a960-dbc194c38ac1 ] Request (AggregatesAdminNegativeTestJSON:test_aggregate_add_non_exist_host): 200 POST https://dal-iaas-001-api-endpoint.prod.walmart.com:8774/v2/ab82483a325c470f8122415bbbc5f60d/os-aggregates 0.412s
2016-08-12 21:06:21.205 98015 INFO tempest.lib.common.rest_client [req-ca6f258e-e398-4453-8d93-6b8acf922a2a ] Request (AgentsAdminTestJSON:setUp): 200 POST https://dal-iaas-001-api-endpoint.prod.walmart.com:8774/v2/c7b1d36e07e6493c8ed6b54fa15afeb5/os-agents 0.282s
2016-08-12 21:06:21.218 98017 INFO tempest.lib.common.rest_client [req-cf478bb9-f868-4c4c-96f5-a4e46c6d2ec5 ] Request (AZAdminV2TestJSON:tearDownClass): 200 GET https://dal-iaas-001-api-endpoint.prod.walmart.com:9696/v2.0/security-groups?tenant_id=a3897bd6dc494312ba8191454bbc974a&name=default 0.298s
2016-08-12 21:06:21.225 98013 INFO tempest.lib.common.rest_client [req-01f7aea4-29dc-46ed-a0cc-def6c8ea136e ] Request (FlavorsAccessNegativeTestJSON:test_flavor_non_admin_remove): 403 POST https://dal-iaas-001-api-endpoint.prod.walmart.com:8774/v2/6cbce0e8663847e2a9c0dd9a44eb5f45/flavors/1383198161/action 0.242s
2016-08-12 21:06:21.240 98018 INFO tempest.lib.common.rest_client [req-923f18a0-18c5-481f-8aeb-2a26994a36f0 ] Request (HostsAdminNegativeTestJSON:test_shutdown_nonexistent_host): 404 GET https://dal-iaas-001-api-endpoint.prod.walmart.com:8774/v2/23aa82779ed14e9c9a8a33475c01cdfa/os-hosts/tempest-rand_hostname-2018680666/shutdown 0.270s
2016-08-12 21:06:21.296 98014 INFO tempest.lib.common.rest_client [req-e8eca9ad-3de1-49fc-ae28-738c7d32f834 ] Request (FlavorsAccessTestJSON:tearDownClass): 204 DELETE https://dal-iaas-001-api-endpoint.prod.walmart.com:35357/v2.0/users/b44dcb70838940afadb9d29913592430 0.518s
2016-08-12 21:06:21.350 98016 INFO tempest.lib.common.rest_client [req-6222411d-8575-4c30-9995-4be26aee3c05 ] Request (AggregatesAdminTestJSON:_run_cleanups): 200 DELETE https://dal-iaas-001-api-endpoint.prod.walmart.com:8774/v2/6e58da92e15b482487cc0289900befc0/os-aggregates/733 0.344s
2016-08-12 21:06:21.392 98012 INFO tempest.lib.common.rest_client [req-16297352-dfe0-43e2-a151-8345652a2e7c ] Request (FloatingIPsBulkAdminTestJSON:tearDownClass): 204 DELETE https://dal-iaas-001-api-endpoint.prod.walmart.com:35357/v2.0/users/b4421cc053464e97a48217b70bf6053b 0.462s
2016-08-12 21:06:21.496 98019 INFO tempest.lib.common.rest_client [req-146c016c-f38b-45f2-b5dd-f7d53de02385 ] Request (AggregatesAdminNegativeTestJSON:test_aggregate_add_non_exist_host): 404 POST https://dal-iaas-001-api-endpoint.prod.walmart.com:8774/v2/ab82483a325c470f8122415bbbc5f60d/os-aggregates/736/action 0.324s
2016-08-12 21:06:21.534 98015 INFO tempest.lib.common.rest_client [req-903e4267-9e51-4c61-92a5-3c896043e6f8 ] Request (AgentsAdminTestJSON:test_update_agent): 200 PUT https://dal-iaas-001-api-endpoint.prod.walmart.com:8774/v2/c7b1d36e07e6493c8ed6b54fa15afeb5/os-agents/328 0.326s
2016-08-12 21:06:21.546 98013 INFO tempest.lib.common.rest_client [req-56ffac34-5c6c-4da9-8d20-8e4be47f6fb4 ] Request (FlavorsAccessNegativeTestJSON:_run_cleanups): 200 POST https://dal-iaas-001-api-endpoint.prod.walmart.com:8774/v2/709916e48c2e483d904da8c7b2688a1e/flavors/1383198161/action 0.320s
2016-08-12 21:06:21.582 98018 INFO tempest.lib.common.rest_client [req-c99a44f7-cfaa-439c-be4b-8cbfab57b2de ] Request (HostsAdminNegativeTestJSON:test_startup_host_with_non_admin_user): 200 GET https://dal-iaas-001-api-endpoint.prod.walmart.com:8774/v2/23aa82779ed14e9c9a8a33475c01cdfa/os-hosts 0.341s
2016-08-12 21:06:21.648 98017 INFO tempest.lib.common.rest_client [req-61d97318-3479-4979-a686-9be248978283 ] Request (AZAdminV2TestJSON:tearDownClass): 204 DELETE https://dal-iaas-001-api-endpoint.prod.walmart.com:9696/v2.0/security-groups/33c064db-ffc2-4357-aac5-66342de7a040 0.430s
2016-08-12 21:06:21.709 98012 INFO tempest.lib.common.rest_client [req-3af814f9-6b27-4415-88d5-453242fe1dbf ] Request (FloatingIPsBulkAdminTestJSON:tearDownClass): 200 GET https://dal-iaas-001-api-endpoint.prod.walmart.com:9696/v2.0/security-groups?tenant_id=c375cd2731fd48d8bec27c817cc61066&name=default 0.317s
2016-08-12 21:06:21.761 98016 INFO tempest.lib.common.rest_client [req-a1e15269-1612-4e23-a4b9-580bcc1f72b7 ] Request (AggregatesAdminTestJSON:test_aggregate_add_host_list): 200 POST https://dal-iaas-001-api-endpoint.prod.walmart.com:8774/v2/6e58da92e15b482487cc0289900befc0/os-aggregates 0.409s
2016-08-12 21:06:21.794 98015 INFO tempest.lib.common.rest_client [req-78d65226-e4da-45a6-abb7-4fb31dfc2c7f ] Request (AgentsAdminTestJSON:tearDown): 200 DELETE https://dal-iaas-001-api-endpoint.prod.walmart.com:8774/v2/c7b1d36e07e6493c8ed6b54fa15afeb5/os-agents/328 0.258s
2016-08-12 21:06:21.842 98019 INFO tempest.lib.common.rest_client [req-6ee656dd-eebe-4c38-b1d5-8c1cd0d9e993 ] Request (AggregatesAdminNegativeTestJSON:_run_cleanups): 200 DELETE https://dal-iaas-001-api-endpoint.prod.walmart.com:8774/v2/ab82483a325c470f8122415bbbc5f60d/os-aggregates/736 0.345s
2016-08-12 21:06:21.858 98018 INFO tempest.lib.common.rest_client [req-664c25a1-6efa-4446-af4f-48b6cfd9e899 ] Request (HostsAdminNegativeTestJSON:test_startup_host_with_non_admin_user): 403 GET https://dal-iaas-001-api-endpoint.prod.walmart.com:8774/v2/bc05d42b845947b4958fa40fe4f6159a/os-hosts/dal-appblx061-01_nova_scheduler_container-e75090e6/startup 0.272s
2016-08-12 21:06:21.861 98013 INFO tempest.lib.common.rest_client [req-ebcbb99b-a361-4e86-a8bf-0810814b2756 ] Request (FlavorsAccessNegativeTestJSON:_run_cleanups): 202 DELETE https://dal-iaas-001-api-endpoint.prod.walmart.com:8774/v2/709916e48c2e483d904da8c7b2688a1e/flavors/1383198161 0.314s
2016-08-12 21:06:22.086 98012 INFO tempest.lib.common.rest_client [req-b51fe2c3-8726-42da-9209-d5d78c2b2852 ] Request (FloatingIPsBulkAdminTestJSON:tearDownClass): 204 DELETE https://dal-iaas-001-api-endpoint.prod.walmart.com:9696/v2.0/security-groups/da3da2af-c1d9-4a9d-96b1-1c5aebc6ad6a 0.376s
2016-08-12 21:06:22.105 98019 INFO tempest.lib.common.rest_client [req-704d45b0-fc71-492f-84bd-2d982d707f1e ] Request (AggregatesAdminNegativeTestJSON:test_aggregate_create_aggregate_name_length_exceeds_255): 400 POST https://dal-iaas-001-api-endpoint.prod.walmart.com:8774/v2/ab82483a325c470f8122415bbbc5f60d/os-aggregates 0.260s
2016-08-12 21:06:22.116 98016 INFO tempest.lib.common.rest_client [req-f695b843-d756-432c-9733-45b9c3a58b52 ] Request (AggregatesAdminTestJSON:test_aggregate_add_host_list): 200 POST https://dal-iaas-001-api-endpoint.prod.walmart.com:8774/v2/6e58da92e15b482487cc0289900befc0/os-aggregates/739/action 0.352s
2016-08-12 21:06:22.139 98013 INFO tempest.lib.common.rest_client [req-0ba9a30e-85e5-4da4-914d-c8b8fb3f3817 ] Request (FlavorsAccessNegativeTestJSON:test_remove_flavor_access_not_found): 200 POST https://dal-iaas-001-api-endpoint.prod.walmart.com:8774/v2/709916e48c2e483d904da8c7b2688a1e/flavors 0.276s
2016-08-12 21:06:22.159 98018 INFO tempest.lib.common.rest_client [req-e67f1001-22e9-4742-8193-10555c1e0895 ] Request (HostsAdminNegativeTestJSON:test_startup_nonexistent_host): 404 GET https://dal-iaas-001-api-endpoint.prod.walmart.com:8774/v2/23aa82779ed14e9c9a8a33475c01cdfa/os-hosts/tempest-rand_hostname-531159359/startup 0.299s
2016-08-12 21:06:22.166 98014 INFO tempest.lib.common.rest_client [req-1e12d6f4-e2fa-4bd7-8361-91d8fb9e7309 ] Request (FlavorsAccessTestJSON:tearDownClass): 200 GET https://dal-iaas-001-api-endpoint.prod.walmart.com:9696/v2.0/security-groups?tenant_id=32b7c536fdd443d9972a6605b5d5bbd8&name=default 0.870s
2016-08-12 21:06:22.166 98017 INFO tempest.lib.common.rest_client [req-0d23ac46-e1e7-4223-a563-800fa155bb69 ] Request (AZAdminV2TestJSON:tearDownClass): 204 DELETE https://dal-iaas-001-api-endpoint.prod.walmart.com:35357/v2.0/tenants/a3897bd6dc494312ba8191454bbc974a 0.518s
2016-08-12 21:06:22.370 98015 INFO tempest.lib.common.rest_client [req-ba4fd593-f4a0-4f10-9481-0671dbe927c4 ] Request (AgentsAdminTestJSON:tearDownClass): 204 DELETE https://dal-iaas-001-api-endpoint.prod.walmart.com:35357/v2.0/users/45cfc58a4c5144738ae47377ad43da17 0.574s
2016-08-12 21:06:22.377 98019 INFO tempest.lib.common.rest_client [req-ffbe76e8-bb22-4c11-a8b3-6d1b946991bf ] Request (AggregatesAdminNegativeTestJSON:test_aggregate_create_aggregate_name_length_less_than_1): 400 POST https://dal-iaas-001-api-endpoint.prod.walmart.com:8774/v2/ab82483a325c470f8122415bbbc5f60d/os-aggregates 0.270s
2016-08-12 21:06:22.402 98013 INFO tempest.lib.common.rest_client [req-21533a3c-00d4-417d-8f95-297d80a7bb51 ] Request (FlavorsAccessNegativeTestJSON:test_remove_flavor_access_not_found): 404 POST https://dal-iaas-001-api-endpoint.prod.walmart.com:8774/v2/709916e48c2e483d904da8c7b2688a1e/flavors/855120815/action 0.259s
2016-08-12 21:06:22.433 98016 INFO tempest.lib.common.rest_client [req-250fd264-11d9-48ff-a903-1517679ce7b8 ] Request (AggregatesAdminTestJSON:test_aggregate_add_host_list): 200 GET https://dal-iaas-001-api-endpoint.prod.walmart.com:8774/v2/6e58da92e15b482487cc0289900befc0/os-aggregates 0.314s
2016-08-12 21:06:22.453 98018 INFO tempest.lib.common.rest_client [req-cb985b86-4588-4f20-b64b-ef1dfb949e45 ] Request (HostsAdminNegativeTestJSON:test_update_host_with_invalid_maintenance_mode): 200 GET https://dal-iaas-001-api-endpoint.prod.walmart.com:8774/v2/23aa82779ed14e9c9a8a33475c01cdfa/os-hosts 0.292s
2016-08-12 21:06:22.523 98014 INFO tempest.lib.common.rest_client [req-e139bf07-62b5-4a18-816e-76d778f6be04 ] Request (FlavorsAccessTestJSON:tearDownClass): 204 DELETE https://dal-iaas-001-api-endpoint.prod.walmart.com:9696/v2.0/security-groups/17b8f65d-0b81-4c17-8b44-ed1ae6901148 0.355s
2016-08-12 21:06:22.655 98019 INFO tempest.lib.common.rest_client [req-c5a49721-843e-47fa-9e46-68b2d3bb3ae3 ] Request (AggregatesAdminNegativeTestJSON:test_aggregate_create_as_user): 403 POST https://dal-iaas-001-api-endpoint.prod.walmart.com:8774/v2/e6f2b071c3504a00b1afc5423fdd057e/os-aggregates 0.275s
2016-08-12 21:06:22.657 98012 INFO tempest.lib.common.rest_client [req-9e63b477-055a-4bbb-819f-5565d11717ee ] Request (FloatingIPsBulkAdminTestJSON:tearDownClass): 204 DELETE https://dal-iaas-001-api-endpoint.prod.walmart.com:35357/v2.0/tenants/c375cd2731fd48d8bec27c817cc61066 0.571s
2016-08-12 21:06:22.701 98013 INFO tempest.lib.common.rest_client [req-039e01df-f544-490e-ba6d-052eb6d338d9 ] Request (FlavorsAccessNegativeTestJSON:_run_cleanups): 202 DELETE https://dal-iaas-001-api-endpoint.prod.walmart.com:8774/v2/709916e48c2e483d904da8c7b2688a1e/flavors/855120815 0.298s
2016-08-12 21:06:22.719 98018 INFO tempest.lib.common.rest_client [req-ea71a272-db69-4b27-bc21-d3017e51287e ] Request (HostsAdminNegativeTestJSON:test_update_host_with_invalid_maintenance_mode): 400 PUT https://dal-iaas-001-api-endpoint.prod.walmart.com:8774/v2/23aa82779ed14e9c9a8a33475c01cdfa/os-hosts/dal-appblx061-01_nova_scheduler_container-e75090e6 0.261s
2016-08-12 21:06:22.829 98016 INFO tempest.lib.common.rest_client [req-63973897-35d3-461f-b2ab-fc1c5363e5c5 ] Request (AggregatesAdminTestJSON:_run_cleanups): 200 POST https://dal-iaas-001-api-endpoint.prod.walmart.com:8774/v2/6e58da92e15b482487cc0289900befc0/os-aggregates/739/action 0.392s
2016-08-12 21:06:22.830 98017 INFO tempest.lib.common.rest_client [req-41a8401e-a7ae-4c22-89d9-9fe2adc2d670 ] Request (FlavorsAdminTestJSON:setUpClass): 200 POST https://dal-iaas-001-api-endpoint.prod.walmart.com:5443/v2.0/tokens
2016-08-12 21:06:23.036 98019 INFO tempest.lib.common.rest_client [req-705f5b2f-85e9-4452-a3f9-6cb2efb226c9 ] Request (AggregatesAdminNegativeTestJSON:test_aggregate_create_with_existent_aggregate_name): 200 POST https://dal-iaas-001-api-endpoint.prod.walmart.com:8774/v2/ab82483a325c470f8122415bbbc5f60d/os-aggregates 0.379s
2016-08-12 21:06:23.046 98018 INFO tempest.lib.common.rest_client [req-271849e7-8f53-48ce-97b5-926a11194418 ] Request (HostsAdminNegativeTestJSON:test_update_host_with_invalid_status): 200 GET https://dal-iaas-001-api-endpoint.prod.walmart.com:8774/v2/23aa82779ed14e9c9a8a33475c01cdfa/os-hosts 0.325s
2016-08-12 21:06:23.091 98014 INFO tempest.lib.common.rest_client [req-88d367fa-bbe9-44b1-ae83-3baab593fcdc ] Request (FlavorsAccessTestJSON:tearDownClass): 204 DELETE https://dal-iaas-001-api-endpoint.prod.walmart.com:35357/v2.0/tenants/32b7c536fdd443d9972a6605b5d5bbd8 0.568s
2016-08-12 21:06:23.122 98016 INFO tempest.lib.common.rest_client [req-62651d23-b300-406d-980b-fab142c46684 ] Request (AggregatesAdminTestJSON:_run_cleanups): 200 DELETE https://dal-iaas-001-api-endpoint.prod.walmart.com:8774/v2/6e58da92e15b482487cc0289900befc0/os-aggregates/739 0.290s
2016-08-12 21:06:23.174 98013 INFO tempest.lib.common.rest_client [req-4a458f78-0bad-4385-9849-ccb01544274c ] Request (FlavorsAccessNegativeTestJSON:tearDownClass): 204 DELETE https://dal-iaas-001-api-endpoint.prod.walmart.com:35357/v2.0/users/f0f3a835bf2f40ea8677c62c2b72a4ce 0.470s
2016-08-12 21:06:23.190 98015 INFO tempest.lib.common.rest_client [req-71e4dbae-7a9b-429d-86fd-9dc840fca17b ] Request (AgentsAdminTestJSON:tearDownClass): 200 GET https://dal-iaas-001-api-endpoint.prod.walmart.com:9696/v2.0/security-groups?tenant_id=c7b1d36e07e6493c8ed6b54fa15afeb5&name=default 0.820s
2016-08-12 21:06:23.210 98012 INFO tempest.lib.common.rest_client [req-00274667-43cc-4382-937d-38c230401671 ] Request (InstanceUsageAuditLogTestJSON:setUpClass): 200 POST https://dal-iaas-001-api-endpoint.prod.walmart.com:5443/v2.0/tokens
2016-08-12 21:06:23.379 98018 INFO tempest.lib.common.rest_client [req-86d686ea-5a75-4a6c-829d-680459ee3a2e ] Request (HostsAdminNegativeTestJSON:test_update_host_with_invalid_status): 400 PUT https://dal-iaas-001-api-endpoint.prod.walmart.com:8774/v2/23aa82779ed14e9c9a8a33475c01cdfa/os-hosts/dal-appblx061-01_nova_scheduler_container-e75090e6 0.330s
2016-08-12 21:06:23.379 98019 INFO tempest.lib.common.rest_client [req-010385f2-dfb4-463e-a9c9-3401378e8016 ] Request (AggregatesAdminNegativeTestJSON:test_aggregate_create_with_existent_aggregate_name): 409 POST https://dal-iaas-001-api-endpoint.prod.walmart.com:8774/v2/ab82483a325c470f8122415bbbc5f60d/os-aggregates 0.341s
2016-08-12 21:06:23.448 98017 INFO tempest.lib.common.rest_client [req-2c42a041-18e1-410d-9714-7d5b53d74fa5 ] Request (FlavorsAdminTestJSON:setUpClass): 200 POST https://dal-iaas-001-api-endpoint.prod.walmart.com:5443/v2.0/tokens
2016-08-12 21:06:23.592 98015 INFO tempest.lib.common.rest_client [req-fc99a1a3-3cc3-4241-9ba7-2cac0ea62c54 ] Request (AgentsAdminTestJSON:tearDownClass): 204 DELETE https://dal-iaas-001-api-endpoint.prod.walmart.com:9696/v2.0/security-groups/ceb303ec-d3bf-43e6-a833-c3d0759a9c3b 0.401s
2016-08-12 21:06:23.599 98014 INFO tempest.lib.common.rest_client [req-0d3a3a29-dc75-4257-a253-d89de281e60a ] Request (FlavorsAccessTestJSON:tearDownClass): 204 DELETE https://dal-iaas-001-api-endpoint.prod.walmart.com:35357/v2.0/users/9852cec914f94d36b17912ecb710c9d8 0.508s
2016-08-12 21:06:23.613 98016 INFO tempest.lib.common.rest_client [req-bb285694-e4a4-4004-ba24-8d99f1ee15dc ] Request (AggregatesAdminTestJSON:test_aggregate_add_remove_host): 200 POST https://dal-iaas-001-api-endpoint.prod.walmart.com:8774/v2/6e58da92e15b482487cc0289900befc0/os-aggregates 0.489s
2016-08-12 21:06:23.732 98018 INFO tempest.lib.common.rest_client [req-ca735621-4c22-430d-9e29-768d0aa4d857 ] Request (HostsAdminNegativeTestJSON:test_update_host_with_non_admin_user): 200 GET https://dal-iaas-001-api-endpoint.prod.walmart.com:8774/v2/23aa82779ed14e9c9a8a33475c01cdfa/os-hosts 0.350s
2016-08-12 21:06:23.745 98019 INFO tempest.lib.common.rest_client [req-159c2e57-3c10-4a33-9d7f-442d97b35266 ] Request (AggregatesAdminNegativeTestJSON:_run_cleanups): 200 DELETE https://dal-iaas-001-api-endpoint.prod.walmart.com:8774/v2/ab82483a325c470f8122415bbbc5f60d/os-aggregates/742 0.365s
2016-08-12 21:06:23.910 98017 INFO tempest.lib.common.rest_client [req-19289b2c-100e-4857-89a9-ce3666265a90 ] Request (FlavorsAdminTestJSON:setUpClass): 200 POST https://dal-iaas-001-api-endpoint.prod.walmart.com:35357/v2.0/tenants 0.461s
2016-08-12 21:06:23.939 98012 INFO tempest.lib.common.rest_client [req-e5589e8a-3079-4d00-8966-357922f59409 ] Request (InstanceUsageAuditLogTestJSON:setUpClass): 200 POST https://dal-iaas-001-api-endpoint.prod.walmart.com:5443/v2.0/tokens
2016-08-12 21:06:23.948 98014 INFO tempest.lib.common.rest_client [req-759d05ea-9eb3-4615-bdba-a20489ec027d ] Request (FlavorsAccessTestJSON:tearDownClass): 200 GET https://dal-iaas-001-api-endpoint.prod.walmart.com:9696/v2.0/security-groups?tenant_id=bcdc2d135a9a418f83877f824046e67b&name=default 0.348s
2016-08-12 21:06:23.988 98018 INFO tempest.lib.common.rest_client [req-fa010f16-3ca1-4cb3-89e7-15d21f4dc4da ] Request (HostsAdminNegativeTestJSON:test_update_host_with_non_admin_user): 403 PUT https://dal-iaas-001-api-endpoint.prod.walmart.com:8774/v2/bc05d42b845947b4958fa40fe4f6159a/os-hosts/dal-appblx061-01_nova_scheduler_container-e75090e6 0.252s
2016-08-12 21:06:23.995 98016 INFO tempest.lib.common.rest_client [req-fa4ac44c-08df-4ea8-9865-60af3eeb0677 ] Request (AggregatesAdminTestJSON:test_aggregate_add_remove_host): 200 POST https://dal-iaas-001-api-endpoint.prod.walmart.com:8774/v2/6e58da92e15b482487cc0289900befc0/os-aggregates/745/action 0.378s
2016-08-12 21:06:24.149 98015 INFO tempest.lib.common.rest_client [req-601e4951-a03f-4e0d-acba-681807b19c29 ] Request (AgentsAdminTestJSON:tearDownClass): 204 DELETE https://dal-iaas-001-api-endpoint.prod.walmart.com:35357/v2.0/tenants/c7b1d36e07e6493c8ed6b54fa15afeb5 0.556s
2016-08-12 21:06:24.156 98019 INFO tempest.lib.common.rest_client [req-db2203d6-7f6f-469b-a2f8-9e2fd3da7a3c ] Request (AggregatesAdminNegativeTestJSON:test_aggregate_delete_as_user): 200 POST https://dal-iaas-001-api-endpoint.prod.walmart.com:8774/v2/ab82483a325c470f8122415bbbc5f60d/os-aggregates 0.410s
2016-08-12 21:06:24.206 98013 INFO tempest.lib.common.rest_client [req-8158967d-00b8-4ffe-a583-6158aaf00773 ] Request (FlavorsAccessNegativeTestJSON:tearDownClass): 200 GET https://dal-iaas-001-api-endpoint.prod.walmart.com:9696/v2.0/security-groups?tenant_id=709916e48c2e483d904da8c7b2688a1e&name=default 1.031s
2016-08-12 21:06:24.292 98014 INFO tempest.lib.common.rest_client [req-8acc6af0-32fa-4c14-a1a4-140b6b542462 ] Request (FlavorsAccessTestJSON:tearDownClass): 204 DELETE https://dal-iaas-001-api-endpoint.prod.walmart.com:9696/v2.0/security-groups/10877feb-69f7-4bb9-8977-8c970cec6ea8 0.343s
2016-08-12 21:06:24.327 98012 INFO tempest.lib.common.rest_client [req-bfe2b7ac-0f79-47fd-b59e-c1b0e0f54054 ] Request (InstanceUsageAuditLogTestJSON:setUpClass): 200 POST https://dal-iaas-001-api-endpoint.prod.walmart.com:35357/v2.0/tenants 0.386s
2016-08-12 21:06:24.351 98018 INFO tempest.lib.common.rest_client [req-39308b9a-6ef4-4d8a-bef0-3e9d4e0825da ] Request (HostsAdminNegativeTestJSON:test_update_host_without_param): 200 GET https://dal-iaas-001-api-endpoint.prod.walmart.com:8774/v2/23aa82779ed14e9c9a8a33475c01cdfa/os-hosts 0.361s
2016-08-12 21:06:24.363 98016 INFO tempest.lib.common.rest_client [req-f15043df-a892-4555-a23a-ed7b84e05349 ] Request (AggregatesAdminTestJSON:test_aggregate_add_remove_host): 200 POST https://dal-iaas-001-api-endpoint.prod.walmart.com:8774/v2/6e58da92e15b482487cc0289900befc0/os-aggregates/745/action 0.366s
2016-08-12 21:06:24.385 98017 INFO tempest.lib.common.rest_client [req-6866bab0-4efd-4058-a942-57d3d15fc261 ] Request (FlavorsAdminTestJSON:setUpClass): 200 POST https://dal-iaas-001-api-endpoint.prod.walmart.com:35357/v2.0/users 0.474s
2016-08-12 21:06:24.416 98019 INFO tempest.lib.common.rest_client [req-9afe25fb-c0dc-47c0-b8ce-31589157be28 ] Request (AggregatesAdminNegativeTestJSON:test_aggregate_delete_as_user): 403 DELETE https://dal-iaas-001-api-endpoint.prod.walmart.com:8774/v2/e6f2b071c3504a00b1afc5423fdd057e/os-aggregates/748 0.257s
2016-08-12 21:06:24.607 98018 INFO tempest.lib.common.rest_client [req-13d3a9af-35f5-435e-a121-fd80f8cb8778 ] Request (HostsAdminNegativeTestJSON:test_update_host_without_param): 400 PUT https://dal-iaas-001-api-endpoint.prod.walmart.com:8774/v2/23aa82779ed14e9c9a8a33475c01cdfa/os-hosts/dal-appblx061-01_nova_scheduler_container-e75090e6 0.250s
2016-08-12 21:06:24.614 98013 INFO tempest.lib.common.rest_client [req-ca8712fd-c2ca-4038-ae91-78e74d4f7709 ] Request (FlavorsAccessNegativeTestJSON:tearDownClass): 204 DELETE https://dal-iaas-001-api-endpoint.prod.walmart.com:9696/v2.0/security-groups/a8c13439-6cc4-4eba-8282-c55fb6efc18d 0.407s
2016-08-12 21:06:24.665 98016 INFO tempest.lib.common.rest_client [req-78ae9b31-f89d-4210-9c4a-d47ef056bfe4 ] Request (AggregatesAdminTestJSON:_run_cleanups): 200 DELETE https://dal-iaas-001-api-endpoint.prod.walmart.com:8774/v2/6e58da92e15b482487cc0289900befc0/os-aggregates/745 0.299s
2016-08-12 21:06:24.690 98015 INFO tempest.lib.common.rest_client [req-e152f1bb-f816-4409-b55d-65766ec23572 ] Request (AgentsAdminTestJSON:tearDownClass): 204 DELETE https://dal-iaas-001-api-endpoint.prod.walmart.com:35357/v2.0/users/2b8d79f4e98d4b398c152919fd9b7f73 0.541s
2016-08-12 21:06:24.745 98019 INFO tempest.lib.common.rest_client [req-52531f8d-0476-429a-b054-ce82340d78bb ] Request (AggregatesAdminNegativeTestJSON:_run_cleanups): 200 DELETE https://dal-iaas-001-api-endpoint.prod.walmart.com:8774/v2/ab82483a325c470f8122415bbbc5f60d/os-aggregates/748 0.328s
2016-08-12 21:06:24.814 98014 INFO tempest.lib.common.rest_client [req-cfbcf3e9-406b-4508-9787-e6f7d5d445fa ] Request (FlavorsAccessTestJSON:tearDownClass): 204 DELETE https://dal-iaas-001-api-endpoint.prod.walmart.com:35357/v2.0/tenants/bcdc2d135a9a418f83877f824046e67b 0.522s
2016-08-12 21:06:24.815 98012 INFO tempest.lib.common.rest_client [req-16c64a09-7b8d-4615-afac-e13beb7bb908 ] Request (InstanceUsageAuditLogTestJSON:setUpClass): 200 POST https://dal-iaas-001-api-endpoint.prod.walmart.com:35357/v2.0/users 0.487s
2016-08-12 21:06:24.823 98017 INFO tempest.lib.common.rest_client [req-b8fba6a0-04dc-4f0c-96d6-871d67e80b94 ] Request (FlavorsAdminTestJSON:setUpClass): 200 GET https://dal-iaas-001-api-endpoint.prod.walmart.com:35357/v2.0/OS-KSADM/roles 0.437s
2016-08-12 21:06:24.954 98018 INFO tempest.lib.common.rest_client [req-703d8e57-3a0b-49fc-a52b-d9c41d885697 ] Request (HostsAdminNegativeTestJSON:test_update_nonexistent_host): 404 PUT https://dal-iaas-001-api-endpoint.prod.walmart.com:8774/v2/23aa82779ed14e9c9a8a33475c01cdfa/os-hosts/tempest-rand_hostname-13942452 0.345s
2016-08-12 21:06:25.037 98015 INFO tempest.lib.common.rest_client [req-f48de769-4d20-4c7a-95eb-1979f292f0ff ] Request (AgentsAdminTestJSON:tearDownClass): 200 GET https://dal-iaas-001-api-endpoint.prod.walmart.com:9696/v2.0/security-groups?tenant_id=0b378362583d488ea004aa9e39071ee4&name=default 0.346s
2016-08-12 21:06:25.080 98016 INFO tempest.lib.common.rest_client [req-0864d311-9c55-4e69-821d-73dbd05c6343 ] Request (AggregatesAdminTestJSON:test_aggregate_create_delete): 200 POST https://dal-iaas-001-api-endpoint.prod.walmart.com:8774/v2/6e58da92e15b482487cc0289900befc0/os-aggregates 0.413s
2016-08-12 21:06:25.088 98019 INFO tempest.lib.common.rest_client [req-59bcf726-d799-4d69-8554-b904cf1e8966 ] Request (AggregatesAdminNegativeTestJSON:test_aggregate_delete_with_invalid_id): 404 DELETE https://dal-iaas-001-api-endpoint.prod.walmart.com:8774/v2/ab82483a325c470f8122415bbbc5f60d/os-aggregates/-1 0.342s
2016-08-12 21:06:25.206 98013 INFO tempest.lib.common.rest_client [req-6a3bfb14-d10a-446e-94f9-add3af1bc850 ] Request (FlavorsAccessNegativeTestJSON:tearDownClass): 204 DELETE https://dal-iaas-001-api-endpoint.prod.walmart.com:35357/v2.0/tenants/709916e48c2e483d904da8c7b2688a1e 0.592s
2016-08-12 21:06:25.253 98017 INFO tempest.lib.common.rest_client [req-70362319-d988-41a6-a870-db58fc8ecab3 ] Request (FlavorsAdminTestJSON:setUpClass): 409 PUT https://dal-iaas-001-api-endpoint.prod.walmart.com:35357/v2.0/tenants/9ae288786c7b4c9eb653fb2b3d97d580/users/9b108c020f31498b9a1640adb7ac472e/roles/OS-KSADM/9fe2ff9ee4384b1894a90878d3e92bab 0.429s
2016-08-12 21:06:25.254 98017 INFO tempest.common.dynamic_creds [-] Acquired dynamic creds:
 credentials: Credentials: {'username': u'tempest-FlavorsAdminTestJSON-632827416', 'project_name': u'tempest-FlavorsAdminTestJSON-632827416', 'user_id': u'9b108c020f31498b9a1640adb7ac472e', 'tenant_name': u'tempest-FlavorsAdminTestJSON-632827416', 'tenant_id': u'9ae288786c7b4c9eb653fb2b3d97d580', 'project_id': u'9ae288786c7b4c9eb653fb2b3d97d580'}, Network: None, Subnet: None, Router: None
2016-08-12 21:06:25.288 98012 INFO tempest.lib.common.rest_client [req-88fff0bc-8cf9-4e27-a778-8c2aa3f85125 ] Request (InstanceUsageAuditLogTestJSON:setUpClass): 200 GET https://dal-iaas-001-api-endpoint.prod.walmart.com:35357/v2.0/OS-KSADM/roles 0.473s
2016-08-12 21:06:25.417 98015 INFO tempest.lib.common.rest_client [req-caaec8e9-5fce-42c1-9ba6-feb668aada70 ] Request (AgentsAdminTestJSON:tearDownClass): 204 DELETE https://dal-iaas-001-api-endpoint.prod.walmart.com:9696/v2.0/security-groups/f80e1465-a1fb-4c35-bb11-b26b0b2d4315 0.379s
2016-08-12 21:06:25.430 98016 INFO tempest.lib.common.rest_client [req-fffc933e-7f3a-4169-bc48-c0f040fab8c3 ] Request (AggregatesAdminTestJSON:test_aggregate_create_delete): 200 DELETE https://dal-iaas-001-api-endpoint.prod.walmart.com:8774/v2/6e58da92e15b482487cc0289900befc0/os-aggregates/751 0.347s
2016-08-12 21:06:25.435 98014 INFO tempest.lib.common.rest_client [req-9859bcdf-5a02-40d1-8014-3d2e67a06d5d ] Request (HostsAdminTestJSON:setUpClass): 200 POST https://dal-iaas-001-api-endpoint.prod.walmart.com:5443/v2.0/tokens
2016-08-12 21:06:25.461 98018 INFO tempest.lib.common.rest_client [req-80d02634-6433-4536-8571-f3a9785c8d39 ] Request (HostsAdminNegativeTestJSON:tearDownClass): 204 DELETE https://dal-iaas-001-api-endpoint.prod.walmart.com:35357/v2.0/users/f1696529097a4c53bee95cffaba544a2 0.506s
2016-08-12 21:06:25.470 98019 INFO tempest.lib.common.rest_client [req-9ba5a694-36db-4e59-a559-3f6d2943010d ] Request (AggregatesAdminNegativeTestJSON:test_aggregate_get_details_as_user): 200 POST https://dal-iaas-001-api-endpoint.prod.walmart.com:8774/v2/ab82483a325c470f8122415bbbc5f60d/os-aggregates 0.380s
2016-08-12 21:06:25.699 98017 INFO tempest.lib.common.rest_client [req-faa777d7-690e-4f0d-bf5e-4c878a6b4403 ] Request (FlavorsAdminTestJSON:setUpClass): 200 POST https://dal-iaas-001-api-endpoint.prod.walmart.com:35357/v2.0/tenants 0.440s
2016-08-12 21:06:25.711 98016 INFO tempest.lib.common.rest_client [req-cb5040aa-1ba4-4923-b164-d13ae444c8ae ] Request (AggregatesAdminTestJSON:test_aggregate_create_delete): 404 GET https://dal-iaas-001-api-endpoint.prod.walmart.com:8774/v2/6e58da92e15b482487cc0289900befc0/os-aggregates/751 0.280s
2016-08-12 21:06:25.712 98013 INFO tempest.lib.common.rest_client [req-0b83cd1f-b9b8-4c9d-9b2c-b93e39ec20b4 ] Request (FlavorsAccessNegativeTestJSON:tearDownClass): 204 DELETE https://dal-iaas-001-api-endpoint.prod.walmart.com:35357/v2.0/users/f7a9c3f7578949889c266f8e1370c1a5 0.505s
2016-08-12 21:06:25.725 98019 INFO tempest.lib.common.rest_client [req-ec1fc3c8-0b59-4c4c-8c3e-e6a406d6dce2 ] Request (AggregatesAdminNegativeTestJSON:test_aggregate_get_details_as_user): 403 GET https://dal-iaas-001-api-endpoint.prod.walmart.com:8774/v2/e6f2b071c3504a00b1afc5423fdd057e/os-aggregates/754 0.252s
2016-08-12 21:06:25.732 98012 INFO tempest.lib.common.rest_client [req-fc7f3a56-3fb4-4a31-9ce4-fd2a8a1766fe ] Request (InstanceUsageAuditLogTestJSON:setUpClass): 409 PUT https://dal-iaas-001-api-endpoint.prod.walmart.com:35357/v2.0/tenants/9437a5360d954d5585af260c9c21475e/users/21b389b40c744340a8c8b56fc7d401b1/roles/OS-KSADM/9fe2ff9ee4384b1894a90878d3e92bab 0.443s
2016-08-12 21:06:25.733 98012 INFO tempest.common.dynamic_creds [-] Acquired dynamic creds:
 credentials: Credentials: {'username': u'tempest-InstanceUsageAuditLogTestJSON-1598091363', 'project_name': u'tempest-InstanceUsageAuditLogTestJSON-1598091363', 'user_id': u'21b389b40c744340a8c8b56fc7d401b1', 'tenant_name': u'tempest-InstanceUsageAuditLogTestJSON-1598091363', 'tenant_id': u'9437a5360d954d5585af260c9c21475e', 'project_id': u'9437a5360d954d5585af260c9c21475e'}, Network: None, Subnet: None, Router: None
2016-08-12 21:06:25.834 98015 INFO tempest.lib.common.rest_client [req-019b4d18-d48a-4e60-9ec0-d3a92c3ebb2e ] Request (AgentsAdminTestJSON:tearDownClass): 204 DELETE https://dal-iaas-001-api-endpoint.prod.walmart.com:35357/v2.0/tenants/0b378362583d488ea004aa9e39071ee4 0.417s
2016-08-12 21:06:26.022 98016 INFO tempest.lib.common.rest_client [req-d7b3ea09-43a9-4a59-85bd-97f487e8345e ] Request (AggregatesAdminTestJSON:_run_cleanups): 404 DELETE https://dal-iaas-001-api-endpoint.prod.walmart.com:8774/v2/6e58da92e15b482487cc0289900befc0/os-aggregates/751 0.310s
2016-08-12 21:06:26.053 98013 INFO tempest.lib.common.rest_client [req-71430a20-3e73-4ade-a71b-966da99a4a2d ] Request (FlavorsAccessNegativeTestJSON:tearDownClass): 200 GET https://dal-iaas-001-api-endpoint.prod.walmart.com:9696/v2.0/security-groups?tenant_id=6cbce0e8663847e2a9c0dd9a44eb5f45&name=default 0.340s
2016-08-12 21:06:26.058 98014 INFO tempest.lib.common.rest_client [req-65cbd661-6e1d-49e7-b7fa-c1164f2fd605 ] Request (HostsAdminTestJSON:setUpClass): 200 POST https://dal-iaas-001-api-endpoint.prod.walmart.com:5443/v2.0/tokens
2016-08-12 21:06:26.063 98019 INFO tempest.lib.common.rest_client [req-f45d6056-7afe-4ac5-8e60-829a6628e06e ] Request (AggregatesAdminNegativeTestJSON:_run_cleanups): 200 DELETE https://dal-iaas-001-api-endpoint.prod.walmart.com:8774/v2/ab82483a325c470f8122415bbbc5f60d/os-aggregates/754 0.337s
2016-08-12 21:06:26.111 98017 INFO tempest.lib.common.rest_client [req-ba78c986-c5de-4d4a-91a1-607d7902616b ] Request (FlavorsAdminTestJSON:setUpClass): 200 POST https://dal-iaas-001-api-endpoint.prod.walmart.com:35357/v2.0/users 0.411s
2016-08-12 21:06:26.139 98012 INFO tempest.lib.common.rest_client [req-65400719-7df5-4b93-a1a1-7b0e15686910 ] Request (InstanceUsageAuditLogTestJSON:setUpClass): 200 POST https://dal-iaas-001-api-endpoint.prod.walmart.com:35357/v2.0/tenants 0.400s
2016-08-12 21:06:26.296 98018 INFO tempest.lib.common.rest_client [req-2069ed9a-e75c-4d77-89ef-0d533e44f655 ] Request (HostsAdminNegativeTestJSON:tearDownClass): 200 GET https://dal-iaas-001-api-endpoint.prod.walmart.com:9696/v2.0/security-groups?tenant_id=23aa82779ed14e9c9a8a33475c01cdfa&name=default 0.834s
2016-08-12 21:06:26.355 98019 INFO tempest.lib.common.rest_client [req-17f916ec-a007-4b6b-a11c-3a2d0fef5964 ] Request (AggregatesAdminNegativeTestJSON:test_aggregate_get_details_with_invalid_id): 404 GET https://dal-iaas-001-api-endpoint.prod.walmart.com:8774/v2/ab82483a325c470f8122415bbbc5f60d/os-aggregates/-1 0.290s
2016-08-12 21:06:26.406 98016 INFO tempest.lib.common.rest_client [req-b4efee5b-8d54-439c-b65b-2989d42e63bb ] Request (AggregatesAdminTestJSON:test_aggregate_create_delete_with_az): 200 POST https://dal-iaas-001-api-endpoint.prod.walmart.com:8774/v2/6e58da92e15b482487cc0289900befc0/os-aggregates 0.383s
2016-08-12 21:06:26.409 98013 INFO tempest.lib.common.rest_client [req-cc860eef-9e91-4522-9035-7d0a94f82814 ] Request (FlavorsAccessNegativeTestJSON:tearDownClass): 204 DELETE https://dal-iaas-001-api-endpoint.prod.walmart.com:9696/v2.0/security-groups/17c87347-fcc3-4e50-91c1-86ffa77fe1c2 0.355s
2016-08-12 21:06:26.435 98015 INFO tempest.lib.common.rest_client [req-d24992a5-a4ff-4bc3-be56-e046854d21da ] Request (BaremetalNodesAdminTestJSON:setUpClass): 200 POST https://dal-iaas-001-api-endpoint.prod.walmart.com:5443/v2.0/tokens
2016-08-12 21:06:26.458 98014 INFO tempest.lib.common.rest_client [req-9d166008-23b7-4388-be07-cb113657136c ] Request (HostsAdminTestJSON:setUpClass): 200 POST https://dal-iaas-001-api-endpoint.prod.walmart.com:35357/v2.0/tenants 0.399s
2016-08-12 21:06:26.499 98017 INFO tempest.lib.common.rest_client [req-79723915-ddde-4330-8bcc-9e83ebb42f81 ] Request (FlavorsAdminTestJSON:setUpClass): 200 GET https://dal-iaas-001-api-endpoint.prod.walmart.com:35357/v2.0/OS-KSADM/roles 0.387s
2016-08-12 21:06:26.638 98019 INFO tempest.lib.common.rest_client [req-bbf0ad36-2cb1-4338-ba80-f2225fab1fa9 ] Request (AggregatesAdminNegativeTestJSON:test_aggregate_list_as_user): 403 GET https://dal-iaas-001-api-endpoint.prod.walmart.com:8774/v2/e6f2b071c3504a00b1afc5423fdd057e/os-aggregates 0.281s
2016-08-12 21:06:26.658 98012 INFO tempest.lib.common.rest_client [req-4ed812c8-fa28-40e6-a770-9f6bbd0ec1e7 ] Request (InstanceUsageAuditLogTestJSON:setUpClass): 200 POST https://dal-iaas-001-api-endpoint.prod.walmart.com:35357/v2.0/users 0.519s
2016-08-12 21:06:26.674 98018 INFO tempest.lib.common.rest_client [req-172e94f0-2d42-46f6-89bf-658d435ec776 ] Request (HostsAdminNegativeTestJSON:tearDownClass): 204 DELETE https://dal-iaas-001-api-endpoint.prod.walmart.com:9696/v2.0/security-groups/743dc22f-4f96-4376-ac01-29f5aaf514b1 0.378s
2016-08-12 21:06:26.717 98016 INFO tempest.lib.common.rest_client [req-63977a51-ef00-46a7-9caf-1d2d2d52f17e ] Request (AggregatesAdminTestJSON:test_aggregate_create_delete_with_az): 200 DELETE https://dal-iaas-001-api-endpoint.prod.walmart.com:8774/v2/6e58da92e15b482487cc0289900befc0/os-aggregates/757 0.307s
2016-08-12 21:06:26.936 98014 INFO tempest.lib.common.rest_client [req-fe9c9e75-81b4-4475-a836-1c29a787c55a ] Request (HostsAdminTestJSON:setUpClass): 200 POST https://dal-iaas-001-api-endpoint.prod.walmart.com:35357/v2.0/users 0.476s
2016-08-12 21:06:26.942 98013 INFO tempest.lib.common.rest_client [req-855c0c42-3c43-4044-899c-282f22474d93 ] Request (FlavorsAccessNegativeTestJSON:tearDownClass): 204 DELETE https://dal-iaas-001-api-endpoint.prod.walmart.com:35357/v2.0/tenants/6cbce0e8663847e2a9c0dd9a44eb5f45 0.533s
2016-08-12 21:06:26.959 98017 INFO tempest.lib.common.rest_client [req-5cefcdd6-a83f-44c1-823f-7c6953d6946d ] Request (FlavorsAdminTestJSON:setUpClass): 200 PUT https://dal-iaas-001-api-endpoint.prod.walmart.com:35357/v2.0/tenants/11fff2f83db74c1fa494ba78aef11f90/users/91037ee8170b40d89fdb5779cc929125/roles/OS-KSADM/b5b0387bbe864c43a2999e531988bb8f 0.459s
2016-08-12 21:06:26.981 98019 INFO tempest.lib.common.rest_client [req-889a4056-c415-4164-bed2-d736a6a3cb78 ] Request (AggregatesAdminNegativeTestJSON:test_aggregate_remove_host_as_user): 200 POST https://dal-iaas-001-api-endpoint.prod.walmart.com:8774/v2/ab82483a325c470f8122415bbbc5f60d/os-aggregates 0.341s
