2016-08-10 20:42:53.546 15827 INFO tempest.lib.common.rest_client [req-06178c84-6822-4b3c-b164-1fe11b9005a5 ] Request (TenantUsagesNegativeTestJSON:tearDownClass): 204 DELETE https://dal-iaas-001-api-endpoint.prod.walmart.com:35357/v2.0/users/ac8e1a8692da41aea517e8953375c432 0.527s
2016-08-10 20:42:53.561 15825 INFO tempest.lib.common.rest_client [req-c0569449-30e7-4377-83f4-82ee5975b16e ] Request (QuotasAdminTestJSON:setUpClass): 200 POST https://dal-iaas-001-api-endpoint.prod.walmart.com:35357/v2.0/users 0.516s
2016-08-10 20:42:53.680 15821 INFO tempest.lib.common.rest_client [req-b2696f05-e715-4968-a5a3-b0213d7105a8 ] Request (HostsAdminNegativeTestJSON:setUpClass): 200 POST https://dal-iaas-001-api-endpoint.prod.walmart.com:35357/v2.0/tenants 0.452s
2016-08-10 20:42:53.719 15824 INFO tempest.lib.common.rest_client [req-fc98e600-e745-4c27-a72b-ce39deec15d2 ] Request (FlavorsAdminTestJSON:_run_cleanups): 202 DELETE https://dal-iaas-001-api-endpoint.prod.walmart.com:8774/v2/e82c664ca5ce4c35953e6622c4beb727/flavors/1898523644 0.341s
2016-08-10 20:42:53.878 15823 INFO tempest.lib.common.rest_client [req-19c37321-c284-44ba-a8f2-50c47175b6ec ] Request (FlavorsV2TestJSON:tearDownClass): 204 DELETE https://dal-iaas-001-api-endpoint.prod.walmart.com:9696/v2.0/security-groups/28b50cbb-694c-4208-82a7-63b832d2833f 0.393s
2016-08-10 20:42:53.992 15825 INFO tempest.lib.common.rest_client [req-053579c8-2590-46e6-aa8d-ce43ace6ddcd ] Request (QuotasAdminTestJSON:setUpClass): 200 GET https://dal-iaas-001-api-endpoint.prod.walmart.com:35357/v2.0/OS-KSADM/roles 0.431s
2016-08-10 20:42:54.042 15826 INFO tempest.lib.common.rest_client [req-3c89f8c4-fc1a-4aed-8946-1f7fa30364e3 ] Request (ServersAdminNegativeTestJSON:tearDownClass): 200 GET https://dal-iaas-001-api-endpoint.prod.walmart.com:9696/v2.0/security-groups?tenant_id=b66462ba1f734249a832d9544087f1b9&name=default 0.926s
2016-08-10 20:42:54.046 15824 INFO tempest.lib.common.rest_client [req-aa5b5773-86aa-450d-854b-bb90a699b2c7 ] Request (FlavorsAdminTestJSON:_run_cleanups): 200 GET https://dal-iaas-001-api-endpoint.prod.walmart.com:8774/v2/e82c664ca5ce4c35953e6622c4beb727/flavors/detail 0.327s
2016-08-10 20:42:54.249 15821 INFO tempest.lib.common.rest_client [req-922d62a6-ce13-4ed9-925b-cf58a7e85c76 ] Request (HostsAdminNegativeTestJSON:setUpClass): 200 POST https://dal-iaas-001-api-endpoint.prod.walmart.com:35357/v2.0/users 0.568s
2016-08-10 20:42:54.368 15822 INFO tempest.lib.common.rest_client [req-6bc97d22-3402-42eb-b395-9fcfcf08485f ] Request (ImagesNegativeTestJSON:test_create_image_from_deleted_server): 200 GET https://dal-iaas-001-api-endpoint.prod.walmart.com:8774/v2/367d759d94504693a8419c0f07c57e8c/servers/b8394fcc-3d0c-4bc3-89b8-24b1543416d5 0.589s
2016-08-10 20:42:54.377 15822 INFO tempest.common.waiters [-] State transition "BUILD/None" ==> "BUILD/spawning" after 19 second wait
2016-08-10 20:42:54.398 15824 INFO tempest.lib.common.rest_client [req-c410297b-deee-4f79-97b2-7ea2a8f3ee94 ] Request (FlavorsAdminTestJSON:test_is_public_string_variations): 200 POST https://dal-iaas-001-api-endpoint.prod.walmart.com:8774/v2/e82c664ca5ce4c35953e6622c4beb727/flavors 0.346s
2016-08-10 20:42:54.413 15826 INFO tempest.lib.common.rest_client [req-a809dfd9-69e2-4a68-bcc9-eae11407999f ] Request (ServersAdminNegativeTestJSON:tearDownClass): 204 DELETE https://dal-iaas-001-api-endpoint.prod.walmart.com:9696/v2.0/security-groups/9931fb8f-d21f-4e48-87f5-779173abd617 0.371s
2016-08-10 20:42:54.436 15823 INFO tempest.lib.common.rest_client [req-424416cd-7d79-4dce-b767-c10efecacbd7 ] Request (FlavorsV2TestJSON:tearDownClass): 204 DELETE https://dal-iaas-001-api-endpoint.prod.walmart.com:35357/v2.0/tenants/534c114983ed4b4295a3bdb26884d150 0.557s
2016-08-10 20:42:54.480 15825 INFO tempest.lib.common.rest_client [req-77c8514b-b7e4-411f-92a3-dec2afb26566 ] Request (QuotasAdminTestJSON:setUpClass): 200 PUT https://dal-iaas-001-api-endpoint.prod.walmart.com:35357/v2.0/tenants/3504408dfaa04e058838354d9eb3434f/users/36e848ed0a284239a4b2a577def6987f/roles/OS-KSADM/b5b0387bbe864c43a2999e531988bb8f 0.487s
2016-08-10 20:42:54.569 15827 INFO tempest.lib.common.rest_client [req-35421093-2238-46dc-8f21-0a9835c25ad5 ] Request (TenantUsagesNegativeTestJSON:tearDownClass): 200 GET https://dal-iaas-001-api-endpoint.prod.walmart.com:9696/v2.0/security-groups?tenant_id=0d0544df6c52436c96d211a33ff2010f&name=default 1.023s
2016-08-10 20:42:54.769 15821 INFO tempest.lib.common.rest_client [req-1803ed88-56b8-4688-b065-b757afb074e5 ] Request (HostsAdminNegativeTestJSON:setUpClass): 200 GET https://dal-iaas-001-api-endpoint.prod.walmart.com:35357/v2.0/OS-KSADM/roles 0.519s
2016-08-10 20:42:54.918 15826 INFO tempest.lib.common.rest_client [req-9f455815-4e39-46eb-b4f1-bbc5e0db3a55 ] Request (ServersAdminNegativeTestJSON:tearDownClass): 204 DELETE https://dal-iaas-001-api-endpoint.prod.walmart.com:35357/v2.0/tenants/b66462ba1f734249a832d9544087f1b9 0.505s
2016-08-10 20:42:54.951 15825 INFO tempest.lib.common.rest_client [req-cfeecd9d-dd99-4e81-acb4-9764b45932b6 ] Request (QuotasAdminTestJSON:setUpClass): 200 GET https://dal-iaas-001-api-endpoint.prod.walmart.com:35357/v2.0/OS-KSADM/roles 0.470s
2016-08-10 20:42:54.995 15827 INFO tempest.lib.common.rest_client [req-27fc0d3f-ded4-4a32-a190-d05a34c065b4 ] Request (TenantUsagesNegativeTestJSON:tearDownClass): 204 DELETE https://dal-iaas-001-api-endpoint.prod.walmart.com:9696/v2.0/security-groups/77eacfc0-dc72-4f7b-a9e4-de2d399cc449 0.425s
2016-08-10 20:42:55.021 15828 INFO tempest.lib.common.rest_client [req-1465daef-2a34-48e7-a42d-6de99fc274ae ] Request (SecurityGroupsTestJSON:test_server_security_groups): 200 GET https://dal-iaas-001-api-endpoint.prod.walmart.com:8774/v2/fe86e7e682614701b045ea130f929a68/servers/bf230735-f739-4ba0-92e3-d89a569e432c 0.525s
2016-08-10 20:42:55.029 15823 INFO tempest.lib.common.rest_client [req-7366da1b-a157-428d-af98-a2d697a804c0 ] Request (FlavorsListWithDetailsNegativeTestJSON:setUpClass): 200 POST https://dal-iaas-001-api-endpoint.prod.walmart.com:5443/v2.0/tokens
2016-08-10 20:42:55.029 15828 INFO tempest.common.waiters [-] State transition "BUILD/spawning" ==> "BUILD/scheduling" after 9 second wait
2016-08-10 20:42:55.266 15821 INFO tempest.lib.common.rest_client [req-08384a48-ba1f-4c4f-bcf9-7ef545e3b8a1 ] Request (HostsAdminNegativeTestJSON:setUpClass): 409 PUT https://dal-iaas-001-api-endpoint.prod.walmart.com:35357/v2.0/tenants/d6a837773b234c398c371ce1e2a24acd/users/d347442c1f8f44279e66d19646403406/roles/OS-KSADM/9fe2ff9ee4384b1894a90878d3e92bab 0.496s
2016-08-10 20:42:55.267 15821 INFO tempest.common.dynamic_creds [-] Acquired dynamic creds:
 credentials: Credentials: {'username': u'tempest-HostsAdminNegativeTestJSON-475996765', 'project_name': u'tempest-HostsAdminNegativeTestJSON-475996765', 'user_id': u'd347442c1f8f44279e66d19646403406', 'tenant_name': u'tempest-HostsAdminNegativeTestJSON-475996765', 'tenant_id': u'd6a837773b234c398c371ce1e2a24acd', 'project_id': u'd6a837773b234c398c371ce1e2a24acd'}, Network: None, Subnet: None, Router: None
2016-08-10 20:42:55.447 15826 INFO tempest.lib.common.rest_client [req-22722046-d8b6-4644-a2e3-a8ad733da838 ] Request (ServersAdminNegativeTestJSON:tearDownClass): 204 DELETE https://dal-iaas-001-api-endpoint.prod.walmart.com:35357/v2.0/users/d3fc98a59fb34bcebbf6647b57d0bb39 0.528s
2016-08-10 20:42:55.456 15827 INFO tempest.lib.common.rest_client [req-6bb8b929-a956-4799-a9e8-9c44586fe7dd ] Request (TenantUsagesNegativeTestJSON:tearDownClass): 204 DELETE https://dal-iaas-001-api-endpoint.prod.walmart.com:35357/v2.0/tenants/0d0544df6c52436c96d211a33ff2010f 0.460s
2016-08-10 20:42:55.460 15825 INFO tempest.lib.common.rest_client [req-6c230fb5-4400-4fbf-9617-05e50494217a ] Request (QuotasAdminTestJSON:setUpClass): 409 PUT https://dal-iaas-001-api-endpoint.prod.walmart.com:35357/v2.0/tenants/3504408dfaa04e058838354d9eb3434f/users/36e848ed0a284239a4b2a577def6987f/roles/OS-KSADM/9fe2ff9ee4384b1894a90878d3e92bab 0.509s
2016-08-10 20:42:55.461 15825 INFO tempest.common.dynamic_creds [-] Acquired dynamic creds:
 credentials: Credentials: {'username': u'tempest-QuotasAdminTestJSON-998962800', 'project_name': u'tempest-QuotasAdminTestJSON-998962800', 'user_id': u'36e848ed0a284239a4b2a577def6987f', 'tenant_name': u'tempest-QuotasAdminTestJSON-998962800', 'tenant_id': u'3504408dfaa04e058838354d9eb3434f', 'project_id': u'3504408dfaa04e058838354d9eb3434f'}, Network: None, Subnet: None, Router: None
2016-08-10 20:42:55.660 15823 INFO tempest.lib.common.rest_client [req-c0f142cc-596a-4909-b8c3-fa1f123cd8c4 ] Request (FlavorsListWithDetailsNegativeTestJSON:setUpClass): 200 POST https://dal-iaas-001-api-endpoint.prod.walmart.com:5443/v2.0/tokens
2016-08-10 20:42:55.741 15826 INFO tempest.lib.common.rest_client [req-74f1cfda-ddb3-4395-a1cb-d87503a6a914 ] Request (ServersAdminNegativeTestJSON:tearDownClass): 200 GET https://dal-iaas-001-api-endpoint.prod.walmart.com:9696/v2.0/security-groups?tenant_id=5d2b2b43a7cf452ba5388e97d44287c3&name=default 0.293s
2016-08-10 20:42:55.810 15821 INFO tempest.lib.common.rest_client [req-f8b3bb1f-b9fe-495a-9360-fc5d8228dea6 ] Request (HostsAdminNegativeTestJSON:setUpClass): 200 POST https://dal-iaas-001-api-endpoint.prod.walmart.com:35357/v2.0/tenants 0.537s
2016-08-10 20:42:55.954 15822 INFO tempest.lib.common.rest_client [req-03c0bede-ed47-49da-bd58-7e657d2db1f6 ] Request (ImagesNegativeTestJSON:test_create_image_from_deleted_server): 200 GET https://dal-iaas-001-api-endpoint.prod.walmart.com:8774/v2/367d759d94504693a8419c0f07c57e8c/servers/b8394fcc-3d0c-4bc3-89b8-24b1543416d5 0.571s
2016-08-10 20:42:55.960 15824 INFO tempest.lib.common.rest_client [req-b6682697-5dc8-4d7e-8112-eef1823a31ea ] Request (FlavorsAdminTestJSON:test_is_public_string_variations): 200 POST https://dal-iaas-001-api-endpoint.prod.walmart.com:8774/v2/e82c664ca5ce4c35953e6622c4beb727/flavors 1.559s
2016-08-10 20:42:55.962 15822 INFO tempest.common.waiters [-] State transition "BUILD/spawning" ==> "ERROR/None" after 20 second wait
2016-08-10 20:42:55.973 15827 INFO tempest.lib.common.rest_client [req-e86d2b0e-8a4d-49ed-9d09-8e5a59634d91 ] Request (TenantUsagesNegativeTestJSON:tearDownClass): 204 DELETE https://dal-iaas-001-api-endpoint.prod.walmart.com:35357/v2.0/users/9500dd55dc944f3da36ed5a42e712605 0.516s
2016-08-10 20:42:55.982 15825 INFO tempest.lib.common.rest_client [req-21d97e4e-7b5b-4351-b12a-15c917b8d085 ] Request (QuotasAdminTestJSON:test_delete_quota): 200 POST https://dal-iaas-001-api-endpoint.prod.walmart.com:5443/v2.0/tokens
2016-08-10 20:42:56.045 15826 INFO tempest.lib.common.rest_client [req-7549b1a2-62dd-43a5-92e1-6e4713c5561f ] Request (ServersAdminNegativeTestJSON:tearDownClass): 409 DELETE https://dal-iaas-001-api-endpoint.prod.walmart.com:9696/v2.0/security-groups/7f6cba1e-d55f-4950-8d2f-db4309af401c 0.302s
2016-08-10 20:42:56.045 15826 ERROR tempest.test [-] teardown of credentials failed: An object with that identifier already exists
Details: {u'message': u'Security Group 7f6cba1e-d55f-4950-8d2f-db4309af401c in use.', u'type': u'SecurityGroupInUse', u'detail': u''}
2016-08-10 20:42:56.045 15826 ERROR tempest.test Traceback (most recent call last):
2016-08-10 20:42:56.045 15826 ERROR tempest.test   File "/Users/vktiwar/openstack/git-clone/daliaas1/tempest/test.py", line 294, in tearDownClass
2016-08-10 20:42:56.045 15826 ERROR tempest.test     teardown()
2016-08-10 20:42:56.045 15826 ERROR tempest.test   File "/Users/vktiwar/openstack/git-clone/daliaas1/tempest/test.py", line 546, in clear_credentials
2016-08-10 20:42:56.045 15826 ERROR tempest.test     cls._creds_provider.clear_creds()
2016-08-10 20:42:56.045 15826 ERROR tempest.test   File "/Users/vktiwar/openstack/git-clone/daliaas1/tempest/common/dynamic_creds.py", line 406, in clear_creds
2016-08-10 20:42:56.045 15826 ERROR tempest.test     self._cleanup_default_secgroup(creds.tenant_id)
2016-08-10 20:42:56.045 15826 ERROR tempest.test   File "/Users/vktiwar/openstack/git-clone/daliaas1/tempest/common/dynamic_creds.py", line 358, in _cleanup_default_secgroup
2016-08-10 20:42:56.045 15826 ERROR tempest.test     nsg_client.delete_security_group(secgroup['id'])
2016-08-10 20:42:56.045 15826 ERROR tempest.test   File "/Users/vktiwar/openstack/git-clone/daliaas1/tempest/lib/services/network/security_groups_client.py", line 54, in delete_security_group
2016-08-10 20:42:56.045 15826 ERROR tempest.test     return self.delete_resource(uri)
2016-08-10 20:42:56.045 15826 ERROR tempest.test   File "/Users/vktiwar/openstack/git-clone/daliaas1/tempest/lib/services/network/base.py", line 41, in delete_resource
2016-08-10 20:42:56.045 15826 ERROR tempest.test     resp, body = self.delete(req_uri)
2016-08-10 20:42:56.045 15826 ERROR tempest.test   File "/Users/vktiwar/openstack/git-clone/daliaas1/tempest/lib/common/rest_client.py", line 304, in delete
2016-08-10 20:42:56.045 15826 ERROR tempest.test     return self.request('DELETE', url, extra_headers, headers, body)
2016-08-10 20:42:56.045 15826 ERROR tempest.test   File "/Users/vktiwar/openstack/git-clone/daliaas1/tempest/lib/common/rest_client.py", line 667, in request
2016-08-10 20:42:56.045 15826 ERROR tempest.test     resp, resp_body)
2016-08-10 20:42:56.045 15826 ERROR tempest.test   File "/Users/vktiwar/openstack/git-clone/daliaas1/tempest/lib/common/rest_client.py", line 780, in _error_checker
2016-08-10 20:42:56.045 15826 ERROR tempest.test     raise exceptions.Conflict(resp_body, resp=resp)
2016-08-10 20:42:56.045 15826 ERROR tempest.test Conflict: An object with that identifier already exists
2016-08-10 20:42:56.045 15826 ERROR tempest.test Details: {u'message': u'Security Group 7f6cba1e-d55f-4950-8d2f-db4309af401c in use.', u'type': u'SecurityGroupInUse', u'detail': u''}
2016-08-10 20:42:56.045 15826 ERROR tempest.test 
2016-08-10 20:42:56.068 15823 INFO tempest.lib.common.rest_client [req-3341d01b-cd83-4942-b789-9554eb1acbe3 ] Request (FlavorsListWithDetailsNegativeTestJSON:setUpClass): 200 POST https://dal-iaas-001-api-endpoint.prod.walmart.com:35357/v2.0/tenants 0.407s
2016-08-10 20:42:56.298 15824 INFO tempest.lib.common.rest_client [req-f4b98249-0065-476e-b4cc-e34f24bee90c ] Request (FlavorsAdminTestJSON:test_is_public_string_variations): 200 GET https://dal-iaas-001-api-endpoint.prod.walmart.com:8774/v2/e82c664ca5ce4c35953e6622c4beb727/flavors/detail?is_public=f 0.336s
2016-08-10 20:42:56.318 15827 INFO tempest.lib.common.rest_client [req-cdc0d654-ccbe-40dd-ad3e-e7267b518ad6 ] Request (TenantUsagesNegativeTestJSON:tearDownClass): 200 GET https://dal-iaas-001-api-endpoint.prod.walmart.com:9696/v2.0/security-groups?tenant_id=83f312bb4ed448549a689eca5c653a8f&name=default 0.344s
2016-08-10 20:42:56.437 15825 INFO tempest.lib.common.rest_client [req-22dd4b56-f539-45ad-a001-4a2743d3b85e ] Request (QuotasAdminTestJSON:test_delete_quota): 200 POST https://dal-iaas-001-api-endpoint.prod.walmart.com:35357/v2.0/tenants 0.454s
2016-08-10 20:42:56.450 15821 INFO tempest.lib.common.rest_client [req-ac69fee4-d894-4f32-bff5-58ed9f8a4a2f ] Request (HostsAdminNegativeTestJSON:setUpClass): 200 POST https://dal-iaas-001-api-endpoint.prod.walmart.com:35357/v2.0/users 0.639s
2016-08-10 20:42:56.518 15828 INFO tempest.lib.common.rest_client [req-e6151f49-cf5a-481f-911d-ede6e28e5f05 ] Request (SecurityGroupsTestJSON:test_server_security_groups): 200 GET https://dal-iaas-001-api-endpoint.prod.walmart.com:8774/v2/fe86e7e682614701b045ea130f929a68/servers/bf230735-f739-4ba0-92e3-d89a569e432c 0.483s
2016-08-10 20:42:56.524 15828 INFO tempest.common.waiters [-] State transition "BUILD/scheduling" ==> "BUILD/None" after 10 second wait
2016-08-10 20:42:56.532 15823 INFO tempest.lib.common.rest_client [req-53a9ec1c-3dc1-4e21-b21c-54e0467baf04 ] Request (FlavorsListWithDetailsNegativeTestJSON:setUpClass): 200 POST https://dal-iaas-001-api-endpoint.prod.walmart.com:35357/v2.0/users 0.463s
2016-08-10 20:42:56.615 15824 INFO tempest.lib.common.rest_client [req-83bf30ec-5f27-4c2b-a43b-2c3948ad9c94 ] Request (FlavorsAdminTestJSON:test_is_public_string_variations): 200 GET https://dal-iaas-001-api-endpoint.prod.walmart.com:8774/v2/e82c664ca5ce4c35953e6622c4beb727/flavors/detail?is_public=false 0.312s
2016-08-10 20:42:56.673 15826 INFO tempest.lib.common.rest_client [req-9fb8a9ba-b0bb-4dd7-aeff-9266a58ef1f6 ] Request (ImagesOneServerNegativeTestJSON:setUpClass): 200 POST https://dal-iaas-001-api-endpoint.prod.walmart.com:5443/v2.0/tokens
2016-08-10 20:42:56.695 15827 INFO tempest.lib.common.rest_client [req-6da7e255-758e-48a0-a8e2-3e20a573f7cc ] Request (TenantUsagesNegativeTestJSON:tearDownClass): 204 DELETE https://dal-iaas-001-api-endpoint.prod.walmart.com:9696/v2.0/security-groups/0cadcda1-d86a-41e4-a2a7-46063a50f5d1 0.376s
2016-08-10 20:42:56.923 15824 INFO tempest.lib.common.rest_client [req-d3966d8f-5bd7-4dc5-a555-6216d584a93b ] Request (FlavorsAdminTestJSON:test_is_public_string_variations): 200 GET https://dal-iaas-001-api-endpoint.prod.walmart.com:8774/v2/e82c664ca5ce4c35953e6622c4beb727/flavors/detail?is_public=no 0.303s
2016-08-10 20:42:56.971 15823 INFO tempest.lib.common.rest_client [req-e6653a20-32ad-4ea8-aaeb-77fefe7e9c4f ] Request (FlavorsListWithDetailsNegativeTestJSON:setUpClass): 200 GET https://dal-iaas-001-api-endpoint.prod.walmart.com:35357/v2.0/OS-KSADM/roles 0.438s
2016-08-10 20:42:56.971 15821 INFO tempest.lib.common.rest_client [req-c85b5c5a-6eaa-43f8-aa24-c657bdd70e25 ] Request (HostsAdminNegativeTestJSON:setUpClass): 200 GET https://dal-iaas-001-api-endpoint.prod.walmart.com:35357/v2.0/OS-KSADM/roles 0.521s
2016-08-10 20:42:57.194 15822 INFO tempest.lib.common.rest_client [req-84986877-34e5-4711-a041-018759324fc9 ] Request (ImagesNegativeTestJSON:test_create_image_from_deleted_server): 204 DELETE https://dal-iaas-001-api-endpoint.prod.walmart.com:8774/v2/367d759d94504693a8419c0f07c57e8c/servers/b8394fcc-3d0c-4bc3-89b8-24b1543416d5 1.232s
2016-08-10 20:42:57.237 15824 INFO tempest.lib.common.rest_client [req-e639b982-000f-446f-9308-b2e9f27b2f08 ] Request (FlavorsAdminTestJSON:test_is_public_string_variations): 200 GET https://dal-iaas-001-api-endpoint.prod.walmart.com:8774/v2/e82c664ca5ce4c35953e6622c4beb727/flavors/detail?is_public=0 0.309s
2016-08-10 20:42:57.269 15827 INFO tempest.lib.common.rest_client [req-85928917-1f30-4461-b482-56234f85c351 ] Request (TenantUsagesNegativeTestJSON:tearDownClass): 204 DELETE https://dal-iaas-001-api-endpoint.prod.walmart.com:35357/v2.0/tenants/83f312bb4ed448549a689eca5c653a8f 0.573s
2016-08-10 20:42:57.285 15825 INFO tempest.lib.common.rest_client [req-4c5bc607-4c99-477c-9f1d-2b9073971b7d ] Request (QuotasAdminTestJSON:test_delete_quota): 200 GET https://dal-iaas-001-api-endpoint.prod.walmart.com:8774/v2/3504408dfaa04e058838354d9eb3434f/os-quota-sets/fe722684bc654eea81f9fd8be027a2c1 0.848s
2016-08-10 20:42:57.319 15826 INFO tempest.lib.common.rest_client [req-ef0004a5-a846-4713-b515-5f02d0439fc5 ] Request (ImagesOneServerNegativeTestJSON:setUpClass): 200 POST https://dal-iaas-001-api-endpoint.prod.walmart.com:5443/v2.0/tokens
2016-08-10 20:42:57.432 15821 INFO tempest.lib.common.rest_client [req-50691718-fad1-4bbf-9f49-bf123306ca71 ] Request (HostsAdminNegativeTestJSON:setUpClass): 200 PUT https://dal-iaas-001-api-endpoint.prod.walmart.com:35357/v2.0/tenants/0fcd4969880b4be0a8df061e3d93927c/users/ded09d222d0a4fac906452d789a917dc/roles/OS-KSADM/b5b0387bbe864c43a2999e531988bb8f 0.460s
2016-08-10 20:42:57.432 15823 INFO tempest.lib.common.rest_client [req-d877d330-6cc0-4f07-9c76-394d35292bac ] Request (FlavorsListWithDetailsNegativeTestJSON:setUpClass): 409 PUT https://dal-iaas-001-api-endpoint.prod.walmart.com:35357/v2.0/tenants/21bb13e38c9f477f881eee5cb155474e/users/0e1ee9becc4140799024b57aa327f34f/roles/OS-KSADM/9fe2ff9ee4384b1894a90878d3e92bab 0.460s
2016-08-10 20:42:57.433 15823 INFO tempest.common.dynamic_creds [-] Acquired dynamic creds:
 credentials: Credentials: {'username': u'tempest-FlavorsListWithDetailsNegativeTestJSON-358703681', 'project_name': u'tempest-FlavorsListWithDetailsNegativeTestJSON-358703681', 'user_id': u'0e1ee9becc4140799024b57aa327f34f', 'tenant_name': u'tempest-FlavorsListWithDetailsNegativeTestJSON-358703681', 'tenant_id': u'21bb13e38c9f477f881eee5cb155474e', 'project_id': u'21bb13e38c9f477f881eee5cb155474e'}, Network: None, Subnet: None, Router: None
2016-08-10 20:42:57.444 15823 INFO tempest.test [-] Executing list-flavors-with-detail
2016-08-10 20:42:57.592 15824 INFO tempest.lib.common.rest_client [req-6380b73c-9aa9-4d86-9c7a-6abe0b6b79ba ] Request (FlavorsAdminTestJSON:test_is_public_string_variations): 200 GET https://dal-iaas-001-api-endpoint.prod.walmart.com:8774/v2/e82c664ca5ce4c35953e6622c4beb727/flavors/detail?is_public=t 0.348s
2016-08-10 20:42:57.681 15825 INFO tempest.lib.common.rest_client [req-68150527-4399-4fed-9637-b5a5ec948e69 ] Request (QuotasAdminTestJSON:test_delete_quota): 200 PUT https://dal-iaas-001-api-endpoint.prod.walmart.com:8774/v2/3504408dfaa04e058838354d9eb3434f/os-quota-sets/fe722684bc654eea81f9fd8be027a2c1 0.393s
2016-08-10 20:42:57.760 15822 INFO tempest.lib.common.rest_client [req-12292f9b-cd09-4070-828a-8043a28f7d82 ] Request (ImagesNegativeTestJSON:test_create_image_from_invalid_server): 404 POST https://dal-iaas-001-api-endpoint.prod.walmart.com:8774/v2/367d759d94504693a8419c0f07c57e8c/servers/!@$^&*()/action 0.560s
2016-08-10 20:42:57.811 15826 INFO tempest.lib.common.rest_client [req-c8113cc6-d6b9-4f95-9af8-63d5e4eb7873 ] Request (ImagesOneServerNegativeTestJSON:setUpClass): 200 POST https://dal-iaas-001-api-endpoint.prod.walmart.com:35357/v2.0/tenants 0.491s
2016-08-10 20:42:57.893 15827 INFO tempest.lib.common.rest_client [req-4a7a5494-9958-4683-aacc-fc2035484b45 ] Request (FlavorDetailsNegativeTestJSON:setUpClass): 200 POST https://dal-iaas-001-api-endpoint.prod.walmart.com:5443/v2.0/tokens
2016-08-10 20:42:57.949 15824 INFO tempest.lib.common.rest_client [req-db3beea5-c1c0-4662-a62b-1888ac3d2f18 ] Request (FlavorsAdminTestJSON:test_is_public_string_variations): 200 GET https://dal-iaas-001-api-endpoint.prod.walmart.com:8774/v2/e82c664ca5ce4c35953e6622c4beb727/flavors/detail?is_public=true 0.352s
2016-08-10 20:42:57.969 15821 INFO tempest.lib.common.rest_client [req-84c28529-b4c9-4ccd-82e8-d639c2a33cc6 ] Request (HostsAdminNegativeTestJSON:setUpClass): 200 GET https://dal-iaas-001-api-endpoint.prod.walmart.com:35357/v2.0/OS-KSADM/roles 0.536s
2016-08-10 20:42:57.979 15825 INFO tempest.lib.common.rest_client [req-d153159b-fea2-4ecb-b7fc-23f75d9ab8dd ] Request (QuotasAdminTestJSON:test_delete_quota): 202 DELETE https://dal-iaas-001-api-endpoint.prod.walmart.com:8774/v2/3504408dfaa04e058838354d9eb3434f/os-quota-sets/fe722684bc654eea81f9fd8be027a2c1 0.295s
2016-08-10 20:42:58.053 15823 INFO tempest.lib.common.rest_client [req-808482e5-9298-42d7-a984-9994e3ed7594 ] Request (main): 200 POST https://dal-iaas-001-api-endpoint.prod.walmart.com:5443/v2.0/tokens
2016-08-10 20:42:58.057 15828 INFO tempest.lib.common.rest_client [req-32c08ab4-879b-4f56-a046-1bdd85ac6f3b ] Request (SecurityGroupsTestJSON:test_server_security_groups): 200 GET https://dal-iaas-001-api-endpoint.prod.walmart.com:8774/v2/fe86e7e682614701b045ea130f929a68/servers/bf230735-f739-4ba0-92e3-d89a569e432c 0.530s
2016-08-10 20:42:58.063 15828 INFO tempest.common.waiters [-] State transition "BUILD/None" ==> "BUILD/scheduling" after 12 second wait
2016-08-10 20:42:58.305 15822 INFO tempest.lib.common.rest_client [req-ec936a2d-92c2-440d-88d0-b773068f242e ] Request (ImagesNegativeTestJSON:test_create_image_specify_uuid_35_characters_or_less): 404 POST https://dal-iaas-001-api-endpoint.prod.walmart.com:8774/v2/367d759d94504693a8419c0f07c57e8c/servers/aaaaaaaaaaaaaaaaaaaaaaaaaaaaaaaaaaa/action 0.542s
2016-08-10 20:42:58.305 15825 INFO tempest.lib.common.rest_client [req-93cb1ebb-6460-4eb1-82bd-64677ae9b144 ] Request (QuotasAdminTestJSON:test_delete_quota): 200 GET https://dal-iaas-001-api-endpoint.prod.walmart.com:8774/v2/3504408dfaa04e058838354d9eb3434f/os-quota-sets/fe722684bc654eea81f9fd8be027a2c1 0.325s
2016-08-10 20:42:58.319 15824 INFO tempest.lib.common.rest_client [req-05f9f40e-35e1-43a1-816a-2b6deab4a752 ] Request (FlavorsAdminTestJSON:test_is_public_string_variations): 200 GET https://dal-iaas-001-api-endpoint.prod.walmart.com:8774/v2/e82c664ca5ce4c35953e6622c4beb727/flavors/detail?is_public=yes 0.364s
2016-08-10 20:42:58.329 15826 INFO tempest.lib.common.rest_client [req-571d5a3c-8dd5-4e7e-bd57-fb19bf1c877c ] Request (ImagesOneServerNegativeTestJSON:setUpClass): 200 POST https://dal-iaas-001-api-endpoint.prod.walmart.com:35357/v2.0/users 0.517s
2016-08-10 20:42:58.411 15821 INFO tempest.lib.common.rest_client [req-cf4088be-add8-4379-b13f-5620c91e1d4b ] Request (HostsAdminNegativeTestJSON:setUpClass): 409 PUT https://dal-iaas-001-api-endpoint.prod.walmart.com:35357/v2.0/tenants/0fcd4969880b4be0a8df061e3d93927c/users/ded09d222d0a4fac906452d789a917dc/roles/OS-KSADM/9fe2ff9ee4384b1894a90878d3e92bab 0.441s
2016-08-10 20:42:58.411 15821 INFO tempest.common.dynamic_creds [-] Acquired dynamic creds:
 credentials: Credentials: {'username': u'tempest-HostsAdminNegativeTestJSON-602151914', 'project_name': u'tempest-HostsAdminNegativeTestJSON-602151914', 'user_id': u'ded09d222d0a4fac906452d789a917dc', 'tenant_name': u'tempest-HostsAdminNegativeTestJSON-602151914', 'tenant_id': u'0fcd4969880b4be0a8df061e3d93927c', 'project_id': u'0fcd4969880b4be0a8df061e3d93927c'}, Network: None, Subnet: None, Router: None
2016-08-10 20:42:58.508 15827 INFO tempest.lib.common.rest_client [req-0ee927fe-e45e-4324-8ad7-e46c91ceb4be ] Request (FlavorDetailsNegativeTestJSON:setUpClass): 200 POST https://dal-iaas-001-api-endpoint.prod.walmart.com:5443/v2.0/tokens
2016-08-10 20:42:58.721 15824 INFO tempest.lib.common.rest_client [req-92933212-3ba8-4b0e-8cef-d3a2c35cdd43 ] Request (FlavorsAdminTestJSON:test_is_public_string_variations): 200 GET https://dal-iaas-001-api-endpoint.prod.walmart.com:8774/v2/e82c664ca5ce4c35953e6622c4beb727/flavors/detail?is_public=1 0.396s
2016-08-10 20:42:58.783 15826 INFO tempest.lib.common.rest_client [req-de64625d-2666-4fc5-b2d3-acd88d2b2a71 ] Request (ImagesOneServerNegativeTestJSON:setUpClass): 200 GET https://dal-iaas-001-api-endpoint.prod.walmart.com:35357/v2.0/OS-KSADM/roles 0.453s
2016-08-10 20:42:58.825 15825 INFO tempest.lib.common.rest_client [req-50ca2dc4-f10f-46ad-b028-229639f0eeb5 ] Request (QuotasAdminTestJSON:_run_cleanups): 204 DELETE https://dal-iaas-001-api-endpoint.prod.walmart.com:35357/v2.0/tenants/fe722684bc654eea81f9fd8be027a2c1 0.516s
2016-08-10 20:42:58.877 15823 INFO tempest.lib.common.rest_client [req-20adfa4c-6386-4676-9511-e9ae375fa6e3 ] Request (main): 400 GET https://dal-iaas-001-api-endpoint.prod.walmart.com:8774/v2/21bb13e38c9f477f881eee5cb155474e/flavors/detail?minRam=None&minDisk=0 0.823s
2016-08-10 20:42:58.878 15823 INFO tempest.test [-] Executing list-flavors-with-detail
2016-08-10 20:42:58.887 15822 INFO tempest.lib.common.rest_client [req-f76ae96e-5e93-43ec-aaf4-3a4b2b78b50a ] Request (ImagesNegativeTestJSON:test_create_image_specify_uuid_37_characters_or_more): 404 POST https://dal-iaas-001-api-endpoint.prod.walmart.com:8774/v2/367d759d94504693a8419c0f07c57e8c/servers/aaaaaaaaaaaaaaaaaaaaaaaaaaaaaaaaaaaaa/action 0.580s
2016-08-10 20:42:59.002 15827 INFO tempest.lib.common.rest_client [req-a4c4a4c4-6157-48e4-92db-ae7701536a82 ] Request (FlavorDetailsNegativeTestJSON:setUpClass): 200 POST https://dal-iaas-001-api-endpoint.prod.walmart.com:35357/v2.0/tenants 0.493s
2016-08-10 20:42:59.002 15821 INFO tempest.lib.common.rest_client [req-8f02c738-a0fb-4c9d-a232-794769e36ec4 ] Request (HostsAdminNegativeTestJSON:test_list_hosts_with_non_admin_user): 200 POST https://dal-iaas-001-api-endpoint.prod.walmart.com:5443/v2.0/tokens
2016-08-10 20:42:59.054 15824 INFO tempest.lib.common.rest_client [req-1497bf42-279f-4abb-afb8-c577408a3146 ] Request (FlavorsAdminTestJSON:_run_cleanups): 202 DELETE https://dal-iaas-001-api-endpoint.prod.walmart.com:8774/v2/e82c664ca5ce4c35953e6622c4beb727/flavors/603320941 0.328s
2016-08-10 20:42:59.124 15825 INFO tempest.lib.common.rest_client [req-c76b0246-2d1a-489d-89ad-0b4fd4fe6a92 ] Request (QuotasAdminTestJSON:test_get_default_quotas): 200 GET https://dal-iaas-001-api-endpoint.prod.walmart.com:8774/v2/3504408dfaa04e058838354d9eb3434f/os-quota-sets/430e86e9429e4b69872dc4d074f08247/defaults 0.297s
2016-08-10 20:42:59.176 15823 INFO tempest.lib.common.rest_client [req-86202a74-1677-446f-8d3f-9206d1901a06 ] Request (main): 400 GET https://dal-iaas-001-api-endpoint.prod.walmart.com:8774/v2/21bb13e38c9f477f881eee5cb155474e/flavors/detail?minRam=XXXXXX&minDisk=0 0.297s
2016-08-10 20:42:59.178 15823 INFO tempest.test [-] Executing list-flavors-with-detail
2016-08-10 20:42:59.197 15822 INFO tempest.lib.common.rest_client [req-a6eb6427-e514-4a2c-b30f-6a9208080b96 ] Request (ImagesNegativeTestJSON:test_delete_image_blank_id): 404 DELETE https://dal-iaas-001-api-endpoint.prod.walmart.com:8774/v2/367d759d94504693a8419c0f07c57e8c/images/ 0.308s
2016-08-10 20:42:59.318 15826 INFO tempest.lib.common.rest_client [req-cb905936-7000-4263-807d-ec7ca806e972 ] Request (ImagesOneServerNegativeTestJSON:setUpClass): 409 PUT https://dal-iaas-001-api-endpoint.prod.walmart.com:35357/v2.0/tenants/c2c3ba2ac49848b8a6386d271b3e6d5a/users/bd0e90a355a24e28b5c13f6ee7620d47/roles/OS-KSADM/9fe2ff9ee4384b1894a90878d3e92bab 0.534s
2016-08-10 20:42:59.319 15826 INFO tempest.common.dynamic_creds [-] Acquired dynamic creds:
 credentials: Credentials: {'username': u'tempest-ImagesOneServerNegativeTestJSON-1608264267', 'project_name': u'tempest-ImagesOneServerNegativeTestJSON-1608264267', 'user_id': u'bd0e90a355a24e28b5c13f6ee7620d47', 'tenant_name': u'tempest-ImagesOneServerNegativeTestJSON-1608264267', 'tenant_id': u'c2c3ba2ac49848b8a6386d271b3e6d5a', 'project_id': u'c2c3ba2ac49848b8a6386d271b3e6d5a'}, Network: None, Subnet: None, Router: None
2016-08-10 20:42:59.409 15824 INFO tempest.lib.common.rest_client [req-eb91b2fd-c77e-420d-8e14-c9c71fed22e5 ] Request (FlavorsAdminTestJSON:_run_cleanups): 200 GET https://dal-iaas-001-api-endpoint.prod.walmart.com:8774/v2/e82c664ca5ce4c35953e6622c4beb727/flavors/detail 0.354s
2016-08-10 20:42:59.484 15823 INFO tempest.lib.common.rest_client [req-2cc3f97b-f814-4c8f-b7b1-ade38dc86e25 ] Request (main): 400 GET https://dal-iaas-001-api-endpoint.prod.walmart.com:8774/v2/21bb13e38c9f477f881eee5cb155474e/flavors/detail?minRam=0&minDisk=None 0.305s
2016-08-10 20:42:59.485 15823 INFO tempest.test [-] Executing list-flavors-with-detail
2016-08-10 20:42:59.508 15827 INFO tempest.lib.common.rest_client [req-bc32b4e7-c5bf-4197-a502-3d68e6f12f4b ] Request (FlavorDetailsNegativeTestJSON:setUpClass): 200 POST https://dal-iaas-001-api-endpoint.prod.walmart.com:35357/v2.0/users 0.505s
2016-08-10 20:42:59.579 15822 INFO tempest.lib.common.rest_client [req-ea807329-0102-4a50-853b-c2ff00478fd9 ] Request (ImagesNegativeTestJSON:test_delete_image_id_is_over_35_character_limit): 404 DELETE https://dal-iaas-001-api-endpoint.prod.walmart.com:8774/v2/367d759d94504693a8419c0f07c57e8c/images/11a22b9-12a9-5555-cc11-00ab112223fa-3fac 0.380s
2016-08-10 20:42:59.582 15825 INFO tempest.lib.common.rest_client [req-8a677333-63fa-49f7-89d5-b7d9f0351598 ] Request (QuotasAdminTestJSON:test_get_updated_quotas): 200 POST https://dal-iaas-001-api-endpoint.prod.walmart.com:35357/v2.0/tenants 0.455s
2016-08-10 20:42:59.661 15828 INFO tempest.lib.common.rest_client [req-77249809-399a-43ad-8248-353371d0ef8f ] Request (SecurityGroupsTestJSON:test_server_security_groups): 200 GET https://dal-iaas-001-api-endpoint.prod.walmart.com:8774/v2/fe86e7e682614701b045ea130f929a68/servers/bf230735-f739-4ba0-92e3-d89a569e432c 0.594s
2016-08-10 20:42:59.668 15828 INFO tempest.common.waiters [-] State transition "BUILD/scheduling" ==> "BUILD/None" after 13 second wait
2016-08-10 20:42:59.748 15823 INFO tempest.lib.common.rest_client [req-771096f2-4a5a-48e6-9117-d3e56ac63a42 ] Request (main): 400 GET https://dal-iaas-001-api-endpoint.prod.walmart.com:8774/v2/21bb13e38c9f477f881eee5cb155474e/flavors/detail?minRam=0&minDisk=XXXXXX 0.262s
2016-08-10 20:42:59.813 15824 INFO tempest.lib.common.rest_client [req-d48fffaa-8022-492f-86bc-9bfaf8d2bb1b ] Request (FlavorsAdminTestJSON:_run_cleanups): 202 DELETE https://dal-iaas-001-api-endpoint.prod.walmart.com:8774/v2/e82c664ca5ce4c35953e6622c4beb727/flavors/1004000823 0.397s
2016-08-10 20:42:59.819 15821 INFO tempest.lib.common.rest_client [req-5bdc1d6b-69eb-4123-9d7f-f4077ba0e4c4 ] Request (HostsAdminNegativeTestJSON:test_list_hosts_with_non_admin_user): 403 GET https://dal-iaas-001-api-endpoint.prod.walmart.com:8774/v2/d6a837773b234c398c371ce1e2a24acd/os-hosts 0.816s
2016-08-10 20:42:59.862 15826 INFO tempest.lib.common.rest_client [req-91a75190-7c8b-481c-b74a-be8947945877 ] Request (ImagesOneServerNegativeTestJSON:setUpClass): 200 POST https://dal-iaas-001-api-endpoint.prod.walmart.com:5443/v2.0/tokens
2016-08-10 20:43:00.003 15825 INFO tempest.lib.common.rest_client [req-2a8d8382-3ad4-4ba0-b7df-315bc6c21091 ] Request (QuotasAdminTestJSON:test_get_updated_quotas): 200 PUT https://dal-iaas-001-api-endpoint.prod.walmart.com:8774/v2/3504408dfaa04e058838354d9eb3434f/os-quota-sets/bcdf3c870ed8405cb5d74dee5a5055bc 0.420s
2016-08-10 20:43:00.014 15822 INFO tempest.lib.common.rest_client [req-0ee42af4-6127-425f-bd52-39309c7379da ] Request (ImagesNegativeTestJSON:test_delete_image_negative_image_id): 404 DELETE https://dal-iaas-001-api-endpoint.prod.walmart.com:8774/v2/367d759d94504693a8419c0f07c57e8c/images/-1 0.434s
2016-08-10 20:43:00.058 15827 INFO tempest.lib.common.rest_client [req-43c4525b-6e14-4c3d-9d46-18dcf848d157 ] Request (FlavorDetailsNegativeTestJSON:setUpClass): 200 GET https://dal-iaas-001-api-endpoint.prod.walmart.com:35357/v2.0/OS-KSADM/roles 0.549s
2016-08-10 20:43:00.163 15824 INFO tempest.lib.common.rest_client [req-c3564f70-6d38-4057-b01f-23e5ea1eb7e2 ] Request (FlavorsAdminTestJSON:_run_cleanups): 200 GET https://dal-iaas-001-api-endpoint.prod.walmart.com:8774/v2/e82c664ca5ce4c35953e6622c4beb727/flavors/detail 0.350s
2016-08-10 20:43:00.322 15825 INFO tempest.lib.common.rest_client [req-923e2422-824e-4fc4-8529-13c472fdbbf3 ] Request (QuotasAdminTestJSON:test_get_updated_quotas): 200 GET https://dal-iaas-001-api-endpoint.prod.walmart.com:8774/v2/3504408dfaa04e058838354d9eb3434f/os-quota-sets/bcdf3c870ed8405cb5d74dee5a5055bc 0.316s
2016-08-10 20:43:00.333 15823 INFO tempest.lib.common.rest_client [req-923fd642-5dd5-4787-a9e5-1ec3850cc7bd ] Request (FlavorsListWithDetailsNegativeTestJSON:tearDownClass): 204 DELETE https://dal-iaas-001-api-endpoint.prod.walmart.com:35357/v2.0/users/0e1ee9becc4140799024b57aa327f34f 0.583s
2016-08-10 20:43:00.418 15821 INFO tempest.lib.common.rest_client [req-bf815802-5e14-4dce-bd81-1f927711cd02 ] Request (HostsAdminNegativeTestJSON:test_reboot_host_with_non_admin_user): 200 POST https://dal-iaas-001-api-endpoint.prod.walmart.com:5443/v2.0/tokens
2016-08-10 20:43:00.540 15827 INFO tempest.lib.common.rest_client [req-63f5fa3c-673a-4220-9b9c-e672d3b13d8f ] Request (FlavorDetailsNegativeTestJSON:setUpClass): 409 PUT https://dal-iaas-001-api-endpoint.prod.walmart.com:35357/v2.0/tenants/41fadb5f24954483a1b237e5c04e3a55/users/110c2347b6944b579000c24914974415/roles/OS-KSADM/9fe2ff9ee4384b1894a90878d3e92bab 0.482s
2016-08-10 20:43:00.541 15827 INFO tempest.common.dynamic_creds [-] Acquired dynamic creds:
 credentials: Credentials: {'username': u'tempest-FlavorDetailsNegativeTestJSON-432101669', 'project_name': u'tempest-FlavorDetailsNegativeTestJSON-432101669', 'user_id': u'110c2347b6944b579000c24914974415', 'tenant_name': u'tempest-FlavorDetailsNegativeTestJSON-432101669', 'tenant_id': u'41fadb5f24954483a1b237e5c04e3a55', 'project_id': u'41fadb5f24954483a1b237e5c04e3a55'}, Network: None, Subnet: None, Router: None
2016-08-10 20:43:00.549 15827 INFO tempest.test [-] Executing get-flavor-details
2016-08-10 20:43:00.646 15822 INFO tempest.lib.common.rest_client [req-85c789cd-27ef-4a7e-b925-764469300828 ] Request (ImagesNegativeTestJSON:test_delete_image_non_hex_string_id): 404 DELETE https://dal-iaas-001-api-endpoint.prod.walmart.com:8774/v2/367d759d94504693a8419c0f07c57e8c/images/11a22b9-120q-5555-cc11-00ab112223gj 0.630s
2016-08-10 20:43:00.724 15826 INFO tempest.lib.common.rest_client [req-221783e7-633f-4ac1-9e97-61a772da6ed5 ] Request (ImagesOneServerNegativeTestJSON:setUpClass): 200 GET https://dal-iaas-001-api-endpoint.prod.walmart.com:8774/v2/c2c3ba2ac49848b8a6386d271b3e6d5a/os-networks 0.861s
2016-08-10 20:43:00.724 15826 WARNING tempest.common.fixed_network [-] (ImagesOneServerNegativeTestJSON:setUpClass) Network with name: testing not found
2016-08-10 20:43:00.724 15826 INFO tempest.common.fixed_network [-] (ImagesOneServerNegativeTestJSON:setUpClass) Found network {} available for tenant
2016-08-10 20:43:00.780 15825 INFO tempest.lib.common.rest_client [req-36c675ab-c24f-4ed7-8290-8062c2a15e7c ] Request (QuotasAdminTestJSON:test_get_updated_quotas): 200 POST https://dal-iaas-001-api-endpoint.prod.walmart.com:35357/v2.0/users 0.455s
2016-08-10 20:43:01.035 15822 INFO tempest.lib.common.rest_client [req-79b8a7df-9290-48c5-a169-28d7b3c1966b ] Request (ImagesNegativeTestJSON:test_delete_image_with_invalid_image_id): 404 DELETE https://dal-iaas-001-api-endpoint.prod.walmart.com:8774/v2/367d759d94504693a8419c0f07c57e8c/images/!@$^&*() 0.388s
2016-08-10 20:43:01.054 15827 INFO tempest.lib.common.rest_client [req-546ad14d-7d06-4b24-95f3-87a3b50c8658 ] Request (main): 200 POST https://dal-iaas-001-api-endpoint.prod.walmart.com:5443/v2.0/tokens
2016-08-10 20:43:01.122 15825 INFO tempest.lib.common.rest_client [req-b583ac62-6d46-4a0f-8d85-78f744cb6556 ] Request (QuotasAdminTestJSON:test_get_updated_quotas): 200 PUT https://dal-iaas-001-api-endpoint.prod.walmart.com:8774/v2/3504408dfaa04e058838354d9eb3434f/os-quota-sets/bcdf3c870ed8405cb5d74dee5a5055bc?user_id=7a419135fd9548e0b9e9aaa2d0baaf6a 0.341s
2016-08-10 20:43:01.160 15823 INFO tempest.lib.common.rest_client [req-27585bb2-dccc-4778-b1f1-cbc762d4ab76 ] Request (FlavorsListWithDetailsNegativeTestJSON:tearDownClass): 200 GET https://dal-iaas-001-api-endpoint.prod.walmart.com:9696/v2.0/security-groups?tenant_id=21bb13e38c9f477f881eee5cb155474e&name=default 0.826s
2016-08-10 20:43:01.209 15821 INFO tempest.lib.common.rest_client [req-9ddd9684-46ae-4fe9-b3bd-2a7f73437382 ] Request (HostsAdminNegativeTestJSON:test_reboot_host_with_non_admin_user): 200 GET https://dal-iaas-001-api-endpoint.prod.walmart.com:8774/v2/0fcd4969880b4be0a8df061e3d93927c/os-hosts 0.791s
2016-08-10 20:43:01.241 15826 INFO tempest.lib.common.rest_client [req-fbea0ead-651b-489d-ac25-ea12230ce3a8 ] Request (ImagesOneServerNegativeTestJSON:setUpClass): 200 POST https://dal-iaas-001-api-endpoint.prod.walmart.com:5443/v2.0/tokens
2016-08-10 20:43:01.249 15828 INFO tempest.lib.common.rest_client [req-01dbcdad-a344-406e-a15d-719d8fed4079 ] Request (SecurityGroupsTestJSON:test_server_security_groups): 200 GET https://dal-iaas-001-api-endpoint.prod.walmart.com:8774/v2/fe86e7e682614701b045ea130f929a68/servers/bf230735-f739-4ba0-92e3-d89a569e432c 0.576s
2016-08-10 20:43:01.256 15828 INFO tempest.common.waiters [-] State transition "BUILD/None" ==> "BUILD/block_device_mapping" after 15 second wait
2016-08-10 20:43:01.425 15822 INFO tempest.lib.common.rest_client [req-5b22501d-3717-45da-8177-3971acf07a35 ] Request (ImagesNegativeTestJSON:test_delete_non_existent_image): 404 DELETE https://dal-iaas-001-api-endpoint.prod.walmart.com:8774/v2/367d759d94504693a8419c0f07c57e8c/images/11a22b9-12a9-5555-cc11-00ab112223fa 0.388s
2016-08-10 20:43:01.434 15825 INFO tempest.lib.common.rest_client [req-a0ee8f12-04ef-462f-9525-e23d8229e529 ] Request (QuotasAdminTestJSON:test_get_updated_quotas): 200 GET https://dal-iaas-001-api-endpoint.prod.walmart.com:8774/v2/3504408dfaa04e058838354d9eb3434f/os-quota-sets/bcdf3c870ed8405cb5d74dee5a5055bc?user_id=7a419135fd9548e0b9e9aaa2d0baaf6a 0.309s
2016-08-10 20:43:01.464 15821 INFO tempest.lib.common.rest_client [req-7fe35189-8f4f-4ca6-902b-c3115982f59c ] Request (HostsAdminNegativeTestJSON:test_reboot_host_with_non_admin_user): 403 GET https://dal-iaas-001-api-endpoint.prod.walmart.com:8774/v2/d6a837773b234c398c371ce1e2a24acd/os-hosts/dal-appblx061-01_nova_scheduler_container-e75090e6/reboot 0.251s
2016-08-10 20:43:01.498 15823 INFO tempest.lib.common.rest_client [req-101856c8-bed4-4ce7-a52d-326a859dee7f ] Request (FlavorsListWithDetailsNegativeTestJSON:tearDownClass): 204 DELETE https://dal-iaas-001-api-endpoint.prod.walmart.com:9696/v2.0/security-groups/e7eae3c1-1fdd-4fd9-a889-1bf11eaa088f 0.336s
2016-08-10 20:43:01.604 15824 INFO tempest.lib.common.rest_client [req-1b6172c6-0229-458d-9a75-e195759f91a7 ] Request (FlavorsAdminTestJSON:test_list_non_public_flavor): 200 POST https://dal-iaas-001-api-endpoint.prod.walmart.com:8774/v2/e82c664ca5ce4c35953e6622c4beb727/flavors 1.435s
2016-08-10 20:43:01.760 15821 INFO tempest.lib.common.rest_client [req-e648cdf1-7b09-4adb-815d-23d8848ebbe2 ] Request (HostsAdminNegativeTestJSON:test_reboot_nonexistent_host): 404 GET https://dal-iaas-001-api-endpoint.prod.walmart.com:8774/v2/0fcd4969880b4be0a8df061e3d93927c/os-hosts/tempest-rand_hostname-246855722/reboot 0.295s
2016-08-10 20:43:01.925 15822 INFO tempest.lib.common.rest_client [req-4ed8c082-cfa0-4e49-b864-a3861d2950fc ] Request (ImagesNegativeTestJSON:tearDownClass): 204 DELETE https://dal-iaas-001-api-endpoint.prod.walmart.com:35357/v2.0/users/f3c928f4e02b43fc84bf8550b39abfdb 0.498s
2016-08-10 20:43:01.937 15824 INFO tempest.lib.common.rest_client [req-324fbb16-020e-4a09-bddb-7725977936f6 ] Request (FlavorsAdminTestJSON:test_list_non_public_flavor): 200 GET https://dal-iaas-001-api-endpoint.prod.walmart.com:8774/v2/e82c664ca5ce4c35953e6622c4beb727/flavors/detail 0.329s
2016-08-10 20:43:01.947 15827 INFO tempest.lib.common.rest_client [req-2a28c1c9-4c96-407c-b793-cdfc4b70ecce ] Request (main): 404 GET https://dal-iaas-001-api-endpoint.prod.walmart.com:8774/v2/41fadb5f24954483a1b237e5c04e3a55/flavors/40d0a07b-647c-4126-991c-9367eb885042 0.892s
2016-08-10 20:43:02.007 15825 INFO tempest.lib.common.rest_client [req-3805e069-9eec-46f1-9fe9-9caa8f0364bf ] Request (QuotasAdminTestJSON:_run_cleanups): 204 DELETE https://dal-iaas-001-api-endpoint.prod.walmart.com:35357/v2.0/users/7a419135fd9548e0b9e9aaa2d0baaf6a 0.569s
2016-08-10 20:43:02.010 15823 INFO tempest.lib.common.rest_client [req-90743cf2-e65e-42b1-99c3-0e30fe7c17b0 ] Request (FlavorsListWithDetailsNegativeTestJSON:tearDownClass): 204 DELETE https://dal-iaas-001-api-endpoint.prod.walmart.com:35357/v2.0/tenants/21bb13e38c9f477f881eee5cb155474e 0.512s
2016-08-10 20:43:02.157 15821 INFO tempest.lib.common.rest_client [req-6b0d9155-eaec-4cbf-b76b-daadbd460145 ] Request (HostsAdminNegativeTestJSON:test_show_host_detail_with_non_admin_user): 200 GET https://dal-iaas-001-api-endpoint.prod.walmart.com:8774/v2/0fcd4969880b4be0a8df061e3d93927c/os-hosts 0.395s
2016-08-10 20:43:02.271 15824 INFO tempest.lib.common.rest_client [req-ca830683-ea13-42d9-ba67-791d725c2fab ] Request (FlavorsAdminTestJSON:test_list_non_public_flavor): 200 GET https://dal-iaas-001-api-endpoint.prod.walmart.com:8774/v2/cb5d8d380c574cfb918d4ae68d2c37f2/flavors/detail 0.330s
2016-08-10 20:43:02.421 15821 INFO tempest.lib.common.rest_client [req-3c24c098-d9a0-4e9b-b7f1-1ce352644300 ] Request (HostsAdminNegativeTestJSON:test_show_host_detail_with_non_admin_user): 403 GET https://dal-iaas-001-api-endpoint.prod.walmart.com:8774/v2/d6a837773b234c398c371ce1e2a24acd/os-hosts/dal-appblx061-01_nova_scheduler_container-e75090e6 0.259s
2016-08-10 20:43:02.428 15827 INFO tempest.lib.common.rest_client [req-a78d08d4-11f3-4f86-a97b-3c822806f990 ] Request (FlavorDetailsNegativeTestJSON:tearDownClass): 204 DELETE https://dal-iaas-001-api-endpoint.prod.walmart.com:35357/v2.0/users/110c2347b6944b579000c24914974415 0.480s
2016-08-10 20:43:02.507 15825 INFO tempest.lib.common.rest_client [req-d474c594-490b-4722-97be-628eacbaec89 ] Request (QuotasAdminTestJSON:_run_cleanups): 204 DELETE https://dal-iaas-001-api-endpoint.prod.walmart.com:35357/v2.0/tenants/bcdf3c870ed8405cb5d74dee5a5055bc 0.499s
2016-08-10 20:43:02.580 15824 INFO tempest.lib.common.rest_client [req-37215142-6610-4f28-b4e7-811fe53cdd30 ] Request (FlavorsAdminTestJSON:_run_cleanups): 202 DELETE https://dal-iaas-001-api-endpoint.prod.walmart.com:8774/v2/e82c664ca5ce4c35953e6622c4beb727/flavors/686253035 0.302s
2016-08-10 20:43:02.597 15823 INFO tempest.lib.common.rest_client [req-ba3a34cb-95c2-46c8-ad0a-05b65147a594 ] Request (SecurityGroupRulesTestJSON:setUpClass): 200 POST https://dal-iaas-001-api-endpoint.prod.walmart.com:5443/v2.0/tokens
2016-08-10 20:43:02.729 15821 INFO tempest.lib.common.rest_client [req-638a024d-351a-4ea5-9d8e-1390bdec7cf1 ] Request (HostsAdminNegativeTestJSON:test_show_host_detail_with_nonexistent_hostname): 404 GET https://dal-iaas-001-api-endpoint.prod.walmart.com:8774/v2/0fcd4969880b4be0a8df061e3d93927c/os-hosts/tempest-rand_hostname-136188276 0.307s
2016-08-10 20:43:02.777 15825 INFO tempest.lib.common.rest_client [req-5fba2ca7-c62c-47b3-9f02-0369df0fe219 ] Request (QuotasAdminTestJSON:test_update_all_quota_resources_for_tenant): 200 GET https://dal-iaas-001-api-endpoint.prod.walmart.com:8774/v2/3504408dfaa04e058838354d9eb3434f/os-quota-sets/430e86e9429e4b69872dc4d074f08247/defaults 0.268s
2016-08-10 20:43:02.781 15822 INFO tempest.lib.common.rest_client [req-f0b3eb41-8fba-4e76-9fc6-fd41b18c5539 ] Request (ImagesNegativeTestJSON:tearDownClass): 200 GET https://dal-iaas-001-api-endpoint.prod.walmart.com:9696/v2.0/security-groups?tenant_id=367d759d94504693a8419c0f07c57e8c&name=default 0.855s
2016-08-10 20:43:02.818 15828 INFO tempest.lib.common.rest_client [req-6ed3469d-eb45-432e-890b-e5dc7ce377ab ] Request (SecurityGroupsTestJSON:test_server_security_groups): 200 GET https://dal-iaas-001-api-endpoint.prod.walmart.com:8774/v2/fe86e7e682614701b045ea130f929a68/servers/bf230735-f739-4ba0-92e3-d89a569e432c 0.556s
2016-08-10 20:43:02.826 15828 INFO tempest.common.waiters [-] State transition "BUILD/block_device_mapping" ==> "BUILD/scheduling" after 16 second wait
2016-08-10 20:43:02.869 15824 INFO tempest.lib.common.rest_client [req-50560910-a9a4-43cf-b1c0-6038af6ff3ec ] Request (FlavorsAdminTestJSON:_run_cleanups): 200 GET https://dal-iaas-001-api-endpoint.prod.walmart.com:8774/v2/e82c664ca5ce4c35953e6622c4beb727/flavors/detail 0.288s
2016-08-10 20:43:02.870 15826 INFO tempest.lib.common.rest_client [req-e5de5e5d-692d-489f-b8c1-85acd6643f32 ] Request (ImagesOneServerNegativeTestJSON:setUpClass): 202 POST https://dal-iaas-001-api-endpoint.prod.walmart.com:8774/v2/c2c3ba2ac49848b8a6386d271b3e6d5a/servers 1.628s
2016-08-10 20:43:03.073 15821 INFO tempest.lib.common.rest_client [req-5ff8be7c-364b-4c4a-a3e4-b18031bbc3f9 ] Request (HostsAdminNegativeTestJSON:test_shutdown_host_with_non_admin_user): 200 GET https://dal-iaas-001-api-endpoint.prod.walmart.com:8774/v2/0fcd4969880b4be0a8df061e3d93927c/os-hosts 0.341s
2016-08-10 20:43:03.097 15822 INFO tempest.lib.common.rest_client [req-5321154d-2223-4d01-aef6-924b58d42e8b ] Request (ImagesNegativeTestJSON:tearDownClass): 409 DELETE https://dal-iaas-001-api-endpoint.prod.walmart.com:9696/v2.0/security-groups/7fece08e-265c-4745-aec0-3c01374dd9a4 0.316s
2016-08-10 20:43:03.098 15822 ERROR tempest.test [-] teardown of credentials failed: An object with that identifier already exists
Details: {u'message': u'Security Group 7fece08e-265c-4745-aec0-3c01374dd9a4 in use.', u'type': u'SecurityGroupInUse', u'detail': u''}
2016-08-10 20:43:03.098 15822 ERROR tempest.test Traceback (most recent call last):
2016-08-10 20:43:03.098 15822 ERROR tempest.test   File "/Users/vktiwar/openstack/git-clone/daliaas1/tempest/test.py", line 294, in tearDownClass
2016-08-10 20:43:03.098 15822 ERROR tempest.test     teardown()
2016-08-10 20:43:03.098 15822 ERROR tempest.test   File "/Users/vktiwar/openstack/git-clone/daliaas1/tempest/test.py", line 546, in clear_credentials
2016-08-10 20:43:03.098 15822 ERROR tempest.test     cls._creds_provider.clear_creds()
2016-08-10 20:43:03.098 15822 ERROR tempest.test   File "/Users/vktiwar/openstack/git-clone/daliaas1/tempest/common/dynamic_creds.py", line 406, in clear_creds
2016-08-10 20:43:03.098 15822 ERROR tempest.test     self._cleanup_default_secgroup(creds.tenant_id)
2016-08-10 20:43:03.098 15822 ERROR tempest.test   File "/Users/vktiwar/openstack/git-clone/daliaas1/tempest/common/dynamic_creds.py", line 358, in _cleanup_default_secgroup
2016-08-10 20:43:03.098 15822 ERROR tempest.test     nsg_client.delete_security_group(secgroup['id'])
2016-08-10 20:43:03.098 15822 ERROR tempest.test   File "/Users/vktiwar/openstack/git-clone/daliaas1/tempest/lib/services/network/security_groups_client.py", line 54, in delete_security_group
2016-08-10 20:43:03.098 15822 ERROR tempest.test     return self.delete_resource(uri)
2016-08-10 20:43:03.098 15822 ERROR tempest.test   File "/Users/vktiwar/openstack/git-clone/daliaas1/tempest/lib/services/network/base.py", line 41, in delete_resource
2016-08-10 20:43:03.098 15822 ERROR tempest.test     resp, body = self.delete(req_uri)
2016-08-10 20:43:03.098 15822 ERROR tempest.test   File "/Users/vktiwar/openstack/git-clone/daliaas1/tempest/lib/common/rest_client.py", line 304, in delete
2016-08-10 20:43:03.098 15822 ERROR tempest.test     return self.request('DELETE', url, extra_headers, headers, body)
2016-08-10 20:43:03.098 15822 ERROR tempest.test   File "/Users/vktiwar/openstack/git-clone/daliaas1/tempest/lib/common/rest_client.py", line 667, in request
2016-08-10 20:43:03.098 15822 ERROR tempest.test     resp, resp_body)
2016-08-10 20:43:03.098 15822 ERROR tempest.test   File "/Users/vktiwar/openstack/git-clone/daliaas1/tempest/lib/common/rest_client.py", line 780, in _error_checker
