2016-08-11 02:26:49.866 30151 INFO tempest.lib.common.rest_client [req-be45188e-161d-4e88-9e18-a5e65a0c9a70 ] Request (AggregatesAdminNegativeTestJSON:test_aggregate_add_host_as_user): 200 POST https://dal-iaas-001-api-endpoint.prod.walmart.com:5443/v2.0/tokens
2016-08-11 02:26:49.923 30145 INFO tempest.lib.common.rest_client [req-c986161b-8d8e-4919-b4d6-9b03ee517bc5 ] Request (QuotasAdminTestJSON:test_get_default_quotas): 200 GET https://dal-iaas-001-api-endpoint.prod.walmart.com:8774/v2/b7807e45ff754eac95764565cf26b538/os-quota-sets/b5c983dd11f24cedad78c8abcdae7731/defaults 0.275s
2016-08-11 02:26:49.928 30152 INFO tempest.lib.common.rest_client [req-0c4872fe-d74f-477f-b0c6-fcc014171b07 ] Request (AgentsAdminTestJSON:setUp): 200 POST https://dal-iaas-001-api-endpoint.prod.walmart.com:8774/v2/f26d5a8ce6ab4578b92f3b7f9cbd3960/os-agents 0.273s
2016-08-11 02:26:49.933 30150 INFO tempest.lib.common.rest_client [req-42c8f3fb-4c9f-4f01-84a6-472baf82b3de ] Request (FlavorsExtraSpecsTestJSON:test_flavor_non_admin_get_specific_key): 200 POST https://dal-iaas-001-api-endpoint.prod.walmart.com:8774/v2/007a52feb59d4c9e904a2fc90738d097/flavors/1734439632/os-extra_specs 0.302s
2016-08-11 02:26:50.010 30146 INFO tempest.lib.common.rest_client [req-d8e34b32-5c2c-4f0e-a9b2-7b81b9a03a51 ] Request (AggregatesAdminTestJSON:_run_cleanups): 200 DELETE https://dal-iaas-001-api-endpoint.prod.walmart.com:8774/v2/6b1e992103704a3bb6d306920c5f9231/os-aggregates/490 0.301s
2016-08-11 02:26:50.017 30149 INFO tempest.lib.common.rest_client [req-d9436cb5-31cf-492d-8b57-ab98ab9eb35b ] Request (AZAdminNegativeTestJSON:tearDownClass): 200 GET https://dal-iaas-001-api-endpoint.prod.walmart.com:9696/v2.0/security-groups?tenant_id=2f9eaed7d4704bd98ce6754a9df755af&name=default 2.206s
2016-08-11 02:26:50.077 30148 INFO tempest.lib.common.rest_client [req-6369030d-d5b6-45cc-a497-078100ec5158 ] Request (FlavorsExtraSpecsNegativeTestJSON:test_flavor_non_admin_set_keys): 403 POST https://dal-iaas-001-api-endpoint.prod.walmart.com:8774/v2/6045f2f00d474d0cbd354bf2a60f9db7/flavors/1816769732/os-extra_specs 0.290s
2016-08-11 02:26:50.239 30150 INFO tempest.lib.common.rest_client [req-3d6c75fe-4e2e-4875-bf1b-45bee7fbea3a ] Request (FlavorsExtraSpecsTestJSON:test_flavor_non_admin_get_specific_key): 200 GET https://dal-iaas-001-api-endpoint.prod.walmart.com:8774/v2/892d3b637a304b3ab2dad84fea5bae93/flavors/1734439632/os-extra_specs/key1 0.304s
2016-08-11 02:26:50.240 30152 INFO tempest.lib.common.rest_client [req-06812d53-1d28-4c81-9540-375de4624834 ] Request (AgentsAdminTestJSON:test_list_agents_with_filter): 200 POST https://dal-iaas-001-api-endpoint.prod.walmart.com:8774/v2/f26d5a8ce6ab4578b92f3b7f9cbd3960/os-agents 0.309s
2016-08-11 02:26:50.377 30146 INFO tempest.lib.common.rest_client [req-b3c5794e-4fd3-44bb-b4cc-cd5498056f20 ] Request (AggregatesAdminTestJSON:test_aggregate_add_host_get_details): 200 POST https://dal-iaas-001-api-endpoint.prod.walmart.com:8774/v2/6b1e992103704a3bb6d306920c5f9231/os-aggregates 0.364s
2016-08-11 02:26:50.378 30149 INFO tempest.lib.common.rest_client [req-2eca1edf-f7d7-4d15-a09d-758fc772ba34 ] Request (AZAdminNegativeTestJSON:tearDownClass): 204 DELETE https://dal-iaas-001-api-endpoint.prod.walmart.com:9696/v2.0/security-groups/37eec25d-c230-4e2f-825e-3c1a650124c6 0.361s
2016-08-11 02:26:50.395 30148 INFO tempest.lib.common.rest_client [req-2ab93a36-dfd4-4826-ab9e-436fb63ce77f ] Request (FlavorsExtraSpecsNegativeTestJSON:test_flavor_non_admin_unset_keys): 200 POST https://dal-iaas-001-api-endpoint.prod.walmart.com:8774/v2/bbf0004afdc0424eaf2368d5cbd097a8/flavors/1816769732/os-extra_specs 0.315s
2016-08-11 02:26:50.511 30147 INFO tempest.lib.common.rest_client [req-5ae0f62a-dcf9-4ea4-b2b2-d004a12c3f90 ] Request (AZAdminV2TestJSON:tearDownClass): 200 GET https://dal-iaas-001-api-endpoint.prod.walmart.com:9696/v2.0/security-groups?tenant_id=7f8755b76d8740db88f9e1ea94103b39&name=default 2.200s
2016-08-11 02:26:50.533 30152 INFO tempest.lib.common.rest_client [req-ee8d278e-f2bd-4daa-925d-0a6677c8418a ] Request (AgentsAdminTestJSON:test_list_agents_with_filter): 200 GET https://dal-iaas-001-api-endpoint.prod.walmart.com:8774/v2/f26d5a8ce6ab4578b92f3b7f9cbd3960/os-agents?hypervisor=xen 0.290s
2016-08-11 02:26:50.556 30150 INFO tempest.lib.common.rest_client [req-dc7efe77-2fb6-4483-b910-8ee8efdef165 ] Request (FlavorsExtraSpecsTestJSON:test_flavor_set_get_update_show_unset_keys): 200 POST https://dal-iaas-001-api-endpoint.prod.walmart.com:8774/v2/007a52feb59d4c9e904a2fc90738d097/flavors/1734439632/os-extra_specs 0.314s
2016-08-11 02:26:50.665 30148 INFO tempest.lib.common.rest_client [req-c3da75df-dade-4f59-878e-9f0e6794b0a4 ] Request (FlavorsExtraSpecsNegativeTestJSON:test_flavor_non_admin_unset_keys): 403 DELETE https://dal-iaas-001-api-endpoint.prod.walmart.com:8774/v2/6045f2f00d474d0cbd354bf2a60f9db7/flavors/1816769732/os-extra_specs/key1 0.268s
2016-08-11 02:26:50.751 30146 INFO tempest.lib.common.rest_client [req-398dcd84-aa1a-4bb3-874f-675339fa1cf5 ] Request (AggregatesAdminTestJSON:test_aggregate_add_host_get_details): 200 POST https://dal-iaas-001-api-endpoint.prod.walmart.com:8774/v2/6b1e992103704a3bb6d306920c5f9231/os-aggregates/496/action 0.371s
2016-08-11 02:26:50.804 30152 INFO tempest.lib.common.rest_client [req-efd1b152-456e-4949-9ee9-e51b43c4306d ] Request (AgentsAdminTestJSON:tearDown): 200 DELETE https://dal-iaas-001-api-endpoint.prod.walmart.com:8774/v2/f26d5a8ce6ab4578b92f3b7f9cbd3960/os-agents/217 0.268s
2016-08-11 02:26:50.805 30145 INFO tempest.lib.common.rest_client [req-dfc34d06-a681-4031-97b9-c03471a51177 ] Request (QuotasAdminTestJSON:test_get_updated_quotas): 200 POST https://dal-iaas-001-api-endpoint.prod.walmart.com:35357/v2.0/tenants 0.877s
2016-08-11 02:26:50.841 30150 INFO tempest.lib.common.rest_client [req-9899e443-2203-483a-a867-7596f7adcc51 ] Request (FlavorsExtraSpecsTestJSON:test_flavor_set_get_update_show_unset_keys): 200 GET https://dal-iaas-001-api-endpoint.prod.walmart.com:8774/v2/007a52feb59d4c9e904a2fc90738d097/flavors/1734439632/os-extra_specs 0.282s
2016-08-11 02:26:50.841 30147 INFO tempest.lib.common.rest_client [req-bce8dbe6-e523-4acf-a81c-235fbc3f45d0 ] Request (AZAdminV2TestJSON:tearDownClass): 204 DELETE https://dal-iaas-001-api-endpoint.prod.walmart.com:9696/v2.0/security-groups/a42e14cf-e9b4-4431-9253-08be65cbd3cc 0.330s
2016-08-11 02:26:51.048 30148 INFO tempest.lib.common.rest_client [req-f18efc8a-f3d9-4305-9360-de2d47925992 ] Request (FlavorsExtraSpecsNegativeTestJSON:test_flavor_non_admin_update_specific_key): 200 POST https://dal-iaas-001-api-endpoint.prod.walmart.com:8774/v2/bbf0004afdc0424eaf2368d5cbd097a8/flavors/1816769732/os-extra_specs 0.381s
2016-08-11 02:26:51.065 30146 INFO tempest.lib.common.rest_client [req-da92ac8c-6125-445d-961b-97def50bff8a ] Request (AggregatesAdminTestJSON:test_aggregate_add_host_get_details): 200 GET https://dal-iaas-001-api-endpoint.prod.walmart.com:8774/v2/6b1e992103704a3bb6d306920c5f9231/os-aggregates/496 0.311s
2016-08-11 02:26:51.071 30152 INFO tempest.lib.common.rest_client [req-e91891e3-901b-4b60-ab6e-0d83901a031b ] Request (AgentsAdminTestJSON:_run_cleanups): 200 DELETE https://dal-iaas-001-api-endpoint.prod.walmart.com:8774/v2/f26d5a8ce6ab4578b92f3b7f9cbd3960/os-agents/220 0.267s
2016-08-11 02:26:51.114 30145 INFO tempest.lib.common.rest_client [req-5727592f-0807-4da0-8e1c-7ed0fe2a4062 ] Request (QuotasAdminTestJSON:test_get_updated_quotas): 200 PUT https://dal-iaas-001-api-endpoint.prod.walmart.com:8774/v2/b7807e45ff754eac95764565cf26b538/os-quota-sets/9038e89e16c04403b3d01e3e0711f356 0.307s
2016-08-11 02:26:51.121 30150 INFO tempest.lib.common.rest_client [req-c8389e16-b653-41c2-89f9-84222b97f4dc ] Request (FlavorsExtraSpecsTestJSON:test_flavor_set_get_update_show_unset_keys): 200 PUT https://dal-iaas-001-api-endpoint.prod.walmart.com:8774/v2/007a52feb59d4c9e904a2fc90738d097/flavors/1734439632/os-extra_specs/key1 0.279s
2016-08-11 02:26:51.337 30148 INFO tempest.lib.common.rest_client [req-068916f5-fc15-43fd-8573-42c8b328d50d ] Request (FlavorsExtraSpecsNegativeTestJSON:test_flavor_non_admin_update_specific_key): 403 PUT https://dal-iaas-001-api-endpoint.prod.walmart.com:8774/v2/6045f2f00d474d0cbd354bf2a60f9db7/flavors/1816769732/os-extra_specs/key1 0.286s
2016-08-11 02:26:51.361 30152 INFO tempest.lib.common.rest_client [req-4298f72e-b57d-494b-976c-add1a7ae1906 ] Request (AgentsAdminTestJSON:setUp): 200 POST https://dal-iaas-001-api-endpoint.prod.walmart.com:8774/v2/f26d5a8ce6ab4578b92f3b7f9cbd3960/os-agents 0.287s
2016-08-11 02:26:51.390 30145 INFO tempest.lib.common.rest_client [req-ebb31c01-c043-434f-8791-e2209eb4bd24 ] Request (QuotasAdminTestJSON:test_get_updated_quotas): 200 GET https://dal-iaas-001-api-endpoint.prod.walmart.com:8774/v2/b7807e45ff754eac95764565cf26b538/os-quota-sets/9038e89e16c04403b3d01e3e0711f356 0.272s
2016-08-11 02:26:51.392 30149 INFO tempest.lib.common.rest_client [req-f34e75fb-acd1-4e1a-bc05-22d3e8046e0d ] Request (AZAdminNegativeTestJSON:tearDownClass): 204 DELETE https://dal-iaas-001-api-endpoint.prod.walmart.com:35357/v2.0/tenants/2f9eaed7d4704bd98ce6754a9df755af 1.013s
2016-08-11 02:26:51.412 30150 INFO tempest.lib.common.rest_client [req-163361b7-2d3c-4f53-8813-aefdf7b167e2 ] Request (FlavorsExtraSpecsTestJSON:test_flavor_set_get_update_show_unset_keys): 200 GET https://dal-iaas-001-api-endpoint.prod.walmart.com:8774/v2/007a52feb59d4c9e904a2fc90738d097/flavors/1734439632/os-extra_specs 0.290s
2016-08-11 02:26:51.443 30146 INFO tempest.lib.common.rest_client [req-00f4fb0d-ad56-4468-9be0-b6489eae019d ] Request (AggregatesAdminTestJSON:_run_cleanups): 200 POST https://dal-iaas-001-api-endpoint.prod.walmart.com:8774/v2/6b1e992103704a3bb6d306920c5f9231/os-aggregates/496/action 0.374s
2016-08-11 02:26:51.636 30148 INFO tempest.lib.common.rest_client [req-210e2448-9bfd-49db-bdba-50bbac80b2b9 ] Request (FlavorsExtraSpecsNegativeTestJSON:test_flavor_unset_nonexistent_key): 404 DELETE https://dal-iaas-001-api-endpoint.prod.walmart.com:8774/v2/bbf0004afdc0424eaf2368d5cbd097a8/flavors/1816769732/os-extra_specs/tempest-flavor_key-1125994787 0.297s
2016-08-11 02:26:51.645 30152 INFO tempest.lib.common.rest_client [req-f1b269b5-5e14-4144-9326-062755f59e2d ] Request (AgentsAdminTestJSON:test_update_agent): 200 PUT https://dal-iaas-001-api-endpoint.prod.walmart.com:8774/v2/f26d5a8ce6ab4578b92f3b7f9cbd3960/os-agents/223 0.281s
2016-08-11 02:26:51.718 30150 INFO tempest.lib.common.rest_client [req-ca5e7d83-437e-4b10-9f85-7126304cbef1 ] Request (FlavorsExtraSpecsTestJSON:test_flavor_set_get_update_show_unset_keys): 200 DELETE https://dal-iaas-001-api-endpoint.prod.walmart.com:8774/v2/007a52feb59d4c9e904a2fc90738d097/flavors/1734439632/os-extra_specs/key1 0.304s
2016-08-11 02:26:51.783 30146 INFO tempest.lib.common.rest_client [req-8f67b799-baf2-4b22-82e2-4d1c3905b0cb ] Request (AggregatesAdminTestJSON:_run_cleanups): 200 DELETE https://dal-iaas-001-api-endpoint.prod.walmart.com:8774/v2/6b1e992103704a3bb6d306920c5f9231/os-aggregates/496 0.336s
2016-08-11 02:26:51.852 30147 INFO tempest.lib.common.rest_client [req-2c218947-8c8e-4d7e-af67-8b195311ca4a ] Request (AZAdminV2TestJSON:tearDownClass): 204 DELETE https://dal-iaas-001-api-endpoint.prod.walmart.com:35357/v2.0/tenants/7f8755b76d8740db88f9e1ea94103b39 1.009s
2016-08-11 02:26:51.907 30148 INFO tempest.lib.common.rest_client [req-2bf6fcef-85dd-48d0-adf1-111c380c8e11 ] Request (FlavorsExtraSpecsNegativeTestJSON:test_flavor_update_mismatch_key): 400 PUT https://dal-iaas-001-api-endpoint.prod.walmart.com:8774/v2/bbf0004afdc0424eaf2368d5cbd097a8/flavors/1816769732/os-extra_specs/key2 0.269s
2016-08-11 02:26:51.915 30152 INFO tempest.lib.common.rest_client [req-2f4118c7-9b7b-434a-9f81-5b48af3ed8d9 ] Request (AgentsAdminTestJSON:tearDown): 200 DELETE https://dal-iaas-001-api-endpoint.prod.walmart.com:8774/v2/f26d5a8ce6ab4578b92f3b7f9cbd3960/os-agents/223 0.268s
2016-08-11 02:26:51.998 30150 INFO tempest.lib.common.rest_client [req-94e645bd-fa59-4a39-ab8f-bf2421d7be6c ] Request (FlavorsExtraSpecsTestJSON:test_flavor_set_get_update_show_unset_keys): 200 DELETE https://dal-iaas-001-api-endpoint.prod.walmart.com:8774/v2/007a52feb59d4c9e904a2fc90738d097/flavors/1734439632/os-extra_specs/key2 0.280s
2016-08-11 02:26:52.161 30151 INFO tempest.lib.common.rest_client [req-d03337c8-792e-4e04-a246-9ddfbeb82c20 ] Request (AggregatesAdminNegativeTestJSON:test_aggregate_add_host_as_user): 403 POST https://dal-iaas-001-api-endpoint.prod.walmart.com:8774/v2/9856cf4480b445fba87bf137e397bda4/os-aggregates/493/action 2.294s
2016-08-11 02:26:52.163 30148 INFO tempest.lib.common.rest_client [req-9e1cef73-5b76-4642-a8a9-cf9629790ea0 ] Request (FlavorsExtraSpecsNegativeTestJSON:test_flavor_update_more_key): 400 PUT https://dal-iaas-001-api-endpoint.prod.walmart.com:8774/v2/bbf0004afdc0424eaf2368d5cbd097a8/flavors/1816769732/os-extra_specs/key1 0.253s
2016-08-11 02:26:52.189 30146 INFO tempest.lib.common.rest_client [req-856ccbb1-19f6-478d-86c6-eb78634b8c93 ] Request (AggregatesAdminTestJSON:test_aggregate_add_host_list): 200 POST https://dal-iaas-001-api-endpoint.prod.walmart.com:8774/v2/6b1e992103704a3bb6d306920c5f9231/os-aggregates 0.403s
2016-08-11 02:26:52.316 30149 INFO tempest.lib.common.rest_client [req-7549c840-2d78-4186-88f3-77933dc61911 ] Request (AZAdminNegativeTestJSON:tearDownClass): 204 DELETE https://dal-iaas-001-api-endpoint.prod.walmart.com:35357/v2.0/users/349371d33a0345f88b9189268e3ab205 0.923s
2016-08-11 02:26:52.319 30145 INFO tempest.lib.common.rest_client [req-bc6c7121-b5f4-4aa9-8f8c-a5e1a92aee41 ] Request (QuotasAdminTestJSON:test_get_updated_quotas): 200 POST https://dal-iaas-001-api-endpoint.prod.walmart.com:35357/v2.0/users 0.926s
2016-08-11 02:26:52.330 30150 INFO tempest.lib.common.rest_client [req-a2046fd5-6ecd-48f9-9469-295553cfb41d ] Request (FlavorsExtraSpecsTestJSON:tearDownClass): 202 DELETE https://dal-iaas-001-api-endpoint.prod.walmart.com:8774/v2/007a52feb59d4c9e904a2fc90738d097/flavors/1734439632 0.330s
2016-08-11 02:26:52.493 30151 INFO tempest.lib.common.rest_client [req-1e462cc9-e86f-4053-89fd-6ceecdc30558 ] Request (AggregatesAdminNegativeTestJSON:_run_cleanups): 200 DELETE https://dal-iaas-001-api-endpoint.prod.walmart.com:8774/v2/732e81d5a7884dd7a32cfdaf5df21aa9/os-aggregates/493 0.331s
2016-08-11 02:26:52.557 30148 INFO tempest.lib.common.rest_client [req-5c79e2bc-0f76-4b80-b084-068910e65239 ] Request (FlavorsExtraSpecsNegativeTestJSON:tearDownClass): 202 DELETE https://dal-iaas-001-api-endpoint.prod.walmart.com:8774/v2/bbf0004afdc0424eaf2368d5cbd097a8/flavors/1816769732 0.393s
2016-08-11 02:26:52.610 30146 INFO tempest.lib.common.rest_client [req-8a5fb1e3-a811-4c52-8ed3-3522d2cf159e ] Request (AggregatesAdminTestJSON:test_aggregate_add_host_list): 200 POST https://dal-iaas-001-api-endpoint.prod.walmart.com:8774/v2/6b1e992103704a3bb6d306920c5f9231/os-aggregates/499/action 0.418s
2016-08-11 02:26:52.638 30150 INFO tempest.lib.common.rest_client [req-0f7aec6a-56b6-4e03-a709-c152696464b5 ] Request (FlavorsExtraSpecsTestJSON:tearDownClass): 200 GET https://dal-iaas-001-api-endpoint.prod.walmart.com:8774/v2/007a52feb59d4c9e904a2fc90738d097/flavors/detail 0.307s
2016-08-11 02:26:52.680 30149 INFO tempest.lib.common.rest_client [req-9808d685-cedf-4933-a9ee-dcb49b065b26 ] Request (AZAdminNegativeTestJSON:tearDownClass): 200 GET https://dal-iaas-001-api-endpoint.prod.walmart.com:9696/v2.0/security-groups?tenant_id=6dd45db064dc460cb20dbb01d197ac96&name=default 0.363s
2016-08-11 02:26:52.792 30145 INFO tempest.lib.common.rest_client [req-f76fac45-e441-41cf-be65-1770de967cbe ] Request (QuotasAdminTestJSON:test_get_updated_quotas): 200 PUT https://dal-iaas-001-api-endpoint.prod.walmart.com:8774/v2/b7807e45ff754eac95764565cf26b538/os-quota-sets/9038e89e16c04403b3d01e3e0711f356?user_id=d822c461a45d4a10bc273e8beacb27c1 0.472s
2016-08-11 02:26:52.878 30151 INFO tempest.lib.common.rest_client [req-acafc0ce-2c02-4b75-ab66-f871b3880a19 ] Request (AggregatesAdminNegativeTestJSON:test_aggregate_add_non_exist_host): 200 GET https://dal-iaas-001-api-endpoint.prod.walmart.com:8774/v2/732e81d5a7884dd7a32cfdaf5df21aa9/os-hosts 0.383s
2016-08-11 02:26:52.878 30148 INFO tempest.lib.common.rest_client [req-aadf30c6-0cd6-4946-bdb1-ebd1067955ff ] Request (FlavorsExtraSpecsNegativeTestJSON:tearDownClass): 200 GET https://dal-iaas-001-api-endpoint.prod.walmart.com:8774/v2/bbf0004afdc0424eaf2368d5cbd097a8/flavors/detail 0.320s
2016-08-11 02:26:52.936 30146 INFO tempest.lib.common.rest_client [req-5145af85-8fa9-416a-8da9-5d0e58bf18ea ] Request (AggregatesAdminTestJSON:test_aggregate_add_host_list): 200 GET https://dal-iaas-001-api-endpoint.prod.walmart.com:8774/v2/6b1e992103704a3bb6d306920c5f9231/os-aggregates 0.321s
2016-08-11 02:26:52.975 30147 INFO tempest.lib.common.rest_client [req-7dc2882e-f74b-4502-b9cc-b6d035009102 ] Request (AZAdminV2TestJSON:tearDownClass): 204 DELETE https://dal-iaas-001-api-endpoint.prod.walmart.com:35357/v2.0/users/9629ab2b76d541d0950fda174be754c3 1.122s
2016-08-11 02:26:53.013 30152 INFO tempest.lib.common.rest_client [req-7f1f93dd-ac92-4dab-ba2e-5a6f2a1e897d ] Request (AgentsAdminTestJSON:tearDownClass): 204 DELETE https://dal-iaas-001-api-endpoint.prod.walmart.com:35357/v2.0/users/733d7cae061a4f098a9bf9e46bbe71cf 1.096s
2016-08-11 02:26:53.058 30149 INFO tempest.lib.common.rest_client [req-8b8fa746-3413-4cad-a9d8-a00394fb6f02 ] Request (AZAdminNegativeTestJSON:tearDownClass): 204 DELETE https://dal-iaas-001-api-endpoint.prod.walmart.com:9696/v2.0/security-groups/f97938f9-9e36-4207-8c27-03b90c5bc2e0 0.377s
2016-08-11 02:26:53.107 30145 INFO tempest.lib.common.rest_client [req-e3fd754b-f890-4572-9479-d00bb58fa64a ] Request (QuotasAdminTestJSON:test_get_updated_quotas): 200 GET https://dal-iaas-001-api-endpoint.prod.walmart.com:8774/v2/b7807e45ff754eac95764565cf26b538/os-quota-sets/9038e89e16c04403b3d01e3e0711f356?user_id=d822c461a45d4a10bc273e8beacb27c1 0.311s
2016-08-11 02:26:53.281 30151 INFO tempest.lib.common.rest_client [req-c5e12a33-a612-421a-8b70-364db0ee78ab ] Request (AggregatesAdminNegativeTestJSON:test_aggregate_add_non_exist_host): 200 POST https://dal-iaas-001-api-endpoint.prod.walmart.com:8774/v2/732e81d5a7884dd7a32cfdaf5df21aa9/os-aggregates 0.399s
2016-08-11 02:26:53.287 30146 INFO tempest.lib.common.rest_client [req-ac75aa07-d95b-416a-b04a-ce1d6e36bb86 ] Request (AggregatesAdminTestJSON:_run_cleanups): 200 POST https://dal-iaas-001-api-endpoint.prod.walmart.com:8774/v2/6b1e992103704a3bb6d306920c5f9231/os-aggregates/499/action 0.347s
2016-08-11 02:26:53.288 30147 INFO tempest.lib.common.rest_client [req-c7b3785e-fd68-43fb-9eb0-b235e05d682f ] Request (AZAdminV2TestJSON:tearDownClass): 200 GET https://dal-iaas-001-api-endpoint.prod.walmart.com:9696/v2.0/security-groups?tenant_id=5940feb33e4a4ce38e590dcce0cc5ba4&name=default 0.312s
2016-08-11 02:26:53.585 30151 INFO tempest.lib.common.rest_client [req-0a998091-1355-4754-99e8-c8257116c0ec ] Request (AggregatesAdminNegativeTestJSON:test_aggregate_add_non_exist_host): 404 POST https://dal-iaas-001-api-endpoint.prod.walmart.com:8774/v2/732e81d5a7884dd7a32cfdaf5df21aa9/os-aggregates/502/action 0.300s
2016-08-11 02:26:53.636 30146 INFO tempest.lib.common.rest_client [req-27b245fd-60e2-4084-87ac-ef760c509715 ] Request (AggregatesAdminTestJSON:_run_cleanups): 200 DELETE https://dal-iaas-001-api-endpoint.prod.walmart.com:8774/v2/6b1e992103704a3bb6d306920c5f9231/os-aggregates/499 0.345s
2016-08-11 02:26:53.647 30147 INFO tempest.lib.common.rest_client [req-c6a43b70-63b3-4fc7-8a12-4ce4a962fd30 ] Request (AZAdminV2TestJSON:tearDownClass): 204 DELETE https://dal-iaas-001-api-endpoint.prod.walmart.com:9696/v2.0/security-groups/38295b07-4e2f-43c1-9c3b-9249e14b692f 0.358s
2016-08-11 02:26:53.854 30148 INFO tempest.lib.common.rest_client [req-de8a81ab-9513-4305-be4d-fabb8cfdee9e ] Request (FlavorsExtraSpecsNegativeTestJSON:tearDownClass): 204 DELETE https://dal-iaas-001-api-endpoint.prod.walmart.com:35357/v2.0/users/fb5cf020226d48a6b3e62876b145b573 0.970s
2016-08-11 02:26:53.858 30150 INFO tempest.lib.common.rest_client [req-ae6f177c-2c8c-494c-8e26-d67782f9fc05 ] Request (FlavorsExtraSpecsTestJSON:tearDownClass): 204 DELETE https://dal-iaas-001-api-endpoint.prod.walmart.com:35357/v2.0/users/c8cfae7012994c6da389185c6ab1921f 1.214s
2016-08-11 02:26:53.916 30151 INFO tempest.lib.common.rest_client [req-4531c60d-8f97-454e-b330-a2f517e816c8 ] Request (AggregatesAdminNegativeTestJSON:_run_cleanups): 200 DELETE https://dal-iaas-001-api-endpoint.prod.walmart.com:8774/v2/732e81d5a7884dd7a32cfdaf5df21aa9/os-aggregates/502 0.330s
2016-08-11 02:26:53.975 30146 INFO tempest.lib.common.rest_client [req-1448d45c-32cf-4007-870c-b8e8023869ed ] Request (AggregatesAdminTestJSON:test_aggregate_add_remove_host): 200 POST https://dal-iaas-001-api-endpoint.prod.walmart.com:8774/v2/6b1e992103704a3bb6d306920c5f9231/os-aggregates 0.337s
2016-08-11 02:26:54.116 30149 INFO tempest.lib.common.rest_client [req-adb9929d-021d-4a53-b384-45632e6ca657 ] Request (AZAdminNegativeTestJSON:tearDownClass): 204 DELETE https://dal-iaas-001-api-endpoint.prod.walmart.com:35357/v2.0/tenants/6dd45db064dc460cb20dbb01d197ac96 1.056s
2016-08-11 02:26:54.174 30151 INFO tempest.lib.common.rest_client [req-ba9f0fb5-b287-40b7-8bc3-b328b12a15c3 ] Request (AggregatesAdminNegativeTestJSON:test_aggregate_create_aggregate_name_length_exceeds_255): 400 POST https://dal-iaas-001-api-endpoint.prod.walmart.com:8774/v2/732e81d5a7884dd7a32cfdaf5df21aa9/os-aggregates 0.255s
2016-08-11 02:26:54.339 30146 INFO tempest.lib.common.rest_client [req-0bd41c21-d4f2-4ae6-85cd-046405b84aee ] Request (AggregatesAdminTestJSON:test_aggregate_add_remove_host): 200 POST https://dal-iaas-001-api-endpoint.prod.walmart.com:8774/v2/6b1e992103704a3bb6d306920c5f9231/os-aggregates/505/action 0.361s
2016-08-11 02:26:54.355 30145 INFO tempest.lib.common.rest_client [req-d1d69da5-8dab-48f5-b7fc-c1d89011b4db ] Request (QuotasAdminTestJSON:_run_cleanups): 204 DELETE https://dal-iaas-001-api-endpoint.prod.walmart.com:35357/v2.0/users/d822c461a45d4a10bc273e8beacb27c1 1.245s
2016-08-11 02:26:54.448 30151 INFO tempest.lib.common.rest_client [req-df1a1b94-427b-40fc-b240-be68aa16dc24 ] Request (AggregatesAdminNegativeTestJSON:test_aggregate_create_aggregate_name_length_less_than_1): 400 POST https://dal-iaas-001-api-endpoint.prod.walmart.com:8774/v2/732e81d5a7884dd7a32cfdaf5df21aa9/os-aggregates 0.272s
2016-08-11 02:26:54.613 30147 INFO tempest.lib.common.rest_client [req-92a82bce-42e4-4c64-8891-df4cd5af587a ] Request (AZAdminV2TestJSON:tearDownClass): 204 DELETE https://dal-iaas-001-api-endpoint.prod.walmart.com:35357/v2.0/tenants/5940feb33e4a4ce38e590dcce0cc5ba4 0.966s
2016-08-11 02:26:54.626 30149 INFO tempest.lib.common.rest_client [req-576aa02d-e54d-4699-9fdd-bbe82619c63d ] Request (HostsAdminNegativeTestJSON:setUpClass): 200 POST https://dal-iaas-001-api-endpoint.prod.walmart.com:5443/v2.0/tokens
2016-08-11 02:26:54.707 30146 INFO tempest.lib.common.rest_client [req-c18627fa-7e11-4a8b-9fe2-cf5cae910ce6 ] Request (AggregatesAdminTestJSON:test_aggregate_add_remove_host): 200 POST https://dal-iaas-001-api-endpoint.prod.walmart.com:8774/v2/6b1e992103704a3bb6d306920c5f9231/os-aggregates/505/action 0.364s
2016-08-11 02:26:54.739 30151 INFO tempest.lib.common.rest_client [req-e0c76df5-a624-4acc-865e-3df62afa3021 ] Request (AggregatesAdminNegativeTestJSON:test_aggregate_create_as_user): 403 POST https://dal-iaas-001-api-endpoint.prod.walmart.com:8774/v2/9856cf4480b445fba87bf137e397bda4/os-aggregates 0.288s
2016-08-11 02:26:55.021 30146 INFO tempest.lib.common.rest_client [req-c50ef7e9-b81a-43ee-8137-f76b910cd077 ] Request (AggregatesAdminTestJSON:_run_cleanups): 200 DELETE https://dal-iaas-001-api-endpoint.prod.walmart.com:8774/v2/6b1e992103704a3bb6d306920c5f9231/os-aggregates/505 0.311s
2016-08-11 02:26:55.099 30151 INFO tempest.lib.common.rest_client [req-f5f194f3-b31f-4596-97d7-ff847c462675 ] Request (AggregatesAdminNegativeTestJSON:test_aggregate_create_with_existent_aggregate_name): 200 POST https://dal-iaas-001-api-endpoint.prod.walmart.com:8774/v2/732e81d5a7884dd7a32cfdaf5df21aa9/os-aggregates 0.357s
2016-08-11 02:26:55.140 30149 INFO tempest.lib.common.rest_client [req-1c649d44-dfa6-46ae-ba88-d7ca3f522e21 ] Request (HostsAdminNegativeTestJSON:setUpClass): 200 POST https://dal-iaas-001-api-endpoint.prod.walmart.com:5443/v2.0/tokens
2016-08-11 02:26:55.178 30152 INFO tempest.lib.common.rest_client [req-b4467907-c020-4276-b013-5239cc60ec2f ] Request (AgentsAdminTestJSON:tearDownClass): 200 GET https://dal-iaas-001-api-endpoint.prod.walmart.com:9696/v2.0/security-groups?tenant_id=f26d5a8ce6ab4578b92f3b7f9cbd3960&name=default 2.164s
2016-08-11 02:26:55.249 30147 INFO tempest.lib.common.rest_client [req-573d07ef-75fc-4b8e-9f90-41f8022c5f00 ] Request (BaremetalNodesAdminTestJSON:setUpClass): 200 POST https://dal-iaas-001-api-endpoint.prod.walmart.com:5443/v2.0/tokens
2016-08-11 02:26:55.309 30145 INFO tempest.lib.common.rest_client [req-6b9a0b9f-aff0-453a-a5f7-30c4a5ed0506 ] Request (QuotasAdminTestJSON:_run_cleanups): 204 DELETE https://dal-iaas-001-api-endpoint.prod.walmart.com:35357/v2.0/tenants/9038e89e16c04403b3d01e3e0711f356 0.952s
2016-08-11 02:26:55.395 30146 INFO tempest.lib.common.rest_client [req-b99b3c7b-4a95-4b16-b09c-eb01d52482bf ] Request (AggregatesAdminTestJSON:test_aggregate_create_delete): 200 POST https://dal-iaas-001-api-endpoint.prod.walmart.com:8774/v2/6b1e992103704a3bb6d306920c5f9231/os-aggregates 0.372s
2016-08-11 02:26:55.421 30151 INFO tempest.lib.common.rest_client [req-0f1a31df-adb8-46ee-ba65-1f91c7b89c04 ] Request (AggregatesAdminNegativeTestJSON:test_aggregate_create_with_existent_aggregate_name): 409 POST https://dal-iaas-001-api-endpoint.prod.walmart.com:8774/v2/732e81d5a7884dd7a32cfdaf5df21aa9/os-aggregates 0.319s
2016-08-11 02:26:55.547 30152 INFO tempest.lib.common.rest_client [req-95320b2e-bb33-42c5-ad9f-f24585805ee1 ] Request (AgentsAdminTestJSON:tearDownClass): 204 DELETE https://dal-iaas-001-api-endpoint.prod.walmart.com:9696/v2.0/security-groups/a3fd6a2d-a585-40e8-aab3-091b21cb97c4 0.368s
2016-08-11 02:26:55.595 30145 INFO tempest.lib.common.rest_client [req-485eb72c-2c81-487f-aa3d-c21a7b122232 ] Request (QuotasAdminTestJSON:test_update_all_quota_resources_for_tenant): 200 GET https://dal-iaas-001-api-endpoint.prod.walmart.com:8774/v2/b7807e45ff754eac95764565cf26b538/os-quota-sets/b5c983dd11f24cedad78c8abcdae7731/defaults 0.284s
2016-08-11 02:26:55.705 30146 INFO tempest.lib.common.rest_client [req-86d460ee-e073-4775-98fa-a08e02eb4225 ] Request (AggregatesAdminTestJSON:test_aggregate_create_delete): 200 DELETE https://dal-iaas-001-api-endpoint.prod.walmart.com:8774/v2/6b1e992103704a3bb6d306920c5f9231/os-aggregates/511 0.307s
2016-08-11 02:26:55.740 30151 INFO tempest.lib.common.rest_client [req-d17047f8-6e07-47c6-abe7-258e50b6fdb8 ] Request (AggregatesAdminNegativeTestJSON:_run_cleanups): 200 DELETE https://dal-iaas-001-api-endpoint.prod.walmart.com:8774/v2/732e81d5a7884dd7a32cfdaf5df21aa9/os-aggregates/508 0.318s
2016-08-11 02:26:55.813 30147 INFO tempest.lib.common.rest_client [req-e297ebec-bbde-4b4c-8cac-bac5dcd1effa ] Request (BaremetalNodesAdminTestJSON:setUpClass): 200 POST https://dal-iaas-001-api-endpoint.prod.walmart.com:5443/v2.0/tokens
2016-08-11 02:26:55.980 30149 INFO tempest.lib.common.rest_client [req-b901f924-54c2-4182-a3ae-2dccb216acd9 ] Request (HostsAdminNegativeTestJSON:setUpClass): 200 POST https://dal-iaas-001-api-endpoint.prod.walmart.com:35357/v2.0/tenants 0.839s
2016-08-11 02:26:56.009 30146 INFO tempest.lib.common.rest_client [req-f6c148b5-dcae-46a0-8683-507d005f5e32 ] Request (AggregatesAdminTestJSON:test_aggregate_create_delete): 404 GET https://dal-iaas-001-api-endpoint.prod.walmart.com:8774/v2/6b1e992103704a3bb6d306920c5f9231/os-aggregates/511 0.303s
2016-08-11 02:26:56.036 30145 INFO tempest.lib.common.rest_client [req-de7c8897-76e0-4dc3-88c8-cbddf3ac3b27 ] Request (QuotasAdminTestJSON:test_update_all_quota_resources_for_tenant): 200 PUT https://dal-iaas-001-api-endpoint.prod.walmart.com:8774/v2/b7807e45ff754eac95764565cf26b538/os-quota-sets/b5c983dd11f24cedad78c8abcdae7731 0.437s
2016-08-11 02:26:56.060 30148 INFO tempest.lib.common.rest_client [req-f7009203-390b-4804-93fd-26393d222f16 ] Request (FlavorsExtraSpecsNegativeTestJSON:tearDownClass): 200 GET https://dal-iaas-001-api-endpoint.prod.walmart.com:9696/v2.0/security-groups?tenant_id=bbf0004afdc0424eaf2368d5cbd097a8&name=default 2.205s
2016-08-11 02:26:56.147 30151 INFO tempest.lib.common.rest_client [req-b753b1cc-8e14-40d1-8a56-a4e8d37dcce0 ] Request (AggregatesAdminNegativeTestJSON:test_aggregate_delete_as_user): 200 POST https://dal-iaas-001-api-endpoint.prod.walmart.com:8774/v2/732e81d5a7884dd7a32cfdaf5df21aa9/os-aggregates 0.404s
2016-08-11 02:26:56.219 30150 INFO tempest.lib.common.rest_client [req-ee81ae62-ff91-41c7-8696-3f62369e1b02 ] Request (FlavorsExtraSpecsTestJSON:tearDownClass): 200 GET https://dal-iaas-001-api-endpoint.prod.walmart.com:9696/v2.0/security-groups?tenant_id=007a52feb59d4c9e904a2fc90738d097&name=default 2.361s
2016-08-11 02:26:56.308 30146 INFO tempest.lib.common.rest_client [req-21174a95-e41f-47f5-90f5-fb80b5ade014 ] Request (AggregatesAdminTestJSON:_run_cleanups): 404 DELETE https://dal-iaas-001-api-endpoint.prod.walmart.com:8774/v2/6b1e992103704a3bb6d306920c5f9231/os-aggregates/511 0.298s
2016-08-11 02:26:56.396 30148 INFO tempest.lib.common.rest_client [req-37b4a919-36c3-46e6-a934-1b2156883dc1 ] Request (FlavorsExtraSpecsNegativeTestJSON:tearDownClass): 204 DELETE https://dal-iaas-001-api-endpoint.prod.walmart.com:9696/v2.0/security-groups/d3e8850f-f5a3-42ef-933d-73caab9537bc 0.335s
2016-08-11 02:26:56.424 30151 INFO tempest.lib.common.rest_client [req-cd4c2cda-3799-48c1-9af2-cd25bf25b2d8 ] Request (AggregatesAdminNegativeTestJSON:test_aggregate_delete_as_user): 403 DELETE https://dal-iaas-001-api-endpoint.prod.walmart.com:8774/v2/9856cf4480b445fba87bf137e397bda4/os-aggregates/514 0.273s
2016-08-11 02:26:56.540 30152 INFO tempest.lib.common.rest_client [req-ab204c28-b0bc-4c74-a490-7e3c037afe13 ] Request (AgentsAdminTestJSON:tearDownClass): 204 DELETE https://dal-iaas-001-api-endpoint.prod.walmart.com:35357/v2.0/tenants/f26d5a8ce6ab4578b92f3b7f9cbd3960 0.992s
2016-08-11 02:26:56.550 30145 INFO tempest.lib.common.rest_client [req-5d2908e1-6048-462d-97f1-adf4f9c97acc ] Request (QuotasAdminTestJSON:_run_cleanups): 200 PUT https://dal-iaas-001-api-endpoint.prod.walmart.com:8774/v2/b7807e45ff754eac95764565cf26b538/os-quota-sets/b5c983dd11f24cedad78c8abcdae7731 0.511s
2016-08-11 02:26:56.571 30150 INFO tempest.lib.common.rest_client [req-bc7e2921-3368-47df-bbd6-d77067aa707e ] Request (FlavorsExtraSpecsTestJSON:tearDownClass): 204 DELETE https://dal-iaas-001-api-endpoint.prod.walmart.com:9696/v2.0/security-groups/f3c2b5d1-689d-4d55-921e-31acc0918f1c 0.351s
2016-08-11 02:26:56.708 30147 INFO tempest.lib.common.rest_client [req-2c9378fb-7425-4846-951d-5b1fd240205c ] Request (BaremetalNodesAdminTestJSON:setUpClass): 200 POST https://dal-iaas-001-api-endpoint.prod.walmart.com:35357/v2.0/tenants 0.894s
2016-08-11 02:26:56.733 30151 INFO tempest.lib.common.rest_client [req-560d5ec2-900d-4db6-8a10-9fca77b0977e ] Request (AggregatesAdminNegativeTestJSON:_run_cleanups): 200 DELETE https://dal-iaas-001-api-endpoint.prod.walmart.com:8774/v2/732e81d5a7884dd7a32cfdaf5df21aa9/os-aggregates/514 0.308s
2016-08-11 02:26:56.802 30146 INFO tempest.lib.common.rest_client [req-d5551dca-dede-48f9-9cfd-427487acee1f ] Request (AggregatesAdminTestJSON:test_aggregate_create_delete_with_az): 200 POST https://dal-iaas-001-api-endpoint.prod.walmart.com:8774/v2/6b1e992103704a3bb6d306920c5f9231/os-aggregates 0.492s
2016-08-11 02:26:57.071 30151 INFO tempest.lib.common.rest_client [req-0adf36db-804e-44d7-beea-dfbe3c81038b ] Request (AggregatesAdminNegativeTestJSON:test_aggregate_delete_with_invalid_id): 404 DELETE https://dal-iaas-001-api-endpoint.prod.walmart.com:8774/v2/732e81d5a7884dd7a32cfdaf5df21aa9/os-aggregates/-1 0.335s
2016-08-11 02:26:57.131 30146 INFO tempest.lib.common.rest_client [req-77c35d66-bf11-4db2-a285-0c063cbe51bf ] Request (AggregatesAdminTestJSON:test_aggregate_create_delete_with_az): 200 DELETE https://dal-iaas-001-api-endpoint.prod.walmart.com:8774/v2/6b1e992103704a3bb6d306920c5f9231/os-aggregates/517 0.327s
2016-08-11 02:26:57.155 30149 INFO tempest.lib.common.rest_client [req-cc2c871d-3bc9-48b6-a28b-2e50b70412ce ] Request (HostsAdminNegativeTestJSON:setUpClass): 200 POST https://dal-iaas-001-api-endpoint.prod.walmart.com:35357/v2.0/users 1.174s
2016-08-11 02:26:57.409 30146 INFO tempest.lib.common.rest_client [req-75078a16-a6c0-4f68-977d-3380272cd612 ] Request (AggregatesAdminTestJSON:test_aggregate_create_delete_with_az): 404 GET https://dal-iaas-001-api-endpoint.prod.walmart.com:8774/v2/6b1e992103704a3bb6d306920c5f9231/os-aggregates/517 0.277s
2016-08-11 02:26:57.423 30151 INFO tempest.lib.common.rest_client [req-795d0fdd-b850-4dbc-9553-5941cbead002 ] Request (AggregatesAdminNegativeTestJSON:test_aggregate_get_details_as_user): 200 POST https://dal-iaas-001-api-endpoint.prod.walmart.com:8774/v2/732e81d5a7884dd7a32cfdaf5df21aa9/os-aggregates 0.350s
2016-08-11 02:26:57.486 30145 INFO tempest.lib.common.rest_client [req-acba1c97-1da0-4904-a941-06858bb02ced ] Request (QuotasAdminTestJSON:tearDownClass): 204 DELETE https://dal-iaas-001-api-endpoint.prod.walmart.com:35357/v2.0/users/d100d0f6be4d4d18a987aa2b01059985 0.932s
2016-08-11 02:26:57.566 30150 INFO tempest.lib.common.rest_client [req-13aa39b8-6108-4dd1-b409-d028156fbe70 ] Request (FlavorsExtraSpecsTestJSON:tearDownClass): 204 DELETE https://dal-iaas-001-api-endpoint.prod.walmart.com:35357/v2.0/tenants/007a52feb59d4c9e904a2fc90738d097 0.994s
2016-08-11 02:26:57.567 30152 INFO tempest.lib.common.rest_client [req-d7b06855-2442-4655-b625-0cb13cfa61a7 ] Request (AgentsAdminTestJSON:tearDownClass): 204 DELETE https://dal-iaas-001-api-endpoint.prod.walmart.com:35357/v2.0/users/391ce6bce8174ed2b9dc77b53cc2fd9f 1.026s
2016-08-11 02:26:57.646 30148 INFO tempest.lib.common.rest_client [req-1cdd11bd-ed14-4063-9c74-6e8acd166400 ] Request (FlavorsExtraSpecsNegativeTestJSON:tearDownClass): 204 DELETE https://dal-iaas-001-api-endpoint.prod.walmart.com:35357/v2.0/tenants/bbf0004afdc0424eaf2368d5cbd097a8 1.249s
2016-08-11 02:26:57.719 30151 INFO tempest.lib.common.rest_client [req-e39aac81-d202-4e22-bb15-0ce23c8ceb6d ] Request (AggregatesAdminNegativeTestJSON:test_aggregate_get_details_as_user): 403 GET https://dal-iaas-001-api-endpoint.prod.walmart.com:8774/v2/9856cf4480b445fba87bf137e397bda4/os-aggregates/520 0.293s
2016-08-11 02:26:57.732 30146 INFO tempest.lib.common.rest_client [req-32c7b5d6-a931-4675-bf62-33b24d8b12bf ] Request (AggregatesAdminTestJSON:_run_cleanups): 404 DELETE https://dal-iaas-001-api-endpoint.prod.walmart.com:8774/v2/6b1e992103704a3bb6d306920c5f9231/os-aggregates/517 0.323s
2016-08-11 02:26:57.887 30152 INFO tempest.lib.common.rest_client [req-12102ec6-a9e4-4c7c-aa80-6fb1850e7337 ] Request (AgentsAdminTestJSON:tearDownClass): 200 GET https://dal-iaas-001-api-endpoint.prod.walmart.com:9696/v2.0/security-groups?tenant_id=ced6a5b6faad43308d5140ad2b9e7b62&name=default 0.319s
2016-08-11 02:26:57.903 30147 INFO tempest.lib.common.rest_client [req-c35a6094-c6ee-4713-bfdd-2bab18f80bd4 ] Request (BaremetalNodesAdminTestJSON:setUpClass): 200 POST https://dal-iaas-001-api-endpoint.prod.walmart.com:35357/v2.0/users 1.194s
2016-08-11 02:26:57.951 30149 INFO tempest.lib.common.rest_client [req-27a6a58c-cea6-4794-b4f2-e6cf68fb5cc1 ] Request (HostsAdminNegativeTestJSON:setUpClass): 200 GET https://dal-iaas-001-api-endpoint.prod.walmart.com:35357/v2.0/OS-KSADM/roles 0.794s
2016-08-11 02:26:58.044 30151 INFO tempest.lib.common.rest_client [req-b207f7af-10b3-4f53-9e3e-6d609a89e246 ] Request (AggregatesAdminNegativeTestJSON:_run_cleanups): 200 DELETE https://dal-iaas-001-api-endpoint.prod.walmart.com:8774/v2/732e81d5a7884dd7a32cfdaf5df21aa9/os-aggregates/520 0.324s
2016-08-11 02:26:58.103 30146 INFO tempest.lib.common.rest_client [req-241478d8-193c-4a1a-8349-03eae5e8fa30 ] Request (AggregatesAdminTestJSON:test_aggregate_create_update_metadata_get_details): 200 POST https://dal-iaas-001-api-endpoint.prod.walmart.com:8774/v2/6b1e992103704a3bb6d306920c5f9231/os-aggregates 0.369s
2016-08-11 02:26:58.235 30152 INFO tempest.lib.common.rest_client [req-8512d467-b94d-4609-a40b-3f47a1f1ce21 ] Request (AgentsAdminTestJSON:tearDownClass): 204 DELETE https://dal-iaas-001-api-endpoint.prod.walmart.com:9696/v2.0/security-groups/497d7f64-9963-445f-bb1d-26e0423c027d 0.347s
2016-08-11 02:26:58.353 30151 INFO tempest.lib.common.rest_client [req-c1487232-be01-4774-879e-13f6b0f66e31 ] Request (AggregatesAdminNegativeTestJSON:test_aggregate_get_details_with_invalid_id): 404 GET https://dal-iaas-001-api-endpoint.prod.walmart.com:8774/v2/732e81d5a7884dd7a32cfdaf5df21aa9/os-aggregates/-1 0.306s
2016-08-11 02:26:58.395 30146 INFO tempest.lib.common.rest_client [req-b194002e-91f6-449b-a9ff-04385576e934 ] Request (AggregatesAdminTestJSON:test_aggregate_create_update_metadata_get_details): 200 GET https://dal-iaas-001-api-endpoint.prod.walmart.com:8774/v2/6b1e992103704a3bb6d306920c5f9231/os-aggregates/523 0.290s
2016-08-11 02:26:58.592 30150 INFO tempest.lib.common.rest_client [req-8e5647b8-00a6-47a8-a292-6dd02228f7b7 ] Request (FlavorsExtraSpecsTestJSON:tearDownClass): 204 DELETE https://dal-iaas-001-api-endpoint.prod.walmart.com:35357/v2.0/users/e572d4f5a0424b6ea9a4a226370de5de 1.025s
2016-08-11 02:26:58.604 30148 INFO tempest.lib.common.rest_client [req-78e6aaf9-cfb4-4602-b79e-5c39f1dbf9f9 ] Request (FlavorsExtraSpecsNegativeTestJSON:tearDownClass): 204 DELETE https://dal-iaas-001-api-endpoint.prod.walmart.com:35357/v2.0/users/463de940a73148b3b859d577f2a236fc 0.957s
2016-08-11 02:26:58.618 30151 INFO tempest.lib.common.rest_client [req-1afe66a8-caaf-4d31-b193-20c517e690d2 ] Request (AggregatesAdminNegativeTestJSON:test_aggregate_list_as_user): 403 GET https://dal-iaas-001-api-endpoint.prod.walmart.com:8774/v2/9856cf4480b445fba87bf137e397bda4/os-aggregates 0.263s
2016-08-11 02:26:58.748 30146 INFO tempest.lib.common.rest_client [req-d771d786-afc3-499d-b108-ecaca1c0f4fb ] Request (AggregatesAdminTestJSON:test_aggregate_create_update_metadata_get_details): 200 POST https://dal-iaas-001-api-endpoint.prod.walmart.com:8774/v2/6b1e992103704a3bb6d306920c5f9231/os-aggregates/523/action 0.350s
2016-08-11 02:26:58.761 30147 INFO tempest.lib.common.rest_client [req-8d64a667-6980-4a4c-9ed1-941c1d89a48d ] Request (BaremetalNodesAdminTestJSON:setUpClass): 200 GET https://dal-iaas-001-api-endpoint.prod.walmart.com:35357/v2.0/OS-KSADM/roles 0.857s
2016-08-11 02:26:58.826 30149 INFO tempest.lib.common.rest_client [req-64342c66-b03c-4b03-850a-617a379f5bcf ] Request (HostsAdminNegativeTestJSON:setUpClass): 409 PUT https://dal-iaas-001-api-endpoint.prod.walmart.com:35357/v2.0/tenants/c60e1b96974a4962bc9836bba795bed3/users/5b4d9f8ae0654af5bbddcd37d8629970/roles/OS-KSADM/9fe2ff9ee4384b1894a90878d3e92bab 0.874s
2016-08-11 02:26:58.826 30149 INFO tempest.common.dynamic_creds [-] Acquired dynamic creds:
 credentials: Credentials: {'username': u'tempest-HostsAdminNegativeTestJSON-1039747803', 'project_name': u'tempest-HostsAdminNegativeTestJSON-1039747803', 'user_id': u'5b4d9f8ae0654af5bbddcd37d8629970', 'tenant_name': u'tempest-HostsAdminNegativeTestJSON-1039747803', 'tenant_id': u'c60e1b96974a4962bc9836bba795bed3', 'project_id': u'c60e1b96974a4962bc9836bba795bed3'}, Network: None, Subnet: None, Router: None
2016-08-11 02:26:58.897 30150 INFO tempest.lib.common.rest_client [req-8427a627-0a02-401f-8df9-ebbdf19fd0ce ] Request (FlavorsExtraSpecsTestJSON:tearDownClass): 200 GET https://dal-iaas-001-api-endpoint.prod.walmart.com:9696/v2.0/security-groups?tenant_id=892d3b637a304b3ab2dad84fea5bae93&name=default 0.305s
2016-08-11 02:26:58.913 30148 INFO tempest.lib.common.rest_client [req-e7f621fa-e2ba-4232-8feb-5a39b6f76143 ] Request (FlavorsExtraSpecsNegativeTestJSON:tearDownClass): 200 GET https://dal-iaas-001-api-endpoint.prod.walmart.com:9696/v2.0/security-groups?tenant_id=6045f2f00d474d0cbd354bf2a60f9db7&name=default 0.308s
2016-08-11 02:26:58.959 30151 INFO tempest.lib.common.rest_client [req-c858f5ae-e26f-48e7-a5c1-592292cf3564 ] Request (AggregatesAdminNegativeTestJSON:test_aggregate_remove_host_as_user): 200 POST https://dal-iaas-001-api-endpoint.prod.walmart.com:8774/v2/732e81d5a7884dd7a32cfdaf5df21aa9/os-aggregates 0.337s
2016-08-11 02:26:59.040 30146 INFO tempest.lib.common.rest_client [req-871d2ce1-f5a7-4781-9024-387fe720a6b4 ] Request (AggregatesAdminTestJSON:test_aggregate_create_update_metadata_get_details): 200 GET https://dal-iaas-001-api-endpoint.prod.walmart.com:8774/v2/6b1e992103704a3bb6d306920c5f9231/os-aggregates/523 0.289s
2016-08-11 02:26:59.136 30152 INFO tempest.lib.common.rest_client [req-9878e4b3-8c94-4577-a1e3-64fc4699e7d0 ] Request (AgentsAdminTestJSON:tearDownClass): 204 DELETE https://dal-iaas-001-api-endpoint.prod.walmart.com:35357/v2.0/tenants/ced6a5b6faad43308d5140ad2b9e7b62 0.900s
2016-08-11 02:26:59.212 30150 INFO tempest.lib.common.rest_client [req-94efa570-b563-4759-968e-f86e3e591b1b ] Request (FlavorsExtraSpecsTestJSON:tearDownClass): 204 DELETE https://dal-iaas-001-api-endpoint.prod.walmart.com:9696/v2.0/security-groups/e69ff329-7ea2-48e5-8d18-1b24f7188bbe 0.314s
2016-08-11 02:26:59.263 30148 INFO tempest.lib.common.rest_client [req-57af1099-c909-49d8-9cdc-da6144b4736f ] Request (FlavorsExtraSpecsNegativeTestJSON:tearDownClass): 204 DELETE https://dal-iaas-001-api-endpoint.prod.walmart.com:9696/v2.0/security-groups/be055955-b994-4ac6-b09a-b26ef4948ea1 0.350s
2016-08-11 02:26:59.334 30151 INFO tempest.lib.common.rest_client [req-372f17a0-4a38-40ca-aa12-cc5ea9520e1b ] Request (AggregatesAdminNegativeTestJSON:test_aggregate_remove_host_as_user): 200 POST https://dal-iaas-001-api-endpoint.prod.walmart.com:8774/v2/732e81d5a7884dd7a32cfdaf5df21aa9/os-aggregates/526/action 0.370s
2016-08-11 02:26:59.373 30146 INFO tempest.lib.common.rest_client [req-5d52e5ce-b749-4fb0-a459-c3a62aa91a14 ] Request (AggregatesAdminTestJSON:_run_cleanups): 200 DELETE https://dal-iaas-001-api-endpoint.prod.walmart.com:8774/v2/6b1e992103704a3bb6d306920c5f9231/os-aggregates/523 0.329s
2016-08-11 02:26:59.589 30151 INFO tempest.lib.common.rest_client [req-ce5d45cd-9205-41ba-b44e-fad3a4989fc6 ] Request (AggregatesAdminNegativeTestJSON:test_aggregate_remove_host_as_user): 403 POST https://dal-iaas-001-api-endpoint.prod.walmart.com:8774/v2/9856cf4480b445fba87bf137e397bda4/os-aggregates/526/action 0.252s
2016-08-11 02:26:59.661 30149 INFO tempest.lib.common.rest_client [req-cd9c93cb-eea8-49a9-a9e4-54aa2c99edc1 ] Request (HostsAdminNegativeTestJSON:setUpClass): 200 POST https://dal-iaas-001-api-endpoint.prod.walmart.com:35357/v2.0/tenants 0.828s
2016-08-11 02:26:59.699 30152 INFO tempest.lib.common.rest_client [req-c2ca56fe-35a4-4372-a400-9e14f7e89735 ] Request (QuotasAdminNegativeTestJSON:setUpClass): 200 POST https://dal-iaas-001-api-endpoint.prod.walmart.com:5443/v2.0/tokens
2016-08-11 02:26:59.784 30146 INFO tempest.lib.common.rest_client [req-c0b60298-f12c-4898-af06-f4e7e7224873 ] Request (AggregatesAdminTestJSON:test_aggregate_create_update_with_az): 200 POST https://dal-iaas-001-api-endpoint.prod.walmart.com:8774/v2/6b1e992103704a3bb6d306920c5f9231/os-aggregates 0.408s
2016-08-11 02:26:59.796 30147 INFO tempest.lib.common.rest_client [req-2fbc6892-ad2c-405b-95f5-51aa4311e2d9 ] Request (BaremetalNodesAdminTestJSON:setUpClass): 409 PUT https://dal-iaas-001-api-endpoint.prod.walmart.com:35357/v2.0/tenants/d993a0e858e84d03a4298b294b3b43b2/users/0734d49386194e25abf35ce3437557ec/roles/OS-KSADM/9fe2ff9ee4384b1894a90878d3e92bab 1.034s
2016-08-11 02:26:59.797 30147 INFO tempest.common.dynamic_creds [-] Acquired dynamic creds:
 credentials: Credentials: {'username': u'tempest-BaremetalNodesAdminTestJSON-2065658295', 'project_name': u'tempest-BaremetalNodesAdminTestJSON-2065658295', 'user_id': u'0734d49386194e25abf35ce3437557ec', 'tenant_name': u'tempest-BaremetalNodesAdminTestJSON-2065658295', 'tenant_id': u'd993a0e858e84d03a4298b294b3b43b2', 'project_id': u'd993a0e858e84d03a4298b294b3b43b2'}, Network: None, Subnet: None, Router: None
2016-08-11 02:26:59.830 30145 INFO tempest.lib.common.rest_client [req-73520e0a-4dcb-46b8-8ca4-6aa50f4a072b ] Request (QuotasAdminTestJSON:tearDownClass): 200 GET https://dal-iaas-001-api-endpoint.prod.walmart.com:9696/v2.0/security-groups?tenant_id=b7807e45ff754eac95764565cf26b538&name=default 2.342s
2016-08-11 02:26:59.958 30151 INFO tempest.lib.common.rest_client [req-1a97a36d-37a6-48f5-beff-8a1e34b6bd31 ] Request (AggregatesAdminNegativeTestJSON:_run_cleanups): 200 POST https://dal-iaas-001-api-endpoint.prod.walmart.com:8774/v2/732e81d5a7884dd7a32cfdaf5df21aa9/os-aggregates/526/action 0.368s
2016-08-11 02:27:00.169 30145 INFO tempest.lib.common.rest_client [req-ae34502b-4db4-49e6-b8f7-6322aa2b269f ] Request (QuotasAdminTestJSON:tearDownClass): 204 DELETE https://dal-iaas-001-api-endpoint.prod.walmart.com:9696/v2.0/security-groups/1194d247-b840-4891-a6e9-21272351e39d 0.338s
2016-08-11 02:27:00.208 30146 INFO tempest.lib.common.rest_client [req-638834d6-e8b2-4aed-ab0f-851650598882 ] Request (AggregatesAdminTestJSON:test_aggregate_create_update_with_az): 200 PUT https://dal-iaas-001-api-endpoint.prod.walmart.com:8774/v2/6b1e992103704a3bb6d306920c5f9231/os-aggregates/529 0.421s
2016-08-11 02:27:00.237 30152 INFO tempest.lib.common.rest_client [req-d20806d0-ae5d-4062-8b99-c3b23e57fe57 ] Request (QuotasAdminNegativeTestJSON:setUpClass): 200 POST https://dal-iaas-001-api-endpoint.prod.walmart.com:5443/v2.0/tokens
2016-08-11 02:27:00.248 30150 INFO tempest.lib.common.rest_client [req-b1463a83-e729-4b72-b38f-cbb9056095be ] Request (FlavorsExtraSpecsTestJSON:tearDownClass): 204 DELETE https://dal-iaas-001-api-endpoint.prod.walmart.com:35357/v2.0/tenants/892d3b637a304b3ab2dad84fea5bae93 1.035s
2016-08-11 02:27:00.253 30148 INFO tempest.lib.common.rest_client [req-7f957d19-0e80-4225-aff7-f21e232fbb40 ] Request (FlavorsExtraSpecsNegativeTestJSON:tearDownClass): 204 DELETE https://dal-iaas-001-api-endpoint.prod.walmart.com:35357/v2.0/tenants/6045f2f00d474d0cbd354bf2a60f9db7 0.989s
2016-08-11 02:27:00.277 30151 INFO tempest.lib.common.rest_client [req-4ffddbfb-f1a2-4aea-8010-f5f1bea674ae ] Request (AggregatesAdminNegativeTestJSON:_run_cleanups): 200 DELETE https://dal-iaas-001-api-endpoint.prod.walmart.com:8774/v2/732e81d5a7884dd7a32cfdaf5df21aa9/os-aggregates/526 0.316s
2016-08-11 02:27:00.521 30146 INFO tempest.lib.common.rest_client [req-894a4363-1657-4b50-9868-02b457a25eb3 ] Request (AggregatesAdminTestJSON:test_aggregate_create_update_with_az): 200 GET https://dal-iaas-001-api-endpoint.prod.walmart.com:8774/v2/6b1e992103704a3bb6d306920c5f9231/os-aggregates 0.308s
2016-08-11 02:27:00.528 30149 INFO tempest.lib.common.rest_client [req-ba38c9f5-148e-4924-86ac-c0132e54c5e6 ] Request (HostsAdminNegativeTestJSON:setUpClass): 200 POST https://dal-iaas-001-api-endpoint.prod.walmart.com:35357/v2.0/users 0.866s
2016-08-11 02:27:00.608 30151 INFO tempest.lib.common.rest_client [req-f21226e7-881c-4f48-bf7b-64b684f2a731 ] Request (AggregatesAdminNegativeTestJSON:test_aggregate_remove_nonexistent_host): 200 POST https://dal-iaas-001-api-endpoint.prod.walmart.com:8774/v2/732e81d5a7884dd7a32cfdaf5df21aa9/os-aggregates 0.326s
2016-08-11 02:27:00.761 30147 INFO tempest.lib.common.rest_client [req-421a0ca9-c709-4b84-a23f-c9c71c75e3cf ] Request (BaremetalNodesAdminTestJSON:setUpClass): 200 POST https://dal-iaas-001-api-endpoint.prod.walmart.com:35357/v2.0/tenants 0.957s
2016-08-11 02:27:00.806 30148 INFO tempest.lib.common.rest_client [req-99716ece-eee5-4c02-a466-7b72785f352c ] Request (ServersAdminTestJSON:setUpClass): 200 POST https://dal-iaas-001-api-endpoint.prod.walmart.com:5443/v2.0/tokens
2016-08-11 02:27:00.816 30150 INFO tempest.lib.common.rest_client [req-2b02ccd0-52fd-4f52-af99-4334de4fe0a0 ] Request (HostsAdminTestJSON:setUpClass): 200 POST https://dal-iaas-001-api-endpoint.prod.walmart.com:5443/v2.0/tokens
2016-08-11 02:27:00.828 30146 INFO tempest.lib.common.rest_client [req-5cb864a1-0e35-4c51-a1c6-3f4c276c053e ] Request (AggregatesAdminTestJSON:_run_cleanups): 200 DELETE https://dal-iaas-001-api-endpoint.prod.walmart.com:8774/v2/6b1e992103704a3bb6d306920c5f9231/os-aggregates/529 0.303s
2016-08-11 02:27:00.889 30151 INFO tempest.lib.common.rest_client [req-80dcada9-8186-4eee-9d10-2be8b76d52d3 ] Request (AggregatesAdminNegativeTestJSON:test_aggregate_remove_nonexistent_host): 404 POST https://dal-iaas-001-api-endpoint.prod.walmart.com:8774/v2/732e81d5a7884dd7a32cfdaf5df21aa9/os-aggregates/532/action 0.278s
2016-08-11 02:27:01.044 30152 INFO tempest.lib.common.rest_client [req-769951d8-ad3c-4a8f-803e-b3d717767a8c ] Request (QuotasAdminNegativeTestJSON:setUpClass): 200 POST https://dal-iaas-001-api-endpoint.prod.walmart.com:35357/v2.0/tenants 0.806s
2016-08-11 02:27:01.199 30151 INFO tempest.lib.common.rest_client [req-5cb068f3-c1c0-450c-9b6f-3fffe21a8658 ] Request (AggregatesAdminNegativeTestJSON:_run_cleanups): 200 DELETE https://dal-iaas-001-api-endpoint.prod.walmart.com:8774/v2/732e81d5a7884dd7a32cfdaf5df21aa9/os-aggregates/532 0.309s
2016-08-11 02:27:01.201 30145 INFO tempest.lib.common.rest_client [req-7353c38d-a092-4872-a99a-d5afab6d2c53 ] Request (QuotasAdminTestJSON:tearDownClass): 204 DELETE https://dal-iaas-001-api-endpoint.prod.walmart.com:35357/v2.0/tenants/b7807e45ff754eac95764565cf26b538 1.031s
2016-08-11 02:27:01.201 30146 INFO tempest.lib.common.rest_client [req-312a98f3-daf3-4077-9aaa-daeaab2e9271 ] Request (AggregatesAdminTestJSON:test_aggregate_create_verify_entry_in_list): 200 POST https://dal-iaas-001-api-endpoint.prod.walmart.com:8774/v2/6b1e992103704a3bb6d306920c5f9231/os-aggregates 0.371s
