2016-08-11 19:34:23.081 61945 INFO tempest [-] Using tempest config file /etc/tempest/tempest.conf
2016-08-11 19:34:23.089 61945 WARNING oslo_config.cfg [-] Option "img_dir" from group "scenario" is deprecated for removal.  Its value may be silently ignored in the future.
2016-08-11 19:34:24.829 61951 INFO tempest [-] Using tempest config file /etc/tempest/tempest.conf
2016-08-11 19:34:24.830 61952 INFO tempest [-] Using tempest config file /etc/tempest/tempest.conf
2016-08-11 19:34:24.837 61950 INFO tempest [-] Using tempest config file /etc/tempest/tempest.conf
2016-08-11 19:34:24.844 61951 WARNING oslo_config.cfg [-] Option "img_dir" from group "scenario" is deprecated for removal.  Its value may be silently ignored in the future.
2016-08-11 19:34:24.845 61952 WARNING oslo_config.cfg [-] Option "img_dir" from group "scenario" is deprecated for removal.  Its value may be silently ignored in the future.
2016-08-11 19:34:24.853 61950 WARNING oslo_config.cfg [-] Option "img_dir" from group "scenario" is deprecated for removal.  Its value may be silently ignored in the future.
2016-08-11 19:34:24.855 61956 INFO tempest [-] Using tempest config file /etc/tempest/tempest.conf
2016-08-11 19:34:24.857 61955 INFO tempest [-] Using tempest config file /etc/tempest/tempest.conf
2016-08-11 19:34:24.870 61955 WARNING oslo_config.cfg [-] Option "img_dir" from group "scenario" is deprecated for removal.  Its value may be silently ignored in the future.
2016-08-11 19:34:24.871 61949 INFO tempest [-] Using tempest config file /etc/tempest/tempest.conf
2016-08-11 19:34:24.874 61954 INFO tempest [-] Using tempest config file /etc/tempest/tempest.conf
2016-08-11 19:34:24.876 61956 WARNING oslo_config.cfg [-] Option "img_dir" from group "scenario" is deprecated for removal.  Its value may be silently ignored in the future.
2016-08-11 19:34:24.887 61949 WARNING oslo_config.cfg [-] Option "img_dir" from group "scenario" is deprecated for removal.  Its value may be silently ignored in the future.
2016-08-11 19:34:24.898 61954 WARNING oslo_config.cfg [-] Option "img_dir" from group "scenario" is deprecated for removal.  Its value may be silently ignored in the future.
2016-08-11 19:34:24.899 61953 INFO tempest [-] Using tempest config file /etc/tempest/tempest.conf
2016-08-11 19:34:24.918 61953 WARNING oslo_config.cfg [-] Option "img_dir" from group "scenario" is deprecated for removal.  Its value may be silently ignored in the future.
2016-08-11 19:34:25.340 61951 INFO tempest.test [-] <class 'tempest.exceptions.InvalidConfiguration'> raised in AgentsAdminTestJSON.setUpClass. Invoking tearDownClass.
2016-08-11 19:34:25.344 61952 INFO tempest.test [-] <class 'tempest.exceptions.InvalidConfiguration'> raised in AZAdminV2TestJSON.setUpClass. Invoking tearDownClass.
2016-08-11 19:34:25.345 61955 INFO tempest.test [-] <class 'tempest.exceptions.InvalidConfiguration'> raised in FlavorsAccessNegativeTestJSON.setUpClass. Invoking tearDownClass.
2016-08-11 19:34:25.349 61955 INFO tempest.test [-] <class 'tempest.exceptions.InvalidConfiguration'> raised in FlavorsExtraSpecsNegativeTestJSON.setUpClass. Invoking tearDownClass.
2016-08-11 19:34:25.349 61951 INFO tempest.test [-] <class 'tempest.exceptions.InvalidConfiguration'> raised in BaremetalNodesAdminTestJSON.setUpClass. Invoking tearDownClass.
2016-08-11 19:34:25.352 61955 INFO tempest.test [-] <class 'tempest.exceptions.InvalidConfiguration'> raised in FlavorsListWithDetailsNegativeTestJSON.setUpClass. Invoking tearDownClass.
2016-08-11 19:34:25.353 61951 INFO tempest.test [-] <class 'tempest.exceptions.InvalidConfiguration'> raised in FloatingIPsBulkAdminTestJSON.setUpClass. Invoking tearDownClass.
2016-08-11 19:34:25.354 61955 INFO tempest.test [-] <class 'tempest.exceptions.InvalidConfiguration'> raised in FloatingIPDetailsTestJSON.setUpClass. Invoking tearDownClass.
2016-08-11 19:34:25.354 61950 INFO tempest.test [-] <class 'tempest.exceptions.InvalidConfiguration'> raised in HostsAdminNegativeTestJSON.setUpClass. Invoking tearDownClass.
2016-08-11 19:34:25.355 61952 INFO tempest.test [-] <class 'tempest.exceptions.InvalidConfiguration'> raised in InstanceUsageAuditLogNegativeTestJSON.setUpClass. Invoking tearDownClass.
2016-08-11 19:34:25.356 61955 INFO tempest.test [-] <class 'tempest.exceptions.InvalidConfiguration'> raised in FloatingIPDetailsNegativeTestJSON.setUpClass. Invoking tearDownClass.
2016-08-11 19:34:25.357 61951 INFO tempest.test [-] <class 'tempest.exceptions.InvalidConfiguration'> raised in HostsAdminTestJSON.setUpClass. Invoking tearDownClass.
2016-08-11 19:34:25.358 61955 INFO tempest.test [-] <class 'tempest.exceptions.InvalidConfiguration'> raised in ImagesOneServerTestJSON.setUpClass. Invoking tearDownClass.
2016-08-11 19:34:25.361 61955 INFO tempest.test [-] <class 'tempest.exceptions.InvalidConfiguration'> raised in ListServersNegativeTestJSON.setUpClass. Invoking tearDownClass.
2016-08-11 19:34:25.362 61951 INFO tempest.test [-] <class 'tempest.exceptions.InvalidConfiguration'> raised in HypervisorAdminTestJSON.setUpClass. Invoking tearDownClass.
2016-08-11 19:34:25.362 61952 INFO tempest.test [-] <class 'tempest.exceptions.InvalidConfiguration'> raised in ServersAdminTestJSON.setUpClass. Invoking tearDownClass.
2016-08-11 19:34:25.363 61955 INFO tempest.test [-] <class 'tempest.exceptions.InvalidConfiguration'> raised in MultipleCreateTestJSON.setUpClass. Invoking tearDownClass.
2016-08-11 19:34:25.363 61956 INFO tempest.test [-] <class 'tempest.exceptions.InvalidConfiguration'> raised in AggregatesAdminNegativeTestJSON.setUpClass. Invoking tearDownClass.
2016-08-11 19:34:25.365 61955 INFO tempest.test [-] <class 'tempest.exceptions.InvalidConfiguration'> raised in ServerMetadataNegativeTestJSON.setUpClass. Invoking tearDownClass.
2016-08-11 19:34:25.367 61952 INFO tempest.test [-] <class 'tempest.exceptions.InvalidConfiguration'> raised in ServicesAdminTestJSON.setUpClass. Invoking tearDownClass.
2016-08-11 19:34:25.367 61956 INFO tempest.test [-] <class 'tempest.exceptions.InvalidConfiguration'> raised in FlavorsAdminTestJSON.setUpClass. Invoking tearDownClass.
2016-08-11 19:34:25.367 61955 INFO tempest.test [-] <class 'tempest.exceptions.InvalidConfiguration'> raised in VirtualInterfacesNegativeTestJSON.setUpClass. Invoking tearDownClass.
2016-08-11 19:34:25.369 61956 INFO tempest.test [-] <class 'tempest.exceptions.InvalidConfiguration'> raised in FlavorsAccessTestJSON.setUpClass. Invoking tearDownClass.
2016-08-11 19:34:25.369 61951 INFO tempest.test [-] <class 'tempest.exceptions.InvalidConfiguration'> raised in FlavorDetailsNegativeTestJSON.setUpClass. Invoking tearDownClass.
2016-08-11 19:34:25.370 61955 INFO tempest.test [-] <class 'tempest.exceptions.InvalidConfiguration'> raised in LiveBlockMigrationNegativeTestJSON.setUpClass. Invoking tearDownClass.
2016-08-11 19:34:25.372 61955 INFO tempest.test [-] <class 'tempest.exceptions.InvalidConfiguration'> raised in TestVersions.setUpClass. Invoking tearDownClass.
2016-08-11 19:34:25.371 61952 INFO tempest.test [-] <class 'tempest.exceptions.InvalidConfiguration'> raised in FlavorsV2TestJSON.setUpClass. Invoking tearDownClass.
2016-08-11 19:34:25.373 61956 INFO tempest.test [-] <class 'tempest.exceptions.InvalidConfiguration'> raised in ImagesOneServerNegativeTestJSON.setUpClass. Invoking tearDownClass.
2016-08-11 19:34:25.373 61951 INFO tempest.test [-] <class 'tempest.exceptions.InvalidConfiguration'> raised in ImagesMetadataTestJSON.setUpClass. Invoking tearDownClass.
2016-08-11 19:34:25.375 61955 INFO tempest.test [-] <class 'tempest.exceptions.InvalidConfiguration'> raised in EndPointsTestJSON.setUpClass. Invoking tearDownClass.
2016-08-11 19:34:25.376 61956 INFO tempest.test [-] <class 'tempest.exceptions.InvalidConfiguration'> raised in ListImageFiltersNegativeTestJSON.setUpClass. Invoking tearDownClass.
2016-08-11 19:34:25.377 61952 INFO tempest.test [-] <class 'tempest.exceptions.InvalidConfiguration'> raised in FloatingIPsTestJSON.setUpClass. Invoking tearDownClass.
2016-08-11 19:34:25.377 61955 INFO tempest.test [-] <class 'tempest.exceptions.InvalidConfiguration'> raised in TestDefaultProjectId.setUpClass. Invoking tearDownClass.
2016-08-11 19:34:25.378 61956 INFO tempest.test [-] <class 'tempest.exceptions.InvalidConfiguration'> raised in AbsoluteLimitsTestJSON.setUpClass. Invoking tearDownClass.
2016-08-11 19:34:25.379 61955 INFO tempest.test [-] <class 'tempest.exceptions.InvalidConfiguration'> raised in DomainsTestJSON.setUpClass. Invoking tearDownClass.
2016-08-11 19:34:25.379 61951 INFO tempest.test [-] <class 'tempest.exceptions.InvalidConfiguration'> raised in ServersTestJSON.setUpClass. Invoking tearDownClass.
2016-08-11 19:34:25.386 61955 INFO tempest.test [-] <class 'tempest.exceptions.InvalidConfiguration'> raised in GroupsV3TestJSON.setUpClass. Invoking tearDownClass.
2016-08-11 19:34:25.386 61956 INFO tempest.test [-] <class 'tempest.exceptions.InvalidConfiguration'> raised in InstanceActionsNegativeTestJSON.setUpClass. Invoking tearDownClass.
2016-08-11 19:34:25.387 61952 INFO tempest.test [-] <class 'tempest.exceptions.InvalidConfiguration'> raised in ImagesMetadataTestJSON.setUpClass. Invoking tearDownClass.
2016-08-11 19:34:25.388 61955 INFO tempest.test [-] <class 'tempest.exceptions.InvalidConfiguration'> raised in InheritsV3TestJSON.setUpClass. Invoking tearDownClass.
2016-08-11 19:34:25.388 61956 INFO tempest.test [-] <class 'tempest.exceptions.InvalidConfiguration'> raised in ServerActionsTestJSON.setUpClass. Invoking tearDownClass.
2016-08-11 19:34:25.390 61951 INFO tempest.test [-] <class 'tempest.exceptions.InvalidConfiguration'> raised in VirtualInterfacesTestJSON.setUpClass. Invoking tearDownClass.
2016-08-11 19:34:25.390 61952 INFO tempest.test [-] <class 'tempest.exceptions.InvalidConfiguration'> raised in KeyPairsNegativeTestJSON.setUpClass. Invoking tearDownClass.
2016-08-11 19:34:25.391 61955 INFO tempest.test [-] <class 'tempest.exceptions.InvalidConfiguration'> raised in QuotasTest.setUpClass. Invoking tearDownClass.
2016-08-11 19:34:25.392 61956 INFO tempest.test [-] <class 'tempest.exceptions.InvalidConfiguration'> raised in ServerMetadataTestJSON.setUpClass. Invoking tearDownClass.
2016-08-11 19:34:25.394 61952 INFO tempest.test [-] <class 'tempest.exceptions.InvalidConfiguration'> raised in DeleteServersAdminTestJSON.setUpClass. Invoking tearDownClass.
2016-08-11 19:34:25.394 61951 INFO tempest.test [-] <class 'tempest.exceptions.InvalidConfiguration'> raised in ComputeTenantNetworksTest.setUpClass. Invoking tearDownClass.
2016-08-11 19:34:25.394 61955 INFO tempest.test [-] <class 'tempest.exceptions.InvalidConfiguration'> raised in AllowedAddressPairIpV6TestJSON.setUpClass. Invoking tearDownClass.
2016-08-11 19:34:25.396 61956 INFO tempest.test [-] <class 'tempest.exceptions.InvalidConfiguration'> raised in VolumesTestJSON.setUpClass. Invoking tearDownClass.
2016-08-11 19:34:25.396 61952 INFO tempest.test [-] <class 'tempest.exceptions.InvalidConfiguration'> raised in ListServerFiltersTestJSON.setUpClass. Invoking tearDownClass.
2016-08-11 19:34:25.398 61955 INFO tempest.test [-] <class 'tempest.exceptions.InvalidConfiguration'> raised in RoutersTest.setUpClass. Invoking tearDownClass.
2016-08-11 19:34:25.398 61956 INFO tempest.test [-] <class 'tempest.exceptions.InvalidConfiguration'> raised in VolumesNegativeTest.setUpClass. Invoking tearDownClass.
2016-08-11 19:34:25.398 61951 INFO tempest.test [-] <class 'tempest.exceptions.InvalidConfiguration'> raised in RolesNegativeTestJSON.setUpClass. Invoking tearDownClass.
2016-08-11 19:34:25.400 61956 INFO tempest.test [-] <class 'tempest.exceptions.InvalidConfiguration'> raised in ServicesTestJSON.setUpClass. Invoking tearDownClass.
2016-08-11 19:34:25.401 61951 INFO tempest.test [-] <class 'tempest.exceptions.InvalidConfiguration'> raised in ListProjectsTestJSON.setUpClass. Invoking tearDownClass.
2016-08-11 19:34:25.401 61952 INFO tempest.test [-] <class 'tempest.exceptions.InvalidConfiguration'> raised in ExtensionsTestJSON.setUpClass. Invoking tearDownClass.
2016-08-11 19:34:25.402 61956 INFO tempest.test [-] <class 'tempest.exceptions.InvalidConfiguration'> raised in TenantsNegativeTestJSON.setUpClass. Invoking tearDownClass.
2016-08-11 19:34:25.402 61949 INFO tempest.test [-] <class 'tempest.exceptions.InvalidConfiguration'> raised in FlavorsExtraSpecsTestJSON.setUpClass. Invoking tearDownClass.
2016-08-11 19:34:25.402 61951 INFO tempest.test [-] <class 'tempest.exceptions.InvalidConfiguration'> raised in UsersV3TestJSON.setUpClass. Invoking tearDownClass.
2016-08-11 19:34:25.404 61956 INFO tempest.test [-] <class 'tempest.exceptions.InvalidConfiguration'> raised in UsersTestJSON.setUpClass. Invoking tearDownClass.
2016-08-11 19:34:25.404 61951 INFO tempest.test [-] <class 'tempest.exceptions.InvalidConfiguration'> raised in ProjectsTestJSON.setUpClass. Invoking tearDownClass.
2016-08-11 19:34:25.405 61952 INFO tempest.test [-] <class 'tempest.exceptions.InvalidConfiguration'> raised in TenantsTestJSON.setUpClass. Invoking tearDownClass.
2016-08-11 19:34:25.406 61955 INFO tempest.test [-] <class 'tempest.exceptions.InvalidConfiguration'> raised in RoutersNegativeIpV6Test.setUpClass. Invoking tearDownClass.
2016-08-11 19:34:25.406 61949 INFO tempest.test [-] <class 'tempest.exceptions.InvalidConfiguration'> raised in MigrationsAdminTest.setUpClass. Invoking tearDownClass.
2016-08-11 19:34:25.407 61956 INFO tempest.test [-] <class 'tempest.exceptions.InvalidConfiguration'> raised in TestApiDiscovery.setUpClass. Invoking tearDownClass.
2016-08-11 19:34:25.408 61949 INFO tempest.test [-] <class 'tempest.exceptions.InvalidConfiguration'> raised in QuotaClassesAdminTestJSON.setUpClass. Invoking tearDownClass.
2016-08-11 19:34:25.408 61952 INFO tempest.test [-] <class 'tempest.exceptions.InvalidConfiguration'> raised in PoliciesTestJSON.setUpClass. Invoking tearDownClass.
2016-08-11 19:34:25.409 61951 INFO tempest.test [-] <class 'tempest.exceptions.InvalidConfiguration'> raised in ImagesNegativeTest.setUpClass. Invoking tearDownClass.
2016-08-11 19:34:25.409 61949 INFO tempest.test [-] <class 'unittest2.case.SkipTest'> raised in SecurityGroupDefaultRulesTest.setUpClass. Invoking tearDownClass.
2016-08-11 19:34:25.410 61949 INFO tempest.test [-] <class 'tempest.exceptions.InvalidConfiguration'> raised in SecurityGroupsTestAdminJSON.setUpClass. Invoking tearDownClass.
2016-08-11 19:34:25.410 61952 INFO tempest.test [-] <class 'tempest.exceptions.InvalidConfiguration'> raised in ServicesTestJSON.setUpClass. Invoking tearDownClass.
2016-08-11 19:34:25.411 61951 INFO tempest.test [-] <class 'tempest.exceptions.InvalidConfiguration'> raised in ImagesTagsNegativeTest.setUpClass. Invoking tearDownClass.
2016-08-11 19:34:25.412 61952 INFO tempest.test [-] <class 'tempest.exceptions.InvalidConfiguration'> raised in TrustsV3TestJSON.setUpClass. Invoking tearDownClass.
2016-08-11 19:34:25.413 61949 INFO tempest.test [-] <class 'tempest.exceptions.InvalidConfiguration'> raised in FloatingIPsNegativeTestJSON.setUpClass. Invoking tearDownClass.
2016-08-11 19:34:25.414 61951 INFO tempest.test [-] <class 'tempest.exceptions.InvalidConfiguration'> raised in L3AgentSchedulerTestJSON.setUpClass. Invoking tearDownClass.
2016-08-11 19:34:25.414 61952 INFO tempest.test [-] <class 'tempest.exceptions.InvalidConfiguration'> raised in UsersNegativeTest.setUpClass. Invoking tearDownClass.
2016-08-11 19:34:25.415 61949 INFO tempest.test [-] <class 'tempest.exceptions.InvalidConfiguration'> raised in ListImagesTestJSON.setUpClass. Invoking tearDownClass.
2016-08-11 19:34:25.416 61952 INFO tempest.test [-] <class 'tempest.exceptions.InvalidConfiguration'> raised in EC2CredentialsTest.setUpClass. Invoking tearDownClass.
2016-08-11 19:34:25.416 61951 INFO tempest.test [-] <class 'tempest.exceptions.InvalidConfiguration'> raised in MeteringIpV6TestJSON.setUpClass. Invoking tearDownClass.
2016-08-11 19:34:25.417 61949 INFO tempest.test [-] <class 'tempest.exceptions.InvalidConfiguration'> raised in AZV2TestJSON.setUpClass. Invoking tearDownClass.
2016-08-11 19:34:25.419 61949 INFO tempest.test [-] <class 'tempest.exceptions.InvalidConfiguration'> raised in ServersWithSpecificFlavorTestJSON.setUpClass. Invoking tearDownClass.
2016-08-11 19:34:25.419 61951 INFO tempest.test [-] <class 'tempest.exceptions.InvalidConfiguration'> raised in NetworksTest.setUpClass. Invoking tearDownClass.
2016-08-11 19:34:25.421 61952 INFO tempest.test [-] <class 'tempest.exceptions.InvalidConfiguration'> raised in ExtraDHCPOptionsTestJSON.setUpClass. Invoking tearDownClass.
2016-08-11 19:34:25.422 61949 INFO tempest.test [-] <class 'tempest.exceptions.InvalidConfiguration'> raised in InstanceActionsTestJSON.setUpClass. Invoking tearDownClass.
2016-08-11 19:34:25.424 61949 INFO tempest.test [-] <class 'tempest.exceptions.InvalidConfiguration'> raised in MultipleCreateNegativeTestJSON.setUpClass. Invoking tearDownClass.
2016-08-11 19:34:25.426 61952 INFO tempest.test [-] <class 'tempest.exceptions.InvalidConfiguration'> raised in SecGroupTest.setUpClass. Invoking tearDownClass.
2016-08-11 19:34:25.426 61949 INFO tempest.test [-] <class 'tempest.exceptions.InvalidConfiguration'> raised in ServerGroupTestJSON.setUpClass. Invoking tearDownClass.
2016-08-11 19:34:25.428 61949 INFO tempest.test [-] <class 'tempest.exceptions.InvalidConfiguration'> raised in ServersTestJSON.setUpClass. Invoking tearDownClass.
2016-08-11 19:34:25.428 61952 INFO tempest.test [-] <class 'tempest.exceptions.InvalidConfiguration'> raised in TestSnapshotPattern.setUpClass. Invoking tearDownClass.
2016-08-11 19:34:25.430 61949 INFO tempest.test [-] <class 'tempest.exceptions.InvalidConfiguration'> raised in ServersNegativeTestJSON.setUpClass. Invoking tearDownClass.
2016-08-11 19:34:25.432 61952 INFO tempest.test [-] <class 'tempest.exceptions.InvalidConfiguration'> raised in TestVolumeBootPattern.setUpClass. Invoking tearDownClass.
2016-08-11 19:34:25.436 61949 INFO tempest.test [-] <class 'tempest.exceptions.InvalidConfiguration'> raised in DefaultDomainTestJSON.setUpClass. Invoking tearDownClass.
2016-08-11 19:34:25.436 61951 INFO tempest.test [-] <class 'tempest.exceptions.InvalidConfiguration'> raised in PortsAdminExtendedAttrsTestJSON.setUpClass. Invoking tearDownClass.
2016-08-11 19:34:25.437 61949 INFO tempest.test [-] <class 'tempest.exceptions.InvalidConfiguration'> raised in EndpointsNegativeTestJSON.setUpClass. Invoking tearDownClass.
2016-08-11 19:34:25.439 61949 INFO tempest.test [-] <class 'tempest.exceptions.InvalidConfiguration'> raised in RegionsTestJSON.setUpClass. Invoking tearDownClass.
2016-08-11 19:34:25.439 61955 INFO tempest.test [-] <class 'tempest.exceptions.InvalidConfiguration'> raised in TestAggregatesBasicOps.setUpClass. Invoking tearDownClass.
2016-08-11 19:34:25.442 61953 INFO tempest.test [-] <class 'tempest.exceptions.InvalidConfiguration'> raised in AggregatesAdminTestJSON.setUpClass. Invoking tearDownClass.
2016-08-11 19:34:25.444 61956 INFO tempest.test [-] <class 'tempest.exceptions.InvalidConfiguration'> raised in CreateRegisterImagesTest.setUpClass. Invoking tearDownClass.
2016-08-11 19:34:25.446 61953 INFO tempest.test [-] <class 'tempest.exceptions.InvalidConfiguration'> raised in AZAdminNegativeTestJSON.setUpClass. Invoking tearDownClass.
2016-08-11 19:34:25.449 61953 INFO tempest.test [-] <class 'tempest.exceptions.InvalidConfiguration'> raised in HypervisorAdminNegativeTestJSON.setUpClass. Invoking tearDownClass.
2016-08-11 19:34:25.451 61953 INFO tempest.test [-] <class 'tempest.exceptions.InvalidConfiguration'> raised in InstanceUsageAuditLogTestJSON.setUpClass. Invoking tearDownClass.
2016-08-11 19:34:25.453 61953 INFO tempest.test [-] <class 'tempest.exceptions.InvalidConfiguration'> raised in NetworksTest.setUpClass. Invoking tearDownClass.
2016-08-11 19:34:25.455 61953 INFO tempest.test [-] <class 'tempest.exceptions.InvalidConfiguration'> raised in TenantUsagesTestJSON.setUpClass. Invoking tearDownClass.
2016-08-11 19:34:25.458 61953 INFO tempest.test [-] <class 'tempest.exceptions.InvalidConfiguration'> raised in ImagesTestJSON.setUpClass. Invoking tearDownClass.
2016-08-11 19:34:25.459 61949 INFO tempest.test [-] <class 'tempest.exceptions.InvalidConfiguration'> raised in TokensTest.setUpClass. Invoking tearDownClass.
2016-08-11 19:34:25.460 61953 INFO tempest.test [-] <class 'tempest.exceptions.InvalidConfiguration'> raised in ImagesNegativeTestJSON.setUpClass. Invoking tearDownClass.
2016-08-11 19:34:25.462 61953 INFO tempest.test [-] <class 'tempest.exceptions.InvalidConfiguration'> raised in AbsoluteLimitsNegativeTestJSON.setUpClass. Invoking tearDownClass.
2016-08-11 19:34:25.463 61955 INFO tempest.test [-] <class 'tempest.exceptions.InvalidConfiguration'> raised in TestServerBasicOps.setUpClass. Invoking tearDownClass.
2016-08-11 19:34:25.464 61953 INFO tempest.test [-] <class 'tempest.exceptions.InvalidConfiguration'> raised in ServerDiskConfigTestJSON.setUpClass. Invoking tearDownClass.
2016-08-11 19:34:25.469 61953 INFO tempest.test [-] <class 'tempest.exceptions.InvalidConfiguration'> raised in AttachVolumeTestJSON.setUpClass. Invoking tearDownClass.
2016-08-11 19:34:25.471 61951 INFO tempest.test [-] <class 'tempest.exceptions.InvalidConfiguration'> raised in PortsIpV6TestJSON.setUpClass. Invoking tearDownClass.
2016-08-11 19:34:25.474 61956 INFO tempest.test [-] <class 'tempest.exceptions.InvalidConfiguration'> raised in MetadataNamespacesTest.setUpClass. Invoking tearDownClass.
2016-08-11 19:34:25.474 61953 INFO tempest.test [-] <class 'tempest.exceptions.InvalidConfiguration'> raised in RolesTestJSON.setUpClass. Invoking tearDownClass.
2016-08-11 19:34:25.477 61953 INFO tempest.test [-] <class 'tempest.exceptions.InvalidConfiguration'> raised in TokensTestJSON.setUpClass. Invoking tearDownClass.
2016-08-11 19:34:25.481 61953 INFO tempest.test [-] <class 'tempest.exceptions.InvalidConfiguration'> raised in DomainsNegativeTestJSON.setUpClass. Invoking tearDownClass.
2016-08-11 19:34:25.484 61953 INFO tempest.test [-] <class 'tempest.exceptions.InvalidConfiguration'> raised in ExtensionTestJSON.setUpClass. Invoking tearDownClass.
2016-08-11 19:34:25.486 61953 INFO tempest.test [-] <class 'tempest.exceptions.InvalidConfiguration'> raised in CreateDeleteImagesNegativeTest.setUpClass. Invoking tearDownClass.
2016-08-11 19:34:25.486 61949 INFO tempest.test [-] <class 'tempest.exceptions.InvalidConfiguration'> raised in BasicAdminOperationsImagesTest.setUpClass. Invoking tearDownClass.
2016-08-11 19:34:25.488 61953 INFO tempest.test [-] <class 'tempest.exceptions.InvalidConfiguration'> raised in BasicOperationsImagesTest.setUpClass. Invoking tearDownClass.
2016-08-11 19:34:25.491 61953 INFO tempest.test [-] <class 'tempest.exceptions.InvalidConfiguration'> raised in AgentManagementTestJSON.setUpClass. Invoking tearDownClass.
2016-08-11 19:34:25.495 61955 INFO tempest.test [-] <class 'tempest.exceptions.InvalidConfiguration'> raised in TestVolumeBootPatternV2.setUpClass. Invoking tearDownClass.
2016-08-11 19:34:25.503 61951 INFO tempest.test [-] <class 'tempest.exceptions.InvalidConfiguration'> raised in TestMinimumBasicScenario.setUpClass. Invoking tearDownClass.
2016-08-11 19:34:25.505 61956 INFO tempest.test [-] <class 'tempest.exceptions.InvalidConfiguration'> raised in ImagesTagsTest.setUpClass. Invoking tearDownClass.
2016-08-11 19:34:25.515 61953 INFO tempest.test [-] <class 'tempest.exceptions.InvalidConfiguration'> raised in NetworksNegativeTestJSON.setUpClass. Invoking tearDownClass.
2016-08-11 19:34:25.554 61956 INFO tempest.test [-] <class 'tempest.exceptions.InvalidConfiguration'> raised in ExternalNetworksTestJSON.setUpClass. Invoking tearDownClass.
2016-08-11 19:34:25.570 61953 INFO tempest.test [-] <class 'tempest.exceptions.InvalidConfiguration'> raised in DvrRoutersTest.setUpClass. Invoking tearDownClass.
2016-08-11 19:34:25.577 61949 INFO tempest.test [-] <class 'tempest.exceptions.InvalidConfiguration'> raised in DHCPAgentSchedulersTestJSON.setUpClass. Invoking tearDownClass.
2016-08-11 19:34:25.589 61953 INFO tempest.test [-] <class 'tempest.exceptions.InvalidConfiguration'> raised in RoutersNegativeTest.setUpClass. Invoking tearDownClass.
2016-08-11 19:34:25.602 61949 INFO tempest.test [-] <class 'tempest.exceptions.InvalidConfiguration'> raised in AllowedAddressPairTestJSON.setUpClass. Invoking tearDownClass.
2016-08-11 19:34:25.610 61953 INFO tempest.test [-] <class 'tempest.exceptions.InvalidConfiguration'> raised in NegativeSecGroupIPv6Test.setUpClass. Invoking tearDownClass.
2016-08-11 19:34:25.623 61949 INFO tempest.test [-] <class 'tempest.exceptions.InvalidConfiguration'> raised in PortsAdminExtendedAttrsIpV6TestJSON.setUpClass. Invoking tearDownClass.
2016-08-11 19:34:25.635 61953 INFO tempest.test [-] <class 'tempest.exceptions.InvalidConfiguration'> raised in TestObjectStorageBasicOps.setUpClass. Invoking tearDownClass.
2016-08-11 19:34:25.648 61949 INFO tempest.test [-] <class 'tempest.exceptions.InvalidConfiguration'> raised in SecGroupIPv6Test.setUpClass. Invoking tearDownClass.
2016-08-11 19:34:25.667 61949 INFO tempest.test [-] <class 'tempest.exceptions.InvalidConfiguration'> raised in ServiceTypeManagementTestJSON.setUpClass. Invoking tearDownClass.
2016-08-11 19:34:25.692 61949 INFO tempest.test [-] <class 'tempest.exceptions.InvalidConfiguration'> raised in TestStampPattern.setUpClass. Invoking tearDownClass.
2016-08-11 19:34:25.856 61950 INFO tempest.lib.common.rest_client [req-2c18728b-7e02-4e1f-ac81-bfa0baa16eee ] Request (QuotasAdminNegativeTestJSON:setUpClass): 200 POST https://dal-iaas-001-api-endpoint.prod.walmart.com:5443/v2.0/tokens
2016-08-11 19:34:25.883 61954 INFO tempest.lib.common.rest_client [req-7ab82135-ea48-44da-8c9f-e07dbeb82576 ] Request (QuotasAdminTestJSON:setUpClass): 200 POST https://dal-iaas-001-api-endpoint.prod.walmart.com:5443/v2.0/tokens
2016-08-11 19:34:26.070 61956 INFO tempest.lib.common.rest_client [req-62c68bb2-839f-4c16-a820-afd03ca7e0b2 ] Request (QuotasNegativeTest:setUpClass): 200 POST https://dal-iaas-001-api-endpoint.prod.walmart.com:5443/v2.0/tokens
2016-08-11 19:34:26.323 61950 INFO tempest.lib.common.rest_client [req-dc1611bd-a485-48d6-a47f-ff64901ea577 ] Request (QuotasAdminNegativeTestJSON:setUpClass): 200 POST https://dal-iaas-001-api-endpoint.prod.walmart.com:5443/v2.0/tokens
2016-08-11 19:34:26.345 61954 INFO tempest.lib.common.rest_client [req-fa80e072-15bd-4f8a-ab80-b1401585cbb2 ] Request (QuotasAdminTestJSON:setUpClass): 200 POST https://dal-iaas-001-api-endpoint.prod.walmart.com:5443/v2.0/tokens
2016-08-11 19:34:26.556 61956 INFO tempest.lib.common.rest_client [req-078042e4-db64-4a26-95c6-ee0772f4e549 ] Request (QuotasNegativeTest:setUpClass): 200 POST https://dal-iaas-001-api-endpoint.prod.walmart.com:5443/v2.0/tokens
2016-08-11 19:34:27.183 61950 INFO tempest.lib.common.rest_client [req-eb8a73fb-9473-4a56-9176-1f8009c6c391 ] Request (QuotasAdminNegativeTestJSON:setUpClass): 200 POST https://dal-iaas-001-api-endpoint.prod.walmart.com:35357/v2.0/tenants 0.856s
2016-08-11 19:34:27.184 61954 INFO tempest.lib.common.rest_client [req-7e509132-f38b-4b3c-afcc-fa7124af83b3 ] Request (QuotasAdminTestJSON:setUpClass): 200 POST https://dal-iaas-001-api-endpoint.prod.walmart.com:35357/v2.0/tenants 0.835s
2016-08-11 19:34:27.321 61956 INFO tempest.lib.common.rest_client [req-61c23ddb-d9d9-47f1-b67e-ec62aea41bdc ] Request (QuotasNegativeTest:setUpClass): 200 POST https://dal-iaas-001-api-endpoint.prod.walmart.com:35357/v2.0/tenants 0.764s
2016-08-11 19:34:28.124 61954 INFO tempest.lib.common.rest_client [req-20ea08d3-74c0-4080-8f37-c2738ec29ce3 ] Request (QuotasAdminTestJSON:setUpClass): 200 POST https://dal-iaas-001-api-endpoint.prod.walmart.com:35357/v2.0/users 0.933s
2016-08-11 19:34:28.169 61950 INFO tempest.lib.common.rest_client [req-d3018d55-ec74-472c-9750-1206dd883aa5 ] Request (QuotasAdminNegativeTestJSON:setUpClass): 200 POST https://dal-iaas-001-api-endpoint.prod.walmart.com:35357/v2.0/users 0.978s
2016-08-11 19:34:28.237 61956 INFO tempest.lib.common.rest_client [req-a562da2b-559f-4b9c-95bc-8a2982b4281a ] Request (QuotasNegativeTest:setUpClass): 200 POST https://dal-iaas-001-api-endpoint.prod.walmart.com:35357/v2.0/users 0.913s
2016-08-11 19:34:28.867 61954 INFO tempest.lib.common.rest_client [req-78f3352c-1984-4c64-9be7-a83dca5e95d6 ] Request (QuotasAdminTestJSON:setUpClass): 200 GET https://dal-iaas-001-api-endpoint.prod.walmart.com:35357/v2.0/OS-KSADM/roles 0.742s
2016-08-11 19:34:28.917 61950 INFO tempest.lib.common.rest_client [req-7aec3bbb-aeee-4fb6-bc02-8cd0a4daa2a3 ] Request (QuotasAdminNegativeTestJSON:setUpClass): 200 GET https://dal-iaas-001-api-endpoint.prod.walmart.com:35357/v2.0/OS-KSADM/roles 0.747s
2016-08-11 19:34:29.064 61956 INFO tempest.lib.common.rest_client [req-a869b825-2940-46ee-923f-ea4a91e684c6 ] Request (QuotasNegativeTest:setUpClass): 200 GET https://dal-iaas-001-api-endpoint.prod.walmart.com:35357/v2.0/OS-KSADM/roles 0.826s
2016-08-11 19:34:29.690 61954 INFO tempest.lib.common.rest_client [req-1120b35f-a228-4ef8-b836-9949948260ed ] Request (QuotasAdminTestJSON:setUpClass): 409 PUT https://dal-iaas-001-api-endpoint.prod.walmart.com:35357/v2.0/tenants/f06820d7626b4d17a6e3b2d58e0fe66b/users/1278b28b69244fe1a8c8f508705e8430/roles/OS-KSADM/9fe2ff9ee4384b1894a90878d3e92bab 0.822s
2016-08-11 19:34:29.691 61954 INFO tempest.common.dynamic_creds [-] Acquired dynamic creds:
 credentials: Credentials: {'username': u'tempest-QuotasAdminTestJSON-554275289', 'project_name': u'tempest-QuotasAdminTestJSON-554275289', 'user_id': u'1278b28b69244fe1a8c8f508705e8430', 'tenant_name': u'tempest-QuotasAdminTestJSON-554275289', 'tenant_id': u'f06820d7626b4d17a6e3b2d58e0fe66b', 'project_id': u'f06820d7626b4d17a6e3b2d58e0fe66b'}, Network: None, Subnet: None, Router: None
2016-08-11 19:34:29.791 61950 INFO tempest.lib.common.rest_client [req-c067bc80-67b8-4e24-9464-ce3aec9e2f78 ] Request (QuotasAdminNegativeTestJSON:setUpClass): 409 PUT https://dal-iaas-001-api-endpoint.prod.walmart.com:35357/v2.0/tenants/a2cc1a83a0864cc7b0ceb940928ee612/users/30fe8d4f107d4c999b07c99dee940a89/roles/OS-KSADM/9fe2ff9ee4384b1894a90878d3e92bab 0.873s
2016-08-11 19:34:29.792 61950 INFO tempest.common.dynamic_creds [-] Acquired dynamic creds:
 credentials: Credentials: {'username': u'tempest-QuotasAdminNegativeTestJSON-503153642', 'project_name': u'tempest-QuotasAdminNegativeTestJSON-503153642', 'user_id': u'30fe8d4f107d4c999b07c99dee940a89', 'tenant_name': u'tempest-QuotasAdminNegativeTestJSON-503153642', 'tenant_id': u'a2cc1a83a0864cc7b0ceb940928ee612', 'project_id': u'a2cc1a83a0864cc7b0ceb940928ee612'}, Network: None, Subnet: None, Router: None
2016-08-11 19:34:30.116 61956 INFO tempest.lib.common.rest_client [req-c5e43713-0b64-4065-8dcf-d84e03cfd299 ] Request (QuotasNegativeTest:setUpClass): 409 PUT https://dal-iaas-001-api-endpoint.prod.walmart.com:35357/v2.0/tenants/9cf805b5e9c049f58e0918dadc5130dd/users/d1bc3ab005674727b7ba8900e4758ba5/roles/OS-KSADM/9fe2ff9ee4384b1894a90878d3e92bab 1.051s
2016-08-11 19:34:30.116 61956 INFO tempest.common.dynamic_creds [-] Acquired dynamic creds:
 credentials: Credentials: {'username': u'tempest-QuotasNegativeTest-104041930', 'project_name': u'tempest-QuotasNegativeTest-104041930', 'user_id': u'd1bc3ab005674727b7ba8900e4758ba5', 'tenant_name': u'tempest-QuotasNegativeTest-104041930', 'tenant_id': u'9cf805b5e9c049f58e0918dadc5130dd', 'project_id': u'9cf805b5e9c049f58e0918dadc5130dd'}, Network: None, Subnet: None, Router: None
2016-08-11 19:34:30.438 61954 INFO tempest.lib.common.rest_client [req-9eae573e-f143-413e-9edd-ad8692e9e550 ] Request (QuotasAdminTestJSON:setUpClass): 200 POST https://dal-iaas-001-api-endpoint.prod.walmart.com:35357/v2.0/tenants 0.740s
2016-08-11 19:34:30.626 61950 INFO tempest.lib.common.rest_client [req-d715fb3b-a0e1-4c19-9884-ce30d2ad9e6c ] Request (QuotasAdminNegativeTestJSON:setUpClass): 200 POST https://dal-iaas-001-api-endpoint.prod.walmart.com:35357/v2.0/tenants 0.828s
2016-08-11 19:34:30.841 61956 INFO tempest.lib.common.rest_client [req-9362e586-1a71-4008-8d76-d66d480e3d5a ] Request (QuotasNegativeTest:setUpClass): 200 POST https://dal-iaas-001-api-endpoint.prod.walmart.com:35357/v2.0/tenants 0.719s
2016-08-11 19:34:31.321 61954 INFO tempest.lib.common.rest_client [req-08453ca5-856c-4f43-812b-cf0170b6e36a ] Request (QuotasAdminTestJSON:setUpClass): 200 POST https://dal-iaas-001-api-endpoint.prod.walmart.com:35357/v2.0/users 0.882s
2016-08-11 19:34:31.464 61950 INFO tempest.lib.common.rest_client [req-bc8e22bd-7d18-4812-83c5-4474b7ddd302 ] Request (QuotasAdminNegativeTestJSON:setUpClass): 200 POST https://dal-iaas-001-api-endpoint.prod.walmart.com:35357/v2.0/users 0.836s
2016-08-11 19:34:31.597 61956 INFO tempest.lib.common.rest_client [req-9509af0f-4c41-4a8a-967d-57bfe3a4c063 ] Request (QuotasNegativeTest:setUpClass): 200 POST https://dal-iaas-001-api-endpoint.prod.walmart.com:35357/v2.0/users 0.756s
2016-08-11 19:34:32.066 61954 INFO tempest.lib.common.rest_client [req-2f2babe3-53dd-4356-891d-a87fad949654 ] Request (QuotasAdminTestJSON:setUpClass): 200 GET https://dal-iaas-001-api-endpoint.prod.walmart.com:35357/v2.0/OS-KSADM/roles 0.744s
2016-08-11 19:34:32.302 61950 INFO tempest.lib.common.rest_client [req-306387c7-450d-4806-bc0a-6c0d006dfed0 ] Request (QuotasAdminNegativeTestJSON:setUpClass): 200 GET https://dal-iaas-001-api-endpoint.prod.walmart.com:35357/v2.0/OS-KSADM/roles 0.838s
2016-08-11 19:34:32.425 61956 INFO tempest.lib.common.rest_client [req-dd7eb937-6356-4ece-a86b-09df1e20d1b6 ] Request (QuotasNegativeTest:setUpClass): 200 GET https://dal-iaas-001-api-endpoint.prod.walmart.com:35357/v2.0/OS-KSADM/roles 0.827s
2016-08-11 19:34:32.851 61954 INFO tempest.lib.common.rest_client [req-be2bfc4a-1440-4377-995a-7c9336f6619a ] Request (QuotasAdminTestJSON:setUpClass): 200 PUT https://dal-iaas-001-api-endpoint.prod.walmart.com:35357/v2.0/tenants/8cf1d589f8a64be5939a5472324fd3c7/users/0dff55e0cf224805b73ee0df2c3551da/roles/OS-KSADM/b5b0387bbe864c43a2999e531988bb8f 0.784s
2016-08-11 19:34:33.097 61950 INFO tempest.lib.common.rest_client [req-313ee98c-9705-4a86-bc48-6ee91f2a6d6f ] Request (QuotasAdminNegativeTestJSON:setUpClass): 200 PUT https://dal-iaas-001-api-endpoint.prod.walmart.com:35357/v2.0/tenants/cc83f72e701b4085986dc75363078efb/users/8c2817cf77fe4bb4921864931e21c5c4/roles/OS-KSADM/b5b0387bbe864c43a2999e531988bb8f 0.794s
2016-08-11 19:34:33.288 61956 INFO tempest.lib.common.rest_client [req-219cc999-113f-4fa9-8cc8-0ac181774e60 ] Request (QuotasNegativeTest:setUpClass): 200 PUT https://dal-iaas-001-api-endpoint.prod.walmart.com:35357/v2.0/tenants/046849010c284a26891e1d4c5853597c/users/c010783222404edb86fc067f4cbbfbe4/roles/OS-KSADM/b5b0387bbe864c43a2999e531988bb8f 0.862s
2016-08-11 19:34:33.675 61954 INFO tempest.lib.common.rest_client [req-9d49cb7c-d234-48d6-8312-34186ff78784 ] Request (QuotasAdminTestJSON:setUpClass): 200 GET https://dal-iaas-001-api-endpoint.prod.walmart.com:35357/v2.0/OS-KSADM/roles 0.824s
2016-08-11 19:34:33.938 61950 INFO tempest.lib.common.rest_client [req-81627a5b-2086-4afd-abac-d9a95c62539f ] Request (QuotasAdminNegativeTestJSON:setUpClass): 200 GET https://dal-iaas-001-api-endpoint.prod.walmart.com:35357/v2.0/OS-KSADM/roles 0.840s
2016-08-11 19:34:34.054 61956 INFO tempest.lib.common.rest_client [req-ab4837b4-bae8-449d-bb23-cef1c0639119 ] Request (QuotasNegativeTest:setUpClass): 200 GET https://dal-iaas-001-api-endpoint.prod.walmart.com:35357/v2.0/OS-KSADM/roles 0.765s
2016-08-11 19:34:34.396 61954 INFO tempest.lib.common.rest_client [req-b212e718-1438-4eb4-af61-d903b9c3cc0b ] Request (QuotasAdminTestJSON:setUpClass): 409 PUT https://dal-iaas-001-api-endpoint.prod.walmart.com:35357/v2.0/tenants/8cf1d589f8a64be5939a5472324fd3c7/users/0dff55e0cf224805b73ee0df2c3551da/roles/OS-KSADM/9fe2ff9ee4384b1894a90878d3e92bab 0.720s
2016-08-11 19:34:34.397 61954 INFO tempest.common.dynamic_creds [-] Acquired dynamic creds:
 credentials: Credentials: {'username': u'tempest-QuotasAdminTestJSON-1740075157', 'project_name': u'tempest-QuotasAdminTestJSON-1740075157', 'user_id': u'0dff55e0cf224805b73ee0df2c3551da', 'tenant_name': u'tempest-QuotasAdminTestJSON-1740075157', 'tenant_id': u'8cf1d589f8a64be5939a5472324fd3c7', 'project_id': u'8cf1d589f8a64be5939a5472324fd3c7'}, Network: None, Subnet: None, Router: None
2016-08-11 19:34:34.737 61950 INFO tempest.lib.common.rest_client [req-5473f671-95c2-4860-b7f7-6574a7f80849 ] Request (QuotasAdminNegativeTestJSON:setUpClass): 409 PUT https://dal-iaas-001-api-endpoint.prod.walmart.com:35357/v2.0/tenants/cc83f72e701b4085986dc75363078efb/users/8c2817cf77fe4bb4921864931e21c5c4/roles/OS-KSADM/9fe2ff9ee4384b1894a90878d3e92bab 0.798s
2016-08-11 19:34:34.737 61950 INFO tempest.common.dynamic_creds [-] Acquired dynamic creds:
 credentials: Credentials: {'username': u'tempest-QuotasAdminNegativeTestJSON-1251698054', 'project_name': u'tempest-QuotasAdminNegativeTestJSON-1251698054', 'user_id': u'8c2817cf77fe4bb4921864931e21c5c4', 'tenant_name': u'tempest-QuotasAdminNegativeTestJSON-1251698054', 'tenant_id': u'cc83f72e701b4085986dc75363078efb', 'project_id': u'cc83f72e701b4085986dc75363078efb'}, Network: None, Subnet: None, Router: None
2016-08-11 19:34:34.816 61954 INFO tempest.lib.common.rest_client [req-49bb05b4-eb5f-4838-8e09-2380f3e5e90f ] Request (QuotasAdminTestJSON:test_delete_quota): 200 POST https://dal-iaas-001-api-endpoint.prod.walmart.com:5443/v2.0/tokens
2016-08-11 19:34:34.948 61956 INFO tempest.lib.common.rest_client [req-cebc9fbf-e145-4f18-abfe-5853c5d0e276 ] Request (QuotasNegativeTest:setUpClass): 409 PUT https://dal-iaas-001-api-endpoint.prod.walmart.com:35357/v2.0/tenants/046849010c284a26891e1d4c5853597c/users/c010783222404edb86fc067f4cbbfbe4/roles/OS-KSADM/9fe2ff9ee4384b1894a90878d3e92bab 0.893s
2016-08-11 19:34:34.948 61956 INFO tempest.common.dynamic_creds [-] Acquired dynamic creds:
 credentials: Credentials: {'username': u'tempest-QuotasNegativeTest-1413902699', 'project_name': u'tempest-QuotasNegativeTest-1413902699', 'user_id': u'c010783222404edb86fc067f4cbbfbe4', 'tenant_name': u'tempest-QuotasNegativeTest-1413902699', 'tenant_id': u'046849010c284a26891e1d4c5853597c', 'project_id': u'046849010c284a26891e1d4c5853597c'}, Network: None, Subnet: None, Router: None
2016-08-11 19:34:35.200 61950 INFO tempest.lib.common.rest_client [req-a4913a60-645a-4b88-af80-8b02afcef2f8 ] Request (QuotasAdminNegativeTestJSON:test_create_server_when_cpu_quota_is_full): 200 POST https://dal-iaas-001-api-endpoint.prod.walmart.com:5443/v2.0/tokens
2016-08-11 19:34:35.346 61956 INFO tempest.lib.common.rest_client [req-41f5acf9-f4dd-4adc-becf-28bc11db62a8 ] Request (QuotasNegativeTest:test_network_quota_exceeding): 200 POST https://dal-iaas-001-api-endpoint.prod.walmart.com:5443/v2.0/tokens
2016-08-11 19:34:35.699 61954 INFO tempest.lib.common.rest_client [req-44843bcf-fe4b-4d2d-b5e9-ff79bab25c32 ] Request (QuotasAdminTestJSON:test_delete_quota): 200 POST https://dal-iaas-001-api-endpoint.prod.walmart.com:35357/v2.0/tenants 0.881s
2016-08-11 19:34:37.215 61950 INFO tempest.lib.common.rest_client [req-e4e27da0-3e0c-41e1-92d1-18e18fb78a51 ] Request (QuotasAdminNegativeTestJSON:test_create_server_when_cpu_quota_is_full): 200 GET https://dal-iaas-001-api-endpoint.prod.walmart.com:8774/v2/cc83f72e701b4085986dc75363078efb/os-quota-sets/a2cc1a83a0864cc7b0ceb940928ee612 2.014s
2016-08-11 19:34:37.358 61956 INFO tempest.lib.common.rest_client [req-d8c9ac63-1d39-4784-a0f6-0e8b4c1f9da5 ] Request (QuotasNegativeTest:test_network_quota_exceeding): 200 PUT https://dal-iaas-001-api-endpoint.prod.walmart.com:9696/v2.0/quotas/9cf805b5e9c049f58e0918dadc5130dd 2.011s
2016-08-11 19:34:37.503 61950 INFO tempest.lib.common.rest_client [req-099a489e-d403-47cf-86bc-052ba173ca83 ] Request (QuotasAdminNegativeTestJSON:test_create_server_when_cpu_quota_is_full): 200 PUT https://dal-iaas-001-api-endpoint.prod.walmart.com:8774/v2/cc83f72e701b4085986dc75363078efb/os-quota-sets/a2cc1a83a0864cc7b0ceb940928ee612 0.285s
2016-08-11 19:34:37.632 61954 INFO tempest.lib.common.rest_client [req-777ecebc-9594-4af1-a221-9317f5f72dfb ] Request (QuotasAdminTestJSON:test_delete_quota): 200 GET https://dal-iaas-001-api-endpoint.prod.walmart.com:8774/v2/8cf1d589f8a64be5939a5472324fd3c7/os-quota-sets/6b13484416f241ee933af249000f4082 1.932s
2016-08-11 19:34:37.809 61956 INFO tempest.lib.common.rest_client [req-856dfe48-8b35-41b9-8559-2811950dd6e2 ] Request (QuotasNegativeTest:test_network_quota_exceeding): 200 POST https://dal-iaas-001-api-endpoint.prod.walmart.com:5443/v2.0/tokens
2016-08-11 19:34:37.913 61954 INFO tempest.lib.common.rest_client [req-16b3ab9e-87fd-49a1-beac-f91fbc77ee8b ] Request (QuotasAdminTestJSON:test_delete_quota): 200 PUT https://dal-iaas-001-api-endpoint.prod.walmart.com:8774/v2/8cf1d589f8a64be5939a5472324fd3c7/os-quota-sets/6b13484416f241ee933af249000f4082 0.278s
2016-08-11 19:34:37.924 61950 INFO tempest.lib.common.rest_client [req-cf8b17b5-582c-45cd-84d7-d15726be0b55 ] Request (QuotasAdminNegativeTestJSON:test_create_server_when_cpu_quota_is_full): 200 POST https://dal-iaas-001-api-endpoint.prod.walmart.com:5443/v2.0/tokens
2016-08-11 19:34:38.154 61954 INFO tempest.lib.common.rest_client [req-b55172fb-a8d9-4966-a62d-0d313d8bbe42 ] Request (QuotasAdminTestJSON:test_delete_quota): 202 DELETE https://dal-iaas-001-api-endpoint.prod.walmart.com:8774/v2/8cf1d589f8a64be5939a5472324fd3c7/os-quota-sets/6b13484416f241ee933af249000f4082 0.237s
2016-08-11 19:34:38.393 61954 INFO tempest.lib.common.rest_client [req-d888c856-ca46-4362-ad83-c06fd45b2b75 ] Request (QuotasAdminTestJSON:test_delete_quota): 200 GET https://dal-iaas-001-api-endpoint.prod.walmart.com:8774/v2/8cf1d589f8a64be5939a5472324fd3c7/os-quota-sets/6b13484416f241ee933af249000f4082 0.238s
2016-08-11 19:34:39.299 61954 INFO tempest.lib.common.rest_client [req-8b974fec-0a5a-46fd-9df9-fa8e515caef8 ] Request (QuotasAdminTestJSON:_run_cleanups): 204 DELETE https://dal-iaas-001-api-endpoint.prod.walmart.com:35357/v2.0/tenants/6b13484416f241ee933af249000f4082 0.904s
2016-08-11 19:34:39.539 61954 INFO tempest.lib.common.rest_client [req-441c3460-a520-49ce-8ace-98a3b5c9b0c4 ] Request (QuotasAdminTestJSON:test_get_default_quotas): 200 GET https://dal-iaas-001-api-endpoint.prod.walmart.com:8774/v2/8cf1d589f8a64be5939a5472324fd3c7/os-quota-sets/f06820d7626b4d17a6e3b2d58e0fe66b/defaults 0.237s
2016-08-11 19:34:39.544 61950 INFO tempest.lib.common.rest_client [req-a813f148-d4d5-46cc-aaa5-d47226304c3e ] Request (QuotasAdminNegativeTestJSON:test_create_server_when_cpu_quota_is_full): 200 GET https://dal-iaas-001-api-endpoint.prod.walmart.com:8774/v2/a2cc1a83a0864cc7b0ceb940928ee612/os-networks 1.619s
2016-08-11 19:34:39.545 61950 INFO tempest.common.fixed_network [-] (QuotasAdminNegativeTestJSON:test_create_server_when_cpu_quota_is_full) Found network {'name': u'net1', u'dns2': None, u'dns1': None, u'cidr': None, u'label': u'net1', u'broadcast': None, u'netmask': None, u'gateway_v6': None, u'id': u'1db35de8-93c8-455c-a1c1-720801bd971a', u'cidr_v6': None, u'gateway': None, u'netmask_v6': None} available for tenant
2016-08-11 19:34:39.883 61954 INFO tempest.lib.common.rest_client [req-57292098-a65a-412a-8ceb-3b81ee9885a6 ] Request (QuotasAdminTestJSON:test_get_updated_quotas): 200 POST https://dal-iaas-001-api-endpoint.prod.walmart.com:35357/v2.0/tenants 0.339s
2016-08-11 19:34:39.920 61950 INFO tempest.lib.common.rest_client [req-ddcc9eb1-0029-47b8-86df-cbda31ec0640 ] Request (QuotasAdminNegativeTestJSON:test_create_server_when_cpu_quota_is_full): 200 POST https://dal-iaas-001-api-endpoint.prod.walmart.com:5443/v2.0/tokens
2016-08-11 19:34:40.108 61956 INFO tempest.lib.common.rest_client [req-e61c0c9d-48b5-44b2-8a6f-d8715795e442 ] Request (QuotasNegativeTest:test_network_quota_exceeding): 201 POST https://dal-iaas-001-api-endpoint.prod.walmart.com:9696/v2.0/networks 2.298s
2016-08-11 19:34:40.143 61954 INFO tempest.lib.common.rest_client [req-9bd45660-4e08-4cec-82a6-0606cb94a985 ] Request (QuotasAdminTestJSON:test_get_updated_quotas): 200 PUT https://dal-iaas-001-api-endpoint.prod.walmart.com:8774/v2/8cf1d589f8a64be5939a5472324fd3c7/os-quota-sets/b28e70b3846a428d96efc4bf1a0efd41 0.260s
2016-08-11 19:34:40.387 61954 INFO tempest.lib.common.rest_client [req-24113126-2a8c-4b20-8d34-6dd1509b968f ] Request (QuotasAdminTestJSON:test_get_updated_quotas): 200 GET https://dal-iaas-001-api-endpoint.prod.walmart.com:8774/v2/8cf1d589f8a64be5939a5472324fd3c7/os-quota-sets/b28e70b3846a428d96efc4bf1a0efd41 0.242s
2016-08-11 19:34:40.426 61956 INFO tempest.lib.common.rest_client [req-dd010b3a-fe57-4e43-96eb-3f51b369a84b ] Request (QuotasNegativeTest:test_network_quota_exceeding): 201 POST https://dal-iaas-001-api-endpoint.prod.walmart.com:9696/v2.0/networks 0.318s
2016-08-11 19:34:40.683 61956 INFO tempest.lib.common.rest_client [req-cc6dead2-1a13-4899-abef-0a32658c0fd9 ] Request (QuotasNegativeTest:test_network_quota_exceeding): 409 POST https://dal-iaas-001-api-endpoint.prod.walmart.com:9696/v2.0/networks 0.256s
2016-08-11 19:34:40.742 61954 INFO tempest.lib.common.rest_client [req-4bc47500-c10b-481f-a9cd-18f093743018 ] Request (QuotasAdminTestJSON:test_get_updated_quotas): 200 POST https://dal-iaas-001-api-endpoint.prod.walmart.com:35357/v2.0/users 0.352s
2016-08-11 19:34:41.035 61954 INFO tempest.lib.common.rest_client [req-dd26fef0-5e9d-44e5-81cd-20d13b426061 ] Request (QuotasAdminTestJSON:test_get_updated_quotas): 200 PUT https://dal-iaas-001-api-endpoint.prod.walmart.com:8774/v2/8cf1d589f8a64be5939a5472324fd3c7/os-quota-sets/b28e70b3846a428d96efc4bf1a0efd41?user_id=447a98d64cff491a9727a5b8c4840253 0.292s
2016-08-11 19:34:41.094 61956 INFO tempest.lib.common.rest_client [req-6de164f2-dafc-4d7f-af29-c9f2877384ef ] Request (QuotasNegativeTest:_run_cleanups): 204 DELETE https://dal-iaas-001-api-endpoint.prod.walmart.com:9696/v2.0/networks/1158d53e-774b-4d6a-9e2f-6582c90e0ae7 0.410s
2016-08-11 19:34:41.274 61954 INFO tempest.lib.common.rest_client [req-747b5e12-da7f-4162-b653-ca913cafc32d ] Request (QuotasAdminTestJSON:test_get_updated_quotas): 200 GET https://dal-iaas-001-api-endpoint.prod.walmart.com:8774/v2/8cf1d589f8a64be5939a5472324fd3c7/os-quota-sets/b28e70b3846a428d96efc4bf1a0efd41?user_id=447a98d64cff491a9727a5b8c4840253 0.237s
2016-08-11 19:34:41.291 61950 INFO tempest.lib.common.rest_client [req-d528a65c-c149-4455-880f-c8cf89e81bfd ] Request (QuotasAdminNegativeTestJSON:test_create_server_when_cpu_quota_is_full): 403 POST https://dal-iaas-001-api-endpoint.prod.walmart.com:8774/v2/a2cc1a83a0864cc7b0ceb940928ee612/servers 1.370s
2016-08-11 19:34:41.517 61956 INFO tempest.lib.common.rest_client [req-a958184d-e2af-4f08-9e28-d8714c2712a9 ] Request (QuotasNegativeTest:_run_cleanups): 204 DELETE https://dal-iaas-001-api-endpoint.prod.walmart.com:9696/v2.0/networks/68e69cd6-a94c-4618-bcf0-16bb37435987 0.423s
2016-08-11 19:34:41.580 61950 INFO tempest.lib.common.rest_client [req-7b57bc5a-a0ce-4894-b281-e008dc15ac67 ] Request (QuotasAdminNegativeTestJSON:_run_cleanups): 200 PUT https://dal-iaas-001-api-endpoint.prod.walmart.com:8774/v2/cc83f72e701b4085986dc75363078efb/os-quota-sets/a2cc1a83a0864cc7b0ceb940928ee612 0.288s
2016-08-11 19:34:41.652 61954 INFO tempest.lib.common.rest_client [req-1d109889-745c-4e5e-b6a0-f04745383b0e ] Request (QuotasAdminTestJSON:_run_cleanups): 204 DELETE https://dal-iaas-001-api-endpoint.prod.walmart.com:35357/v2.0/users/447a98d64cff491a9727a5b8c4840253 0.375s
2016-08-11 19:34:41.760 61956 INFO tempest.lib.common.rest_client [req-d3f5a4f8-89d8-44bf-b363-f19c5e7a659f ] Request (QuotasNegativeTest:_run_cleanups): 204 DELETE https://dal-iaas-001-api-endpoint.prod.walmart.com:9696/v2.0/quotas/9cf805b5e9c049f58e0918dadc5130dd 0.242s
2016-08-11 19:34:41.836 61950 INFO tempest.lib.common.rest_client [req-ad248d23-f35e-4842-905c-1d1a407d1631 ] Request (QuotasAdminNegativeTestJSON:test_create_server_when_instances_quota_is_full): 200 GET https://dal-iaas-001-api-endpoint.prod.walmart.com:8774/v2/cc83f72e701b4085986dc75363078efb/os-quota-sets/a2cc1a83a0864cc7b0ceb940928ee612 0.251s
2016-08-11 19:34:42.052 61954 INFO tempest.lib.common.rest_client [req-e5a2bca6-dc9c-4fb9-b109-c386c0c85bd1 ] Request (QuotasAdminTestJSON:_run_cleanups): 204 DELETE https://dal-iaas-001-api-endpoint.prod.walmart.com:35357/v2.0/tenants/b28e70b3846a428d96efc4bf1a0efd41 0.399s
2016-08-11 19:34:42.108 61950 INFO tempest.lib.common.rest_client [req-91aee32b-8e4f-422b-b14d-df94013d940f ] Request (QuotasAdminNegativeTestJSON:test_create_server_when_instances_quota_is_full): 200 PUT https://dal-iaas-001-api-endpoint.prod.walmart.com:8774/v2/cc83f72e701b4085986dc75363078efb/os-quota-sets/a2cc1a83a0864cc7b0ceb940928ee612 0.269s
2016-08-11 19:34:42.129 61956 INFO tempest.lib.common.rest_client [req-a7d502f6-5ab5-4fdd-8d87-258a772ed1f7 ] Request (QuotasNegativeTest:tearDownClass): 204 DELETE https://dal-iaas-001-api-endpoint.prod.walmart.com:35357/v2.0/users/c010783222404edb86fc067f4cbbfbe4 0.367s
2016-08-11 19:34:42.302 61954 INFO tempest.lib.common.rest_client [req-8ed69ddf-9e05-4507-8537-2d03ddb4892a ] Request (QuotasAdminTestJSON:test_update_all_quota_resources_for_tenant): 200 GET https://dal-iaas-001-api-endpoint.prod.walmart.com:8774/v2/8cf1d589f8a64be5939a5472324fd3c7/os-quota-sets/f06820d7626b4d17a6e3b2d58e0fe66b/defaults 0.247s
2016-08-11 19:34:42.473 61950 INFO tempest.lib.common.rest_client [req-5d8a6f6a-ea2c-4c14-b9fe-8be1032918cb ] Request (QuotasAdminNegativeTestJSON:test_create_server_when_instances_quota_is_full): 200 POST https://dal-iaas-001-api-endpoint.prod.walmart.com:5443/v2.0/tokens
