2016-08-12 22:28:51.022 4760 INFO tempest [-] Using tempest config file /etc/tempest/tempest.conf
2016-08-12 22:28:51.031 4760 WARNING oslo_config.cfg [-] Option "aki_img_file" from group "scenario" is deprecated for removal.  Its value may be silently ignored in the future.
2016-08-12 22:28:51.031 4760 WARNING oslo_config.cfg [-] Option "img_dir" from group "scenario" is deprecated for removal.  Its value may be silently ignored in the future.
2016-08-12 22:28:56.484 4771 INFO tempest [-] Using tempest config file /etc/tempest/tempest.conf
2016-08-12 22:28:56.493 4771 WARNING oslo_config.cfg [-] Option "aki_img_file" from group "scenario" is deprecated for removal.  Its value may be silently ignored in the future.
2016-08-12 22:28:56.494 4771 WARNING oslo_config.cfg [-] Option "img_dir" from group "scenario" is deprecated for removal.  Its value may be silently ignored in the future.
2016-08-12 22:28:58.197 4775 INFO tempest [-] Using tempest config file /etc/tempest/tempest.conf
2016-08-12 22:28:58.197 4774 INFO tempest [-] Using tempest config file /etc/tempest/tempest.conf
2016-08-12 22:28:58.211 4775 WARNING oslo_config.cfg [-] Option "aki_img_file" from group "scenario" is deprecated for removal.  Its value may be silently ignored in the future.
2016-08-12 22:28:58.212 4775 WARNING oslo_config.cfg [-] Option "img_dir" from group "scenario" is deprecated for removal.  Its value may be silently ignored in the future.
2016-08-12 22:28:58.214 4774 WARNING oslo_config.cfg [-] Option "aki_img_file" from group "scenario" is deprecated for removal.  Its value may be silently ignored in the future.
2016-08-12 22:28:58.215 4774 WARNING oslo_config.cfg [-] Option "img_dir" from group "scenario" is deprecated for removal.  Its value may be silently ignored in the future.
2016-08-12 22:28:58.215 4777 INFO tempest [-] Using tempest config file /etc/tempest/tempest.conf
2016-08-12 22:28:58.217 4776 INFO tempest [-] Using tempest config file /etc/tempest/tempest.conf
2016-08-12 22:28:58.230 4777 WARNING oslo_config.cfg [-] Option "aki_img_file" from group "scenario" is deprecated for removal.  Its value may be silently ignored in the future.
2016-08-12 22:28:58.231 4777 WARNING oslo_config.cfg [-] Option "img_dir" from group "scenario" is deprecated for removal.  Its value may be silently ignored in the future.
2016-08-12 22:28:58.242 4776 WARNING oslo_config.cfg [-] Option "aki_img_file" from group "scenario" is deprecated for removal.  Its value may be silently ignored in the future.
2016-08-12 22:28:58.243 4776 WARNING oslo_config.cfg [-] Option "img_dir" from group "scenario" is deprecated for removal.  Its value may be silently ignored in the future.
2016-08-12 22:28:58.251 4779 INFO tempest [-] Using tempest config file /etc/tempest/tempest.conf
2016-08-12 22:28:58.272 4781 INFO tempest [-] Using tempest config file /etc/tempest/tempest.conf
2016-08-12 22:28:58.273 4780 INFO tempest [-] Using tempest config file /etc/tempest/tempest.conf
2016-08-12 22:28:58.273 4779 WARNING oslo_config.cfg [-] Option "aki_img_file" from group "scenario" is deprecated for removal.  Its value may be silently ignored in the future.
2016-08-12 22:28:58.274 4779 WARNING oslo_config.cfg [-] Option "img_dir" from group "scenario" is deprecated for removal.  Its value may be silently ignored in the future.
2016-08-12 22:28:58.283 4778 INFO tempest [-] Using tempest config file /etc/tempest/tempest.conf
2016-08-12 22:28:58.287 4781 WARNING oslo_config.cfg [-] Option "aki_img_file" from group "scenario" is deprecated for removal.  Its value may be silently ignored in the future.
2016-08-12 22:28:58.288 4781 WARNING oslo_config.cfg [-] Option "img_dir" from group "scenario" is deprecated for removal.  Its value may be silently ignored in the future.
2016-08-12 22:28:58.293 4780 WARNING oslo_config.cfg [-] Option "aki_img_file" from group "scenario" is deprecated for removal.  Its value may be silently ignored in the future.
2016-08-12 22:28:58.294 4780 WARNING oslo_config.cfg [-] Option "img_dir" from group "scenario" is deprecated for removal.  Its value may be silently ignored in the future.
2016-08-12 22:28:58.301 4778 WARNING oslo_config.cfg [-] Option "aki_img_file" from group "scenario" is deprecated for removal.  Its value may be silently ignored in the future.
2016-08-12 22:28:58.302 4778 WARNING oslo_config.cfg [-] Option "img_dir" from group "scenario" is deprecated for removal.  Its value may be silently ignored in the future.
2016-08-12 22:28:59.283 4777 INFO tempest.lib.common.rest_client [req-b1764623-4e06-448b-9f37-29fb0f29e181 ] Request (AggregatesAdminTestJSON:setUpClass): 200 POST https://dal-iaas-001-api-endpoint.prod.walmart.com:5443/v2.0/tokens
2016-08-12 22:28:59.284 4774 INFO tempest.lib.common.rest_client [req-01849b98-8088-4811-82c5-33c3146a779d ] Request (InstanceUsageAuditLogNegativeTestJSON:setUpClass): 200 POST https://dal-iaas-001-api-endpoint.prod.walmart.com:5443/v2.0/tokens
2016-08-12 22:28:59.285 4779 INFO tempest.lib.common.rest_client [req-9cccde90-c5a4-4512-b36c-07c22c8956c7 ] Request (FlavorsAdminTestJSON:setUpClass): 200 POST https://dal-iaas-001-api-endpoint.prod.walmart.com:5443/v2.0/tokens
2016-08-12 22:28:59.291 4776 INFO tempest.lib.common.rest_client [req-8364585b-81a3-4525-a012-ceb379815992 ] Request (AZAdminV2TestJSON:setUpClass): 200 POST https://dal-iaas-001-api-endpoint.prod.walmart.com:5443/v2.0/tokens
2016-08-12 22:28:59.326 4778 INFO tempest.lib.common.rest_client [req-9343d7e0-38fd-42e1-a683-a50b251e7993 ] Request (NetworksTest:setUpClass): 200 POST https://dal-iaas-001-api-endpoint.prod.walmart.com:5443/v2.0/tokens
2016-08-12 22:28:59.329 4775 INFO tempest.lib.common.rest_client [req-8a1c0fce-52d3-4057-97c3-6d2be52753dd ] Request (BaremetalNodesAdminTestJSON:setUpClass): 200 POST https://dal-iaas-001-api-endpoint.prod.walmart.com:5443/v2.0/tokens
2016-08-12 22:28:59.330 4781 INFO tempest.lib.common.rest_client [req-3a996f60-95e9-4dc2-9c3c-215b5ecfe2d7 ] Request (AgentsAdminTestJSON:setUpClass): 200 POST https://dal-iaas-001-api-endpoint.prod.walmart.com:5443/v2.0/tokens
2016-08-12 22:28:59.346 4780 INFO tempest.lib.common.rest_client [req-246ee0f3-891e-46d4-91af-3a6e94cc9e41 ] Request (AggregatesAdminNegativeTestJSON:setUpClass): 200 POST https://dal-iaas-001-api-endpoint.prod.walmart.com:5443/v2.0/tokens
2016-08-12 22:28:59.863 4779 INFO tempest.lib.common.rest_client [req-3434e761-c47d-4e7a-b61c-e24df730de9d ] Request (FlavorsAdminTestJSON:setUpClass): 200 POST https://dal-iaas-001-api-endpoint.prod.walmart.com:5443/v2.0/tokens
2016-08-12 22:28:59.895 4781 INFO tempest.lib.common.rest_client [req-dd9ff78d-710c-4df4-bcf7-fa995e0435bd ] Request (AgentsAdminTestJSON:setUpClass): 200 POST https://dal-iaas-001-api-endpoint.prod.walmart.com:5443/v2.0/tokens
2016-08-12 22:28:59.896 4775 INFO tempest.lib.common.rest_client [req-2695abf4-07b2-469f-a47a-fdc70b4f7451 ] Request (BaremetalNodesAdminTestJSON:setUpClass): 200 POST https://dal-iaas-001-api-endpoint.prod.walmart.com:5443/v2.0/tokens
2016-08-12 22:28:59.909 4776 INFO tempest.lib.common.rest_client [req-bfcf9b3f-d56f-4bdf-9d39-748ecfebaabe ] Request (AZAdminV2TestJSON:setUpClass): 200 POST https://dal-iaas-001-api-endpoint.prod.walmart.com:5443/v2.0/tokens
2016-08-12 22:28:59.917 4778 INFO tempest.lib.common.rest_client [req-a5cacbd7-2b6c-4373-959f-1704fb0854d2 ] Request (NetworksTest:setUpClass): 200 POST https://dal-iaas-001-api-endpoint.prod.walmart.com:5443/v2.0/tokens
2016-08-12 22:28:59.923 4777 INFO tempest.lib.common.rest_client [req-fbc92c78-6617-4d4e-9b46-5a0413433a61 ] Request (AggregatesAdminTestJSON:setUpClass): 200 POST https://dal-iaas-001-api-endpoint.prod.walmart.com:5443/v2.0/tokens
2016-08-12 22:28:59.950 4774 INFO tempest.lib.common.rest_client [req-563524f1-52bc-483c-8bdd-68e0c8202cdb ] Request (InstanceUsageAuditLogNegativeTestJSON:setUpClass): 200 POST https://dal-iaas-001-api-endpoint.prod.walmart.com:5443/v2.0/tokens
2016-08-12 22:28:59.964 4780 INFO tempest.lib.common.rest_client [req-e0b4d4bc-4f07-44af-bb75-3468e04c2fca ] Request (AggregatesAdminNegativeTestJSON:setUpClass): 200 POST https://dal-iaas-001-api-endpoint.prod.walmart.com:5443/v2.0/tokens
2016-08-12 22:29:00.481 4779 INFO tempest.lib.common.rest_client [req-98f0bdd8-b9d1-475e-b63e-386126b6b437 ] Request (FlavorsAdminTestJSON:setUpClass): 200 POST https://dal-iaas-001-api-endpoint.prod.walmart.com:35357/v2.0/tenants 0.617s
2016-08-12 22:29:00.508 4775 INFO tempest.lib.common.rest_client [req-dea7c8fc-c191-47b9-a5c3-1edd446a3fea ] Request (BaremetalNodesAdminTestJSON:setUpClass): 200 POST https://dal-iaas-001-api-endpoint.prod.walmart.com:35357/v2.0/tenants 0.611s
2016-08-12 22:29:00.508 4781 INFO tempest.lib.common.rest_client [req-f13643e4-1f57-4e42-bfe1-bbc9cd597cd8 ] Request (AgentsAdminTestJSON:setUpClass): 200 POST https://dal-iaas-001-api-endpoint.prod.walmart.com:35357/v2.0/tenants 0.612s
2016-08-12 22:29:00.556 4776 INFO tempest.lib.common.rest_client [req-56daba3e-b3f4-4717-b378-634ca3d8b7b7 ] Request (AZAdminV2TestJSON:setUpClass): 200 POST https://dal-iaas-001-api-endpoint.prod.walmart.com:35357/v2.0/tenants 0.646s
2016-08-12 22:29:00.564 4777 INFO tempest.lib.common.rest_client [req-61e1e66a-8d73-45c5-b4b9-18bb1553046f ] Request (AggregatesAdminTestJSON:setUpClass): 200 POST https://dal-iaas-001-api-endpoint.prod.walmart.com:35357/v2.0/tenants 0.640s
2016-08-12 22:29:00.700 4778 INFO tempest.lib.common.rest_client [req-da29b49b-78f6-4b0a-983e-f3335df8a945 ] Request (NetworksTest:setUpClass): 200 POST https://dal-iaas-001-api-endpoint.prod.walmart.com:35357/v2.0/tenants 0.781s
2016-08-12 22:29:00.742 4780 INFO tempest.lib.common.rest_client [req-fa16190e-b55c-48cc-9836-3eb9805e366a ] Request (AggregatesAdminNegativeTestJSON:setUpClass): 200 POST https://dal-iaas-001-api-endpoint.prod.walmart.com:35357/v2.0/tenants 0.776s
2016-08-12 22:29:00.743 4774 INFO tempest.lib.common.rest_client [req-a672d19c-fb40-402f-952b-a21f1810721f ] Request (InstanceUsageAuditLogNegativeTestJSON:setUpClass): 200 POST https://dal-iaas-001-api-endpoint.prod.walmart.com:35357/v2.0/tenants 0.792s
2016-08-12 22:29:01.124 4781 INFO tempest.lib.common.rest_client [req-806b1430-74f3-4ab2-9a06-89e23e51ead9 ] Request (AgentsAdminTestJSON:setUpClass): 200 POST https://dal-iaas-001-api-endpoint.prod.walmart.com:35357/v2.0/users 0.610s
2016-08-12 22:29:01.130 4775 INFO tempest.lib.common.rest_client [req-f6117c84-e5c2-4fa5-a88c-40c39e828334 ] Request (BaremetalNodesAdminTestJSON:setUpClass): 200 POST https://dal-iaas-001-api-endpoint.prod.walmart.com:35357/v2.0/users 0.617s
2016-08-12 22:29:01.142 4779 INFO tempest.lib.common.rest_client [req-6be1ff82-06ea-4cf8-8192-9916dfd62a30 ] Request (FlavorsAdminTestJSON:setUpClass): 200 POST https://dal-iaas-001-api-endpoint.prod.walmart.com:35357/v2.0/users 0.654s
2016-08-12 22:29:01.160 4777 INFO tempest.lib.common.rest_client [req-a980c047-b78b-4742-b1c6-7022b16af0c3 ] Request (AggregatesAdminTestJSON:setUpClass): 200 POST https://dal-iaas-001-api-endpoint.prod.walmart.com:35357/v2.0/users 0.593s
2016-08-12 22:29:01.336 4778 INFO tempest.lib.common.rest_client [req-067fba7c-c896-4b25-ac65-e7fee96c8f57 ] Request (NetworksTest:setUpClass): 200 POST https://dal-iaas-001-api-endpoint.prod.walmart.com:35357/v2.0/users 0.632s
2016-08-12 22:29:01.336 4776 INFO tempest.lib.common.rest_client [req-ce7b25dd-94e7-461a-92d0-530698a0dd03 ] Request (AZAdminV2TestJSON:setUpClass): 200 POST https://dal-iaas-001-api-endpoint.prod.walmart.com:35357/v2.0/users 0.776s
2016-08-12 22:29:01.352 4780 INFO tempest.lib.common.rest_client [req-d5b85d73-491a-47b8-a9cf-c4978ab79a61 ] Request (AggregatesAdminNegativeTestJSON:setUpClass): 200 POST https://dal-iaas-001-api-endpoint.prod.walmart.com:35357/v2.0/users 0.606s
2016-08-12 22:29:01.358 4774 INFO tempest.lib.common.rest_client [req-47be67b5-7919-490f-bfca-e58a0e09ba82 ] Request (InstanceUsageAuditLogNegativeTestJSON:setUpClass): 200 POST https://dal-iaas-001-api-endpoint.prod.walmart.com:35357/v2.0/users 0.611s
2016-08-12 22:29:01.664 4775 INFO tempest.lib.common.rest_client [req-6008ea5a-82b5-4fbc-a16b-b656ec9c488a ] Request (BaremetalNodesAdminTestJSON:setUpClass): 200 GET https://dal-iaas-001-api-endpoint.prod.walmart.com:35357/v2.0/OS-KSADM/roles 0.534s
2016-08-12 22:29:01.677 4781 INFO tempest.lib.common.rest_client [req-1ae48742-e16e-467c-bab3-b523e2f98358 ] Request (AgentsAdminTestJSON:setUpClass): 200 GET https://dal-iaas-001-api-endpoint.prod.walmart.com:35357/v2.0/OS-KSADM/roles 0.553s
2016-08-12 22:29:01.685 4779 INFO tempest.lib.common.rest_client [req-4c4aa2df-5f6e-46a3-a5d8-3c48606cf582 ] Request (FlavorsAdminTestJSON:setUpClass): 200 GET https://dal-iaas-001-api-endpoint.prod.walmart.com:35357/v2.0/OS-KSADM/roles 0.542s
2016-08-12 22:29:01.816 4776 INFO tempest.lib.common.rest_client [req-69a4d2bf-c599-492b-84db-8d8435228929 ] Request (AZAdminV2TestJSON:setUpClass): 200 GET https://dal-iaas-001-api-endpoint.prod.walmart.com:35357/v2.0/OS-KSADM/roles 0.480s
2016-08-12 22:29:01.841 4777 INFO tempest.lib.common.rest_client [req-b6ba2b88-eabd-4365-a014-7f89d65290b2 ] Request (AggregatesAdminTestJSON:setUpClass): 200 GET https://dal-iaas-001-api-endpoint.prod.walmart.com:35357/v2.0/OS-KSADM/roles 0.679s
2016-08-12 22:29:01.856 4778 INFO tempest.lib.common.rest_client [req-3a813941-9b9e-4ec7-b13c-c4c296b7517f ] Request (NetworksTest:setUpClass): 200 GET https://dal-iaas-001-api-endpoint.prod.walmart.com:35357/v2.0/OS-KSADM/roles 0.519s
2016-08-12 22:29:01.901 4774 INFO tempest.lib.common.rest_client [req-7f883e4d-928e-423a-89ec-2e1c0fb0ffe5 ] Request (InstanceUsageAuditLogNegativeTestJSON:setUpClass): 200 GET https://dal-iaas-001-api-endpoint.prod.walmart.com:35357/v2.0/OS-KSADM/roles 0.543s
2016-08-12 22:29:01.903 4780 INFO tempest.lib.common.rest_client [req-7f3a2a15-d36e-4d1f-91e5-6cc5d2909ab0 ] Request (AggregatesAdminNegativeTestJSON:setUpClass): 200 GET https://dal-iaas-001-api-endpoint.prod.walmart.com:35357/v2.0/OS-KSADM/roles 0.551s
2016-08-12 22:29:02.300 4779 INFO tempest.lib.common.rest_client [req-dff99fdb-9377-4494-9dc4-485f7a36a7c3 ] Request (FlavorsAdminTestJSON:setUpClass): 409 PUT https://dal-iaas-001-api-endpoint.prod.walmart.com:35357/v2.0/tenants/f92c8d738e9d450a84b78c97dcc95fdd/users/4c3fc722ac8c456c819fd657ad3c4213/roles/OS-KSADM/9fe2ff9ee4384b1894a90878d3e92bab 0.614s
2016-08-12 22:29:02.300 4779 INFO tempest.common.dynamic_creds [-] Acquired dynamic creds:
 credentials: Credentials: {'username': u'tempest-FlavorsAdminTestJSON-1093764799', 'project_name': u'tempest-FlavorsAdminTestJSON-1093764799', 'user_id': u'4c3fc722ac8c456c819fd657ad3c4213', 'tenant_name': u'tempest-FlavorsAdminTestJSON-1093764799', 'tenant_id': u'f92c8d738e9d450a84b78c97dcc95fdd', 'project_id': u'f92c8d738e9d450a84b78c97dcc95fdd'}, Network: None, Subnet: None, Router: None
2016-08-12 22:29:02.359 4781 INFO tempest.lib.common.rest_client [req-d7d321df-b155-47b6-b12f-8247f12bcfc7 ] Request (AgentsAdminTestJSON:setUpClass): 409 PUT https://dal-iaas-001-api-endpoint.prod.walmart.com:35357/v2.0/tenants/88765af2ddde42fd85b8aced8d239a30/users/31f0c8de029548e38df9d1a5c8afeebb/roles/OS-KSADM/9fe2ff9ee4384b1894a90878d3e92bab 0.681s
2016-08-12 22:29:02.360 4781 INFO tempest.common.dynamic_creds [-] Acquired dynamic creds:
 credentials: Credentials: {'username': u'tempest-AgentsAdminTestJSON-1907635535', 'project_name': u'tempest-AgentsAdminTestJSON-1907635535', 'user_id': u'31f0c8de029548e38df9d1a5c8afeebb', 'tenant_name': u'tempest-AgentsAdminTestJSON-1907635535', 'tenant_id': u'88765af2ddde42fd85b8aced8d239a30', 'project_id': u'88765af2ddde42fd85b8aced8d239a30'}, Network: None, Subnet: None, Router: None
2016-08-12 22:29:02.388 4777 INFO tempest.lib.common.rest_client [req-20ced161-c26c-4374-b247-37713d6ee957 ] Request (AggregatesAdminTestJSON:setUpClass): 409 PUT https://dal-iaas-001-api-endpoint.prod.walmart.com:35357/v2.0/tenants/73afa8ba53a24600be5efbc7f4deed5c/users/1171c61795f447a39a03fab6abe49501/roles/OS-KSADM/9fe2ff9ee4384b1894a90878d3e92bab 0.547s
2016-08-12 22:29:02.388 4777 INFO tempest.common.dynamic_creds [-] Acquired dynamic creds:
 credentials: Credentials: {'username': u'tempest-AggregatesAdminTestJSON-430056731', 'project_name': u'tempest-AggregatesAdminTestJSON-430056731', 'user_id': u'1171c61795f447a39a03fab6abe49501', 'tenant_name': u'tempest-AggregatesAdminTestJSON-430056731', 'tenant_id': u'73afa8ba53a24600be5efbc7f4deed5c', 'project_id': u'73afa8ba53a24600be5efbc7f4deed5c'}, Network: None, Subnet: None, Router: None
2016-08-12 22:29:02.398 4778 INFO tempest.lib.common.rest_client [req-4d97d2bf-08dc-4395-9ccd-6c2069fb96a8 ] Request (NetworksTest:setUpClass): 409 PUT https://dal-iaas-001-api-endpoint.prod.walmart.com:35357/v2.0/tenants/d3ac34adbebd478cb485553ad54bae8c/users/eefe159d850a489db90181d3b7f21abc/roles/OS-KSADM/9fe2ff9ee4384b1894a90878d3e92bab 0.541s
2016-08-12 22:29:02.398 4778 INFO tempest.common.dynamic_creds [-] Acquired dynamic creds:
 credentials: Credentials: {'username': u'tempest-NetworksTest-231890154', 'project_name': u'tempest-NetworksTest-231890154', 'user_id': u'eefe159d850a489db90181d3b7f21abc', 'tenant_name': u'tempest-NetworksTest-231890154', 'tenant_id': u'd3ac34adbebd478cb485553ad54bae8c', 'project_id': u'd3ac34adbebd478cb485553ad54bae8c'}, Network: None, Subnet: None, Router: None
2016-08-12 22:29:02.435 4780 INFO tempest.lib.common.rest_client [req-04ce543d-3ceb-4a63-8e4a-31b92ad66441 ] Request (AggregatesAdminNegativeTestJSON:setUpClass): 409 PUT https://dal-iaas-001-api-endpoint.prod.walmart.com:35357/v2.0/tenants/4c53c440134b4699874fddaa9010cc29/users/2923da2b30864dd9b44817c909b66b3e/roles/OS-KSADM/9fe2ff9ee4384b1894a90878d3e92bab 0.531s
2016-08-12 22:29:02.435 4780 INFO tempest.common.dynamic_creds [-] Acquired dynamic creds:
 credentials: Credentials: {'username': u'tempest-AggregatesAdminNegativeTestJSON-930279031', 'project_name': u'tempest-AggregatesAdminNegativeTestJSON-930279031', 'user_id': u'2923da2b30864dd9b44817c909b66b3e', 'tenant_name': u'tempest-AggregatesAdminNegativeTestJSON-930279031', 'tenant_id': u'4c53c440134b4699874fddaa9010cc29', 'project_id': u'4c53c440134b4699874fddaa9010cc29'}, Network: None, Subnet: None, Router: None
2016-08-12 22:29:02.452 4775 INFO tempest.lib.common.rest_client [req-8c58a487-cf79-48b7-a134-c794b32c86d1 ] Request (BaremetalNodesAdminTestJSON:setUpClass): 409 PUT https://dal-iaas-001-api-endpoint.prod.walmart.com:35357/v2.0/tenants/e5eb195d961e479bace55ffd96b2ce0f/users/eb22f0dd21b9474bb74769bf458fb8a1/roles/OS-KSADM/9fe2ff9ee4384b1894a90878d3e92bab 0.787s
2016-08-12 22:29:02.452 4776 INFO tempest.lib.common.rest_client [req-fdc1bdcf-37a2-41a3-b42a-78d633c73b20 ] Request (AZAdminV2TestJSON:setUpClass): 409 PUT https://dal-iaas-001-api-endpoint.prod.walmart.com:35357/v2.0/tenants/e3aa6abb53254fc4803337ab67626e50/users/c620b2888a284fb4b469c13aa69e013b/roles/OS-KSADM/9fe2ff9ee4384b1894a90878d3e92bab 0.635s
2016-08-12 22:29:02.452 4775 INFO tempest.common.dynamic_creds [-] Acquired dynamic creds:
 credentials: Credentials: {'username': u'tempest-BaremetalNodesAdminTestJSON-955428247', 'project_name': u'tempest-BaremetalNodesAdminTestJSON-955428247', 'user_id': u'eb22f0dd21b9474bb74769bf458fb8a1', 'tenant_name': u'tempest-BaremetalNodesAdminTestJSON-955428247', 'tenant_id': u'e5eb195d961e479bace55ffd96b2ce0f', 'project_id': u'e5eb195d961e479bace55ffd96b2ce0f'}, Network: None, Subnet: None, Router: None
2016-08-12 22:29:02.452 4776 INFO tempest.common.dynamic_creds [-] Acquired dynamic creds:
 credentials: Credentials: {'username': u'tempest-AZAdminV2TestJSON-1578033545', 'project_name': u'tempest-AZAdminV2TestJSON-1578033545', 'user_id': u'c620b2888a284fb4b469c13aa69e013b', 'tenant_name': u'tempest-AZAdminV2TestJSON-1578033545', 'tenant_id': u'e3aa6abb53254fc4803337ab67626e50', 'project_id': u'e3aa6abb53254fc4803337ab67626e50'}, Network: None, Subnet: None, Router: None
2016-08-12 22:29:02.614 4774 INFO tempest.lib.common.rest_client [req-002eeb14-048c-4c04-8a1f-0215c5ad18e8 ] Request (InstanceUsageAuditLogNegativeTestJSON:setUpClass): 409 PUT https://dal-iaas-001-api-endpoint.prod.walmart.com:35357/v2.0/tenants/38c640da28494e6f8e1d066680510561/users/613882c74a4a4d49ab5556627cbab141/roles/OS-KSADM/9fe2ff9ee4384b1894a90878d3e92bab 0.712s
2016-08-12 22:29:02.614 4774 INFO tempest.common.dynamic_creds [-] Acquired dynamic creds:
 credentials: Credentials: {'username': u'tempest-InstanceUsageAuditLogNegativeTestJSON-1716809248', 'project_name': u'tempest-InstanceUsageAuditLogNegativeTestJSON-1716809248', 'user_id': u'613882c74a4a4d49ab5556627cbab141', 'tenant_name': u'tempest-InstanceUsageAuditLogNegativeTestJSON-1716809248', 'tenant_id': u'38c640da28494e6f8e1d066680510561', 'project_id': u'38c640da28494e6f8e1d066680510561'}, Network: None, Subnet: None, Router: None
2016-08-12 22:29:02.910 4779 INFO tempest.lib.common.rest_client [req-871d9437-75fc-4065-bb71-850b4c2310e8 ] Request (FlavorsAdminTestJSON:setUpClass): 200 POST https://dal-iaas-001-api-endpoint.prod.walmart.com:35357/v2.0/tenants 0.605s
2016-08-12 22:29:02.926 4781 INFO tempest.lib.common.rest_client [req-9a2b92d6-a685-4a3c-819d-f3e9bbc09ab6 ] Request (AgentsAdminTestJSON:setUpClass): 200 POST https://dal-iaas-001-api-endpoint.prod.walmart.com:35357/v2.0/tenants 0.562s
2016-08-12 22:29:02.948 4780 INFO tempest.lib.common.rest_client [req-ea9e5baf-af3f-428b-8bbb-5061a2e30a5f ] Request (AggregatesAdminNegativeTestJSON:setUpClass): 200 POST https://dal-iaas-001-api-endpoint.prod.walmart.com:35357/v2.0/tenants 0.506s
2016-08-12 22:29:02.965 4777 INFO tempest.lib.common.rest_client [req-2de9422b-7832-48ed-a85a-f6caba2ae3eb ] Request (AggregatesAdminTestJSON:setUpClass): 200 POST https://dal-iaas-001-api-endpoint.prod.walmart.com:35357/v2.0/tenants 0.571s
2016-08-12 22:29:02.971 4775 INFO tempest.lib.common.rest_client [req-9f0bd741-e2cf-4ec3-b1a2-1b1f2eb2d65f ] Request (BaremetalNodesAdminTestJSON:setUpClass): 200 POST https://dal-iaas-001-api-endpoint.prod.walmart.com:35357/v2.0/tenants 0.513s
2016-08-12 22:29:02.975 4778 INFO tempest.lib.common.rest_client [req-e05a8f82-effd-4019-9db9-0614577ac823 ] Request (NetworksTest:setUpClass): 200 POST https://dal-iaas-001-api-endpoint.prod.walmart.com:35357/v2.0/tenants 0.571s
2016-08-12 22:29:03.147 4776 INFO tempest.lib.common.rest_client [req-8ddf884a-fb01-4f95-8003-e54da410c19f ] Request (AZAdminV2TestJSON:setUpClass): 200 POST https://dal-iaas-001-api-endpoint.prod.walmart.com:35357/v2.0/tenants 0.688s
2016-08-12 22:29:03.147 4774 INFO tempest.lib.common.rest_client [req-13266c09-3b2e-4118-8404-a1af56a86af5 ] Request (InstanceUsageAuditLogNegativeTestJSON:setUpClass): 200 POST https://dal-iaas-001-api-endpoint.prod.walmart.com:35357/v2.0/tenants 0.528s
2016-08-12 22:29:03.516 4780 INFO tempest.lib.common.rest_client [req-17f4c5be-23cc-4e37-a36e-48be312e1477 ] Request (AggregatesAdminNegativeTestJSON:setUpClass): 200 POST https://dal-iaas-001-api-endpoint.prod.walmart.com:35357/v2.0/users 0.568s
2016-08-12 22:29:03.524 4779 INFO tempest.lib.common.rest_client [req-aee45514-3765-44b8-9c2a-083b0575bbc5 ] Request (FlavorsAdminTestJSON:setUpClass): 200 POST https://dal-iaas-001-api-endpoint.prod.walmart.com:35357/v2.0/users 0.613s
2016-08-12 22:29:03.533 4781 INFO tempest.lib.common.rest_client [req-0615215f-bef3-40a2-ae9f-8141b6bbe020 ] Request (AgentsAdminTestJSON:setUpClass): 200 POST https://dal-iaas-001-api-endpoint.prod.walmart.com:35357/v2.0/users 0.607s
2016-08-12 22:29:03.568 4777 INFO tempest.lib.common.rest_client [req-e8fa4aa3-ff40-4103-9a85-67fdc84d8185 ] Request (AggregatesAdminTestJSON:setUpClass): 200 POST https://dal-iaas-001-api-endpoint.prod.walmart.com:35357/v2.0/users 0.602s
2016-08-12 22:29:03.569 4778 INFO tempest.lib.common.rest_client [req-34a08139-b7ef-4d2a-b783-8cb888694e8e ] Request (NetworksTest:setUpClass): 200 POST https://dal-iaas-001-api-endpoint.prod.walmart.com:35357/v2.0/users 0.594s
2016-08-12 22:29:03.597 4775 INFO tempest.lib.common.rest_client [req-8198c190-9a1f-4b91-944d-5846dd526597 ] Request (BaremetalNodesAdminTestJSON:setUpClass): 200 POST https://dal-iaas-001-api-endpoint.prod.walmart.com:35357/v2.0/users 0.625s
2016-08-12 22:29:03.825 4776 INFO tempest.lib.common.rest_client [req-c7eea0de-e0f5-4baf-a4a5-a59d049ab8f8 ] Request (AZAdminV2TestJSON:setUpClass): 200 POST https://dal-iaas-001-api-endpoint.prod.walmart.com:35357/v2.0/users 0.677s
2016-08-12 22:29:03.863 4774 INFO tempest.lib.common.rest_client [req-58057ec5-8aa1-4595-8a2a-8fd32a109d08 ] Request (InstanceUsageAuditLogNegativeTestJSON:setUpClass): 200 POST https://dal-iaas-001-api-endpoint.prod.walmart.com:35357/v2.0/users 0.715s
2016-08-12 22:29:04.067 4780 INFO tempest.lib.common.rest_client [req-67abdefa-bf2e-4502-bfbc-11376e7c6350 ] Request (AggregatesAdminNegativeTestJSON:setUpClass): 200 GET https://dal-iaas-001-api-endpoint.prod.walmart.com:35357/v2.0/OS-KSADM/roles 0.550s
2016-08-12 22:29:04.069 4779 INFO tempest.lib.common.rest_client [req-e89ebb39-17c5-48c2-b6bf-12533914d88a ] Request (FlavorsAdminTestJSON:setUpClass): 200 GET https://dal-iaas-001-api-endpoint.prod.walmart.com:35357/v2.0/OS-KSADM/roles 0.544s
2016-08-12 22:29:04.072 4781 INFO tempest.lib.common.rest_client [req-913da597-8377-45b0-83a5-8b0bf982ea72 ] Request (AgentsAdminTestJSON:setUpClass): 200 GET https://dal-iaas-001-api-endpoint.prod.walmart.com:35357/v2.0/OS-KSADM/roles 0.538s
2016-08-12 22:29:04.076 4778 INFO tempest.lib.common.rest_client [req-ee34b561-31cc-4400-add3-b1427008f0f7 ] Request (NetworksTest:setUpClass): 200 GET https://dal-iaas-001-api-endpoint.prod.walmart.com:35357/v2.0/OS-KSADM/roles 0.507s
2016-08-12 22:29:04.101 4777 INFO tempest.lib.common.rest_client [req-670bfd92-24a2-49d5-92f8-0d9b4936d187 ] Request (AggregatesAdminTestJSON:setUpClass): 200 GET https://dal-iaas-001-api-endpoint.prod.walmart.com:35357/v2.0/OS-KSADM/roles 0.533s
2016-08-12 22:29:04.306 4775 INFO tempest.lib.common.rest_client [req-9de4e2ed-4ab9-4c7c-8e75-1bcd9ecf152d ] Request (BaremetalNodesAdminTestJSON:setUpClass): 200 GET https://dal-iaas-001-api-endpoint.prod.walmart.com:35357/v2.0/OS-KSADM/roles 0.708s
2016-08-12 22:29:04.310 4776 INFO tempest.lib.common.rest_client [req-ca31b37d-be38-4317-819f-b43f78f08a09 ] Request (AZAdminV2TestJSON:setUpClass): 200 GET https://dal-iaas-001-api-endpoint.prod.walmart.com:35357/v2.0/OS-KSADM/roles 0.485s
2016-08-12 22:29:04.449 4774 INFO tempest.lib.common.rest_client [req-70be2407-0454-40a9-9402-81ce0fc5f7c5 ] Request (InstanceUsageAuditLogNegativeTestJSON:setUpClass): 200 GET https://dal-iaas-001-api-endpoint.prod.walmart.com:35357/v2.0/OS-KSADM/roles 0.585s
2016-08-12 22:29:04.652 4781 INFO tempest.lib.common.rest_client [req-975f8e3a-2e0c-49f3-980f-09f180933420 ] Request (AgentsAdminTestJSON:setUpClass): 200 PUT https://dal-iaas-001-api-endpoint.prod.walmart.com:35357/v2.0/tenants/6f790550edce40adafadff62e5a311cc/users/a09605512dc24f51b53248db7b59a5b7/roles/OS-KSADM/b5b0387bbe864c43a2999e531988bb8f 0.579s
2016-08-12 22:29:04.670 4780 INFO tempest.lib.common.rest_client [req-f14b5cc0-308f-4b79-953f-416b33b1c558 ] Request (AggregatesAdminNegativeTestJSON:setUpClass): 200 PUT https://dal-iaas-001-api-endpoint.prod.walmart.com:35357/v2.0/tenants/5b19d4736a214bd1a209013f2554b24f/users/6cd1447a3340400fa6546d8026fb3109/roles/OS-KSADM/b5b0387bbe864c43a2999e531988bb8f 0.603s
2016-08-12 22:29:04.693 4777 INFO tempest.lib.common.rest_client [req-b34072a4-0bed-45d5-8125-a9497d9b7fd6 ] Request (AggregatesAdminTestJSON:setUpClass): 200 PUT https://dal-iaas-001-api-endpoint.prod.walmart.com:35357/v2.0/tenants/906e5ce010fa4706af07be976722f72f/users/e33d5d3142b646e285500a7db8251c47/roles/OS-KSADM/b5b0387bbe864c43a2999e531988bb8f 0.591s
2016-08-12 22:29:04.725 4778 INFO tempest.lib.common.rest_client [req-a85d92a9-1848-4e63-b5c4-784a92cb682f ] Request (NetworksTest:setUpClass): 200 PUT https://dal-iaas-001-api-endpoint.prod.walmart.com:35357/v2.0/tenants/cf0e99579f72478b9e554ac50e5910b1/users/872f51e4f2ca4034b98cc347d08faa6e/roles/OS-KSADM/b5b0387bbe864c43a2999e531988bb8f 0.648s
2016-08-12 22:29:04.860 4779 INFO tempest.lib.common.rest_client [req-10921889-32fb-4145-9a42-8460883757d7 ] Request (FlavorsAdminTestJSON:setUpClass): 200 PUT https://dal-iaas-001-api-endpoint.prod.walmart.com:35357/v2.0/tenants/cea0a4f6ae84428e8c9a1b930c444e1a/users/67c779e5fe2941b391e8ca3aa728cafd/roles/OS-KSADM/b5b0387bbe864c43a2999e531988bb8f 0.791s
2016-08-12 22:29:04.862 4775 INFO tempest.lib.common.rest_client [req-16e72ba5-f166-4784-b207-e7855c06732e ] Request (BaremetalNodesAdminTestJSON:setUpClass): 200 PUT https://dal-iaas-001-api-endpoint.prod.walmart.com:35357/v2.0/tenants/97737aafb060435fad9d7e559a8b29a8/users/1eb482f7274342e1bad864fc15571cb0/roles/OS-KSADM/b5b0387bbe864c43a2999e531988bb8f 0.556s
2016-08-12 22:29:04.948 4776 INFO tempest.lib.common.rest_client [req-85283f77-f1a1-498e-a685-ce8b3beb0b24 ] Request (AZAdminV2TestJSON:setUpClass): 200 PUT https://dal-iaas-001-api-endpoint.prod.walmart.com:35357/v2.0/tenants/4f42820760c249669f6d118910aa4c67/users/66ff670f4c4d4b5bb7ae7c3ff34ccd9a/roles/OS-KSADM/b5b0387bbe864c43a2999e531988bb8f 0.637s
2016-08-12 22:29:05.087 4774 INFO tempest.lib.common.rest_client [req-c8d11821-b2ad-4d97-8242-140b5e1cb4da ] Request (InstanceUsageAuditLogNegativeTestJSON:setUpClass): 200 PUT https://dal-iaas-001-api-endpoint.prod.walmart.com:35357/v2.0/tenants/a4c76494a04c4c139db2742bef4ad068/users/c56cae5d452340e9855079f7ac147d66/roles/OS-KSADM/b5b0387bbe864c43a2999e531988bb8f 0.636s
2016-08-12 22:29:05.233 4781 INFO tempest.lib.common.rest_client [req-ca3c8bab-8093-4038-9ca6-1fa0ec1b1148 ] Request (AgentsAdminTestJSON:setUpClass): 200 GET https://dal-iaas-001-api-endpoint.prod.walmart.com:35357/v2.0/OS-KSADM/roles 0.580s
2016-08-12 22:29:05.257 4780 INFO tempest.lib.common.rest_client [req-148a2e95-f727-434b-b028-f274c7e5d385 ] Request (AggregatesAdminNegativeTestJSON:setUpClass): 200 GET https://dal-iaas-001-api-endpoint.prod.walmart.com:35357/v2.0/OS-KSADM/roles 0.586s
2016-08-12 22:29:05.267 4777 INFO tempest.lib.common.rest_client [req-3120043d-5e3a-40f5-9b85-890c0f75e06b ] Request (AggregatesAdminTestJSON:setUpClass): 200 GET https://dal-iaas-001-api-endpoint.prod.walmart.com:35357/v2.0/OS-KSADM/roles 0.574s
2016-08-12 22:29:05.300 4778 INFO tempest.lib.common.rest_client [req-914e636d-3ffd-4530-9827-c964d30d4d86 ] Request (NetworksTest:setUpClass): 200 GET https://dal-iaas-001-api-endpoint.prod.walmart.com:35357/v2.0/OS-KSADM/roles 0.574s
2016-08-12 22:29:05.463 4776 INFO tempest.lib.common.rest_client [req-4524cedc-eed8-45b4-841d-636a16d99f9c ] Request (AZAdminV2TestJSON:setUpClass): 200 GET https://dal-iaas-001-api-endpoint.prod.walmart.com:35357/v2.0/OS-KSADM/roles 0.513s
2016-08-12 22:29:05.495 4779 INFO tempest.lib.common.rest_client [req-fb80bc09-1099-4692-ad63-ce14475bf021 ] Request (FlavorsAdminTestJSON:setUpClass): 200 GET https://dal-iaas-001-api-endpoint.prod.walmart.com:35357/v2.0/OS-KSADM/roles 0.634s
2016-08-12 22:29:05.495 4775 INFO tempest.lib.common.rest_client [req-da5116ef-cd19-4f67-9d51-dc96a0084fa6 ] Request (BaremetalNodesAdminTestJSON:setUpClass): 200 GET https://dal-iaas-001-api-endpoint.prod.walmart.com:35357/v2.0/OS-KSADM/roles 0.632s
2016-08-12 22:29:05.791 4774 INFO tempest.lib.common.rest_client [req-7fc8038f-91ea-4f79-8ffe-2e9ea704694b ] Request (InstanceUsageAuditLogNegativeTestJSON:setUpClass): 200 GET https://dal-iaas-001-api-endpoint.prod.walmart.com:35357/v2.0/OS-KSADM/roles 0.703s
2016-08-12 22:29:05.811 4780 INFO tempest.lib.common.rest_client [req-a1f1415b-4f93-45b8-b9f2-0719f4ad3603 ] Request (AggregatesAdminNegativeTestJSON:setUpClass): 409 PUT https://dal-iaas-001-api-endpoint.prod.walmart.com:35357/v2.0/tenants/5b19d4736a214bd1a209013f2554b24f/users/6cd1447a3340400fa6546d8026fb3109/roles/OS-KSADM/9fe2ff9ee4384b1894a90878d3e92bab 0.553s
2016-08-12 22:29:05.811 4780 INFO tempest.common.dynamic_creds [-] Acquired dynamic creds:
 credentials: Credentials: {'username': u'tempest-AggregatesAdminNegativeTestJSON-1911123845', 'project_name': u'tempest-AggregatesAdminNegativeTestJSON-1911123845', 'user_id': u'6cd1447a3340400fa6546d8026fb3109', 'tenant_name': u'tempest-AggregatesAdminNegativeTestJSON-1911123845', 'tenant_id': u'5b19d4736a214bd1a209013f2554b24f', 'project_id': u'5b19d4736a214bd1a209013f2554b24f'}, Network: None, Subnet: None, Router: None
2016-08-12 22:29:05.872 4778 INFO tempest.lib.common.rest_client [req-6468445c-1de0-4127-9be6-60180ad61690 ] Request (NetworksTest:setUpClass): 409 PUT https://dal-iaas-001-api-endpoint.prod.walmart.com:35357/v2.0/tenants/cf0e99579f72478b9e554ac50e5910b1/users/872f51e4f2ca4034b98cc347d08faa6e/roles/OS-KSADM/9fe2ff9ee4384b1894a90878d3e92bab 0.572s
2016-08-12 22:29:05.873 4778 INFO tempest.common.dynamic_creds [-] Acquired dynamic creds:
 credentials: Credentials: {'username': u'tempest-NetworksTest-832516651', 'project_name': u'tempest-NetworksTest-832516651', 'user_id': u'872f51e4f2ca4034b98cc347d08faa6e', 'tenant_name': u'tempest-NetworksTest-832516651', 'tenant_id': u'cf0e99579f72478b9e554ac50e5910b1', 'project_id': u'cf0e99579f72478b9e554ac50e5910b1'}, Network: None, Subnet: None, Router: None
2016-08-12 22:29:05.930 4777 INFO tempest.lib.common.rest_client [req-2ec58fe6-56ce-4133-ad31-09fffa640a34 ] Request (AggregatesAdminTestJSON:setUpClass): 409 PUT https://dal-iaas-001-api-endpoint.prod.walmart.com:35357/v2.0/tenants/906e5ce010fa4706af07be976722f72f/users/e33d5d3142b646e285500a7db8251c47/roles/OS-KSADM/9fe2ff9ee4384b1894a90878d3e92bab 0.661s
2016-08-12 22:29:05.930 4777 INFO tempest.common.dynamic_creds [-] Acquired dynamic creds:
 credentials: Credentials: {'username': u'tempest-AggregatesAdminTestJSON-1246317490', 'project_name': u'tempest-AggregatesAdminTestJSON-1246317490', 'user_id': u'e33d5d3142b646e285500a7db8251c47', 'tenant_name': u'tempest-AggregatesAdminTestJSON-1246317490', 'tenant_id': u'906e5ce010fa4706af07be976722f72f', 'project_id': u'906e5ce010fa4706af07be976722f72f'}, Network: None, Subnet: None, Router: None
2016-08-12 22:29:06.014 4776 INFO tempest.lib.common.rest_client [req-316c92af-9ecb-439c-8cf4-e40f385b3946 ] Request (AZAdminV2TestJSON:setUpClass): 409 PUT https://dal-iaas-001-api-endpoint.prod.walmart.com:35357/v2.0/tenants/4f42820760c249669f6d118910aa4c67/users/66ff670f4c4d4b5bb7ae7c3ff34ccd9a/roles/OS-KSADM/9fe2ff9ee4384b1894a90878d3e92bab 0.550s
2016-08-12 22:29:06.015 4776 INFO tempest.common.dynamic_creds [-] Acquired dynamic creds:
 credentials: Credentials: {'username': u'tempest-AZAdminV2TestJSON-1325076863', 'project_name': u'tempest-AZAdminV2TestJSON-1325076863', 'user_id': u'66ff670f4c4d4b5bb7ae7c3ff34ccd9a', 'tenant_name': u'tempest-AZAdminV2TestJSON-1325076863', 'tenant_id': u'4f42820760c249669f6d118910aa4c67', 'project_id': u'4f42820760c249669f6d118910aa4c67'}, Network: None, Subnet: None, Router: None
2016-08-12 22:29:06.029 4775 INFO tempest.lib.common.rest_client [req-d469e044-26a4-4a59-991a-40af74fc1943 ] Request (BaremetalNodesAdminTestJSON:setUpClass): 409 PUT https://dal-iaas-001-api-endpoint.prod.walmart.com:35357/v2.0/tenants/97737aafb060435fad9d7e559a8b29a8/users/1eb482f7274342e1bad864fc15571cb0/roles/OS-KSADM/9fe2ff9ee4384b1894a90878d3e92bab 0.533s
2016-08-12 22:29:06.030 4775 INFO tempest.common.dynamic_creds [-] Acquired dynamic creds:
 credentials: Credentials: {'username': u'tempest-BaremetalNodesAdminTestJSON-742469640', 'project_name': u'tempest-BaremetalNodesAdminTestJSON-742469640', 'user_id': u'1eb482f7274342e1bad864fc15571cb0', 'tenant_name': u'tempest-BaremetalNodesAdminTestJSON-742469640', 'tenant_id': u'97737aafb060435fad9d7e559a8b29a8', 'project_id': u'97737aafb060435fad9d7e559a8b29a8'}, Network: None, Subnet: None, Router: None
2016-08-12 22:29:06.042 4779 INFO tempest.lib.common.rest_client [req-40897e7c-9b98-4774-a67f-648446c13956 ] Request (FlavorsAdminTestJSON:setUpClass): 409 PUT https://dal-iaas-001-api-endpoint.prod.walmart.com:35357/v2.0/tenants/cea0a4f6ae84428e8c9a1b930c444e1a/users/67c779e5fe2941b391e8ca3aa728cafd/roles/OS-KSADM/9fe2ff9ee4384b1894a90878d3e92bab 0.546s
2016-08-12 22:29:06.102 4779 INFO tempest.common.dynamic_creds [-] Acquired dynamic creds:
 credentials: Credentials: {'username': u'tempest-FlavorsAdminTestJSON-449081081', 'project_name': u'tempest-FlavorsAdminTestJSON-449081081', 'user_id': u'67c779e5fe2941b391e8ca3aa728cafd', 'tenant_name': u'tempest-FlavorsAdminTestJSON-449081081', 'tenant_id': u'cea0a4f6ae84428e8c9a1b930c444e1a', 'project_id': u'cea0a4f6ae84428e8c9a1b930c444e1a'}, Network: None, Subnet: None, Router: None
2016-08-12 22:29:06.104 4781 INFO tempest.lib.common.rest_client [req-8f27547a-4b6c-4f53-865c-8dc8ca59658a ] Request (AgentsAdminTestJSON:setUpClass): 409 PUT https://dal-iaas-001-api-endpoint.prod.walmart.com:35357/v2.0/tenants/6f790550edce40adafadff62e5a311cc/users/a09605512dc24f51b53248db7b59a5b7/roles/OS-KSADM/9fe2ff9ee4384b1894a90878d3e92bab 0.870s
2016-08-12 22:29:06.104 4781 INFO tempest.common.dynamic_creds [-] Acquired dynamic creds:
 credentials: Credentials: {'username': u'tempest-AgentsAdminTestJSON-868933057', 'project_name': u'tempest-AgentsAdminTestJSON-868933057', 'user_id': u'a09605512dc24f51b53248db7b59a5b7', 'tenant_name': u'tempest-AgentsAdminTestJSON-868933057', 'tenant_id': u'6f790550edce40adafadff62e5a311cc', 'project_id': u'6f790550edce40adafadff62e5a311cc'}, Network: None, Subnet: None, Router: None
2016-08-12 22:29:06.107 4775 INFO tempest.test [-] <class 'unittest2.case.SkipTest'> raised in BaremetalNodesAdminTestJSON.setUpClass. Invoking tearDownClass.
2016-08-12 22:29:06.348 4780 INFO tempest.lib.common.rest_client [req-af9efe2f-8639-4d4f-a3af-1ab6a6468442 ] Request (AggregatesAdminNegativeTestJSON:setUpClass): 200 POST https://dal-iaas-001-api-endpoint.prod.walmart.com:5443/v2.0/tokens
2016-08-12 22:29:06.387 4774 INFO tempest.lib.common.rest_client [req-c9e00e01-b7e4-4513-8e57-f6cff3abe1e6 ] Request (InstanceUsageAuditLogNegativeTestJSON:setUpClass): 409 PUT https://dal-iaas-001-api-endpoint.prod.walmart.com:35357/v2.0/tenants/a4c76494a04c4c139db2742bef4ad068/users/c56cae5d452340e9855079f7ac147d66/roles/OS-KSADM/9fe2ff9ee4384b1894a90878d3e92bab 0.595s
2016-08-12 22:29:06.388 4774 INFO tempest.common.dynamic_creds [-] Acquired dynamic creds:
 credentials: Credentials: {'username': u'tempest-InstanceUsageAuditLogNegativeTestJSON-62967588', 'project_name': u'tempest-InstanceUsageAuditLogNegativeTestJSON-62967588', 'user_id': u'c56cae5d452340e9855079f7ac147d66', 'tenant_name': u'tempest-InstanceUsageAuditLogNegativeTestJSON-62967588', 'tenant_id': u'a4c76494a04c4c139db2742bef4ad068', 'project_id': u'a4c76494a04c4c139db2742bef4ad068'}, Network: None, Subnet: None, Router: None
2016-08-12 22:29:06.392 4778 INFO tempest.lib.common.rest_client [req-ae71ccfc-e507-46be-826c-ae41e3391bce ] Request (NetworksTest:test_get_network): 200 POST https://dal-iaas-001-api-endpoint.prod.walmart.com:5443/v2.0/tokens
2016-08-12 22:29:06.466 4777 INFO tempest.lib.common.rest_client [req-eb3dec99-7155-43d8-97fb-09c9e2b26e8c ] Request (AggregatesAdminTestJSON:setUpClass): 200 POST https://dal-iaas-001-api-endpoint.prod.walmart.com:5443/v2.0/tokens
2016-08-12 22:29:06.502 4776 INFO tempest.lib.common.rest_client [req-6a1575e8-febb-412f-a6d7-ba689d82a504 ] Request (AZAdminV2TestJSON:test_get_availability_zone_list): 200 POST https://dal-iaas-001-api-endpoint.prod.walmart.com:5443/v2.0/tokens
2016-08-12 22:29:06.600 4779 INFO tempest.lib.common.rest_client [req-bae00f9e-9dd4-43f1-a5d3-b8946f183b82 ] Request (FlavorsAdminTestJSON:test_create_flavor_using_string_ram): 200 POST https://dal-iaas-001-api-endpoint.prod.walmart.com:5443/v2.0/tokens
2016-08-12 22:29:06.691 4781 INFO tempest.lib.common.rest_client [req-901b0b46-1216-4edb-ac9c-111e7d9076da ] Request (AgentsAdminTestJSON:setUp): 200 POST https://dal-iaas-001-api-endpoint.prod.walmart.com:5443/v2.0/tokens
2016-08-12 22:29:06.714 4775 INFO tempest.lib.common.rest_client [req-f37fe360-fd27-4f24-a2a9-7f2bcc5be781 ] Request (BaremetalNodesAdminTestJSON:tearDownClass): 204 DELETE https://dal-iaas-001-api-endpoint.prod.walmart.com:35357/v2.0/users/1eb482f7274342e1bad864fc15571cb0 0.606s
2016-08-12 22:29:06.982 4774 INFO tempest.lib.common.rest_client [req-ac292eb1-6664-4feb-89f7-01a2697c4489 ] Request (InstanceUsageAuditLogNegativeTestJSON:test_get_instance_usage_audit_logs_with_invalid_time): 200 POST https://dal-iaas-001-api-endpoint.prod.walmart.com:5443/v2.0/tokens
2016-08-12 22:29:07.550 4780 INFO tempest.lib.common.rest_client [req-c6b476a2-326e-4a40-912b-f0b6b20cee0b ] Request (AggregatesAdminNegativeTestJSON:setUpClass): 200 GET https://dal-iaas-001-api-endpoint.prod.walmart.com:8774/v2/5b19d4736a214bd1a209013f2554b24f/os-hosts 1.201s
2016-08-12 22:29:07.682 4778 INFO tempest.lib.common.rest_client [req-a3cae663-0183-4363-84b6-8e375185c8a9 ] Request (NetworksTest:test_get_network): 200 GET https://dal-iaas-001-api-endpoint.prod.walmart.com:8774/v2/cf0e99579f72478b9e554ac50e5910b1/os-networks 1.289s
2016-08-12 22:29:07.701 4781 INFO tempest.lib.common.rest_client [req-3d10f346-dc1b-471b-a230-0b8356b71c0b ] Request (AgentsAdminTestJSON:setUp): 200 POST https://dal-iaas-001-api-endpoint.prod.walmart.com:8774/v2/6f790550edce40adafadff62e5a311cc/os-agents 1.009s
2016-08-12 22:29:07.726 4779 INFO tempest.lib.common.rest_client [req-504c0144-6d0c-44e6-8185-c069201cfa1d ] Request (FlavorsAdminTestJSON:test_create_flavor_using_string_ram): 200 POST https://dal-iaas-001-api-endpoint.prod.walmart.com:8774/v2/cea0a4f6ae84428e8c9a1b930c444e1a/flavors 1.126s
2016-08-12 22:29:07.783 4776 INFO tempest.lib.common.rest_client [req-30f0b627-3228-415d-b7e2-265b9954cb15 ] Request (AZAdminV2TestJSON:test_get_availability_zone_list): 200 GET https://dal-iaas-001-api-endpoint.prod.walmart.com:8774/v2/4f42820760c249669f6d118910aa4c67/os-availability-zone 1.280s
2016-08-12 22:29:07.900 4775 INFO tempest.lib.common.rest_client [req-5fb37697-1aa6-451f-b603-5ecba560aaf7 ] Request (BaremetalNodesAdminTestJSON:tearDownClass): 200 GET https://dal-iaas-001-api-endpoint.prod.walmart.com:9696/v2.0/security-groups?tenant_id=97737aafb060435fad9d7e559a8b29a8&name=default 1.185s
2016-08-12 22:29:07.918 4780 INFO tempest.lib.common.rest_client [req-f49745e1-5320-4992-a285-d0f09ede8677 ] Request (AggregatesAdminNegativeTestJSON:test_aggregate_add_existent_host): 200 POST https://dal-iaas-001-api-endpoint.prod.walmart.com:8774/v2/5b19d4736a214bd1a209013f2554b24f/os-aggregates 0.361s
2016-08-12 22:29:08.067 4781 INFO tempest.lib.common.rest_client [req-4952c734-b5a3-4697-a40c-2a13d2c86aa7 ] Request (AgentsAdminTestJSON:test_create_agent): 200 POST https://dal-iaas-001-api-endpoint.prod.walmart.com:8774/v2/6f790550edce40adafadff62e5a311cc/os-agents 0.362s
2016-08-12 22:29:08.086 4779 INFO tempest.lib.common.rest_client [req-5fde050d-eb94-43bf-ab82-f7066b552090 ] Request (FlavorsAdminTestJSON:_run_cleanups): 202 DELETE https://dal-iaas-001-api-endpoint.prod.walmart.com:8774/v2/cea0a4f6ae84428e8c9a1b930c444e1a/flavors/830935808 0.356s
2016-08-12 22:29:08.088 4778 INFO tempest.lib.common.rest_client [req-49dfa98f-3a3a-426d-a948-2913dceb6b4a ] Request (NetworksTest:test_get_network): 200 GET https://dal-iaas-001-api-endpoint.prod.walmart.com:8774/v2/cf0e99579f72478b9e554ac50e5910b1/os-networks/1db35de8-93c8-455c-a1c1-720801bd971a 0.405s
2016-08-12 22:29:08.241 4776 INFO tempest.lib.common.rest_client [req-a1958591-f84a-406d-9f0f-143d80fc5e50 ] Request (AZAdminV2TestJSON:test_get_availability_zone_list_detail): 200 GET https://dal-iaas-001-api-endpoint.prod.walmart.com:8774/v2/4f42820760c249669f6d118910aa4c67/os-availability-zone/detail 0.456s
2016-08-12 22:29:08.254 4775 INFO tempest.lib.common.rest_client [req-fa35e39c-c64e-40d1-9328-ca5f54497f12 ] Request (BaremetalNodesAdminTestJSON:tearDownClass): 204 DELETE https://dal-iaas-001-api-endpoint.prod.walmart.com:9696/v2.0/security-groups/bddc83f4-eac6-405c-b085-07c664dfb519 0.353s
2016-08-12 22:29:08.264 4774 INFO tempest.lib.common.rest_client [req-d72e484a-a027-402f-a091-4365fe6199f8 ] Request (InstanceUsageAuditLogNegativeTestJSON:test_get_instance_usage_audit_logs_with_invalid_time): 400 GET https://dal-iaas-001-api-endpoint.prod.walmart.com:8774/v2/a4c76494a04c4c139db2742bef4ad068/os-instance_usage_audit_log/invalid_time 1.282s
2016-08-12 22:29:08.293 4780 INFO tempest.lib.common.rest_client [req-239b8bbb-ae2a-4e18-abf6-8247c301122a ] Request (AggregatesAdminNegativeTestJSON:test_aggregate_add_existent_host): 200 POST https://dal-iaas-001-api-endpoint.prod.walmart.com:8774/v2/5b19d4736a214bd1a209013f2554b24f/os-aggregates/778/action 0.371s
2016-08-12 22:29:08.385 4781 INFO tempest.lib.common.rest_client [req-f49e8197-b2f2-446c-9b02-574a484c13ff ] Request (AgentsAdminTestJSON:tearDown): 200 DELETE https://dal-iaas-001-api-endpoint.prod.walmart.com:8774/v2/6f790550edce40adafadff62e5a311cc/os-agents/331 0.316s
2016-08-12 22:29:08.390 4777 INFO tempest.lib.common.rest_client [req-3131d703-04f7-4fc3-b744-821b22cc04e7 ] Request (AggregatesAdminTestJSON:setUpClass): 200 GET https://dal-iaas-001-api-endpoint.prod.walmart.com:8774/v2/906e5ce010fa4706af07be976722f72f/os-hypervisors/detail 1.924s
2016-08-12 22:29:08.414 4779 INFO tempest.lib.common.rest_client [req-ed147338-150e-4be0-909c-f1a115694c3c ] Request (FlavorsAdminTestJSON:_run_cleanups): 200 GET https://dal-iaas-001-api-endpoint.prod.walmart.com:8774/v2/cea0a4f6ae84428e8c9a1b930c444e1a/flavors/detail 0.327s
2016-08-12 22:29:08.459 4778 INFO tempest.lib.common.rest_client [req-624d1e9b-5317-4191-bcd1-c805653a9163 ] Request (NetworksTest:test_list_all_networks): 200 GET https://dal-iaas-001-api-endpoint.prod.walmart.com:8774/v2/cf0e99579f72478b9e554ac50e5910b1/os-networks 0.369s
2016-08-12 22:29:08.648 4780 INFO tempest.lib.common.rest_client [req-31bbb019-2595-4211-903c-ae8636a54688 ] Request (AggregatesAdminNegativeTestJSON:test_aggregate_add_existent_host): 409 POST https://dal-iaas-001-api-endpoint.prod.walmart.com:8774/v2/5b19d4736a214bd1a209013f2554b24f/os-aggregates/778/action 0.353s
2016-08-12 22:29:08.767 4781 INFO tempest.lib.common.rest_client [req-b72c8dc9-2cfe-4c71-b2f2-d43ff740a372 ] Request (AgentsAdminTestJSON:_run_cleanups): 200 DELETE https://dal-iaas-001-api-endpoint.prod.walmart.com:8774/v2/6f790550edce40adafadff62e5a311cc/os-agents/334 0.382s
2016-08-12 22:29:08.800 4779 INFO tempest.lib.common.rest_client [req-2ca25357-92f5-4a22-aa01-c69f68729cf3 ] Request (FlavorsAdminTestJSON:test_create_flavor_verify_entry_in_list_details): 200 POST https://dal-iaas-001-api-endpoint.prod.walmart.com:8774/v2/cea0a4f6ae84428e8c9a1b930c444e1a/flavors 0.381s
2016-08-12 22:29:08.800 4774 INFO tempest.lib.common.rest_client [req-46081ef5-c344-4c1e-91b7-efc89f221b4f ] Request (InstanceUsageAuditLogNegativeTestJSON:test_instance_usage_audit_logs_with_nonadmin_user): 200 POST https://dal-iaas-001-api-endpoint.prod.walmart.com:5443/v2.0/tokens
2016-08-12 22:29:08.815 4775 INFO tempest.lib.common.rest_client [req-6e950bcd-0270-467e-94e1-5f6372f0ff92 ] Request (BaremetalNodesAdminTestJSON:tearDownClass): 204 DELETE https://dal-iaas-001-api-endpoint.prod.walmart.com:35357/v2.0/tenants/97737aafb060435fad9d7e559a8b29a8 0.560s
2016-08-12 22:29:08.989 4776 INFO tempest.lib.common.rest_client [req-1f8b3853-3e42-416a-8465-650dfecf1944 ] Request (AZAdminV2TestJSON:tearDownClass): 204 DELETE https://dal-iaas-001-api-endpoint.prod.walmart.com:35357/v2.0/users/66ff670f4c4d4b5bb7ae7c3ff34ccd9a 0.739s
2016-08-12 22:29:09.049 4781 INFO tempest.lib.common.rest_client [req-6589df4a-cd0c-429b-a271-6bf04b4679ec ] Request (AgentsAdminTestJSON:setUp): 200 POST https://dal-iaas-001-api-endpoint.prod.walmart.com:8774/v2/6f790550edce40adafadff62e5a311cc/os-agents 0.279s
2016-08-12 22:29:09.054 4778 INFO tempest.lib.common.rest_client [req-627f63f4-df1b-400d-aec6-144f7ef8a92d ] Request (NetworksTest:tearDownClass): 204 DELETE https://dal-iaas-001-api-endpoint.prod.walmart.com:35357/v2.0/users/872f51e4f2ca4034b98cc347d08faa6e 0.593s
2016-08-12 22:29:09.128 4780 INFO tempest.lib.common.rest_client [req-1af6b232-6f51-4e55-bb84-9ff96ba8e8e3 ] Request (AggregatesAdminNegativeTestJSON:_run_cleanups): 200 POST https://dal-iaas-001-api-endpoint.prod.walmart.com:8774/v2/5b19d4736a214bd1a209013f2554b24f/os-aggregates/778/action 0.480s
2016-08-12 22:29:09.295 4779 INFO tempest.lib.common.rest_client [req-367e9e99-997f-4871-8997-4829a3b9e5c9 ] Request (FlavorsAdminTestJSON:test_create_flavor_verify_entry_in_list_details): 200 GET https://dal-iaas-001-api-endpoint.prod.walmart.com:8774/v2/cea0a4f6ae84428e8c9a1b930c444e1a/flavors/detail 0.493s
2016-08-12 22:29:09.326 4781 INFO tempest.lib.common.rest_client [req-ec74f458-ea55-4694-882b-a90dce76bfa6 ] Request (AgentsAdminTestJSON:test_delete_agent): 200 DELETE https://dal-iaas-001-api-endpoint.prod.walmart.com:8774/v2/6f790550edce40adafadff62e5a311cc/os-agents/337 0.275s
2016-08-12 22:29:09.463 4780 INFO tempest.lib.common.rest_client [req-d50b236f-17cd-4714-b2f9-445685a56852 ] Request (AggregatesAdminNegativeTestJSON:_run_cleanups): 200 DELETE https://dal-iaas-001-api-endpoint.prod.walmart.com:8774/v2/5b19d4736a214bd1a209013f2554b24f/os-aggregates/778 0.333s
2016-08-12 22:29:09.479 4775 INFO tempest.lib.common.rest_client [req-d196a5a2-9180-42b7-bf91-4166c0d0412a ] Request (BaremetalNodesAdminTestJSON:tearDownClass): 204 DELETE https://dal-iaas-001-api-endpoint.prod.walmart.com:35357/v2.0/users/eb22f0dd21b9474bb74769bf458fb8a1 0.663s
2016-08-12 22:29:09.645 4781 INFO tempest.lib.common.rest_client [req-ecee4efd-0afb-4777-9ce7-ca61a9d21b29 ] Request (AgentsAdminTestJSON:test_delete_agent): 200 GET https://dal-iaas-001-api-endpoint.prod.walmart.com:8774/v2/6f790550edce40adafadff62e5a311cc/os-agents 0.318s
