2016-08-11 02:27:47.492 30152 INFO tempest.lib.common.rest_client [req-f057796f-eedb-4371-b9b0-43556287f07b ] Request (ImagesMetadataTestJSON:test_delete_image_metadata_item): 204 DELETE https://dal-iaas-001-api-endpoint.prod.walmart.com:8774/v2/63836101bff84a47ae74c5dbc83dbfcf/images/46460477-d65b-4ac0-b13b-ebe3c3c55169/metadata/os_version 0.747s
2016-08-11 02:27:47.715 30146 INFO tempest.lib.common.rest_client [req-f5b5f905-deb8-49bf-9702-82613775ad2f ] Request (FlavorsAccessNegativeTestJSON:setUpClass): 409 PUT https://dal-iaas-001-api-endpoint.prod.walmart.com:35357/v2.0/tenants/a64382b7b886489e91130b090d0224e4/users/c9f793250f444280a1a12629d9718ddf/roles/OS-KSADM/9fe2ff9ee4384b1894a90878d3e92bab 0.993s
2016-08-11 02:27:47.715 30146 INFO tempest.common.dynamic_creds [-] Acquired dynamic creds:
 credentials: Credentials: {'username': u'tempest-FlavorsAccessNegativeTestJSON-1816513978', 'project_name': u'tempest-FlavorsAccessNegativeTestJSON-1816513978', 'user_id': u'c9f793250f444280a1a12629d9718ddf', 'tenant_name': u'tempest-FlavorsAccessNegativeTestJSON-1816513978', 'tenant_id': u'a64382b7b886489e91130b090d0224e4', 'project_id': u'a64382b7b886489e91130b090d0224e4'}, Network: None, Subnet: None, Router: None
2016-08-11 02:27:47.857 30152 INFO tempest.lib.common.rest_client [req-c82cae05-47b5-4739-a8e8-3b939f638f07 ] Request (ImagesMetadataTestJSON:test_delete_image_metadata_item): 200 GET https://dal-iaas-001-api-endpoint.prod.walmart.com:8774/v2/63836101bff84a47ae74c5dbc83dbfcf/images/46460477-d65b-4ac0-b13b-ebe3c3c55169/metadata 0.364s
2016-08-11 02:27:48.118 30145 INFO tempest.lib.common.rest_client [req-8c3071a3-4ec9-4331-96af-8c9e5261acb7 ] Request (FloatingIPsNegativeTestJSON:setUpClass): 200 GET https://dal-iaas-001-api-endpoint.prod.walmart.com:8774/v2/7031f4e0ef724e4daeab6b09a63ebf9e/servers/b6532411-404f-4e60-aa9c-04e26c5ae129 0.511s
2016-08-11 02:27:48.126 30145 INFO tempest.common.waiters [-] State transition "BUILD/scheduling" ==> "BUILD/None" after 14 second wait
2016-08-11 02:27:48.206 30146 INFO tempest.lib.common.rest_client [req-f96fa572-b39c-46a0-9dc7-6e3c7b31105b ] Request (FlavorsAccessNegativeTestJSON:test_add_flavor_access_duplicate): 200 POST https://dal-iaas-001-api-endpoint.prod.walmart.com:5443/v2.0/tokens
2016-08-11 02:27:48.253 30151 INFO tempest.lib.common.rest_client [req-4b0c78ae-685a-4c2f-959e-abb465155df4 ] Request (ImagesOneServerTestJSON:setUpClass): 200 POST https://dal-iaas-001-api-endpoint.prod.walmart.com:35357/v2.0/users 1.000s
2016-08-11 02:27:48.418 30150 INFO tempest.lib.common.rest_client [req-a561c692-3b67-4176-b86d-e6e8968e6f4e ] Request (HypervisorAdminTestJSON:test_get_hypervisor_list_details): 200 GET https://dal-iaas-001-api-endpoint.prod.walmart.com:8774/v2/fa9d9b0cf5a5456b8296e80f5672dc54/os-hypervisors/detail 1.038s
2016-08-11 02:27:48.423 30148 INFO tempest.lib.common.rest_client [req-b0a37729-3147-41db-b364-d22626fc65af ] Request (FlavorDetailsNegativeTestJSON:setUpClass): 200 POST https://dal-iaas-001-api-endpoint.prod.walmart.com:35357/v2.0/tenants 1.299s
2016-08-11 02:27:48.512 30149 INFO tempest.lib.common.rest_client [req-6beac2a1-ac22-48d6-96d7-34f19dc57119 ] Request (SecurityGroupsTestAdminJSON:setUpClass): 200 POST https://dal-iaas-001-api-endpoint.prod.walmart.com:35357/v2.0/tenants 1.038s
2016-08-11 02:27:48.689 30152 INFO tempest.lib.common.rest_client [req-7561e31f-859b-4cd8-9c11-3ad0c65c2a1c ] Request (ImagesMetadataTestJSON:setUp): 200 PUT https://dal-iaas-001-api-endpoint.prod.walmart.com:8774/v2/63836101bff84a47ae74c5dbc83dbfcf/images/46460477-d65b-4ac0-b13b-ebe3c3c55169/metadata 0.829s
2016-08-11 02:27:49.070 30152 INFO tempest.lib.common.rest_client [req-18beef56-2ac7-49ac-acb1-3d33a266bc06 ] Request (ImagesMetadataTestJSON:test_get_image_metadata_item): 200 GET https://dal-iaas-001-api-endpoint.prod.walmart.com:8774/v2/63836101bff84a47ae74c5dbc83dbfcf/images/46460477-d65b-4ac0-b13b-ebe3c3c55169/metadata/os_distro 0.379s
2016-08-11 02:27:49.297 30151 INFO tempest.lib.common.rest_client [req-7c7d0c12-9551-4480-9dd0-8f2be3bab8fd ] Request (ImagesOneServerTestJSON:setUpClass): 200 GET https://dal-iaas-001-api-endpoint.prod.walmart.com:35357/v2.0/OS-KSADM/roles 1.043s
2016-08-11 02:27:49.393 30150 INFO tempest.lib.common.rest_client [req-d5fb8c7c-bcec-41cc-9615-d094d96ccae7 ] Request (HypervisorAdminTestJSON:test_get_hypervisor_show_details): 200 GET https://dal-iaas-001-api-endpoint.prod.walmart.com:8774/v2/fa9d9b0cf5a5456b8296e80f5672dc54/os-hypervisors 0.947s
2016-08-11 02:27:49.439 30149 INFO tempest.lib.common.rest_client [req-719c4bb5-aded-4d9d-81ba-9ba5f50efdc7 ] Request (SecurityGroupsTestAdminJSON:setUpClass): 200 POST https://dal-iaas-001-api-endpoint.prod.walmart.com:35357/v2.0/users 0.926s
2016-08-11 02:27:49.572 30148 INFO tempest.lib.common.rest_client [req-42d26372-f37f-46dc-ba8d-f1b040ac4f27 ] Request (FlavorDetailsNegativeTestJSON:setUpClass): 200 POST https://dal-iaas-001-api-endpoint.prod.walmart.com:35357/v2.0/users 1.148s
2016-08-11 02:27:49.701 30150 INFO tempest.lib.common.rest_client [req-f8f2e4c4-2f5b-4ab4-8a4f-3a591d0bac68 ] Request (HypervisorAdminTestJSON:test_get_hypervisor_show_details): 200 GET https://dal-iaas-001-api-endpoint.prod.walmart.com:8774/v2/fa9d9b0cf5a5456b8296e80f5672dc54/os-hypervisors/5 0.300s
2016-08-11 02:27:49.839 30145 INFO tempest.lib.common.rest_client [req-dad5f2e3-df97-4fac-a70c-832c794c8074 ] Request (FloatingIPsNegativeTestJSON:setUpClass): 200 GET https://dal-iaas-001-api-endpoint.prod.walmart.com:8774/v2/7031f4e0ef724e4daeab6b09a63ebf9e/servers/b6532411-404f-4e60-aa9c-04e26c5ae129 0.708s
2016-08-11 02:27:49.848 30145 INFO tempest.common.waiters [-] State transition "BUILD/None" ==> "BUILD/spawning" after 15 second wait
2016-08-11 02:27:49.876 30152 INFO tempest.lib.common.rest_client [req-7480e3c4-abd0-4984-93fc-f330669c09c8 ] Request (ImagesMetadataTestJSON:setUp): 200 PUT https://dal-iaas-001-api-endpoint.prod.walmart.com:8774/v2/63836101bff84a47ae74c5dbc83dbfcf/images/46460477-d65b-4ac0-b13b-ebe3c3c55169/metadata 0.802s
2016-08-11 02:27:50.232 30147 INFO tempest.lib.common.rest_client [req-55801c60-d285-4c47-a106-cc7f58eb62ed ] Request (FlavorsAdminTestJSON:tearDownClass): 200 GET https://dal-iaas-001-api-endpoint.prod.walmart.com:9696/v2.0/security-groups?tenant_id=aa20287bcb6b433e9ef3c98865073302&name=default 2.916s
2016-08-11 02:27:50.242 30152 INFO tempest.lib.common.rest_client [req-befc9d23-88f8-4b2b-997c-25088ab4ed8c ] Request (ImagesMetadataTestJSON:test_list_image_metadata): 200 GET https://dal-iaas-001-api-endpoint.prod.walmart.com:8774/v2/63836101bff84a47ae74c5dbc83dbfcf/images/46460477-d65b-4ac0-b13b-ebe3c3c55169/metadata 0.364s
2016-08-11 02:27:50.385 30149 INFO tempest.lib.common.rest_client [req-488e1f7f-bdde-4375-92d5-66fcc8ccba35 ] Request (SecurityGroupsTestAdminJSON:setUpClass): 200 GET https://dal-iaas-001-api-endpoint.prod.walmart.com:35357/v2.0/OS-KSADM/roles 0.945s
2016-08-11 02:27:50.388 30151 INFO tempest.lib.common.rest_client [req-b5160fb1-fa82-4b45-a701-1ee3c5569afb ] Request (ImagesOneServerTestJSON:setUpClass): 409 PUT https://dal-iaas-001-api-endpoint.prod.walmart.com:35357/v2.0/tenants/29c1fa762c2541c3b735070704292eca/users/1889ca4c80764558a2b5e448bb4527ef/roles/OS-KSADM/9fe2ff9ee4384b1894a90878d3e92bab 1.090s
2016-08-11 02:27:50.389 30151 INFO tempest.common.dynamic_creds [-] Acquired dynamic creds:
 credentials: Credentials: {'username': u'tempest-ImagesOneServerTestJSON-1273456806', 'project_name': u'tempest-ImagesOneServerTestJSON-1273456806', 'user_id': u'1889ca4c80764558a2b5e448bb4527ef', 'tenant_name': u'tempest-ImagesOneServerTestJSON-1273456806', 'tenant_id': u'29c1fa762c2541c3b735070704292eca', 'project_id': u'29c1fa762c2541c3b735070704292eca'}, Network: None, Subnet: None, Router: None
2016-08-11 02:27:50.636 30147 INFO tempest.lib.common.rest_client [req-168b9391-520b-4e0c-bed9-1b4c3522f252 ] Request (FlavorsAdminTestJSON:tearDownClass): 204 DELETE https://dal-iaas-001-api-endpoint.prod.walmart.com:9696/v2.0/security-groups/b6e160c6-7c21-43c0-9a95-612982aa405d 0.403s
2016-08-11 02:27:50.700 30150 INFO tempest.lib.common.rest_client [req-e185e552-56d7-4a38-bc12-9083ca7c773c ] Request (HypervisorAdminTestJSON:test_get_hypervisor_show_servers): 200 GET https://dal-iaas-001-api-endpoint.prod.walmart.com:8774/v2/fa9d9b0cf5a5456b8296e80f5672dc54/os-hypervisors 0.989s
2016-08-11 02:27:50.770 30148 INFO tempest.lib.common.rest_client [req-32b63198-f0f4-4735-9af1-e35150dc0b7b ] Request (FlavorDetailsNegativeTestJSON:setUpClass): 200 GET https://dal-iaas-001-api-endpoint.prod.walmart.com:35357/v2.0/OS-KSADM/roles 1.197s
2016-08-11 02:27:50.984 30151 INFO tempest.lib.common.rest_client [req-e0b266aa-0b0f-4afb-8c04-e0970e167e49 ] Request (ImagesOneServerTestJSON:setUpClass): 200 POST https://dal-iaas-001-api-endpoint.prod.walmart.com:5443/v2.0/tokens
2016-08-11 02:27:50.986 30146 INFO tempest.lib.common.rest_client [req-b1e8d57e-72c7-42d9-ab4f-78474c00b0fd ] Request (FlavorsAccessNegativeTestJSON:test_add_flavor_access_duplicate): 200 POST https://dal-iaas-001-api-endpoint.prod.walmart.com:8774/v2/a64382b7b886489e91130b090d0224e4/flavors 2.779s
2016-08-11 02:27:51.037 30152 INFO tempest.lib.common.rest_client [req-3b3f64a1-6b54-410a-8976-1c594706cb22 ] Request (ImagesMetadataTestJSON:setUp): 200 PUT https://dal-iaas-001-api-endpoint.prod.walmart.com:8774/v2/63836101bff84a47ae74c5dbc83dbfcf/images/46460477-d65b-4ac0-b13b-ebe3c3c55169/metadata 0.792s
2016-08-11 02:27:51.055 30150 INFO tempest.lib.common.rest_client [req-17d4e707-6339-4b8b-81ab-6fb993db58f4 ] Request (HypervisorAdminTestJSON:test_get_hypervisor_show_servers): 200 GET https://dal-iaas-001-api-endpoint.prod.walmart.com:8774/v2/fa9d9b0cf5a5456b8296e80f5672dc54/os-hypervisors/dal-appblx061-21.prod.walmart.com/servers 0.349s
2016-08-11 02:27:51.345 30150 INFO tempest.lib.common.rest_client [req-900459ec-0d9a-47e7-bf3e-515f22ba26f8 ] Request (HypervisorAdminTestJSON:test_get_hypervisor_stats): 200 GET https://dal-iaas-001-api-endpoint.prod.walmart.com:8774/v2/fa9d9b0cf5a5456b8296e80f5672dc54/os-hypervisors/statistics 0.286s
2016-08-11 02:27:51.348 30146 INFO tempest.lib.common.rest_client [req-1f23f2b9-0f6c-454b-916a-1df31d0b2b63 ] Request (FlavorsAccessNegativeTestJSON:test_add_flavor_access_duplicate): 200 POST https://dal-iaas-001-api-endpoint.prod.walmart.com:8774/v2/a64382b7b886489e91130b090d0224e4/flavors/1512962920/action 0.358s
2016-08-11 02:27:51.378 30149 INFO tempest.lib.common.rest_client [req-1f103978-e2ab-443c-87eb-dc4088ab8b0a ] Request (SecurityGroupsTestAdminJSON:setUpClass): 409 PUT https://dal-iaas-001-api-endpoint.prod.walmart.com:35357/v2.0/tenants/b361131c46af4ccba8531d462957053a/users/65de6b60de7f49e6a30da8a900e6e360/roles/OS-KSADM/9fe2ff9ee4384b1894a90878d3e92bab 0.993s
2016-08-11 02:27:51.379 30149 INFO tempest.common.dynamic_creds [-] Acquired dynamic creds:
 credentials: Credentials: {'username': u'tempest-SecurityGroupsTestAdminJSON-795063318', 'project_name': u'tempest-SecurityGroupsTestAdminJSON-795063318', 'user_id': u'65de6b60de7f49e6a30da8a900e6e360', 'tenant_name': u'tempest-SecurityGroupsTestAdminJSON-795063318', 'tenant_id': u'b361131c46af4ccba8531d462957053a', 'project_id': u'b361131c46af4ccba8531d462957053a'}, Network: None, Subnet: None, Router: None
2016-08-11 02:27:51.406 30145 INFO tempest.lib.common.rest_client [req-9e23f61c-0166-42a4-840a-b8f2d3a6ad38 ] Request (FloatingIPsNegativeTestJSON:setUpClass): 200 GET https://dal-iaas-001-api-endpoint.prod.walmart.com:8774/v2/7031f4e0ef724e4daeab6b09a63ebf9e/servers/b6532411-404f-4e60-aa9c-04e26c5ae129 0.553s
2016-08-11 02:27:51.416 30145 INFO tempest.common.waiters [-] State transition "BUILD/spawning" ==> "BUILD/None" after 17 second wait
2016-08-11 02:27:51.651 30147 INFO tempest.lib.common.rest_client [req-6551b79e-599b-4be5-9f0c-f9e4c5a9d953 ] Request (FlavorsAdminTestJSON:tearDownClass): 204 DELETE https://dal-iaas-001-api-endpoint.prod.walmart.com:35357/v2.0/tenants/aa20287bcb6b433e9ef3c98865073302 1.014s
2016-08-11 02:27:51.661 30146 INFO tempest.lib.common.rest_client [req-30e6b40a-9d6c-425f-b4e3-e7cc335087ff ] Request (FlavorsAccessNegativeTestJSON:test_add_flavor_access_duplicate): 409 POST https://dal-iaas-001-api-endpoint.prod.walmart.com:8774/v2/a64382b7b886489e91130b090d0224e4/flavors/1512962920/action 0.311s
2016-08-11 02:27:51.824 30152 INFO tempest.lib.common.rest_client [req-ff099aa1-f603-483b-b05e-7bca6f9367c8 ] Request (ImagesMetadataTestJSON:test_set_image_metadata): 200 PUT https://dal-iaas-001-api-endpoint.prod.walmart.com:8774/v2/63836101bff84a47ae74c5dbc83dbfcf/images/46460477-d65b-4ac0-b13b-ebe3c3c55169/metadata 0.786s
2016-08-11 02:27:51.880 30148 INFO tempest.lib.common.rest_client [req-0bcbd993-0ea2-4aa4-b161-7c7552317ead ] Request (FlavorDetailsNegativeTestJSON:setUpClass): 409 PUT https://dal-iaas-001-api-endpoint.prod.walmart.com:35357/v2.0/tenants/641f6856ae174902a66014ca90c1e5e2/users/49935991475942ef869dba871ccc79c4/roles/OS-KSADM/9fe2ff9ee4384b1894a90878d3e92bab 1.108s
2016-08-11 02:27:51.880 30148 INFO tempest.common.dynamic_creds [-] Acquired dynamic creds:
 credentials: Credentials: {'username': u'tempest-FlavorDetailsNegativeTestJSON-1272406534', 'project_name': u'tempest-FlavorDetailsNegativeTestJSON-1272406534', 'user_id': u'49935991475942ef869dba871ccc79c4', 'tenant_name': u'tempest-FlavorDetailsNegativeTestJSON-1272406534', 'tenant_id': u'641f6856ae174902a66014ca90c1e5e2', 'project_id': u'641f6856ae174902a66014ca90c1e5e2'}, Network: None, Subnet: None, Router: None
2016-08-11 02:27:51.891 30148 INFO tempest.test [-] Executing get-flavor-details
2016-08-11 02:27:51.950 30146 INFO tempest.lib.common.rest_client [req-bf8d8a30-da7a-40fa-b4e5-6fa93b23c1d7 ] Request (FlavorsAccessNegativeTestJSON:_run_cleanups): 200 POST https://dal-iaas-001-api-endpoint.prod.walmart.com:8774/v2/a64382b7b886489e91130b090d0224e4/flavors/1512962920/action 0.288s
2016-08-11 02:27:52.200 30152 INFO tempest.lib.common.rest_client [req-b3a6a036-7980-45c9-ac2e-93b8b8567807 ] Request (ImagesMetadataTestJSON:test_set_image_metadata): 200 GET https://dal-iaas-001-api-endpoint.prod.walmart.com:8774/v2/63836101bff84a47ae74c5dbc83dbfcf/images/46460477-d65b-4ac0-b13b-ebe3c3c55169/metadata 0.374s
2016-08-11 02:27:52.237 30146 INFO tempest.lib.common.rest_client [req-d2b72401-e47f-4df4-add9-9033c1a042cb ] Request (FlavorsAccessNegativeTestJSON:_run_cleanups): 202 DELETE https://dal-iaas-001-api-endpoint.prod.walmart.com:8774/v2/a64382b7b886489e91130b090d0224e4/flavors/1512962920 0.285s
2016-08-11 02:27:52.277 30150 INFO tempest.lib.common.rest_client [req-ce8dde8d-f761-4e4f-892c-a526c89c5c7c ] Request (HypervisorAdminTestJSON:test_get_hypervisor_uptime): 200 GET https://dal-iaas-001-api-endpoint.prod.walmart.com:8774/v2/fa9d9b0cf5a5456b8296e80f5672dc54/os-hypervisors 0.927s
2016-08-11 02:27:52.353 30148 INFO tempest.lib.common.rest_client [req-5fea29a9-1e9d-4cdb-bdfd-471509299889 ] Request (main): 200 POST https://dal-iaas-001-api-endpoint.prod.walmart.com:5443/v2.0/tokens
2016-08-11 02:27:52.439 30149 INFO tempest.lib.common.rest_client [req-24fa57dc-3b13-4fd3-85f5-9de28950f504 ] Request (SecurityGroupsTestAdminJSON:setUpClass): 200 POST https://dal-iaas-001-api-endpoint.prod.walmart.com:35357/v2.0/tenants 1.052s
2016-08-11 02:27:52.532 30146 INFO tempest.lib.common.rest_client [req-3704070f-cbc8-438b-b787-7249b0588e76 ] Request (FlavorsAccessNegativeTestJSON:test_flavor_access_list_with_public_flavor): 200 POST https://dal-iaas-001-api-endpoint.prod.walmart.com:8774/v2/a64382b7b886489e91130b090d0224e4/flavors 0.292s
2016-08-11 02:27:52.583 30150 INFO tempest.lib.common.rest_client [req-6ecb0d6a-6868-4304-a9ec-dd263086849c ] Request (HypervisorAdminTestJSON:test_get_hypervisor_uptime): 200 GET https://dal-iaas-001-api-endpoint.prod.walmart.com:8774/v2/fa9d9b0cf5a5456b8296e80f5672dc54/os-hypervisors/5 0.300s
2016-08-11 02:27:52.705 30147 INFO tempest.lib.common.rest_client [req-2d85138a-66e2-49ee-97b0-7c713b2e21f5 ] Request (FlavorsAdminTestJSON:tearDownClass): 204 DELETE https://dal-iaas-001-api-endpoint.prod.walmart.com:35357/v2.0/users/52fbcc03d1df4b8cb8e8378ca460d8e4 1.053s
2016-08-11 02:27:52.844 30146 INFO tempest.lib.common.rest_client [req-f235565d-10a5-41ee-b949-395438d18df7 ] Request (FlavorsAccessNegativeTestJSON:test_flavor_access_list_with_public_flavor): 404 GET https://dal-iaas-001-api-endpoint.prod.walmart.com:8774/v2/a64382b7b886489e91130b090d0224e4/flavors/1971032561/os-flavor-access 0.308s
2016-08-11 02:27:52.915 30150 INFO tempest.lib.common.rest_client [req-a7238c79-4611-4669-a84b-2ae44b29b8c3 ] Request (HypervisorAdminTestJSON:test_get_hypervisor_uptime): 200 GET https://dal-iaas-001-api-endpoint.prod.walmart.com:8774/v2/fa9d9b0cf5a5456b8296e80f5672dc54/os-hypervisors/5 0.327s
2016-08-11 02:27:53.003 30145 INFO tempest.lib.common.rest_client [req-e49d5f6d-e875-4807-b790-4638c47b6f2e ] Request (FloatingIPsNegativeTestJSON:setUpClass): 200 GET https://dal-iaas-001-api-endpoint.prod.walmart.com:8774/v2/7031f4e0ef724e4daeab6b09a63ebf9e/servers/b6532411-404f-4e60-aa9c-04e26c5ae129 0.583s
2016-08-11 02:27:53.047 30147 INFO tempest.lib.common.rest_client [req-f8c8544a-b4f6-4471-8587-5f894378c16c ] Request (FlavorsAdminTestJSON:tearDownClass): 200 GET https://dal-iaas-001-api-endpoint.prod.walmart.com:9696/v2.0/security-groups?tenant_id=e946df994e684821b10f959da4d7d0e4&name=default 0.341s
2016-08-11 02:27:53.100 30152 INFO tempest.lib.common.rest_client [req-65fc2f88-ffc5-4d97-a868-495cbd8ac98b ] Request (ImagesMetadataTestJSON:setUp): 200 PUT https://dal-iaas-001-api-endpoint.prod.walmart.com:8774/v2/63836101bff84a47ae74c5dbc83dbfcf/images/46460477-d65b-4ac0-b13b-ebe3c3c55169/metadata 0.897s
2016-08-11 02:27:53.172 30146 INFO tempest.lib.common.rest_client [req-4c941445-d890-44b9-8c58-8d451f60906c ] Request (FlavorsAccessNegativeTestJSON:_run_cleanups): 202 DELETE https://dal-iaas-001-api-endpoint.prod.walmart.com:8774/v2/a64382b7b886489e91130b090d0224e4/flavors/1971032561 0.328s
2016-08-11 02:27:53.241 30150 INFO tempest.lib.common.rest_client [req-e9777f64-f25a-4897-a027-911f68a3b75f ] Request (HypervisorAdminTestJSON:test_get_hypervisor_uptime): 200 GET https://dal-iaas-001-api-endpoint.prod.walmart.com:8774/v2/fa9d9b0cf5a5456b8296e80f5672dc54/os-hypervisors/5 0.320s
2016-08-11 02:27:53.377 30147 INFO tempest.lib.common.rest_client [req-21b7ab51-8b8a-4d09-a95d-167506ab378d ] Request (FlavorsAdminTestJSON:tearDownClass): 204 DELETE https://dal-iaas-001-api-endpoint.prod.walmart.com:9696/v2.0/security-groups/c2c25052-eef5-4f6e-89c2-1982de6c0371 0.329s
2016-08-11 02:27:53.448 30146 INFO tempest.lib.common.rest_client [req-04612d12-609f-40dd-a76d-a097f28b4770 ] Request (FlavorsAccessNegativeTestJSON:test_flavor_non_admin_add): 200 POST https://dal-iaas-001-api-endpoint.prod.walmart.com:8774/v2/a64382b7b886489e91130b090d0224e4/flavors 0.274s
2016-08-11 02:27:53.494 30149 INFO tempest.lib.common.rest_client [req-d639fb68-884f-4231-8bf3-ed64f613eaa8 ] Request (SecurityGroupsTestAdminJSON:setUpClass): 200 POST https://dal-iaas-001-api-endpoint.prod.walmart.com:35357/v2.0/users 1.054s
2016-08-11 02:27:53.532 30150 INFO tempest.lib.common.rest_client [req-0d4e3b38-6490-4cf8-ac35-c36d38b8d5f8 ] Request (HypervisorAdminTestJSON:test_get_hypervisor_uptime): 200 GET https://dal-iaas-001-api-endpoint.prod.walmart.com:8774/v2/fa9d9b0cf5a5456b8296e80f5672dc54/os-hypervisors/5 0.286s
2016-08-11 02:27:53.609 30151 INFO tempest.lib.common.rest_client [req-68cfabfc-c46c-4026-97b1-81a10d7df898 ] Request (ImagesOneServerTestJSON:setUpClass): 200 GET https://dal-iaas-001-api-endpoint.prod.walmart.com:8774/v2/29c1fa762c2541c3b735070704292eca/os-networks 2.624s
2016-08-11 02:27:53.610 30151 WARNING tempest.common.fixed_network [-] (ImagesOneServerTestJSON:setUpClass) Network with name: jhd-network not found
2016-08-11 02:27:53.610 30151 INFO tempest.common.fixed_network [-] (ImagesOneServerTestJSON:setUpClass) Found network {} available for tenant
2016-08-11 02:27:53.853 30150 INFO tempest.lib.common.rest_client [req-cadd0314-dc57-41a6-bddb-d9b3bf296f9a ] Request (HypervisorAdminTestJSON:test_get_hypervisor_uptime): 200 GET https://dal-iaas-001-api-endpoint.prod.walmart.com:8774/v2/fa9d9b0cf5a5456b8296e80f5672dc54/os-hypervisors/5 0.316s
2016-08-11 02:27:53.899 30152 INFO tempest.lib.common.rest_client [req-719d8488-d395-4416-88db-9497be713ef3 ] Request (ImagesMetadataTestJSON:test_set_image_metadata_item): 200 PUT https://dal-iaas-001-api-endpoint.prod.walmart.com:8774/v2/63836101bff84a47ae74c5dbc83dbfcf/images/46460477-d65b-4ac0-b13b-ebe3c3c55169/metadata/os_version 0.797s
2016-08-11 02:27:53.937 30146 INFO tempest.lib.common.rest_client [req-7cc35e05-b2ee-4a85-b711-f93f21135c65 ] Request (FlavorsAccessNegativeTestJSON:test_flavor_non_admin_add): 200 POST https://dal-iaas-001-api-endpoint.prod.walmart.com:5443/v2.0/tokens
2016-08-11 02:27:54.063 30151 INFO tempest.lib.common.rest_client [req-c2b3318d-1eae-4584-ae3b-1ebf36af4cd2 ] Request (ImagesOneServerTestJSON:setUpClass): 200 POST https://dal-iaas-001-api-endpoint.prod.walmart.com:5443/v2.0/tokens
2016-08-11 02:27:54.156 30150 INFO tempest.lib.common.rest_client [req-8fbf2336-3e19-42cb-9cd0-06df1e628629 ] Request (HypervisorAdminTestJSON:test_get_hypervisor_uptime): 200 GET https://dal-iaas-001-api-endpoint.prod.walmart.com:8774/v2/fa9d9b0cf5a5456b8296e80f5672dc54/os-hypervisors/5 0.298s
2016-08-11 02:27:54.302 30152 INFO tempest.lib.common.rest_client [req-187964cc-8547-47ca-a3de-b4458beae537 ] Request (ImagesMetadataTestJSON:test_set_image_metadata_item): 200 GET https://dal-iaas-001-api-endpoint.prod.walmart.com:8774/v2/63836101bff84a47ae74c5dbc83dbfcf/images/46460477-d65b-4ac0-b13b-ebe3c3c55169/metadata 0.401s
2016-08-11 02:27:54.356 30149 INFO tempest.lib.common.rest_client [req-945e50eb-105a-447b-8f01-792ac0c26841 ] Request (SecurityGroupsTestAdminJSON:setUpClass): 200 GET https://dal-iaas-001-api-endpoint.prod.walmart.com:35357/v2.0/OS-KSADM/roles 0.861s
2016-08-11 02:27:54.440 30147 INFO tempest.lib.common.rest_client [req-a43eb867-0a0a-482e-9995-d2ea81a71b33 ] Request (FlavorsAdminTestJSON:tearDownClass): 204 DELETE https://dal-iaas-001-api-endpoint.prod.walmart.com:35357/v2.0/tenants/e946df994e684821b10f959da4d7d0e4 1.062s
2016-08-11 02:27:54.480 30150 INFO tempest.lib.common.rest_client [req-f3bd0e14-e52b-4cbc-b4a7-0affc37b065c ] Request (HypervisorAdminTestJSON:test_get_hypervisor_uptime): 200 GET https://dal-iaas-001-api-endpoint.prod.walmart.com:8774/v2/fa9d9b0cf5a5456b8296e80f5672dc54/os-hypervisors/5 0.319s
2016-08-11 02:27:54.535 30145 INFO tempest.lib.common.rest_client [req-2353c7b9-67ec-40dd-b6b5-e509a3cefc3a ] Request (FloatingIPsNegativeTestJSON:setUpClass): 200 GET https://dal-iaas-001-api-endpoint.prod.walmart.com:8774/v2/7031f4e0ef724e4daeab6b09a63ebf9e/servers/b6532411-404f-4e60-aa9c-04e26c5ae129 0.521s
2016-08-11 02:27:54.545 30145 INFO tempest.common.waiters [-] State transition "BUILD/None" ==> "ERROR/None" after 20 second wait
2016-08-11 02:27:54.762 30150 INFO tempest.lib.common.rest_client [req-af9077f2-e590-49aa-a617-ec7c5f9a55f2 ] Request (HypervisorAdminTestJSON:test_get_hypervisor_uptime): 200 GET https://dal-iaas-001-api-endpoint.prod.walmart.com:8774/v2/fa9d9b0cf5a5456b8296e80f5672dc54/os-hypervisors/5 0.277s
2016-08-11 02:27:54.943 30148 INFO tempest.lib.common.rest_client [req-b63a1429-4013-4c2d-bfd9-e38a5f0a97db ] Request (main): 404 GET https://dal-iaas-001-api-endpoint.prod.walmart.com:8774/v2/641f6856ae174902a66014ca90c1e5e2/flavors/fa0e10ff-07b0-4b0a-9868-7429e4fad53d 2.589s
2016-08-11 02:27:55.009 30147 INFO tempest.lib.common.rest_client [req-7c61ea33-3f47-4505-883e-50f416a5591a ] Request (HypervisorAdminNegativeTestJSON:setUpClass): 200 POST https://dal-iaas-001-api-endpoint.prod.walmart.com:5443/v2.0/tokens
2016-08-11 02:27:55.068 30150 INFO tempest.lib.common.rest_client [req-c0675bd4-1b03-4070-a3ee-b278960dfa4e ] Request (HypervisorAdminTestJSON:test_get_hypervisor_uptime): 200 GET https://dal-iaas-001-api-endpoint.prod.walmart.com:8774/v2/fa9d9b0cf5a5456b8296e80f5672dc54/os-hypervisors/5 0.302s
2016-08-11 02:27:55.134 30152 INFO tempest.lib.common.rest_client [req-7a108f75-a094-437c-a88b-41be33c3c03b ] Request (ImagesMetadataTestJSON:setUp): 200 PUT https://dal-iaas-001-api-endpoint.prod.walmart.com:8774/v2/63836101bff84a47ae74c5dbc83dbfcf/images/46460477-d65b-4ac0-b13b-ebe3c3c55169/metadata 0.830s
2016-08-11 02:27:55.274 30145 INFO tempest.lib.common.rest_client [req-883c2847-cddb-4bca-bf09-b39233f22b68 ] Request (FloatingIPsNegativeTestJSON:setUpClass): 204 DELETE https://dal-iaas-001-api-endpoint.prod.walmart.com:8774/v2/7031f4e0ef724e4daeab6b09a63ebf9e/servers/b6532411-404f-4e60-aa9c-04e26c5ae129 0.728s
2016-08-11 02:27:55.274 30145 INFO tempest.test [-] <class 'tempest.exceptions.BuildErrorException'> raised in FloatingIPsNegativeTestJSON.setUpClass. Invoking tearDownClass.
2016-08-11 02:27:55.357 30150 INFO tempest.lib.common.rest_client [req-c2bd3924-0723-4fd5-a9b7-b248439e9e4f ] Request (HypervisorAdminTestJSON:test_get_hypervisor_uptime): 200 GET https://dal-iaas-001-api-endpoint.prod.walmart.com:8774/v2/fa9d9b0cf5a5456b8296e80f5672dc54/os-hypervisors/5 0.285s
2016-08-11 02:27:55.402 30149 INFO tempest.lib.common.rest_client [req-be2d6f48-d16f-4caa-aa7f-d91614ae6763 ] Request (SecurityGroupsTestAdminJSON:setUpClass): 200 PUT https://dal-iaas-001-api-endpoint.prod.walmart.com:35357/v2.0/tenants/71b7a4bb52164eed8eb4aba1293d0fe4/users/503669262cac4e67b21e569073568c75/roles/OS-KSADM/b5b0387bbe864c43a2999e531988bb8f 1.045s
2016-08-11 02:27:55.604 30147 INFO tempest.lib.common.rest_client [req-f4c91a0e-ebab-4dc5-95a0-5a0828b86708 ] Request (HypervisorAdminNegativeTestJSON:setUpClass): 200 POST https://dal-iaas-001-api-endpoint.prod.walmart.com:5443/v2.0/tokens
2016-08-11 02:27:55.650 30150 INFO tempest.lib.common.rest_client [req-1e10bed8-7f0b-4499-bda8-e632987ae784 ] Request (HypervisorAdminTestJSON:test_get_hypervisor_uptime): 200 GET https://dal-iaas-001-api-endpoint.prod.walmart.com:8774/v2/fa9d9b0cf5a5456b8296e80f5672dc54/os-hypervisors/5 0.288s
2016-08-11 02:27:55.924 30152 INFO tempest.lib.common.rest_client [req-056f90f1-48ae-403f-95f5-bf5eb9eb413e ] Request (ImagesMetadataTestJSON:test_update_image_metadata): 200 POST https://dal-iaas-001-api-endpoint.prod.walmart.com:8774/v2/63836101bff84a47ae74c5dbc83dbfcf/images/46460477-d65b-4ac0-b13b-ebe3c3c55169/metadata 0.787s
2016-08-11 02:27:55.953 30150 INFO tempest.lib.common.rest_client [req-503eeb64-1f28-459d-a9e6-587070cd479d ] Request (HypervisorAdminTestJSON:test_get_hypervisor_uptime): 200 GET https://dal-iaas-001-api-endpoint.prod.walmart.com:8774/v2/fa9d9b0cf5a5456b8296e80f5672dc54/os-hypervisors/5 0.298s
2016-08-11 02:27:56.194 30148 INFO tempest.lib.common.rest_client [req-837a2d7c-f189-4f34-b5d9-b07f6449ac7d ] Request (FlavorDetailsNegativeTestJSON:tearDownClass): 204 DELETE https://dal-iaas-001-api-endpoint.prod.walmart.com:35357/v2.0/users/49935991475942ef869dba871ccc79c4 1.248s
2016-08-11 02:27:56.228 30149 INFO tempest.lib.common.rest_client [req-d31275d7-0646-42b4-b9b3-be766280a4ba ] Request (SecurityGroupsTestAdminJSON:setUpClass): 200 GET https://dal-iaas-001-api-endpoint.prod.walmart.com:35357/v2.0/OS-KSADM/roles 0.825s
2016-08-11 02:27:56.255 30150 INFO tempest.lib.common.rest_client [req-82b02bc6-280e-4a46-95a0-05624cd21ac7 ] Request (HypervisorAdminTestJSON:test_get_hypervisor_uptime): 200 GET https://dal-iaas-001-api-endpoint.prod.walmart.com:8774/v2/fa9d9b0cf5a5456b8296e80f5672dc54/os-hypervisors/5 0.297s
2016-08-11 02:27:56.337 30146 INFO tempest.lib.common.rest_client [req-f155d70f-b75a-4820-a315-59e85fab5572 ] Request (FlavorsAccessNegativeTestJSON:test_flavor_non_admin_add): 403 POST https://dal-iaas-001-api-endpoint.prod.walmart.com:8774/v2/ba165bd6371b438498cb6f47c3f0ab46/flavors/1452123177/action 2.398s
2016-08-11 02:27:56.346 30152 INFO tempest.lib.common.rest_client [req-473fcacf-1ebc-40ad-bc7b-a019bacd0aa3 ] Request (ImagesMetadataTestJSON:test_update_image_metadata): 200 GET https://dal-iaas-001-api-endpoint.prod.walmart.com:8774/v2/63836101bff84a47ae74c5dbc83dbfcf/images/46460477-d65b-4ac0-b13b-ebe3c3c55169/metadata 0.421s
2016-08-11 02:27:56.473 30145 INFO tempest.lib.common.rest_client [req-a3440321-37cd-4347-9772-3e851fdf50ed ] Request (FloatingIPsNegativeTestJSON:tearDownClass): 204 DELETE https://dal-iaas-001-api-endpoint.prod.walmart.com:35357/v2.0/users/d062a367444943e7ba9b3ec53ee0004f 1.198s
2016-08-11 02:27:56.557 30150 INFO tempest.lib.common.rest_client [req-7a9c0398-2f60-440a-8c2c-7cc6835e8f33 ] Request (HypervisorAdminTestJSON:test_get_hypervisor_uptime): 200 GET https://dal-iaas-001-api-endpoint.prod.walmart.com:8774/v2/fa9d9b0cf5a5456b8296e80f5672dc54/os-hypervisors/5 0.297s
2016-08-11 02:27:56.637 30146 INFO tempest.lib.common.rest_client [req-cec89646-5d42-412e-acdc-9086adc3d4e4 ] Request (FlavorsAccessNegativeTestJSON:_run_cleanups): 202 DELETE https://dal-iaas-001-api-endpoint.prod.walmart.com:8774/v2/a64382b7b886489e91130b090d0224e4/flavors/1452123177 0.300s
2016-08-11 02:27:56.748 30147 INFO tempest.lib.common.rest_client [req-7a681ca8-297c-48fc-bd16-053c386ef2e5 ] Request (HypervisorAdminNegativeTestJSON:setUpClass): 200 POST https://dal-iaas-001-api-endpoint.prod.walmart.com:35357/v2.0/tenants 1.142s
2016-08-11 02:27:56.867 30150 INFO tempest.lib.common.rest_client [req-ef881df1-c16a-42b5-92c9-f647f8020edc ] Request (HypervisorAdminTestJSON:test_get_hypervisor_uptime): 200 GET https://dal-iaas-001-api-endpoint.prod.walmart.com:8774/v2/fa9d9b0cf5a5456b8296e80f5672dc54/os-hypervisors/5 0.305s
2016-08-11 02:27:56.906 30151 INFO tempest.lib.common.rest_client [req-81b39f12-bf33-4eee-b74b-342b402f55d2 ] Request (ImagesOneServerTestJSON:setUpClass): 202 POST https://dal-iaas-001-api-endpoint.prod.walmart.com:8774/v2/29c1fa762c2541c3b735070704292eca/servers 2.842s
2016-08-11 02:27:56.906 30146 INFO tempest.lib.common.rest_client [req-9df2934c-2d3f-4ca4-97a6-d3044edeb740 ] Request (FlavorsAccessNegativeTestJSON:test_flavor_non_admin_remove): 200 POST https://dal-iaas-001-api-endpoint.prod.walmart.com:8774/v2/a64382b7b886489e91130b090d0224e4/flavors 0.266s
2016-08-11 02:27:56.987 30152 INFO tempest.lib.common.rest_client [req-c0ad5927-7d62-4767-b4d0-983dcdc90873 ] Request (ImagesMetadataTestJSON:tearDownClass): 204 DELETE https://dal-iaas-001-api-endpoint.prod.walmart.com:8774/v2/63836101bff84a47ae74c5dbc83dbfcf/images/46460477-d65b-4ac0-b13b-ebe3c3c55169 0.639s
2016-08-11 02:27:57.167 30150 INFO tempest.lib.common.rest_client [req-22a6e1b7-248e-4667-a0bf-5db96dac9356 ] Request (HypervisorAdminTestJSON:test_get_hypervisor_uptime): 200 GET https://dal-iaas-001-api-endpoint.prod.walmart.com:8774/v2/fa9d9b0cf5a5456b8296e80f5672dc54/os-hypervisors/5 0.293s
2016-08-11 02:27:57.218 30146 INFO tempest.lib.common.rest_client [req-101aaa88-6d37-483a-9233-0bfd01add745 ] Request (FlavorsAccessNegativeTestJSON:test_flavor_non_admin_remove): 200 POST https://dal-iaas-001-api-endpoint.prod.walmart.com:8774/v2/a64382b7b886489e91130b090d0224e4/flavors/1748608170/action 0.307s
2016-08-11 02:27:57.227 30149 INFO tempest.lib.common.rest_client [req-669c56ab-b3a2-407f-b2c9-d28c5364bae6 ] Request (SecurityGroupsTestAdminJSON:setUpClass): 409 PUT https://dal-iaas-001-api-endpoint.prod.walmart.com:35357/v2.0/tenants/71b7a4bb52164eed8eb4aba1293d0fe4/users/503669262cac4e67b21e569073568c75/roles/OS-KSADM/9fe2ff9ee4384b1894a90878d3e92bab 0.998s
2016-08-11 02:27:57.228 30149 INFO tempest.common.dynamic_creds [-] Acquired dynamic creds:
 credentials: Credentials: {'username': u'tempest-SecurityGroupsTestAdminJSON-828255206', 'project_name': u'tempest-SecurityGroupsTestAdminJSON-828255206', 'user_id': u'503669262cac4e67b21e569073568c75', 'tenant_name': u'tempest-SecurityGroupsTestAdminJSON-828255206', 'tenant_id': u'71b7a4bb52164eed8eb4aba1293d0fe4', 'project_id': u'71b7a4bb52164eed8eb4aba1293d0fe4'}, Network: None, Subnet: None, Router: None
2016-08-11 02:27:57.409 30151 INFO tempest.lib.common.rest_client [req-63247e09-faf4-49ec-97ef-aab335fb911c ] Request (ImagesOneServerTestJSON:setUpClass): 200 GET https://dal-iaas-001-api-endpoint.prod.walmart.com:8774/v2/29c1fa762c2541c3b735070704292eca/servers/9bdb9a01-3758-4f41-abfd-dd286e75c819 0.500s
2016-08-11 02:27:57.486 30146 INFO tempest.lib.common.rest_client [req-d97da060-5b70-4b55-a3f7-314152b9e6ae ] Request (FlavorsAccessNegativeTestJSON:test_flavor_non_admin_remove): 403 POST https://dal-iaas-001-api-endpoint.prod.walmart.com:8774/v2/ba165bd6371b438498cb6f47c3f0ab46/flavors/1748608170/action 0.264s
2016-08-11 02:27:57.491 30150 INFO tempest.lib.common.rest_client [req-308ee138-7ebd-4800-86e9-8a36f54db883 ] Request (HypervisorAdminTestJSON:test_get_hypervisor_uptime): 200 GET https://dal-iaas-001-api-endpoint.prod.walmart.com:8774/v2/fa9d9b0cf5a5456b8296e80f5672dc54/os-hypervisors/5 0.320s
2016-08-11 02:27:57.738 30149 INFO tempest.lib.common.rest_client [req-cbec47f0-1b76-43e7-b86c-f996c89a242f ] Request (SecurityGroupsTestAdminJSON:test_list_security_groups_list_all_tenants_filter): 200 POST https://dal-iaas-001-api-endpoint.prod.walmart.com:5443/v2.0/tokens
2016-08-11 02:27:57.805 30146 INFO tempest.lib.common.rest_client [req-216ea83b-1c75-4a20-a6cc-7ba05cdd73ea ] Request (FlavorsAccessNegativeTestJSON:_run_cleanups): 200 POST https://dal-iaas-001-api-endpoint.prod.walmart.com:8774/v2/a64382b7b886489e91130b090d0224e4/flavors/1748608170/action 0.317s
2016-08-11 02:27:57.826 30150 INFO tempest.lib.common.rest_client [req-dff91429-54b1-478a-8bdb-369c5e3cf4c9 ] Request (HypervisorAdminTestJSON:test_get_hypervisor_uptime): 200 GET https://dal-iaas-001-api-endpoint.prod.walmart.com:8774/v2/fa9d9b0cf5a5456b8296e80f5672dc54/os-hypervisors/5 0.328s
2016-08-11 02:27:57.966 30147 INFO tempest.lib.common.rest_client [req-688d1269-78ce-4a4c-ad15-cf501200992b ] Request (HypervisorAdminNegativeTestJSON:setUpClass): 200 POST https://dal-iaas-001-api-endpoint.prod.walmart.com:35357/v2.0/users 1.217s
2016-08-11 02:27:58.108 30152 INFO tempest.lib.common.rest_client [req-3430eb4b-788c-49fa-a35b-61b4161213fd ] Request (ImagesMetadataTestJSON:tearDownClass): 204 DELETE https://dal-iaas-001-api-endpoint.prod.walmart.com:35357/v2.0/users/ad342136f7c74ec78115763d3eaee0c0 1.120s
2016-08-11 02:27:58.120 30150 INFO tempest.lib.common.rest_client [req-184fb0df-15b1-481a-8463-091c057ee86a ] Request (HypervisorAdminTestJSON:test_get_hypervisor_uptime): 200 GET https://dal-iaas-001-api-endpoint.prod.walmart.com:8774/v2/fa9d9b0cf5a5456b8296e80f5672dc54/os-hypervisors/5 0.289s
2016-08-11 02:27:58.121 30146 INFO tempest.lib.common.rest_client [req-f749ae94-c195-4dba-9a1b-1d032662cfe2 ] Request (FlavorsAccessNegativeTestJSON:_run_cleanups): 202 DELETE https://dal-iaas-001-api-endpoint.prod.walmart.com:8774/v2/a64382b7b886489e91130b090d0224e4/flavors/1748608170 0.314s
2016-08-11 02:27:58.400 30146 INFO tempest.lib.common.rest_client [req-33335c36-3b3b-443d-ade6-e18e182f8070 ] Request (FlavorsAccessNegativeTestJSON:test_remove_flavor_access_not_found): 200 POST https://dal-iaas-001-api-endpoint.prod.walmart.com:8774/v2/a64382b7b886489e91130b090d0224e4/flavors 0.276s
2016-08-11 02:27:58.422 30150 INFO tempest.lib.common.rest_client [req-f41fa357-bf87-4599-9c7f-4b0baf4bb43c ] Request (HypervisorAdminTestJSON:test_get_hypervisor_uptime): 200 GET https://dal-iaas-001-api-endpoint.prod.walmart.com:8774/v2/fa9d9b0cf5a5456b8296e80f5672dc54/os-hypervisors/5 0.296s
2016-08-11 02:27:58.602 30148 INFO tempest.lib.common.rest_client [req-7db24373-3321-4a3e-b666-d37f4e2329a3 ] Request (FlavorDetailsNegativeTestJSON:tearDownClass): 200 GET https://dal-iaas-001-api-endpoint.prod.walmart.com:9696/v2.0/security-groups?tenant_id=641f6856ae174902a66014ca90c1e5e2&name=default 2.408s
2016-08-11 02:27:58.671 30146 INFO tempest.lib.common.rest_client [req-4cb18d40-be31-440b-b530-32d243e43bcb ] Request (FlavorsAccessNegativeTestJSON:test_remove_flavor_access_not_found): 404 POST https://dal-iaas-001-api-endpoint.prod.walmart.com:8774/v2/a64382b7b886489e91130b090d0224e4/flavors/291624224/action 0.266s
2016-08-11 02:27:58.737 30150 INFO tempest.lib.common.rest_client [req-b0b659d4-cf08-421f-9ec4-e46946144155 ] Request (HypervisorAdminTestJSON:test_get_hypervisor_uptime): 200 GET https://dal-iaas-001-api-endpoint.prod.walmart.com:8774/v2/fa9d9b0cf5a5456b8296e80f5672dc54/os-hypervisors/5 0.309s
2016-08-11 02:27:58.879 30145 INFO tempest.lib.common.rest_client [req-b2099252-e3a2-4945-8360-20ab3c2ab7b9 ] Request (FloatingIPsNegativeTestJSON:tearDownClass): 200 GET https://dal-iaas-001-api-endpoint.prod.walmart.com:9696/v2.0/security-groups?tenant_id=7031f4e0ef724e4daeab6b09a63ebf9e&name=default 2.405s
2016-08-11 02:27:58.885 30151 INFO tempest.lib.common.rest_client [req-e6358ef6-59e6-420c-becc-27f89c67b38f ] Request (ImagesOneServerTestJSON:setUpClass): 200 GET https://dal-iaas-001-api-endpoint.prod.walmart.com:8774/v2/29c1fa762c2541c3b735070704292eca/servers/9bdb9a01-3758-4f41-abfd-dd286e75c819 0.464s
2016-08-11 02:27:58.942 30148 INFO tempest.lib.common.rest_client [req-cfbecbe7-019d-4da9-a296-b34c1e33c8bf ] Request (FlavorDetailsNegativeTestJSON:tearDownClass): 204 DELETE https://dal-iaas-001-api-endpoint.prod.walmart.com:9696/v2.0/security-groups/e8d8e445-655d-49cf-a362-d98dcf4c0c23 0.339s
2016-08-11 02:27:58.959 30147 INFO tempest.lib.common.rest_client [req-f30d2c96-2474-4ed3-804c-976f5a3ce56e ] Request (HypervisorAdminNegativeTestJSON:setUpClass): 200 GET https://dal-iaas-001-api-endpoint.prod.walmart.com:35357/v2.0/OS-KSADM/roles 0.991s
2016-08-11 02:27:59.046 30151 INFO tempest.common.waiters [-] State transition "BUILD/scheduling" ==> "BUILD/spawning" after 2 second wait
2016-08-11 02:27:59.339 30145 INFO tempest.lib.common.rest_client [req-c1b5ce99-3ce2-4da6-a286-a94845fea784 ] Request (FloatingIPsNegativeTestJSON:tearDownClass): 409 DELETE https://dal-iaas-001-api-endpoint.prod.walmart.com:9696/v2.0/security-groups/268983cd-4392-426d-829c-2b909f34f03b 0.305s
2016-08-11 02:27:59.340 30145 ERROR tempest.test [-] teardown of credentials failed: An object with that identifier already exists
Details: {u'message': u'Security Group 268983cd-4392-426d-829c-2b909f34f03b in use.', u'type': u'SecurityGroupInUse', u'detail': u''}
2016-08-11 02:27:59.340 30145 ERROR tempest.test Traceback (most recent call last):
2016-08-11 02:27:59.340 30145 ERROR tempest.test   File "/Users/vktiwar/openstack/git-clone/daliaas1/tempest/test.py", line 294, in tearDownClass
2016-08-11 02:27:59.340 30145 ERROR tempest.test     teardown()
2016-08-11 02:27:59.340 30145 ERROR tempest.test   File "/Users/vktiwar/openstack/git-clone/daliaas1/tempest/test.py", line 546, in clear_credentials
2016-08-11 02:27:59.340 30145 ERROR tempest.test     cls._creds_provider.clear_creds()
2016-08-11 02:27:59.340 30145 ERROR tempest.test   File "/Users/vktiwar/openstack/git-clone/daliaas1/tempest/common/dynamic_creds.py", line 406, in clear_creds
2016-08-11 02:27:59.340 30145 ERROR tempest.test     self._cleanup_default_secgroup(creds.tenant_id)
2016-08-11 02:27:59.340 30145 ERROR tempest.test   File "/Users/vktiwar/openstack/git-clone/daliaas1/tempest/common/dynamic_creds.py", line 358, in _cleanup_default_secgroup
2016-08-11 02:27:59.340 30145 ERROR tempest.test     nsg_client.delete_security_group(secgroup['id'])
2016-08-11 02:27:59.340 30145 ERROR tempest.test   File "/Users/vktiwar/openstack/git-clone/daliaas1/tempest/lib/services/network/security_groups_client.py", line 54, in delete_security_group
2016-08-11 02:27:59.340 30145 ERROR tempest.test     return self.delete_resource(uri)
2016-08-11 02:27:59.340 30145 ERROR tempest.test   File "/Users/vktiwar/openstack/git-clone/daliaas1/tempest/lib/services/network/base.py", line 41, in delete_resource
2016-08-11 02:27:59.340 30145 ERROR tempest.test     resp, body = self.delete(req_uri)
2016-08-11 02:27:59.340 30145 ERROR tempest.test   File "/Users/vktiwar/openstack/git-clone/daliaas1/tempest/lib/common/rest_client.py", line 304, in delete
2016-08-11 02:27:59.340 30145 ERROR tempest.test     return self.request('DELETE', url, extra_headers, headers, body)
2016-08-11 02:27:59.340 30145 ERROR tempest.test   File "/Users/vktiwar/openstack/git-clone/daliaas1/tempest/lib/common/rest_client.py", line 667, in request
2016-08-11 02:27:59.340 30145 ERROR tempest.test     resp, resp_body)
2016-08-11 02:27:59.340 30145 ERROR tempest.test   File "/Users/vktiwar/openstack/git-clone/daliaas1/tempest/lib/common/rest_client.py", line 780, in _error_checker
2016-08-11 02:27:59.340 30145 ERROR tempest.test     raise exceptions.Conflict(resp_body, resp=resp)
2016-08-11 02:27:59.340 30145 ERROR tempest.test Conflict: An object with that identifier already exists
2016-08-11 02:27:59.340 30145 ERROR tempest.test Details: {u'message': u'Security Group 268983cd-4392-426d-829c-2b909f34f03b in use.', u'type': u'SecurityGroupInUse', u'detail': u''}
2016-08-11 02:27:59.340 30145 ERROR tempest.test 
2016-08-11 02:27:59.379 30150 INFO tempest.lib.common.rest_client [req-595321b4-eade-4a80-a754-fd7619b83329 ] Request (HypervisorAdminTestJSON:test_get_hypervisor_uptime): 200 GET https://dal-iaas-001-api-endpoint.prod.walmart.com:8774/v2/fa9d9b0cf5a5456b8296e80f5672dc54/os-hypervisors/5 0.339s
2016-08-11 02:27:59.379 30146 INFO tempest.lib.common.rest_client [req-1c61786d-197a-4451-b558-aa250d0a19b6 ] Request (FlavorsAccessNegativeTestJSON:_run_cleanups): 202 DELETE https://dal-iaas-001-api-endpoint.prod.walmart.com:8774/v2/a64382b7b886489e91130b090d0224e4/flavors/291624224 0.345s
2016-08-11 02:27:59.676 30150 INFO tempest.lib.common.rest_client [req-ed1ea960-33ec-4745-8413-922c805a575c ] Request (HypervisorAdminTestJSON:test_get_hypervisor_uptime): 200 GET https://dal-iaas-001-api-endpoint.prod.walmart.com:8774/v2/fa9d9b0cf5a5456b8296e80f5672dc54/os-hypervisors/5 0.290s
2016-08-11 02:27:59.859 30145 INFO tempest.lib.common.rest_client [req-9ead84d5-95c5-4786-ad4d-4cedd0359497 ] Request (ServersWithSpecificFlavorTestJSON:setUpClass): 200 POST https://dal-iaas-001-api-endpoint.prod.walmart.com:5443/v2.0/tokens
2016-08-11 02:27:59.895 30147 INFO tempest.lib.common.rest_client [req-31f16636-61ff-48d5-a7f0-b873b86b0bc1 ] Request (HypervisorAdminNegativeTestJSON:setUpClass): 409 PUT https://dal-iaas-001-api-endpoint.prod.walmart.com:35357/v2.0/tenants/9774ee879cf246ac892dbcea2bbcd674/users/fd77d2011fb5434098a46597f2a4d4ca/roles/OS-KSADM/9fe2ff9ee4384b1894a90878d3e92bab 0.860s
2016-08-11 02:27:59.896 30147 INFO tempest.common.dynamic_creds [-] Acquired dynamic creds:
 credentials: Credentials: {'username': u'tempest-HypervisorAdminNegativeTestJSON-1639735284', 'project_name': u'tempest-HypervisorAdminNegativeTestJSON-1639735284', 'user_id': u'fd77d2011fb5434098a46597f2a4d4ca', 'tenant_name': u'tempest-HypervisorAdminNegativeTestJSON-1639735284', 'tenant_id': u'9774ee879cf246ac892dbcea2bbcd674', 'project_id': u'9774ee879cf246ac892dbcea2bbcd674'}, Network: None, Subnet: None, Router: None
2016-08-11 02:27:59.960 30150 INFO tempest.lib.common.rest_client [req-c1f7bbe0-e7d5-45b5-9a65-c6e4bdd9c9ed ] Request (HypervisorAdminTestJSON:test_get_hypervisor_uptime): 200 GET https://dal-iaas-001-api-endpoint.prod.walmart.com:8774/v2/fa9d9b0cf5a5456b8296e80f5672dc54/os-hypervisors/5 0.278s
2016-08-11 02:28:00.130 30148 INFO tempest.lib.common.rest_client [req-733028b1-a0f1-410d-a0fc-db7b76b9bb97 ] Request (FlavorDetailsNegativeTestJSON:tearDownClass): 204 DELETE https://dal-iaas-001-api-endpoint.prod.walmart.com:35357/v2.0/tenants/641f6856ae174902a66014ca90c1e5e2 1.096s
2016-08-11 02:28:00.252 30149 INFO tempest.lib.common.rest_client [req-56f78dc3-5d38-49cd-8ff5-8fd0c3805928 ] Request (SecurityGroupsTestAdminJSON:test_list_security_groups_list_all_tenants_filter): 200 POST https://dal-iaas-001-api-endpoint.prod.walmart.com:8774/v2/b361131c46af4ccba8531d462957053a/os-security-groups 2.513s
2016-08-11 02:28:00.264 30150 INFO tempest.lib.common.rest_client [req-ac0ff3e8-f05a-487f-b0ec-c189679ee688 ] Request (HypervisorAdminTestJSON:test_get_hypervisor_uptime): 200 GET https://dal-iaas-001-api-endpoint.prod.walmart.com:8774/v2/fa9d9b0cf5a5456b8296e80f5672dc54/os-hypervisors/5 0.299s
2016-08-11 02:28:00.351 30152 INFO tempest.lib.common.rest_client [req-5dbc87d6-59c6-42ba-868e-98efad16ab43 ] Request (ImagesMetadataTestJSON:tearDownClass): 200 GET https://dal-iaas-001-api-endpoint.prod.walmart.com:9696/v2.0/security-groups?tenant_id=63836101bff84a47ae74c5dbc83dbfcf&name=default 2.242s
2016-08-11 02:28:00.409 30146 INFO tempest.lib.common.rest_client [req-181f2415-a6b2-4fb4-84bf-eed02f7211d2 ] Request (FlavorsAccessNegativeTestJSON:tearDownClass): 204 DELETE https://dal-iaas-001-api-endpoint.prod.walmart.com:35357/v2.0/users/c9f793250f444280a1a12629d9718ddf 1.027s
2016-08-11 02:28:00.411 30145 INFO tempest.lib.common.rest_client [req-cf0347d0-0a76-4bcc-ab9a-b2c2b744983c ] Request (ServersWithSpecificFlavorTestJSON:setUpClass): 200 POST https://dal-iaas-001-api-endpoint.prod.walmart.com:5443/v2.0/tokens
2016-08-11 02:28:00.589 30150 INFO tempest.lib.common.rest_client [req-65884b79-5450-4a7b-b43e-79cd56dc7e0d ] Request (HypervisorAdminTestJSON:test_get_hypervisor_uptime): 200 GET https://dal-iaas-001-api-endpoint.prod.walmart.com:8774/v2/fa9d9b0cf5a5456b8296e80f5672dc54/os-hypervisors/5 0.318s
2016-08-11 02:28:00.653 30151 INFO tempest.lib.common.rest_client [req-ebe2aeec-db4f-4bad-b8e7-a5f1239f33eb ] Request (ImagesOneServerTestJSON:setUpClass): 200 GET https://dal-iaas-001-api-endpoint.prod.walmart.com:8774/v2/29c1fa762c2541c3b735070704292eca/servers/9bdb9a01-3758-4f41-abfd-dd286e75c819 0.604s
2016-08-11 02:28:00.655 30149 INFO tempest.lib.common.rest_client [req-4c780e84-e112-4b46-8102-9d20ed69a29a ] Request (SecurityGroupsTestAdminJSON:test_list_security_groups_list_all_tenants_filter): 200 POST https://dal-iaas-001-api-endpoint.prod.walmart.com:8774/v2/b361131c46af4ccba8531d462957053a/os-security-groups 0.398s
2016-08-11 02:28:00.663 30151 INFO tempest.common.waiters [-] State transition "BUILD/spawning" ==> "BUILD/scheduling" after 3 second wait
2016-08-11 02:28:00.682 30152 INFO tempest.lib.common.rest_client [req-e543ee77-d5e3-4a17-8afb-026030dada7e ] Request (ImagesMetadataTestJSON:tearDownClass): 204 DELETE https://dal-iaas-001-api-endpoint.prod.walmart.com:9696/v2.0/security-groups/fba442f1-9afa-4a4e-8424-402e2677ace9 0.330s
2016-08-11 02:28:00.736 30148 INFO tempest.lib.common.rest_client [req-5a56e518-5a04-4ef1-a520-7eb1bc375ab4 ] Request (FlavorsListWithDetailsNegativeTestJSON:setUpClass): 200 POST https://dal-iaas-001-api-endpoint.prod.walmart.com:5443/v2.0/tokens
2016-08-11 02:28:00.812 30147 INFO tempest.lib.common.rest_client [req-d15697d5-e99d-44ca-8d07-e302dc21cddc ] Request (HypervisorAdminNegativeTestJSON:setUpClass): 200 POST https://dal-iaas-001-api-endpoint.prod.walmart.com:35357/v2.0/tenants 0.910s
2016-08-11 02:28:00.902 30150 INFO tempest.lib.common.rest_client [req-bfd0e365-06de-46a9-a10e-83d893a35ce9 ] Request (HypervisorAdminTestJSON:test_get_hypervisor_uptime): 200 GET https://dal-iaas-001-api-endpoint.prod.walmart.com:8774/v2/fa9d9b0cf5a5456b8296e80f5672dc54/os-hypervisors/5 0.308s
2016-08-11 02:28:01.144 30149 INFO tempest.lib.common.rest_client [req-21af3e75-3f62-4a5c-bbc9-9774ffc98a16 ] Request (SecurityGroupsTestAdminJSON:test_list_security_groups_list_all_tenants_filter): 200 POST https://dal-iaas-001-api-endpoint.prod.walmart.com:5443/v2.0/tokens
2016-08-11 02:28:01.191 30150 INFO tempest.lib.common.rest_client [req-1296f84a-4598-46af-a10a-05dd1dcd3ce2 ] Request (HypervisorAdminTestJSON:test_get_hypervisor_uptime): 200 GET https://dal-iaas-001-api-endpoint.prod.walmart.com:8774/v2/fa9d9b0cf5a5456b8296e80f5672dc54/os-hypervisors/5 0.283s
2016-08-11 02:28:01.270 30148 INFO tempest.lib.common.rest_client [req-108540d4-a014-4af1-a832-11fde617f152 ] Request (FlavorsListWithDetailsNegativeTestJSON:setUpClass): 200 POST https://dal-iaas-001-api-endpoint.prod.walmart.com:5443/v2.0/tokens
2016-08-11 02:28:01.336 30145 INFO tempest.lib.common.rest_client [req-3f3fb00f-b2f2-4fd4-bee9-e2ab931e286c ] Request (ServersWithSpecificFlavorTestJSON:setUpClass): 200 POST https://dal-iaas-001-api-endpoint.prod.walmart.com:35357/v2.0/tenants 0.924s
2016-08-11 02:28:01.492 30150 INFO tempest.lib.common.rest_client [req-af0deae6-63ad-4071-bd66-6439e21996fe ] Request (HypervisorAdminTestJSON:test_get_hypervisor_uptime): 200 GET https://dal-iaas-001-api-endpoint.prod.walmart.com:8774/v2/fa9d9b0cf5a5456b8296e80f5672dc54/os-hypervisors/5 0.295s
2016-08-11 02:28:01.618 30152 INFO tempest.lib.common.rest_client [req-e15d24c5-97b2-43bf-97a4-13f307fcc886 ] Request (ImagesMetadataTestJSON:tearDownClass): 204 DELETE https://dal-iaas-001-api-endpoint.prod.walmart.com:35357/v2.0/tenants/63836101bff84a47ae74c5dbc83dbfcf 0.934s
2016-08-11 02:28:01.753 30147 INFO tempest.lib.common.rest_client [req-539f287a-5e3f-478a-a588-16af855e77b1 ] Request (HypervisorAdminNegativeTestJSON:setUpClass): 200 POST https://dal-iaas-001-api-endpoint.prod.walmart.com:35357/v2.0/users 0.939s
2016-08-11 02:28:01.815 30150 INFO tempest.lib.common.rest_client [req-b9c686d8-e410-4301-a4de-1647441cfd42 ] Request (HypervisorAdminTestJSON:test_get_hypervisor_uptime): 200 GET https://dal-iaas-001-api-endpoint.prod.walmart.com:8774/v2/fa9d9b0cf5a5456b8296e80f5672dc54/os-hypervisors/5 0.318s
2016-08-11 02:28:02.113 30150 INFO tempest.lib.common.rest_client [req-35c629ae-7e12-4e56-80d7-aeeb3249c7fe ] Request (HypervisorAdminTestJSON:test_get_hypervisor_uptime): 200 GET https://dal-iaas-001-api-endpoint.prod.walmart.com:8774/v2/fa9d9b0cf5a5456b8296e80f5672dc54/os-hypervisors/5 0.293s
