2016-08-10 20:42:31.173 15822 INFO tempest.lib.common.rest_client [req-5a60518b-0dc3-4a80-98d5-b20f792f1328 ] Request (ImagesNegativeTestJSON:setUpClass): 409 PUT https://dal-iaas-001-api-endpoint.prod.walmart.com:35357/v2.0/tenants/367d759d94504693a8419c0f07c57e8c/users/f3c928f4e02b43fc84bf8550b39abfdb/roles/OS-KSADM/9fe2ff9ee4384b1894a90878d3e92bab 0.450s
2016-08-10 20:42:31.173 15822 INFO tempest.common.dynamic_creds [-] Acquired dynamic creds:
 credentials: Credentials: {'username': u'tempest-ImagesNegativeTestJSON-308275083', 'project_name': u'tempest-ImagesNegativeTestJSON-308275083', 'user_id': u'f3c928f4e02b43fc84bf8550b39abfdb', 'tenant_name': u'tempest-ImagesNegativeTestJSON-308275083', 'tenant_id': u'367d759d94504693a8419c0f07c57e8c', 'project_id': u'367d759d94504693a8419c0f07c57e8c'}, Network: None, Subnet: None, Router: None
2016-08-10 20:42:31.239 15825 INFO tempest.lib.common.rest_client [req-a8f3c350-4843-4ec7-b52f-42a291e1a283 ] Request (FlavorsExtraSpecsTestJSON:test_flavor_non_admin_get_specific_key): 200 GET https://dal-iaas-001-api-endpoint.prod.walmart.com:8774/v2/a2eadde7ffbb4f0fb2f950f036158460/flavors/120307562/os-extra_specs/key1 0.298s
2016-08-10 20:42:31.457 15828 INFO tempest.lib.common.rest_client [req-0a7ee7dd-0a35-466f-90b5-24faf0d16051 ] Request (FloatingIPDetailsTestJSON:tearDownClass): 204 DELETE https://dal-iaas-001-api-endpoint.prod.walmart.com:9696/v2.0/security-groups/57717138-f6a7-4570-a077-86fd08085631 0.359s
2016-08-10 20:42:31.489 15826 INFO tempest.lib.common.rest_client [req-a0d836f1-45b9-4edd-8a5b-cfd368a4757f ] Request (ServersAdminNegativeTestJSON:setUpClass): 200 GET https://dal-iaas-001-api-endpoint.prod.walmart.com:8774/v2/5d2b2b43a7cf452ba5388e97d44287c3/servers/ad1ebd2f-6b6d-4261-a3cd-830d4c71bb8a 0.538s
2016-08-10 20:42:31.535 15825 INFO tempest.lib.common.rest_client [req-0ebcb05f-930c-4411-867d-c9a8ae6c36e7 ] Request (FlavorsExtraSpecsTestJSON:test_flavor_set_get_update_show_unset_keys): 200 POST https://dal-iaas-001-api-endpoint.prod.walmart.com:8774/v2/2c32ffeb89644f6897c159414fb4010b/flavors/120307562/os-extra_specs 0.294s
2016-08-10 20:42:31.535 15821 INFO tempest.lib.common.rest_client [req-24661193-57f6-4f99-b899-ec0df0d9ff30 ] Request (BaremetalNodesAdminTestJSON:setUpClass): 200 GET https://dal-iaas-001-api-endpoint.prod.walmart.com:35357/v2.0/OS-KSADM/roles 0.429s
2016-08-10 20:42:31.538 15823 INFO tempest.lib.common.rest_client [req-5665a499-b359-4be0-ba31-c7e39eecf151 ] Request (HypervisorAdminNegativeTestJSON:test_get_hypervisor_uptime_with_non_admin_user): 200 POST https://dal-iaas-001-api-endpoint.prod.walmart.com:5443/v2.0/tokens
2016-08-10 20:42:31.579 15824 INFO tempest.lib.common.rest_client [req-34fe9a0b-ab46-4c3f-9568-a85a7d4e0dbf ] Request (AggregatesAdminTestJSON:tearDownClass): 204 DELETE https://dal-iaas-001-api-endpoint.prod.walmart.com:35357/v2.0/tenants/4181e4fce5064bc49700a06149af70fa 0.496s
2016-08-10 20:42:31.627 15827 INFO tempest.lib.common.rest_client [req-2d71274e-7379-47f3-8faf-2f1da50ea025 ] Request (AggregatesAdminNegativeTestJSON:tearDownClass): 204 DELETE https://dal-iaas-001-api-endpoint.prod.walmart.com:35357/v2.0/users/c2f0294a712b4d4aa1cd1a305c07ce0a 0.544s
2016-08-10 20:42:31.689 15822 INFO tempest.lib.common.rest_client [req-31c0e6e2-9ac2-478d-ba82-70e14478d1a4 ] Request (ImagesNegativeTestJSON:test_create_image_from_deleted_server): 200 POST https://dal-iaas-001-api-endpoint.prod.walmart.com:5443/v2.0/tokens
2016-08-10 20:42:31.844 15825 INFO tempest.lib.common.rest_client [req-2a98dc97-3530-4cec-b8ff-e89d79786cae ] Request (FlavorsExtraSpecsTestJSON:test_flavor_set_get_update_show_unset_keys): 200 GET https://dal-iaas-001-api-endpoint.prod.walmart.com:8774/v2/2c32ffeb89644f6897c159414fb4010b/flavors/120307562/os-extra_specs 0.307s
2016-08-10 20:42:31.917 15827 INFO tempest.lib.common.rest_client [req-3a34717a-8878-4341-ba52-77bfe8237cdf ] Request (AggregatesAdminNegativeTestJSON:tearDownClass): 200 GET https://dal-iaas-001-api-endpoint.prod.walmart.com:9696/v2.0/security-groups?tenant_id=58d87ff288614f09b677e50d3ad844d9&name=default 0.289s
2016-08-10 20:42:31.925 15821 INFO tempest.lib.common.rest_client [req-c75077cb-cc0a-4e7e-8b5b-5021dd0e00e5 ] Request (BaremetalNodesAdminTestJSON:setUpClass): 409 PUT https://dal-iaas-001-api-endpoint.prod.walmart.com:35357/v2.0/tenants/4e75f7b69cd9493bad148ec7e8fd9bb1/users/d5b22f7377374f4489d40896ddedc75e/roles/OS-KSADM/9fe2ff9ee4384b1894a90878d3e92bab 0.389s
2016-08-10 20:42:31.926 15821 INFO tempest.common.dynamic_creds [-] Acquired dynamic creds:
 credentials: Credentials: {'username': u'tempest-BaremetalNodesAdminTestJSON-1007500310', 'project_name': u'tempest-BaremetalNodesAdminTestJSON-1007500310', 'user_id': u'd5b22f7377374f4489d40896ddedc75e', 'tenant_name': u'tempest-BaremetalNodesAdminTestJSON-1007500310', 'tenant_id': u'4e75f7b69cd9493bad148ec7e8fd9bb1', 'project_id': u'4e75f7b69cd9493bad148ec7e8fd9bb1'}, Network: None, Subnet: None, Router: None
2016-08-10 20:42:31.930 15821 INFO tempest.test [-] <class 'unittest2.case.SkipTest'> raised in BaremetalNodesAdminTestJSON.setUpClass. Invoking tearDownClass.
2016-08-10 20:42:31.962 15828 INFO tempest.lib.common.rest_client [req-1b681344-3e35-4236-88bf-a7c69ff8e08a ] Request (FloatingIPDetailsTestJSON:tearDownClass): 204 DELETE https://dal-iaas-001-api-endpoint.prod.walmart.com:35357/v2.0/tenants/3a086da6fc9f4dbf8b79929e7dea910c 0.504s
2016-08-10 20:42:31.999 15824 INFO tempest.lib.common.rest_client [req-28c857a1-efdc-4ccf-af7e-50bdbc8dccbe ] Request (AggregatesAdminTestJSON:tearDownClass): 204 DELETE https://dal-iaas-001-api-endpoint.prod.walmart.com:35357/v2.0/users/71cc876832dc49f9a66ef7e56a0bdb02 0.420s
2016-08-10 20:42:32.164 15825 INFO tempest.lib.common.rest_client [req-ad331633-92ec-4e4e-b8b3-9be1b909d568 ] Request (FlavorsExtraSpecsTestJSON:test_flavor_set_get_update_show_unset_keys): 200 PUT https://dal-iaas-001-api-endpoint.prod.walmart.com:8774/v2/2c32ffeb89644f6897c159414fb4010b/flavors/120307562/os-extra_specs/key1 0.318s
2016-08-10 20:42:32.237 15827 INFO tempest.lib.common.rest_client [req-91789abf-2555-4879-9bae-d1b2d4190bf0 ] Request (AggregatesAdminNegativeTestJSON:tearDownClass): 204 DELETE https://dal-iaas-001-api-endpoint.prod.walmart.com:9696/v2.0/security-groups/31d5f8be-3c6a-4bb1-9d25-c824eac8725c 0.319s
2016-08-10 20:42:32.296 15824 INFO tempest.lib.common.rest_client [req-2a588deb-033c-4aa1-a574-b199ec7c4e52 ] Request (AggregatesAdminTestJSON:tearDownClass): 200 GET https://dal-iaas-001-api-endpoint.prod.walmart.com:9696/v2.0/security-groups?tenant_id=81c5c44b6b654a978e3245d769ed3800&name=default 0.296s
2016-08-10 20:42:32.437 15821 INFO tempest.lib.common.rest_client [req-0ce72db4-0e66-4bde-8773-f7a694abc6d0 ] Request (BaremetalNodesAdminTestJSON:tearDownClass): 204 DELETE https://dal-iaas-001-api-endpoint.prod.walmart.com:35357/v2.0/users/d5b22f7377374f4489d40896ddedc75e 0.506s
2016-08-10 20:42:32.486 15825 INFO tempest.lib.common.rest_client [req-54b56bb4-f9b0-48f7-ba48-85f578e04712 ] Request (FlavorsExtraSpecsTestJSON:test_flavor_set_get_update_show_unset_keys): 200 GET https://dal-iaas-001-api-endpoint.prod.walmart.com:8774/v2/2c32ffeb89644f6897c159414fb4010b/flavors/120307562/os-extra_specs 0.320s
2016-08-10 20:42:32.619 15822 INFO tempest.lib.common.rest_client [req-6d8695d5-b314-4198-b146-bfa289e9e5d4 ] Request (ImagesNegativeTestJSON:test_create_image_from_deleted_server): 200 GET https://dal-iaas-001-api-endpoint.prod.walmart.com:8774/v2/367d759d94504693a8419c0f07c57e8c/os-networks 0.929s
2016-08-10 20:42:32.620 15822 WARNING tempest.common.fixed_network [-] (ImagesNegativeTestJSON:test_create_image_from_deleted_server) Network with name: testing not found
2016-08-10 20:42:32.620 15822 INFO tempest.common.fixed_network [-] (ImagesNegativeTestJSON:test_create_image_from_deleted_server) Found network {} available for tenant
2016-08-10 20:42:32.632 15828 INFO tempest.lib.common.rest_client [req-1f415fec-78b7-4015-854d-eb185419b740 ] Request (SecurityGroupsTestJSON:setUpClass): 200 POST https://dal-iaas-001-api-endpoint.prod.walmart.com:5443/v2.0/tokens
2016-08-10 20:42:32.637 15824 INFO tempest.lib.common.rest_client [req-64af2fd8-3595-4a74-aec0-16a116b914ee ] Request (AggregatesAdminTestJSON:tearDownClass): 204 DELETE https://dal-iaas-001-api-endpoint.prod.walmart.com:9696/v2.0/security-groups/59cc9026-789d-45d6-a4cb-c3781c6b958c 0.340s
2016-08-10 20:42:32.852 15827 INFO tempest.lib.common.rest_client [req-dd18c77d-2f16-4597-921d-12af7943208e ] Request (AggregatesAdminNegativeTestJSON:tearDownClass): 204 DELETE https://dal-iaas-001-api-endpoint.prod.walmart.com:35357/v2.0/tenants/58d87ff288614f09b677e50d3ad844d9 0.614s
2016-08-10 20:42:32.858 15825 INFO tempest.lib.common.rest_client [req-e45443cb-1800-40fb-b9b5-c8602b848646 ] Request (FlavorsExtraSpecsTestJSON:test_flavor_set_get_update_show_unset_keys): 200 DELETE https://dal-iaas-001-api-endpoint.prod.walmart.com:8774/v2/2c32ffeb89644f6897c159414fb4010b/flavors/120307562/os-extra_specs/key1 0.371s
2016-08-10 20:42:32.995 15826 INFO tempest.lib.common.rest_client [req-61ef57af-9743-4fdf-9b74-68d2d13c86eb ] Request (ServersAdminNegativeTestJSON:setUpClass): 200 GET https://dal-iaas-001-api-endpoint.prod.walmart.com:8774/v2/5d2b2b43a7cf452ba5388e97d44287c3/servers/ad1ebd2f-6b6d-4261-a3cd-830d4c71bb8a 0.496s
2016-08-10 20:42:33.002 15826 INFO tempest.common.waiters [-] State transition "BUILD/scheduling" ==> "BUILD/networking" after 2 second wait
2016-08-10 20:42:33.146 15824 INFO tempest.lib.common.rest_client [req-6594de84-5abf-4a7a-88cf-44a320f1adfe ] Request (AggregatesAdminTestJSON:tearDownClass): 204 DELETE https://dal-iaas-001-api-endpoint.prod.walmart.com:35357/v2.0/tenants/81c5c44b6b654a978e3245d769ed3800 0.507s
2016-08-10 20:42:33.147 15825 INFO tempest.lib.common.rest_client [req-897e69ec-1a2f-4856-88dd-e1d2d3f359f6 ] Request (FlavorsExtraSpecsTestJSON:test_flavor_set_get_update_show_unset_keys): 200 DELETE https://dal-iaas-001-api-endpoint.prod.walmart.com:8774/v2/2c32ffeb89644f6897c159414fb4010b/flavors/120307562/os-extra_specs/key2 0.288s
2016-08-10 20:42:33.160 15822 INFO tempest.lib.common.rest_client [req-b01464b9-9fc0-4a19-bc27-7ccd34719f51 ] Request (ImagesNegativeTestJSON:test_create_image_from_deleted_server): 200 POST https://dal-iaas-001-api-endpoint.prod.walmart.com:5443/v2.0/tokens
2016-08-10 20:42:33.172 15823 INFO tempest.lib.common.rest_client [req-e9aabd7d-d8ff-49de-8b6d-ebeec94df34e ] Request (HypervisorAdminNegativeTestJSON:test_get_hypervisor_uptime_with_non_admin_user): 200 GET https://dal-iaas-001-api-endpoint.prod.walmart.com:8774/v2/a83fd77dfb8f4204b8a679a5502251a3/os-hypervisors 1.633s
2016-08-10 20:42:33.175 15828 INFO tempest.lib.common.rest_client [req-e420d617-96fa-4f11-b142-23446a1d2a15 ] Request (SecurityGroupsTestJSON:setUpClass): 200 POST https://dal-iaas-001-api-endpoint.prod.walmart.com:5443/v2.0/tokens
2016-08-10 20:42:33.313 15821 INFO tempest.lib.common.rest_client [req-346826f9-ce4e-48ff-a767-1bab4d08b71e ] Request (BaremetalNodesAdminTestJSON:tearDownClass): 200 GET https://dal-iaas-001-api-endpoint.prod.walmart.com:9696/v2.0/security-groups?tenant_id=4e75f7b69cd9493bad148ec7e8fd9bb1&name=default 0.876s
2016-08-10 20:42:33.419 15823 INFO tempest.lib.common.rest_client [req-4813d812-1d75-4670-b7a3-a8a2f865e8a3 ] Request (HypervisorAdminNegativeTestJSON:test_get_hypervisor_uptime_with_non_admin_user): 403 GET https://dal-iaas-001-api-endpoint.prod.walmart.com:8774/v2/fdad7477e4fa4a6ca0588ccff480a9ec/os-hypervisors/5/uptime 0.243s
2016-08-10 20:42:33.465 15827 INFO tempest.lib.common.rest_client [req-113fb51c-63f3-4efb-bf73-4c96a599d91b ] Request (NetworksTest:setUpClass): 200 POST https://dal-iaas-001-api-endpoint.prod.walmart.com:5443/v2.0/tokens
2016-08-10 20:42:33.558 15828 INFO tempest.lib.common.rest_client [req-40bcee0d-f3c7-4a78-b99f-e4058d689b13 ] Request (SecurityGroupsTestJSON:setUpClass): 200 POST https://dal-iaas-001-api-endpoint.prod.walmart.com:35357/v2.0/tenants 0.383s
2016-08-10 20:42:33.672 15825 INFO tempest.lib.common.rest_client [req-b10dd0e0-e10b-401e-869c-19fe6af8fa92 ] Request (FlavorsExtraSpecsTestJSON:tearDownClass): 202 DELETE https://dal-iaas-001-api-endpoint.prod.walmart.com:8774/v2/2c32ffeb89644f6897c159414fb4010b/flavors/120307562 0.523s
2016-08-10 20:42:33.681 15821 INFO tempest.lib.common.rest_client [req-6830e72a-36de-443a-921f-f054205d8c19 ] Request (BaremetalNodesAdminTestJSON:tearDownClass): 204 DELETE https://dal-iaas-001-api-endpoint.prod.walmart.com:9696/v2.0/security-groups/4448eae6-1243-468a-888d-7d6dc012090f 0.368s
2016-08-10 20:42:33.689 15823 INFO tempest.lib.common.rest_client [req-c4bc714d-a760-44a6-9af0-08987db140ac ] Request (HypervisorAdminNegativeTestJSON:test_get_nonexistent_hypervisor_uptime): 404 GET https://dal-iaas-001-api-endpoint.prod.walmart.com:8774/v2/a83fd77dfb8f4204b8a679a5502251a3/os-hypervisors/a17651dc-ecb3-423f-9062-316304d63301/uptime 0.267s
2016-08-10 20:42:33.702 15824 INFO tempest.lib.common.rest_client [req-57108ec6-78c5-488b-a123-1f019a0eff89 ] Request (FlavorsAdminTestJSON:setUpClass): 200 POST https://dal-iaas-001-api-endpoint.prod.walmart.com:5443/v2.0/tokens
2016-08-10 20:42:33.978 15825 INFO tempest.lib.common.rest_client [req-28f984c7-bd47-4c8e-82b0-f5ee50bc5ca2 ] Request (FlavorsExtraSpecsTestJSON:tearDownClass): 200 GET https://dal-iaas-001-api-endpoint.prod.walmart.com:8774/v2/2c32ffeb89644f6897c159414fb4010b/flavors/detail 0.306s
2016-08-10 20:42:34.055 15828 INFO tempest.lib.common.rest_client [req-0e48e5dc-7aea-49ab-b39b-b9d31a9a474e ] Request (SecurityGroupsTestJSON:setUpClass): 200 POST https://dal-iaas-001-api-endpoint.prod.walmart.com:35357/v2.0/users 0.496s
2016-08-10 20:42:34.092 15827 INFO tempest.lib.common.rest_client [req-a70c245d-05bf-4646-95a0-57f61633cf51 ] Request (NetworksTest:setUpClass): 200 POST https://dal-iaas-001-api-endpoint.prod.walmart.com:5443/v2.0/tokens
2016-08-10 20:42:34.098 15821 INFO tempest.lib.common.rest_client [req-c39180d0-177c-444f-a45c-72c8ca4b2eda ] Request (BaremetalNodesAdminTestJSON:tearDownClass): 204 DELETE https://dal-iaas-001-api-endpoint.prod.walmart.com:35357/v2.0/tenants/4e75f7b69cd9493bad148ec7e8fd9bb1 0.416s
2016-08-10 20:42:34.338 15824 INFO tempest.lib.common.rest_client [req-1d6871ab-a63a-4549-8f64-cd108374ebc0 ] Request (FlavorsAdminTestJSON:setUpClass): 200 POST https://dal-iaas-001-api-endpoint.prod.walmart.com:5443/v2.0/tokens
2016-08-10 20:42:34.428 15828 INFO tempest.lib.common.rest_client [req-45e795f3-c677-469f-b70d-b1d0967b76f3 ] Request (SecurityGroupsTestJSON:setUpClass): 200 GET https://dal-iaas-001-api-endpoint.prod.walmart.com:35357/v2.0/OS-KSADM/roles 0.372s
2016-08-10 20:42:34.465 15827 INFO tempest.lib.common.rest_client [req-797cbec2-379b-486d-926d-9a004f48f42d ] Request (NetworksTest:setUpClass): 200 POST https://dal-iaas-001-api-endpoint.prod.walmart.com:35357/v2.0/tenants 0.372s
2016-08-10 20:42:34.484 15825 INFO tempest.lib.common.rest_client [req-e8b6f085-3296-492d-b0df-9bbe58157773 ] Request (FlavorsExtraSpecsTestJSON:tearDownClass): 204 DELETE https://dal-iaas-001-api-endpoint.prod.walmart.com:35357/v2.0/users/d2b827b42abd4f86a038ace14823242b 0.501s
2016-08-10 20:42:34.510 15826 INFO tempest.lib.common.rest_client [req-cb2522ef-f259-42ca-a5b6-7405c7bf6277 ] Request (ServersAdminNegativeTestJSON:setUpClass): 200 GET https://dal-iaas-001-api-endpoint.prod.walmart.com:8774/v2/5d2b2b43a7cf452ba5388e97d44287c3/servers/ad1ebd2f-6b6d-4261-a3cd-830d4c71bb8a 0.506s
2016-08-10 20:42:34.516 15826 INFO tempest.common.waiters [-] State transition "BUILD/networking" ==> "BUILD/spawning" after 3 second wait
2016-08-10 20:42:34.687 15821 INFO tempest.lib.common.rest_client [req-bb1be5d7-17a5-4487-9cc1-f4ec84a328e3 ] Request (BaremetalNodesAdminTestJSON:tearDownClass): 204 DELETE https://dal-iaas-001-api-endpoint.prod.walmart.com:35357/v2.0/users/657f2d1661a04ab39a550bcbe5c4b065 0.587s
2016-08-10 20:42:34.701 15823 INFO tempest.lib.common.rest_client [req-7a64d00c-1d5f-46f5-b9c0-8b79ac8a9316 ] Request (HypervisorAdminNegativeTestJSON:test_search_hypervisor_with_non_admin_user): 200 GET https://dal-iaas-001-api-endpoint.prod.walmart.com:8774/v2/a83fd77dfb8f4204b8a679a5502251a3/os-hypervisors 1.010s
2016-08-10 20:42:34.766 15824 INFO tempest.lib.common.rest_client [req-c92348ec-58ec-48b7-a06c-0402a79a38e7 ] Request (FlavorsAdminTestJSON:setUpClass): 200 POST https://dal-iaas-001-api-endpoint.prod.walmart.com:35357/v2.0/tenants 0.427s
2016-08-10 20:42:34.829 15828 INFO tempest.lib.common.rest_client [req-a5d6d9bf-4641-440e-9c0e-e9e40f2ae3bd ] Request (SecurityGroupsTestJSON:setUpClass): 409 PUT https://dal-iaas-001-api-endpoint.prod.walmart.com:35357/v2.0/tenants/fe86e7e682614701b045ea130f929a68/users/d4c794adfd8a4d558ed2586aa6203211/roles/OS-KSADM/9fe2ff9ee4384b1894a90878d3e92bab 0.400s
2016-08-10 20:42:34.830 15828 INFO tempest.common.dynamic_creds [-] Acquired dynamic creds:
 credentials: Credentials: {'username': u'tempest-SecurityGroupsTestJSON-1400332771', 'project_name': u'tempest-SecurityGroupsTestJSON-1400332771', 'user_id': u'd4c794adfd8a4d558ed2586aa6203211', 'tenant_name': u'tempest-SecurityGroupsTestJSON-1400332771', 'tenant_id': u'fe86e7e682614701b045ea130f929a68', 'project_id': u'fe86e7e682614701b045ea130f929a68'}, Network: None, Subnet: None, Router: None
2016-08-10 20:42:34.957 15823 INFO tempest.lib.common.rest_client [req-242ad794-af6e-4c8c-9463-834b46001004 ] Request (HypervisorAdminNegativeTestJSON:test_search_hypervisor_with_non_admin_user): 403 GET https://dal-iaas-001-api-endpoint.prod.walmart.com:8774/v2/fdad7477e4fa4a6ca0588ccff480a9ec/os-hypervisors/dal-appblx061-21.prod.walmart.com/search 0.252s
2016-08-10 20:42:34.985 15827 INFO tempest.lib.common.rest_client [req-96bad4ab-6a80-4a3e-8918-25d822a2e33d ] Request (NetworksTest:setUpClass): 200 POST https://dal-iaas-001-api-endpoint.prod.walmart.com:35357/v2.0/users 0.519s
2016-08-10 20:42:35.028 15822 INFO tempest.lib.common.rest_client [req-01226fa3-792d-496f-baea-828e480cc5a0 ] Request (ImagesNegativeTestJSON:test_create_image_from_deleted_server): 202 POST https://dal-iaas-001-api-endpoint.prod.walmart.com:8774/v2/367d759d94504693a8419c0f07c57e8c/servers 1.867s
2016-08-10 20:42:35.037 15821 INFO tempest.lib.common.rest_client [req-4916fcc2-1dfd-4767-9cca-4b70f7755098 ] Request (BaremetalNodesAdminTestJSON:tearDownClass): 200 GET https://dal-iaas-001-api-endpoint.prod.walmart.com:9696/v2.0/security-groups?tenant_id=34f73dc1a4534e32a6440509acc8e8b2&name=default 0.349s
2016-08-10 20:42:35.269 15823 INFO tempest.lib.common.rest_client [req-d123516f-52a3-43ca-884f-4f4e61fe1f39 ] Request (HypervisorAdminNegativeTestJSON:test_search_nonexistent_hypervisor): 404 GET https://dal-iaas-001-api-endpoint.prod.walmart.com:8774/v2/a83fd77dfb8f4204b8a679a5502251a3/os-hypervisors/tempest-test_hypervisor-412174729/search 0.310s
2016-08-10 20:42:35.295 15824 INFO tempest.lib.common.rest_client [req-e98cbe0d-0ac6-4abf-897f-50b350f7457b ] Request (FlavorsAdminTestJSON:setUpClass): 200 POST https://dal-iaas-001-api-endpoint.prod.walmart.com:35357/v2.0/users 0.527s
2016-08-10 20:42:35.321 15828 INFO tempest.lib.common.rest_client [req-9f681eba-46db-4f88-87f0-05b87a6e99d2 ] Request (SecurityGroupsTestJSON:test_security_group_create_get_delete): 200 POST https://dal-iaas-001-api-endpoint.prod.walmart.com:5443/v2.0/tokens
2016-08-10 20:42:35.344 15825 INFO tempest.lib.common.rest_client [req-f5ab5d17-5951-49e2-8c7d-d721176b600b ] Request (FlavorsExtraSpecsTestJSON:tearDownClass): 200 GET https://dal-iaas-001-api-endpoint.prod.walmart.com:9696/v2.0/security-groups?tenant_id=2c32ffeb89644f6897c159414fb4010b&name=default 0.860s
2016-08-10 20:42:35.396 15827 INFO tempest.lib.common.rest_client [req-4a178472-115a-4c5c-b8d0-df3f2a3b7b8a ] Request (NetworksTest:setUpClass): 200 GET https://dal-iaas-001-api-endpoint.prod.walmart.com:35357/v2.0/OS-KSADM/roles 0.410s
2016-08-10 20:42:35.443 15821 INFO tempest.lib.common.rest_client [req-42fe0e66-8a13-4e1d-b430-b3a10cf39147 ] Request (BaremetalNodesAdminTestJSON:tearDownClass): 204 DELETE https://dal-iaas-001-api-endpoint.prod.walmart.com:9696/v2.0/security-groups/7a8e9506-ed53-44cc-9fee-d8068a2e1d26 0.406s
2016-08-10 20:42:35.520 15822 INFO tempest.lib.common.rest_client [req-2b57b8b2-be34-4d4e-85eb-1bc114a91488 ] Request (ImagesNegativeTestJSON:test_create_image_from_deleted_server): 200 GET https://dal-iaas-001-api-endpoint.prod.walmart.com:8774/v2/367d759d94504693a8419c0f07c57e8c/servers/b8394fcc-3d0c-4bc3-89b8-24b1543416d5 0.489s
2016-08-10 20:42:35.706 15825 INFO tempest.lib.common.rest_client [req-d2b251e0-fb68-490e-bf7a-8a0ef0c9cd65 ] Request (FlavorsExtraSpecsTestJSON:tearDownClass): 204 DELETE https://dal-iaas-001-api-endpoint.prod.walmart.com:9696/v2.0/security-groups/41aae169-3670-4271-98c5-fce986c11d20 0.361s
2016-08-10 20:42:35.745 15824 INFO tempest.lib.common.rest_client [req-95cf7715-ad2b-43b4-a15c-90c4efad99af ] Request (FlavorsAdminTestJSON:setUpClass): 200 GET https://dal-iaas-001-api-endpoint.prod.walmart.com:35357/v2.0/OS-KSADM/roles 0.450s
2016-08-10 20:42:35.835 15827 INFO tempest.lib.common.rest_client [req-9f2d3227-3a59-4418-968f-5f4cbe570e63 ] Request (NetworksTest:setUpClass): 409 PUT https://dal-iaas-001-api-endpoint.prod.walmart.com:35357/v2.0/tenants/ab04f28a5e6e4f98ba8da0181671228a/users/d0036d314f224936a322c746acff97e9/roles/OS-KSADM/9fe2ff9ee4384b1894a90878d3e92bab 0.438s
2016-08-10 20:42:35.835 15827 INFO tempest.common.dynamic_creds [-] Acquired dynamic creds:
 credentials: Credentials: {'username': u'tempest-NetworksTest-863779772', 'project_name': u'tempest-NetworksTest-863779772', 'user_id': u'd0036d314f224936a322c746acff97e9', 'tenant_name': u'tempest-NetworksTest-863779772', 'tenant_id': u'ab04f28a5e6e4f98ba8da0181671228a', 'project_id': u'ab04f28a5e6e4f98ba8da0181671228a'}, Network: None, Subnet: None, Router: None
2016-08-10 20:42:35.919 15821 INFO tempest.lib.common.rest_client [req-15e3f0bf-29cb-4c37-a0bf-3c472b42146e ] Request (BaremetalNodesAdminTestJSON:tearDownClass): 204 DELETE https://dal-iaas-001-api-endpoint.prod.walmart.com:35357/v2.0/tenants/34f73dc1a4534e32a6440509acc8e8b2 0.476s
2016-08-10 20:42:35.994 15826 INFO tempest.lib.common.rest_client [req-e772047f-c46b-49ad-9e45-df95e0e5f2d1 ] Request (ServersAdminNegativeTestJSON:setUpClass): 200 GET https://dal-iaas-001-api-endpoint.prod.walmart.com:8774/v2/5d2b2b43a7cf452ba5388e97d44287c3/servers/ad1ebd2f-6b6d-4261-a3cd-830d4c71bb8a 0.476s
2016-08-10 20:42:36.003 15826 INFO tempest.common.waiters [-] State transition "BUILD/spawning" ==> "BUILD/None" after 5 second wait
2016-08-10 20:42:36.161 15828 INFO tempest.lib.common.rest_client [req-171fabbb-58bb-4964-9a98-4328fb902ac5 ] Request (SecurityGroupsTestJSON:test_security_group_create_get_delete): 200 POST https://dal-iaas-001-api-endpoint.prod.walmart.com:8774/v2/fe86e7e682614701b045ea130f929a68/os-security-groups 0.840s
2016-08-10 20:42:36.173 15825 INFO tempest.lib.common.rest_client [req-4ca54825-6e7b-4671-b8d2-4910d147f283 ] Request (FlavorsExtraSpecsTestJSON:tearDownClass): 204 DELETE https://dal-iaas-001-api-endpoint.prod.walmart.com:35357/v2.0/tenants/2c32ffeb89644f6897c159414fb4010b 0.466s
2016-08-10 20:42:36.175 15824 INFO tempest.lib.common.rest_client [req-3b238f87-4bed-4a76-a8b6-26fb11cc6503 ] Request (FlavorsAdminTestJSON:setUpClass): 409 PUT https://dal-iaas-001-api-endpoint.prod.walmart.com:35357/v2.0/tenants/cb5d8d380c574cfb918d4ae68d2c37f2/users/f31de7cd2e6542878341998abf4f14ad/roles/OS-KSADM/9fe2ff9ee4384b1894a90878d3e92bab 0.429s
2016-08-10 20:42:36.176 15824 INFO tempest.common.dynamic_creds [-] Acquired dynamic creds:
 credentials: Credentials: {'username': u'tempest-FlavorsAdminTestJSON-1071347193', 'project_name': u'tempest-FlavorsAdminTestJSON-1071347193', 'user_id': u'f31de7cd2e6542878341998abf4f14ad', 'tenant_name': u'tempest-FlavorsAdminTestJSON-1071347193', 'tenant_id': u'cb5d8d380c574cfb918d4ae68d2c37f2', 'project_id': u'cb5d8d380c574cfb918d4ae68d2c37f2'}, Network: None, Subnet: None, Router: None
2016-08-10 20:42:36.187 15823 INFO tempest.lib.common.rest_client [req-617b9cfc-4e05-4776-92cd-cd2b014b2a3b ] Request (HypervisorAdminNegativeTestJSON:test_show_hypervisor_with_non_admin_user): 200 GET https://dal-iaas-001-api-endpoint.prod.walmart.com:8774/v2/a83fd77dfb8f4204b8a679a5502251a3/os-hypervisors 0.916s
2016-08-10 20:42:36.251 15827 INFO tempest.lib.common.rest_client [req-075774e8-f53b-4243-8756-d5005bbf75bf ] Request (NetworksTest:setUpClass): 200 POST https://dal-iaas-001-api-endpoint.prod.walmart.com:35357/v2.0/tenants 0.411s
2016-08-10 20:42:36.450 15828 INFO tempest.lib.common.rest_client [req-eb89d045-25bc-4b8b-bdda-11712f7ef5f9 ] Request (SecurityGroupsTestJSON:test_security_group_create_get_delete): 200 GET https://dal-iaas-001-api-endpoint.prod.walmart.com:8774/v2/fe86e7e682614701b045ea130f929a68/os-security-groups/5dcbaf6a-52f5-4efc-adf8-a1bda3e87c89 0.284s
2016-08-10 20:42:36.477 15823 INFO tempest.lib.common.rest_client [req-dd67cb61-7b0d-43b4-a852-10d1f1467b9d ] Request (HypervisorAdminNegativeTestJSON:test_show_hypervisor_with_non_admin_user): 403 GET https://dal-iaas-001-api-endpoint.prod.walmart.com:8774/v2/fdad7477e4fa4a6ca0588ccff480a9ec/os-hypervisors/5 0.285s
2016-08-10 20:42:36.547 15821 INFO tempest.lib.common.rest_client [req-14694373-0e5b-457f-81b2-8d024f71ed08 ] Request (FlavorsExtraSpecsNegativeTestJSON:setUpClass): 200 POST https://dal-iaas-001-api-endpoint.prod.walmart.com:5443/v2.0/tokens
2016-08-10 20:42:36.681 15824 INFO tempest.lib.common.rest_client [req-445e58b7-ed53-485d-bf83-d31dfa9f386c ] Request (FlavorsAdminTestJSON:setUpClass): 200 POST https://dal-iaas-001-api-endpoint.prod.walmart.com:35357/v2.0/tenants 0.500s
2016-08-10 20:42:36.732 15825 INFO tempest.lib.common.rest_client [req-34fa269f-aa39-4a26-98f5-ddee64e8bd50 ] Request (FlavorsExtraSpecsTestJSON:tearDownClass): 204 DELETE https://dal-iaas-001-api-endpoint.prod.walmart.com:35357/v2.0/users/49af4ec5a3c54e6890ae12560beb242a 0.558s
2016-08-10 20:42:36.748 15823 INFO tempest.lib.common.rest_client [req-b1136b6a-e041-4d6d-aa84-ae2973898f37 ] Request (HypervisorAdminNegativeTestJSON:test_show_nonexistent_hypervisor): 404 GET https://dal-iaas-001-api-endpoint.prod.walmart.com:8774/v2/a83fd77dfb8f4204b8a679a5502251a3/os-hypervisors/3c06908d-1801-4a55-a4bc-32e340ff2074 0.269s
2016-08-10 20:42:36.773 15827 INFO tempest.lib.common.rest_client [req-3f6df385-08f4-4bf9-9898-52780e6a7d61 ] Request (NetworksTest:setUpClass): 200 POST https://dal-iaas-001-api-endpoint.prod.walmart.com:35357/v2.0/users 0.520s
2016-08-10 20:42:36.898 15828 INFO tempest.lib.common.rest_client [req-4af02281-cec5-42a7-bed9-07e69bdcb7bc ] Request (SecurityGroupsTestJSON:test_security_group_create_get_delete): 202 DELETE https://dal-iaas-001-api-endpoint.prod.walmart.com:8774/v2/fe86e7e682614701b045ea130f929a68/os-security-groups/5dcbaf6a-52f5-4efc-adf8-a1bda3e87c89 0.444s
2016-08-10 20:42:37.051 15825 INFO tempest.lib.common.rest_client [req-0ba2d77d-d21c-4b9a-b858-44dc46dea740 ] Request (FlavorsExtraSpecsTestJSON:tearDownClass): 200 GET https://dal-iaas-001-api-endpoint.prod.walmart.com:9696/v2.0/security-groups?tenant_id=a2eadde7ffbb4f0fb2f950f036158460&name=default 0.319s
2016-08-10 20:42:37.091 15822 INFO tempest.lib.common.rest_client [req-42fef9fa-65ef-419d-97b6-a5256cd7cbed ] Request (ImagesNegativeTestJSON:test_create_image_from_deleted_server): 200 GET https://dal-iaas-001-api-endpoint.prod.walmart.com:8774/v2/367d759d94504693a8419c0f07c57e8c/servers/b8394fcc-3d0c-4bc3-89b8-24b1543416d5 0.562s
2016-08-10 20:42:37.098 15822 INFO tempest.common.waiters [-] State transition "BUILD/scheduling" ==> "BUILD/networking" after 2 second wait
2016-08-10 20:42:37.139 15824 INFO tempest.lib.common.rest_client [req-45ac7e64-3fa1-4a63-bdd3-0eb0cbfa2df3 ] Request (FlavorsAdminTestJSON:setUpClass): 200 POST https://dal-iaas-001-api-endpoint.prod.walmart.com:35357/v2.0/users 0.457s
2016-08-10 20:42:37.169 15821 INFO tempest.lib.common.rest_client [req-4aa76039-276e-4b3f-9f38-ddfe9771ccbb ] Request (FlavorsExtraSpecsNegativeTestJSON:setUpClass): 200 POST https://dal-iaas-001-api-endpoint.prod.walmart.com:5443/v2.0/tokens
2016-08-10 20:42:37.171 15827 INFO tempest.lib.common.rest_client [req-0be79e69-02db-4d3a-b6be-6278f698d37e ] Request (NetworksTest:setUpClass): 200 GET https://dal-iaas-001-api-endpoint.prod.walmart.com:35357/v2.0/OS-KSADM/roles 0.397s
2016-08-10 20:42:37.268 15828 INFO tempest.lib.common.rest_client [req-6327e5bd-a628-4777-b884-7a8a040aa8e2 ] Request (SecurityGroupsTestJSON:test_security_group_create_get_delete): 404 GET https://dal-iaas-001-api-endpoint.prod.walmart.com:8774/v2/fe86e7e682614701b045ea130f929a68/os-security-groups/5dcbaf6a-52f5-4efc-adf8-a1bda3e87c89 0.369s
2016-08-10 20:42:37.416 15825 INFO tempest.lib.common.rest_client [req-4ec388b9-c78d-4e87-beb1-0738b7c29b4d ] Request (FlavorsExtraSpecsTestJSON:tearDownClass): 204 DELETE https://dal-iaas-001-api-endpoint.prod.walmart.com:9696/v2.0/security-groups/01e7c12d-cb35-4f3e-bd3b-0d1bf18d3547 0.364s
2016-08-10 20:42:37.556 15826 INFO tempest.lib.common.rest_client [req-84987d16-2031-45a3-b7b6-fa21db65d45d ] Request (ServersAdminNegativeTestJSON:setUpClass): 200 GET https://dal-iaas-001-api-endpoint.prod.walmart.com:8774/v2/5d2b2b43a7cf452ba5388e97d44287c3/servers/ad1ebd2f-6b6d-4261-a3cd-830d4c71bb8a 0.548s
2016-08-10 20:42:37.570 15824 INFO tempest.lib.common.rest_client [req-c93d115d-70ef-4ffa-8e28-678fde51ec02 ] Request (FlavorsAdminTestJSON:setUpClass): 200 GET https://dal-iaas-001-api-endpoint.prod.walmart.com:35357/v2.0/OS-KSADM/roles 0.430s
2016-08-10 20:42:37.593 15827 INFO tempest.lib.common.rest_client [req-e2f6ed7a-2fa1-4f72-90ea-2c99a418c509 ] Request (NetworksTest:setUpClass): 200 PUT https://dal-iaas-001-api-endpoint.prod.walmart.com:35357/v2.0/tenants/9548a988567e41bea85fdc0bf09c391a/users/4c1549770531418f830da630eefe6da0/roles/OS-KSADM/b5b0387bbe864c43a2999e531988bb8f 0.421s
2016-08-10 20:42:37.614 15821 INFO tempest.lib.common.rest_client [req-1215675c-6a09-4722-9c0b-513354391898 ] Request (FlavorsExtraSpecsNegativeTestJSON:setUpClass): 200 POST https://dal-iaas-001-api-endpoint.prod.walmart.com:35357/v2.0/tenants 0.444s
2016-08-10 20:42:37.626 15828 INFO tempest.lib.common.rest_client [req-75341b9c-4d30-4144-b7bd-e88253754f32 ] Request (SecurityGroupsTestJSON:test_security_groups_create_list_delete): 200 POST https://dal-iaas-001-api-endpoint.prod.walmart.com:8774/v2/fe86e7e682614701b045ea130f929a68/os-security-groups 0.356s
2016-08-10 20:42:37.905 15823 INFO tempest.lib.common.rest_client [req-9ff6a170-437b-4877-b0e7-471906e5c1f3 ] Request (HypervisorAdminNegativeTestJSON:test_show_servers_with_non_admin_user): 200 GET https://dal-iaas-001-api-endpoint.prod.walmart.com:8774/v2/a83fd77dfb8f4204b8a679a5502251a3/os-hypervisors 1.155s
2016-08-10 20:42:37.939 15825 INFO tempest.lib.common.rest_client [req-e2390a6e-2730-4fc7-841b-56638748ea66 ] Request (FlavorsExtraSpecsTestJSON:tearDownClass): 204 DELETE https://dal-iaas-001-api-endpoint.prod.walmart.com:35357/v2.0/tenants/a2eadde7ffbb4f0fb2f950f036158460 0.522s
2016-08-10 20:42:37.956 15824 INFO tempest.lib.common.rest_client [req-8136e629-66e3-4e87-afea-44465b58efd2 ] Request (FlavorsAdminTestJSON:setUpClass): 200 PUT https://dal-iaas-001-api-endpoint.prod.walmart.com:35357/v2.0/tenants/e82c664ca5ce4c35953e6622c4beb727/users/0ad73e0d740941959a75037d50a89553/roles/OS-KSADM/b5b0387bbe864c43a2999e531988bb8f 0.385s
2016-08-10 20:42:37.971 15828 INFO tempest.lib.common.rest_client [req-f52a0220-3c62-44b9-862c-060be3c1454c ] Request (SecurityGroupsTestJSON:test_security_groups_create_list_delete): 200 POST https://dal-iaas-001-api-endpoint.prod.walmart.com:8774/v2/fe86e7e682614701b045ea130f929a68/os-security-groups 0.342s
2016-08-10 20:42:37.988 15827 INFO tempest.lib.common.rest_client [req-db0f89f4-264e-4625-b511-0bbf4111c3aa ] Request (NetworksTest:setUpClass): 200 GET https://dal-iaas-001-api-endpoint.prod.walmart.com:35357/v2.0/OS-KSADM/roles 0.394s
2016-08-10 20:42:38.048 15821 INFO tempest.lib.common.rest_client [req-d1d91adc-8904-485b-a3cb-57d9544b57ec ] Request (FlavorsExtraSpecsNegativeTestJSON:setUpClass): 200 POST https://dal-iaas-001-api-endpoint.prod.walmart.com:35357/v2.0/users 0.434s
2016-08-10 20:42:38.193 15823 INFO tempest.lib.common.rest_client [req-21dd42d5-8638-45b3-91be-9b0b4b32c052 ] Request (HypervisorAdminNegativeTestJSON:test_show_servers_with_non_admin_user): 403 GET https://dal-iaas-001-api-endpoint.prod.walmart.com:8774/v2/fdad7477e4fa4a6ca0588ccff480a9ec/os-hypervisors/5/servers 0.282s
2016-08-10 20:42:38.365 15828 INFO tempest.lib.common.rest_client [req-a777368d-0e1a-4a96-bf3e-77f202bdfbc8 ] Request (SecurityGroupsTestJSON:test_security_groups_create_list_delete): 200 POST https://dal-iaas-001-api-endpoint.prod.walmart.com:8774/v2/fe86e7e682614701b045ea130f929a68/os-security-groups 0.391s
2016-08-10 20:42:38.384 15824 INFO tempest.lib.common.rest_client [req-2587d27e-afab-4c60-abd1-c0378cc68122 ] Request (FlavorsAdminTestJSON:setUpClass): 200 GET https://dal-iaas-001-api-endpoint.prod.walmart.com:35357/v2.0/OS-KSADM/roles 0.427s
2016-08-10 20:42:38.398 15827 INFO tempest.lib.common.rest_client [req-bf1ff891-2911-48b1-8448-c6a20993345b ] Request (NetworksTest:setUpClass): 409 PUT https://dal-iaas-001-api-endpoint.prod.walmart.com:35357/v2.0/tenants/9548a988567e41bea85fdc0bf09c391a/users/4c1549770531418f830da630eefe6da0/roles/OS-KSADM/9fe2ff9ee4384b1894a90878d3e92bab 0.409s
2016-08-10 20:42:38.399 15827 INFO tempest.common.dynamic_creds [-] Acquired dynamic creds:
 credentials: Credentials: {'username': u'tempest-NetworksTest-1733801071', 'project_name': u'tempest-NetworksTest-1733801071', 'user_id': u'4c1549770531418f830da630eefe6da0', 'tenant_name': u'tempest-NetworksTest-1733801071', 'tenant_id': u'9548a988567e41bea85fdc0bf09c391a', 'project_id': u'9548a988567e41bea85fdc0bf09c391a'}, Network: None, Subnet: None, Router: None
2016-08-10 20:42:38.454 15821 INFO tempest.lib.common.rest_client [req-2549ac7a-5882-4612-acca-90480def6599 ] Request (FlavorsExtraSpecsNegativeTestJSON:setUpClass): 200 GET https://dal-iaas-001-api-endpoint.prod.walmart.com:35357/v2.0/OS-KSADM/roles 0.405s
2016-08-10 20:42:38.496 15823 INFO tempest.lib.common.rest_client [req-063c3c9b-738e-4c21-af80-8865e48ac8f7 ] Request (HypervisorAdminNegativeTestJSON:test_show_servers_with_nonexistent_hypervisor): 404 GET https://dal-iaas-001-api-endpoint.prod.walmart.com:8774/v2/a83fd77dfb8f4204b8a679a5502251a3/os-hypervisors/e462551e-9f72-4e9f-8568-6750bb403e17/servers 0.302s
2016-08-10 20:42:38.496 15825 INFO tempest.lib.common.rest_client [req-4ec6a66b-4916-40a2-969c-90d0a7737e42 ] Request (InstanceUsageAuditLogTestJSON:setUpClass): 200 POST https://dal-iaas-001-api-endpoint.prod.walmart.com:5443/v2.0/tokens
2016-08-10 20:42:38.635 15822 INFO tempest.lib.common.rest_client [req-d27f9dda-7768-4a6a-bda5-3c624582d62c ] Request (ImagesNegativeTestJSON:test_create_image_from_deleted_server): 200 GET https://dal-iaas-001-api-endpoint.prod.walmart.com:8774/v2/367d759d94504693a8419c0f07c57e8c/servers/b8394fcc-3d0c-4bc3-89b8-24b1543416d5 0.534s
2016-08-10 20:42:38.641 15822 INFO tempest.common.waiters [-] State transition "BUILD/networking" ==> "BUILD/spawning" after 3 second wait
2016-08-10 20:42:38.798 15828 INFO tempest.lib.common.rest_client [req-66bcde76-c8c7-4be4-ba58-baf10317bafe ] Request (SecurityGroupsTestJSON:test_security_groups_create_list_delete): 200 GET https://dal-iaas-001-api-endpoint.prod.walmart.com:8774/v2/fe86e7e682614701b045ea130f929a68/os-security-groups 0.429s
2016-08-10 20:42:38.802 15824 INFO tempest.lib.common.rest_client [req-94dfed35-0b6b-480d-8980-709e30452295 ] Request (FlavorsAdminTestJSON:setUpClass): 409 PUT https://dal-iaas-001-api-endpoint.prod.walmart.com:35357/v2.0/tenants/e82c664ca5ce4c35953e6622c4beb727/users/0ad73e0d740941959a75037d50a89553/roles/OS-KSADM/9fe2ff9ee4384b1894a90878d3e92bab 0.418s
2016-08-10 20:42:38.803 15824 INFO tempest.common.dynamic_creds [-] Acquired dynamic creds:
 credentials: Credentials: {'username': u'tempest-FlavorsAdminTestJSON-1954332855', 'project_name': u'tempest-FlavorsAdminTestJSON-1954332855', 'user_id': u'0ad73e0d740941959a75037d50a89553', 'tenant_name': u'tempest-FlavorsAdminTestJSON-1954332855', 'tenant_id': u'e82c664ca5ce4c35953e6622c4beb727', 'project_id': u'e82c664ca5ce4c35953e6622c4beb727'}, Network: None, Subnet: None, Router: None
2016-08-10 20:42:38.867 15821 INFO tempest.lib.common.rest_client [req-9b151630-cf6b-49b2-902f-5c2d4f9aa4ac ] Request (FlavorsExtraSpecsNegativeTestJSON:setUpClass): 409 PUT https://dal-iaas-001-api-endpoint.prod.walmart.com:35357/v2.0/tenants/3d28d70d25d24f709312ee24c850efa6/users/ca30713aa9964afd97ce11d47e10d607/roles/OS-KSADM/9fe2ff9ee4384b1894a90878d3e92bab 0.411s
2016-08-10 20:42:38.867 15821 INFO tempest.common.dynamic_creds [-] Acquired dynamic creds:
 credentials: Credentials: {'username': u'tempest-FlavorsExtraSpecsNegativeTestJSON-458216207', 'project_name': u'tempest-FlavorsExtraSpecsNegativeTestJSON-458216207', 'user_id': u'ca30713aa9964afd97ce11d47e10d607', 'tenant_name': u'tempest-FlavorsExtraSpecsNegativeTestJSON-458216207', 'tenant_id': u'3d28d70d25d24f709312ee24c850efa6', 'project_id': u'3d28d70d25d24f709312ee24c850efa6'}, Network: None, Subnet: None, Router: None
2016-08-10 20:42:38.893 15827 INFO tempest.lib.common.rest_client [req-54f7e2fc-a55e-4c45-ab96-d0996f02a65b ] Request (NetworksTest:test_get_network): 200 POST https://dal-iaas-001-api-endpoint.prod.walmart.com:5443/v2.0/tokens
2016-08-10 20:42:38.957 15823 INFO tempest.lib.common.rest_client [req-7c54e417-b2dd-4e32-914b-ee7c86bced93 ] Request (HypervisorAdminNegativeTestJSON:tearDownClass): 204 DELETE https://dal-iaas-001-api-endpoint.prod.walmart.com:35357/v2.0/users/1fd3a4f32cf24ff2b20ba4ddf5ef08ac 0.458s
2016-08-10 20:42:39.100 15826 INFO tempest.lib.common.rest_client [req-56b26983-eebc-431f-9f5b-5404ef7bd1f5 ] Request (ServersAdminNegativeTestJSON:setUpClass): 200 GET https://dal-iaas-001-api-endpoint.prod.walmart.com:8774/v2/5d2b2b43a7cf452ba5388e97d44287c3/servers/ad1ebd2f-6b6d-4261-a3cd-830d4c71bb8a 0.536s
2016-08-10 20:42:39.106 15826 INFO tempest.common.waiters [-] State transition "BUILD/None" ==> "BUILD/scheduling" after 8 second wait
2016-08-10 20:42:39.138 15825 INFO tempest.lib.common.rest_client [req-2b33ef4c-74a1-4d76-953c-227d82116b6c ] Request (InstanceUsageAuditLogTestJSON:setUpClass): 200 POST https://dal-iaas-001-api-endpoint.prod.walmart.com:5443/v2.0/tokens
2016-08-10 20:42:39.193 15828 INFO tempest.lib.common.rest_client [req-1c5fac7a-c714-49f2-a0d1-563cda172bc5 ] Request (SecurityGroupsTestJSON:test_security_groups_create_list_delete): 202 DELETE https://dal-iaas-001-api-endpoint.prod.walmart.com:8774/v2/fe86e7e682614701b045ea130f929a68/os-security-groups/f0cb8e48-2f8c-4589-a2b1-c7ec2a2be04b 0.390s
2016-08-10 20:42:39.261 15821 INFO tempest.lib.common.rest_client [req-f26d20a3-ab65-47b8-89ed-ff3305448248 ] Request (FlavorsExtraSpecsNegativeTestJSON:setUpClass): 200 POST https://dal-iaas-001-api-endpoint.prod.walmart.com:35357/v2.0/tenants 0.388s
2016-08-10 20:42:39.281 15824 INFO tempest.lib.common.rest_client [req-f57f4a3a-b981-41b0-a6b8-5ffebe7f538b ] Request (FlavorsAdminTestJSON:test_create_flavor_using_string_ram): 200 POST https://dal-iaas-001-api-endpoint.prod.walmart.com:5443/v2.0/tokens
2016-08-10 20:42:39.522 15828 INFO tempest.lib.common.rest_client [req-7d2a88cb-d552-4fb0-8e62-0fdd0992f25b ] Request (SecurityGroupsTestJSON:test_security_groups_create_list_delete): 404 GET https://dal-iaas-001-api-endpoint.prod.walmart.com:8774/v2/fe86e7e682614701b045ea130f929a68/os-security-groups/f0cb8e48-2f8c-4589-a2b1-c7ec2a2be04b 0.329s
2016-08-10 20:42:39.577 15825 INFO tempest.lib.common.rest_client [req-37681034-e94b-4664-bed0-830929884561 ] Request (InstanceUsageAuditLogTestJSON:setUpClass): 200 POST https://dal-iaas-001-api-endpoint.prod.walmart.com:35357/v2.0/tenants 0.438s
2016-08-10 20:42:39.710 15821 INFO tempest.lib.common.rest_client [req-64515404-2d1d-4f86-92c2-60983ed89b88 ] Request (FlavorsExtraSpecsNegativeTestJSON:setUpClass): 200 POST https://dal-iaas-001-api-endpoint.prod.walmart.com:35357/v2.0/users 0.449s
2016-08-10 20:42:39.729 15827 INFO tempest.lib.common.rest_client [req-fe9c3f63-11ab-40f9-86d9-ff82aa32fddd ] Request (NetworksTest:test_get_network): 200 GET https://dal-iaas-001-api-endpoint.prod.walmart.com:8774/v2/9548a988567e41bea85fdc0bf09c391a/os-networks 0.835s
2016-08-10 20:42:39.812 15823 INFO tempest.lib.common.rest_client [req-6a8f3612-9891-4e6a-8081-f5453f2d2657 ] Request (HypervisorAdminNegativeTestJSON:tearDownClass): 200 GET https://dal-iaas-001-api-endpoint.prod.walmart.com:9696/v2.0/security-groups?tenant_id=a83fd77dfb8f4204b8a679a5502251a3&name=default 0.854s
2016-08-10 20:42:39.985 15828 INFO tempest.lib.common.rest_client [req-91bf7736-254f-4f07-93fe-0603e9cdb22b ] Request (SecurityGroupsTestJSON:test_security_groups_create_list_delete): 202 DELETE https://dal-iaas-001-api-endpoint.prod.walmart.com:8774/v2/fe86e7e682614701b045ea130f929a68/os-security-groups/b7902bed-9cc9-4d42-9f26-234a57923868 0.462s
2016-08-10 20:42:40.097 15827 INFO tempest.lib.common.rest_client [req-3e2143c5-ca3e-4160-96b0-c6e41f619389 ] Request (NetworksTest:test_list_all_networks): 200 GET https://dal-iaas-001-api-endpoint.prod.walmart.com:8774/v2/9548a988567e41bea85fdc0bf09c391a/os-networks 0.364s
2016-08-10 20:42:40.126 15824 INFO tempest.lib.common.rest_client [req-245af1e5-2760-43cd-9af7-9fa80517c193 ] Request (FlavorsAdminTestJSON:test_create_flavor_using_string_ram): 200 POST https://dal-iaas-001-api-endpoint.prod.walmart.com:8774/v2/e82c664ca5ce4c35953e6622c4beb727/flavors 0.844s
2016-08-10 20:42:40.126 15821 INFO tempest.lib.common.rest_client [req-e0184d8a-6aaf-4c97-b440-1d960c5f6ac6 ] Request (FlavorsExtraSpecsNegativeTestJSON:setUpClass): 200 GET https://dal-iaas-001-api-endpoint.prod.walmart.com:35357/v2.0/OS-KSADM/roles 0.415s
2016-08-10 20:42:40.157 15822 INFO tempest.lib.common.rest_client [req-dadefe24-ab6d-47b8-9e03-663e44b0ebae ] Request (ImagesNegativeTestJSON:test_create_image_from_deleted_server): 200 GET https://dal-iaas-001-api-endpoint.prod.walmart.com:8774/v2/367d759d94504693a8419c0f07c57e8c/servers/b8394fcc-3d0c-4bc3-89b8-24b1543416d5 0.512s
2016-08-10 20:42:40.166 15822 INFO tempest.common.waiters [-] State transition "BUILD/spawning" ==> "BUILD/None" after 5 second wait
2016-08-10 20:42:40.190 15823 INFO tempest.lib.common.rest_client [req-4e47e902-dff1-49ed-8bfb-f96120303570 ] Request (HypervisorAdminNegativeTestJSON:tearDownClass): 204 DELETE https://dal-iaas-001-api-endpoint.prod.walmart.com:9696/v2.0/security-groups/31df2f95-b4c6-4a83-a67c-616127c09ecb 0.378s
2016-08-10 20:42:40.246 15825 INFO tempest.lib.common.rest_client [req-9d24c0dd-8c92-4d90-90c9-291bc290a585 ] Request (InstanceUsageAuditLogTestJSON:setUpClass): 200 POST https://dal-iaas-001-api-endpoint.prod.walmart.com:35357/v2.0/users 0.668s
2016-08-10 20:42:40.296 15828 INFO tempest.lib.common.rest_client [req-bcec7e4d-7b8b-479e-830b-b5eecdbc522d ] Request (SecurityGroupsTestJSON:test_security_groups_create_list_delete): 404 GET https://dal-iaas-001-api-endpoint.prod.walmart.com:8774/v2/fe86e7e682614701b045ea130f929a68/os-security-groups/b7902bed-9cc9-4d42-9f26-234a57923868 0.309s
2016-08-10 20:42:40.451 15824 INFO tempest.lib.common.rest_client [req-5b58431f-d457-4042-9e04-275b6a02ace4 ] Request (FlavorsAdminTestJSON:_run_cleanups): 202 DELETE https://dal-iaas-001-api-endpoint.prod.walmart.com:8774/v2/e82c664ca5ce4c35953e6622c4beb727/flavors/1560134966 0.321s
2016-08-10 20:42:40.546 15821 INFO tempest.lib.common.rest_client [req-08913701-ec47-436c-811f-0f7a7f85b72e ] Request (FlavorsExtraSpecsNegativeTestJSON:setUpClass): 200 PUT https://dal-iaas-001-api-endpoint.prod.walmart.com:35357/v2.0/tenants/9f7e8e3beb1d40f79c0b9b0215678720/users/6dca4ad6d6a540eeac943fc1b763bd73/roles/OS-KSADM/b5b0387bbe864c43a2999e531988bb8f 0.419s
2016-08-10 20:42:40.595 15827 INFO tempest.lib.common.rest_client [req-2f48bb76-8c0d-4233-9fb1-ad75f6a51152 ] Request (NetworksTest:tearDownClass): 204 DELETE https://dal-iaas-001-api-endpoint.prod.walmart.com:35357/v2.0/users/4c1549770531418f830da630eefe6da0 0.496s
2016-08-10 20:42:40.626 15826 INFO tempest.lib.common.rest_client [req-fb6d8a63-ccdb-4521-be4c-4189fad9a526 ] Request (ServersAdminNegativeTestJSON:setUpClass): 200 GET https://dal-iaas-001-api-endpoint.prod.walmart.com:8774/v2/5d2b2b43a7cf452ba5388e97d44287c3/servers/ad1ebd2f-6b6d-4261-a3cd-830d4c71bb8a 0.516s
2016-08-10 20:42:40.633 15826 INFO tempest.common.waiters [-] State transition "BUILD/scheduling" ==> "BUILD/None" after 9 second wait
2016-08-10 20:42:40.666 15825 INFO tempest.lib.common.rest_client [req-a3e9d2a7-e9c2-44e4-8ab3-840c924e9ea7 ] Request (InstanceUsageAuditLogTestJSON:setUpClass): 200 GET https://dal-iaas-001-api-endpoint.prod.walmart.com:35357/v2.0/OS-KSADM/roles 0.420s
2016-08-10 20:42:40.714 15828 INFO tempest.lib.common.rest_client [req-52d329d0-4861-423b-bb55-4c3fbba92216 ] Request (SecurityGroupsTestJSON:test_security_groups_create_list_delete): 202 DELETE https://dal-iaas-001-api-endpoint.prod.walmart.com:8774/v2/fe86e7e682614701b045ea130f929a68/os-security-groups/3d71e15c-683e-4854-8c17-9cffcbed898d 0.418s
2016-08-10 20:42:40.725 15823 INFO tempest.lib.common.rest_client [req-97f7ea8b-186d-47f0-9d93-dbf9322a4a8b ] Request (HypervisorAdminNegativeTestJSON:tearDownClass): 204 DELETE https://dal-iaas-001-api-endpoint.prod.walmart.com:35357/v2.0/tenants/a83fd77dfb8f4204b8a679a5502251a3 0.534s
2016-08-10 20:42:40.755 15824 INFO tempest.lib.common.rest_client [req-a465bf07-6d51-497a-861d-feee1109411d ] Request (FlavorsAdminTestJSON:_run_cleanups): 200 GET https://dal-iaas-001-api-endpoint.prod.walmart.com:8774/v2/e82c664ca5ce4c35953e6622c4beb727/flavors/detail 0.302s
2016-08-10 20:42:40.982 15821 INFO tempest.lib.common.rest_client [req-bc5a44e8-d22a-4578-ba7e-45aca6e538f7 ] Request (FlavorsExtraSpecsNegativeTestJSON:setUpClass): 200 GET https://dal-iaas-001-api-endpoint.prod.walmart.com:35357/v2.0/OS-KSADM/roles 0.435s
2016-08-10 20:42:40.993 15828 INFO tempest.lib.common.rest_client [req-a84a7f86-0493-4614-8d91-23058e1664d7 ] Request (SecurityGroupsTestJSON:test_security_groups_create_list_delete): 404 GET https://dal-iaas-001-api-endpoint.prod.walmart.com:8774/v2/fe86e7e682614701b045ea130f929a68/os-security-groups/3d71e15c-683e-4854-8c17-9cffcbed898d 0.278s
2016-08-10 20:42:41.012 15824 INFO tempest.lib.common.rest_client [req-f3391fb6-5876-4bcd-b582-d99207076664 ] Request (FlavorsAdminTestJSON:test_create_flavor_verify_entry_in_list_details): 200 POST https://dal-iaas-001-api-endpoint.prod.walmart.com:8774/v2/e82c664ca5ce4c35953e6622c4beb727/flavors 0.250s
2016-08-10 20:42:41.133 15825 INFO tempest.lib.common.rest_client [req-488bc217-43c5-4af0-9a90-ad40d493a1ea ] Request (InstanceUsageAuditLogTestJSON:setUpClass): 409 PUT https://dal-iaas-001-api-endpoint.prod.walmart.com:35357/v2.0/tenants/88bbd26f0182418ca7446769a20a8768/users/ad2358e75f9a41bf8d2cedaaf0d2c294/roles/OS-KSADM/9fe2ff9ee4384b1894a90878d3e92bab 0.466s
2016-08-10 20:42:41.133 15825 INFO tempest.common.dynamic_creds [-] Acquired dynamic creds:
 credentials: Credentials: {'username': u'tempest-InstanceUsageAuditLogTestJSON-1768244359', 'project_name': u'tempest-InstanceUsageAuditLogTestJSON-1768244359', 'user_id': u'ad2358e75f9a41bf8d2cedaaf0d2c294', 'tenant_name': u'tempest-InstanceUsageAuditLogTestJSON-1768244359', 'tenant_id': u'88bbd26f0182418ca7446769a20a8768', 'project_id': u'88bbd26f0182418ca7446769a20a8768'}, Network: None, Subnet: None, Router: None
2016-08-10 20:42:41.182 15823 INFO tempest.lib.common.rest_client [req-dc5797ab-2828-454b-8f5e-e07bae0a4cf0 ] Request (HypervisorAdminNegativeTestJSON:tearDownClass): 204 DELETE https://dal-iaas-001-api-endpoint.prod.walmart.com:35357/v2.0/users/6190a98db86f46679e99611eae370e11 0.457s
2016-08-10 20:42:41.400 15824 INFO tempest.lib.common.rest_client [req-38a3c3f6-9c90-4a9e-acaa-20f2eb27d480 ] Request (FlavorsAdminTestJSON:test_create_flavor_verify_entry_in_list_details): 200 GET https://dal-iaas-001-api-endpoint.prod.walmart.com:8774/v2/e82c664ca5ce4c35953e6622c4beb727/flavors/detail 0.386s
2016-08-10 20:42:41.427 15827 INFO tempest.lib.common.rest_client [req-3b3889b3-9764-43e6-b9b0-06142bae504c ] Request (NetworksTest:tearDownClass): 200 GET https://dal-iaas-001-api-endpoint.prod.walmart.com:9696/v2.0/security-groups?tenant_id=9548a988567e41bea85fdc0bf09c391a&name=default 0.832s
2016-08-10 20:42:41.465 15821 INFO tempest.lib.common.rest_client [req-8a315e00-a0b1-4f89-928b-f8550a2cbdbd ] Request (FlavorsExtraSpecsNegativeTestJSON:setUpClass): 409 PUT https://dal-iaas-001-api-endpoint.prod.walmart.com:35357/v2.0/tenants/9f7e8e3beb1d40f79c0b9b0215678720/users/6dca4ad6d6a540eeac943fc1b763bd73/roles/OS-KSADM/9fe2ff9ee4384b1894a90878d3e92bab 0.482s
2016-08-10 20:42:41.466 15821 INFO tempest.common.dynamic_creds [-] Acquired dynamic creds:
 credentials: Credentials: {'username': u'tempest-FlavorsExtraSpecsNegativeTestJSON-223424371', 'project_name': u'tempest-FlavorsExtraSpecsNegativeTestJSON-223424371', 'user_id': u'6dca4ad6d6a540eeac943fc1b763bd73', 'tenant_name': u'tempest-FlavorsExtraSpecsNegativeTestJSON-223424371', 'tenant_id': u'9f7e8e3beb1d40f79c0b9b0215678720', 'project_id': u'9f7e8e3beb1d40f79c0b9b0215678720'}, Network: None, Subnet: None, Router: None
2016-08-10 20:42:41.472 15828 INFO tempest.lib.common.rest_client [req-a0756362-0c1f-43e4-b827-f39171291539 ] Request (SecurityGroupsTestJSON:test_security_groups_create_list_delete): 200 GET https://dal-iaas-001-api-endpoint.prod.walmart.com:8774/v2/fe86e7e682614701b045ea130f929a68/os-security-groups 0.479s
